Compila├º├úo de 15/08/2025 14:48:10 iniciada.
     0>O Agente de Terminal n├úo foi usado porque a sa├¡da est├í sendo redirecionada para um arquivo.
       Processo = "C:\Program Files\dotnet\dotnet.exe"
       Caminho execut├ível do MSBuild = "C:\Program Files\dotnet\sdk\9.0.304\MSBuild.dll"
       Argumentos de linha de comando = "C:\Program Files\dotnet\sdk\9.0.304\MSBuild.dll -maxcpucount -verbosity:m -tlp:default=auto -nologo -restore -consoleloggerparameters:Summary -verbosity:detailed -distributedlogger:Microsoft.DotNet.Tools.MSBuild.MSBuildLogger,C:\Program Files\dotnet\sdk\9.0.304\dotnet.dll*Microsoft.DotNet.Tools.MSBuild.MSBuildForwardingLogger,C:\Program Files\dotnet\sdk\9.0.304\dotnet.dll"
       Diret├│rio atual = "D:\PROJETOS\LAUNCHER C#\launcher"
       Vers├úo do MSBuild = "17.14.16+5d8159c5f"
       Com base na chave do Registro do Windows LongPathsEnabled, o recurso LongPaths ├® habilitado.
       Com base na chave do Registro do Windows, VerifiedAndReputablePolicyState, estado SAC = 0: desativado.
       D:\PROJETOS\LAUNCHER C#\launcher\L2Updater.sln.metaproj : message : Im├│vel 'MSBuildExtensionsPath' com valor 'C:\Program Files\dotnet\sdk\9.0.304\' expandido do ambiente.
       Assembly carregado durante Evaluation: System.Threading.Tasks.Parallel, Version=9.0.0.0, Culture=neutral, PublicKeyToken=b03f5f7f11d50a3a (local: C:\Program Files\dotnet\shared\Microsoft.NETCore.App\9.0.8\System.Threading.Tasks.Parallel.dll, MVID: 1af4dee5-e6e2-41b4-8956-d0888b6207d0, AssemblyLoadContext: Default)
       C:\Program Files\dotnet\sdk\9.0.304\NuGet.targets(112,5): message : Reatribui├º├úo de propriedade: $(_GenerateRestoreGraphProjectEntryInputProperties)="
       C:\Program Files\dotnet\sdk\9.0.304\NuGet.targets(112,5): message :       ExcludeRestorePackageImports=true;
       C:\Program Files\dotnet\sdk\9.0.304\NuGet.targets(112,5): message :       _RestoreSolutionFileUsed=true;
       C:\Program Files\dotnet\sdk\9.0.304\NuGet.targets(112,5): message :       SolutionDir=D:\PROJETOS\LAUNCHER C#\launcher\;
       C:\Program Files\dotnet\sdk\9.0.304\NuGet.targets(112,5): message :       SolutionName=L2Updater;
       C:\Program Files\dotnet\sdk\9.0.304\NuGet.targets(112,5): message :       SolutionFileName=L2Updater.sln;
       C:\Program Files\dotnet\sdk\9.0.304\NuGet.targets(112,5): message :       SolutionPath=D:\PROJETOS\LAUNCHER C#\launcher\L2Updater.sln;
       C:\Program Files\dotnet\sdk\9.0.304\NuGet.targets(112,5): message :       SolutionExt=.sln;
       C:\Program Files\dotnet\sdk\9.0.304\NuGet.targets(112,5): message :     " (valor anterior: "ExcludeRestorePackageImports=true") em C:\Program Files\dotnet\sdk\9.0.304\NuGet.targets (112,5)
       Assembly carregado durante Evaluation: System.Numerics.Vectors, Version=9.0.0.0, Culture=neutral, PublicKeyToken=b03f5f7f11d50a3a (local: C:\Program Files\dotnet\shared\Microsoft.NETCore.App\9.0.8\System.Numerics.Vectors.dll, MVID: 3df225f5-2170-4283-9638-4ff5971f40a5, AssemblyLoadContext: Default)
       Substituindo o destino "Restore" no projeto "D:\PROJETOS\LAUNCHER C#\launcher\L2Updater.sln.metaproj" pelo destino "Restore" do projeto "C:\Program Files\dotnet\sdk\9.0.304\NuGet.targets".
       O destino "Store" listado em um atributo BeforeTargets em "C:\Program Files\dotnet\sdk\9.0.304\Current\SolutionFile\ImportAfter\Microsoft.NET.Sdk.Solution.targets (33,11)" n├úo existe no projeto e ser├í ignorado.
       O destino "VSTest" listado em um atributo BeforeTargets em "C:\Program Files\dotnet\sdk\9.0.304\Current\SolutionFile\ImportAfter\Microsoft.NET.Sdk.Solution.targets (33,11)" n├úo existe no projeto e ser├í ignorado.
       O destino "_CheckForInvalidConfigurationAndPlatform" listado em um atributo BeforeTargets em "C:\Program Files\dotnet\sdk\9.0.304\NuGet.targets (711,11)" n├úo existe no projeto e ser├í ignorado.
     1>Projeto "D:\PROJETOS\LAUNCHER C#\launcher\L2Updater.sln" no n├│ 1 (Restore destino(s)).
     1>Destino "ValidateSolutionConfiguration" no arquivo "D:\PROJETOS\LAUNCHER C#\launcher\L2Updater.sln.metaproj" do projeto "D:\PROJETOS\LAUNCHER C#\launcher\L2Updater.sln" (ponto de entrada):
     1>A tarefa "Error" foi ignorada devido a condi├º├úo falsa; (('$(CurrentSolutionConfigurationContents)' == '') and ('$(SkipInvalidConfigurations)' != 'true')) foi avaliado como (('<SolutionConfiguration>
  <ProjectConfiguration Project="{7A083BFE-1E50-4803-9C61-DED2B2A65A8B}" AbsolutePath="D:\PROJETOS\LAUNCHER C#\launcher\L2Updater.csproj" BuildProjectInSolution="True">Debug|AnyCPU</ProjectConfiguration>
</SolutionConfiguration>' == '') and ('' != 'true')).
       A tarefa "Warning" foi ignorada devido a condi├º├úo falsa; (('$(CurrentSolutionConfigurationContents)' == '') and ('$(SkipInvalidConfigurations)' == 'true')) foi avaliado como (('<SolutionConfiguration>
         <ProjectConfiguration Project="{7A083BFE-1E50-4803-9C61-DED2B2A65A8B}" AbsolutePath="D:\PROJETOS\LAUNCHER C#\launcher\L2Updater.csproj" BuildProjectInSolution="True">Debug|AnyCPU</ProjectConfiguration>
       </SolutionConfiguration>' == '') and ('' == 'true')).
       Usando a tarefa "Message" do assembly "Microsoft.Build.Tasks.Core, Version=15.1.0.0, Culture=neutral, PublicKeyToken=b03f5f7f11d50a3a".
       Tarefa "Message"
         Compilando a configura├º├úo de solu├º├úo "Debug|Any CPU".
       Tarefa em execu├º├úo pronta "Message".
     1>Destino de compila├º├úo pronto"ValidateSolutionConfiguration" no projeto "L2Updater.sln".
     1>Destino "ValidateToolsVersions" no arquivo "D:\PROJETOS\LAUNCHER C#\launcher\L2Updater.sln.metaproj" do projeto "D:\PROJETOS\LAUNCHER C#\launcher\L2Updater.sln" (ponto de entrada):
       A tarefa "Error" foi ignorada devido a condi├º├úo falsa; ('$(MSBuildToolsVersion)' == '2.0' and ('$(ProjectToolsVersion)' != '2.0' and '$(ProjectToolsVersion)' != '')) foi avaliado como ('Current' == '2.0' and ('' != '2.0' and '' != '')).
     1>Destino de compila├º├úo pronto"ValidateToolsVersions" no projeto "L2Updater.sln".
     1>Destino "ValidateProjects" no arquivo "D:\PROJETOS\LAUNCHER C#\launcher\L2Updater.sln.metaproj" do projeto "D:\PROJETOS\LAUNCHER C#\launcher\L2Updater.sln" (ponto de entrada):
     1>Destino de compila├º├úo pronto"ValidateProjects" no projeto "L2Updater.sln".
     1>Destino "_LoadRestoreGraphEntryPoints" no arquivo "C:\Program Files\dotnet\sdk\9.0.304\NuGet.targets" do projeto "D:\PROJETOS\LAUNCHER C#\launcher\L2Updater.sln" (o destino "_FilterRestoreGraphProjectInputItems" depende dele):
       Assembly carregado durante TaskRun: NuGet.Build.Tasks, Version=6.14.0.116, Culture=neutral, PublicKeyToken=31bf3856ad364e35 (local: C:\Program Files\dotnet\sdk\9.0.304\NuGet.Build.Tasks.dll, MVID: c545d64d-0cbb-4fc0-971c-b5c1c1e75cf3, AssemblyLoadContext: MSBuild plugin C:\Program Files\dotnet\sdk\9.0.304\NuGet.Build.Tasks.dll)
       Assembly carregado durante TaskRun: System.Reflection.Metadata, Version=9.0.0.0, Culture=neutral, PublicKeyToken=b03f5f7f11d50a3a (local: C:\Program Files\dotnet\shared\Microsoft.NETCore.App\9.0.8\System.Reflection.Metadata.dll, MVID: dbaf5a55-ca96-423e-a0a5-854421f927b8, AssemblyLoadContext: Default)
       Assembly carregado durante TaskRun: NuGet.Common, Version=6.14.0.116, Culture=neutral, PublicKeyToken=31bf3856ad364e35 (local: C:\Program Files\dotnet\sdk\9.0.304\NuGet.Common.dll, MVID: 0fbb79ae-e358-4591-bc91-e34371a3d05b, AssemblyLoadContext: MSBuild plugin C:\Program Files\dotnet\sdk\9.0.304\NuGet.Build.Tasks.dll)
       Assembly carregado durante TaskRun: NuGet.Commands, Version=6.14.0.116, Culture=neutral, PublicKeyToken=31bf3856ad364e35 (local: C:\Program Files\dotnet\sdk\9.0.304\NuGet.Commands.dll, MVID: e743f127-1013-45a0-a669-058903e72acf, AssemblyLoadContext: MSBuild plugin C:\Program Files\dotnet\sdk\9.0.304\NuGet.Build.Tasks.dll)
       Assembly carregado durante TaskRun: NuGet.ProjectModel, Version=6.14.0.116, Culture=neutral, PublicKeyToken=31bf3856ad364e35 (local: C:\Program Files\dotnet\sdk\9.0.304\NuGet.ProjectModel.dll, MVID: 08d0df58-191b-4580-9b46-c281ab5b9b36, AssemblyLoadContext: MSBuild plugin C:\Program Files\dotnet\sdk\9.0.304\NuGet.Build.Tasks.dll)
       Usando a tarefa "GetRestoreSolutionProjectsTask" do assembly "C:\Program Files\dotnet\sdk\9.0.304\NuGet.Build.Tasks.dll".
       Tarefa "GetRestoreSolutionProjectsTask"
       Tarefa em execu├º├úo pronta "GetRestoreSolutionProjectsTask".
     1>Destino de compila├º├úo pronto"_LoadRestoreGraphEntryPoints" no projeto "L2Updater.sln".
     1>Destino "_FilterRestoreGraphProjectInputItems" no arquivo "C:\Program Files\dotnet\sdk\9.0.304\NuGet.targets" do projeto "D:\PROJETOS\LAUNCHER C#\launcher\L2Updater.sln" (o destino "_GenerateRestoreGraph" depende dele):
       Usando a tarefa "RemoveDuplicates" do assembly "Microsoft.Build.Tasks.Core, Version=15.1.0.0, Culture=neutral, PublicKeyToken=b03f5f7f11d50a3a".
       Tarefa "RemoveDuplicates"
       Tarefa em execu├º├úo pronta "RemoveDuplicates".
       Usando a tarefa "MSBuild" do assembly "Microsoft.Build.Tasks.Core, Version=15.1.0.0, Culture=neutral, PublicKeyToken=b03f5f7f11d50a3a".
       Tarefa "MSBuild"
         Propriedades globais:
           ExcludeRestorePackageImports=true
           _RestoreSolutionFileUsed=true
           SolutionDir=D:\PROJETOS\LAUNCHER C#\launcher\
           SolutionName=L2Updater
           SolutionFileName=L2Updater.sln
           SolutionPath=D:\PROJETOS\LAUNCHER C#\launcher\L2Updater.sln
           SolutionExt=.sln
         Propriedades adicionais do projeto "D:\PROJETOS\LAUNCHER C#\launcher\L2Updater.csproj":
           Configuration=Debug
           Platform=AnyCPU
     0>O SDK "Microsoft.NET.Sdk" foi resolvido com ├¬xito pelo resolvedor "DefaultSdkResolver" para o local "C:\Program Files\dotnet\sdk\9.0.304\Sdks\Microsoft.NET.Sdk\Sdk" e a vers├úo "".
       C:\Program Files\dotnet\sdk\9.0.304\Sdks\Microsoft.NET.Sdk\Sdk\Sdk.props(49,11): message : Im├│vel 'MSBuildExtensionsPath' com valor 'C:\Program Files\dotnet\sdk\9.0.304\' expandido do ambiente.
       C:\Program Files\dotnet\sdk\9.0.304\Current\Microsoft.Common.props(60,5): message : Reatribui├º├úo de propriedade: $(MSBuildProjectExtensionsPath)="D:\PROJETOS\LAUNCHER C#\launcher\obj\" (valor anterior: "obj\") em C:\Program Files\dotnet\sdk\9.0.304\Current\Microsoft.Common.props (60,5)
       C:\Program Files\dotnet\sdk\9.0.304\Current\Microsoft.Common.props(84,119): message : Im├│vel 'MSBuildUserExtensionsPath' com valor 'C:\Users\danie\AppData\Local\Microsoft\MSBuild' expandido do ambiente.
       A propriedade "Configuration" ├® global e n├úo pode ser modificada.
       A propriedade "Platform" ├® global e n├úo pode ser modificada.
       A propriedade "Configuration" ├® global e n├úo pode ser modificada.
       A propriedade "Platform" ├® global e n├úo pode ser modificada.
       C:\Program Files\dotnet\sdk\9.0.304\Sdks\Microsoft.NET.Sdk\targets\Microsoft.NET.Sdk.props(90,5): message : Reatribui├º├úo de propriedade: $(AssemblySearchPaths)="{CandidateAssemblyFiles};{HintPathFromItem}" (valor anterior: "{CandidateAssemblyFiles}") em C:\Program Files\dotnet\sdk\9.0.304\Sdks\Microsoft.NET.Sdk\targets\Microsoft.NET.Sdk.props (90,5)
       C:\Program Files\dotnet\sdk\9.0.304\Sdks\Microsoft.NET.Sdk\targets\Microsoft.NET.Sdk.props(91,5): message : Reatribui├º├úo de propriedade: $(AssemblySearchPaths)="{CandidateAssemblyFiles};{HintPathFromItem};{TargetFrameworkDirectory}" (valor anterior: "{CandidateAssemblyFiles};{HintPathFromItem}") em C:\Program Files\dotnet\sdk\9.0.304\Sdks\Microsoft.NET.Sdk\targets\Microsoft.NET.Sdk.props (91,5)
       C:\Program Files\dotnet\sdk\9.0.304\Sdks\Microsoft.NET.Sdk\targets\Microsoft.NET.Sdk.props(92,5): message : Reatribui├º├úo de propriedade: $(AssemblySearchPaths)="{CandidateAssemblyFiles};{HintPathFromItem};{TargetFrameworkDirectory};{RawFileName}" (valor anterior: "{CandidateAssemblyFiles};{HintPathFromItem};{TargetFrameworkDirectory}") em C:\Program Files\dotnet\sdk\9.0.304\Sdks\Microsoft.NET.Sdk\targets\Microsoft.NET.Sdk.props (92,5)
       O resolvedor "DefaultSdkResolver" tentou resolver o SDK "Microsoft.NET.SDK.WorkloadAutoImportPropsLocator".
       Avisos: null
       Erros: MSB4276: O resolvedor SDK padr├úo falhou ao resolver SDK "Microsoft.NET.SDK.WorkloadAutoImportPropsLocator" porque o diret├│rio "C:\Program Files\dotnet\sdk\9.0.304\Sdks\Microsoft.NET.SDK.WorkloadAutoImportPropsLocator\Sdk" n├úo existia.
       Assembly carregado durante Evaluation: Microsoft.Build.NuGetSdkResolver, Version=6.14.0.116, Culture=neutral, PublicKeyToken=31bf3856ad364e35 (local: C:\Program Files\dotnet\sdk\9.0.304\Microsoft.Build.NuGetSdkResolver.dll, MVID: ee5cca45-a90e-417e-aaf7-f0e96f222226, AssemblyLoadContext: MSBuild plugin C:\Program Files\dotnet\sdk\9.0.304\Microsoft.Build.NuGetSdkResolver.dll)
       Assembly carregado durante Evaluation: NuGet.Common, Version=6.14.0.116, Culture=neutral, PublicKeyToken=31bf3856ad364e35 (local: C:\Program Files\dotnet\sdk\9.0.304\NuGet.Common.dll, MVID: 0fbb79ae-e358-4591-bc91-e34371a3d05b, AssemblyLoadContext: MSBuild plugin C:\Program Files\dotnet\sdk\9.0.304\Microsoft.Build.NuGetSdkResolver.dll)
       Assembly carregado durante Evaluation: Microsoft.NET.Sdk.WorkloadMSBuildSdkResolver, Version=9.0.304.0, Culture=neutral, PublicKeyToken=31bf3856ad364e35 (local: C:\Program Files\dotnet\sdk\9.0.304\Microsoft.NET.Sdk.WorkloadMSBuildSdkResolver.dll, MVID: dfdd5c1a-5060-4680-9639-77b3556ef1bf, AssemblyLoadContext: MSBuild plugin C:\Program Files\dotnet\sdk\9.0.304\Microsoft.NET.Sdk.WorkloadMSBuildSdkResolver.dll)
       Assembly carregado durante Evaluation: Microsoft.DotNet.Cli.Utils, Version=9.0.304.0, Culture=neutral, PublicKeyToken=adb9793829ddae60 (local: C:\Program Files\dotnet\sdk\9.0.304\Microsoft.DotNet.Cli.Utils.dll, MVID: 5071ae22-7291-48bf-8ac1-4379ce6129aa, AssemblyLoadContext: MSBuild plugin C:\Program Files\dotnet\sdk\9.0.304\Microsoft.NET.Sdk.WorkloadMSBuildSdkResolver.dll)
       Assembly carregado durante Evaluation: Microsoft.NET.Sdk.WorkloadManifestReader, Version=9.0.304.0, Culture=neutral, PublicKeyToken=adb9793829ddae60 (local: C:\Program Files\dotnet\sdk\9.0.304\Microsoft.NET.Sdk.WorkloadManifestReader.dll, MVID: 6795db4c-5bdb-415d-8726-5b9c311aabae, AssemblyLoadContext: MSBuild plugin C:\Program Files\dotnet\sdk\9.0.304\Microsoft.NET.Sdk.WorkloadMSBuildSdkResolver.dll)
       Assembly carregado durante Evaluation: Microsoft.Deployment.DotNet.Releases, Version=2.0.0.0, Culture=neutral, PublicKeyToken=31bf3856ad364e35 (local: C:\Program Files\dotnet\sdk\9.0.304\Microsoft.Deployment.DotNet.Releases.dll, MVID: 400d16c0-099c-46d2-bc0e-802a0637399b, AssemblyLoadContext: MSBuild plugin C:\Program Files\dotnet\sdk\9.0.304\Microsoft.NET.Sdk.WorkloadMSBuildSdkResolver.dll)
       O SDK "Microsoft.NET.SDK.WorkloadAutoImportPropsLocator" foi resolvido com ├¬xito pelo resolvedor "Microsoft.DotNet.MSBuildWorkloadSdkResolver" para o local "null" e a vers├úo "null".
       C:\Program Files\dotnet\sdk\9.0.304\Sdks\Microsoft.NET.Sdk\targets\Microsoft.NET.PackProjectTool.props(15,5): message : Reatribui├º├úo de propriedade: $(TargetsForTfmSpecificContentInPackage)=";PackTool;_PackProjectToolValidation" (valor anterior: ";PackTool") em C:\Program Files\dotnet\sdk\9.0.304\Sdks\Microsoft.NET.Sdk\targets\Microsoft.NET.PackProjectTool.props (15,5)
       D:\PROJETOS\LAUNCHER C#\launcher\L2Updater.csproj(4,5): message : Reatribui├º├úo de propriedade: $(OutputType)="WinExe" (valor anterior: "Library") em D:\PROJETOS\LAUNCHER C#\launcher\L2Updater.csproj (4,5)
       A propriedade "Configuration" ├® global e n├úo pode ser modificada.
       A propriedade "Platform" ├® global e n├úo pode ser modificada.
       C:\Program Files\dotnet\sdk\9.0.304\Sdks\Microsoft.NET.Sdk\targets\Microsoft.NET.Sdk.ImportPublishProfile.targets(28,5): message : Reatribui├º├úo de propriedade: $(PublishProfileImported)="false" (valor anterior: "true") em C:\Program Files\dotnet\sdk\9.0.304\Sdks\Microsoft.NET.Sdk\targets\Microsoft.NET.Sdk.ImportPublishProfile.targets (28,5)
       Assembly carregado durante Evaluation: NuGet.Frameworks, Version=6.14.0.116, Culture=neutral, PublicKeyToken=31bf3856ad364e35 (local: C:\Program Files\dotnet\sdk\9.0.304\NuGet.Frameworks.dll, MVID: 6b5909cd-5145-46c4-9595-25461e82c126, AssemblyLoadContext: Assembly.LoadFile(C:\Program Files\dotnet\sdk\9.0.304\NuGet.Frameworks.dll))
       C:\Program Files\dotnet\sdk\9.0.304\Sdks\Microsoft.NET.Sdk\targets\Microsoft.NET.TargetFrameworkInference.targets(68,5): message : Reatribui├º├úo de propriedade: $(TargetPlatformVersion)="0.0" (valor anterior: "0.0.0.0") em C:\Program Files\dotnet\sdk\9.0.304\Sdks\Microsoft.NET.Sdk\targets\Microsoft.NET.TargetFrameworkInference.targets (68,5)
       C:\Program Files\dotnet\sdk\9.0.304\Sdks\Microsoft.NET.Sdk\targets\Microsoft.NET.TargetFrameworkInference.targets(69,5): message : Reatribui├º├úo de propriedade: $(TargetPlatformVersion)="" (valor anterior: "0.0") em C:\Program Files\dotnet\sdk\9.0.304\Sdks\Microsoft.NET.Sdk\targets\Microsoft.NET.TargetFrameworkInference.targets (69,5)
       C:\Program Files\dotnet\sdk\9.0.304\Sdks\Microsoft.NET.Sdk\targets\Microsoft.NET.TargetFrameworkInference.targets(71,5): message : Reatribui├º├úo de propriedade: $(TargetPlatformIdentifier)="Windows" (valor anterior: "windows") em C:\Program Files\dotnet\sdk\9.0.304\Sdks\Microsoft.NET.Sdk\targets\Microsoft.NET.TargetFrameworkInference.targets (71,5)
       C:\Program Files\dotnet\sdk\9.0.304\Sdks\Microsoft.NET.Sdk\targets\Microsoft.NET.DefaultOutputPaths.targets(122,5): message : Reatribui├º├úo de propriedade: $(DefaultItemExcludes)=";bin\Debug\/**;obj\Debug\/**" (valor anterior: ";bin\Debug\/**") em C:\Program Files\dotnet\sdk\9.0.304\Sdks\Microsoft.NET.Sdk\targets\Microsoft.NET.DefaultOutputPaths.targets (122,5)
       C:\Program Files\dotnet\sdk\9.0.304\Sdks\Microsoft.NET.Sdk\targets\Microsoft.NET.DefaultOutputPaths.targets(137,5): message : Reatribui├º├úo de propriedade: $(OutputPath)="bin\Debug\net9.0-windows\" (valor anterior: "bin\Debug\") em C:\Program Files\dotnet\sdk\9.0.304\Sdks\Microsoft.NET.Sdk\targets\Microsoft.NET.DefaultOutputPaths.targets (137,5)
       C:\Program Files\dotnet\sdk\9.0.304\Sdks\Microsoft.NET.Sdk\targets\Microsoft.NET.DefaultOutputPaths.targets(142,5): message : Reatribui├º├úo de propriedade: $(IntermediateOutputPath)="obj\Debug\net9.0-windows\" (valor anterior: "obj\Debug\") em C:\Program Files\dotnet\sdk\9.0.304\Sdks\Microsoft.NET.Sdk\targets\Microsoft.NET.DefaultOutputPaths.targets (142,5)
       O resolvedor "DefaultSdkResolver" tentou resolver o SDK "Microsoft.NET.SDK.WorkloadManifestTargetsLocator".
       Avisos: null
       Erros: MSB4276: O resolvedor SDK padr├úo falhou ao resolver SDK "Microsoft.NET.SDK.WorkloadManifestTargetsLocator" porque o diret├│rio "C:\Program Files\dotnet\sdk\9.0.304\Sdks\Microsoft.NET.SDK.WorkloadManifestTargetsLocator\Sdk" n├úo existia.
       O SDK "Microsoft.NET.SDK.WorkloadManifestTargetsLocator" foi resolvido com ├¬xito pelo resolvedor "Microsoft.DotNet.MSBuildWorkloadSdkResolver" para o local "C:\Program Files\dotnet\sdk-manifests\9.0.100\microsoft.net.sdk.android\35.0.78" e a vers├úo "null".
       C:\Program Files\dotnet\sdk\9.0.304\Sdks\Microsoft.NET.Sdk\targets\Microsoft.NET.RuntimeIdentifierInference.targets(344,5): message : Reatribui├º├úo de propriedade: $(IntermediateOutputPath)="obj\Debug\net9.0-windows\win-x64\" (valor anterior: "obj\Debug\net9.0-windows\") em C:\Program Files\dotnet\sdk\9.0.304\Sdks\Microsoft.NET.Sdk\targets\Microsoft.NET.RuntimeIdentifierInference.targets (344,5)
       C:\Program Files\dotnet\sdk\9.0.304\Sdks\Microsoft.NET.Sdk\targets\Microsoft.NET.RuntimeIdentifierInference.targets(345,5): message : Reatribui├º├úo de propriedade: $(OutputPath)="bin\Debug\net9.0-windows\win-x64\" (valor anterior: "bin\Debug\net9.0-windows\") em C:\Program Files\dotnet\sdk\9.0.304\Sdks\Microsoft.NET.Sdk\targets\Microsoft.NET.RuntimeIdentifierInference.targets (345,5)
       C:\Program Files\dotnet\sdk\9.0.304\Sdks\Microsoft.NET.Sdk\targets\Microsoft.NET.Sdk.BeforeCommon.targets(187,5): message : Reatribui├º├úo de propriedade: $(_FrameworkIdentifierForImplicitDefine)="NET" (valor anterior: "NETCOREAPP") em C:\Program Files\dotnet\sdk\9.0.304\Sdks\Microsoft.NET.Sdk\targets\Microsoft.NET.Sdk.BeforeCommon.targets (187,5)
       C:\Program Files\dotnet\sdk\9.0.304\Sdks\Microsoft.NET.Sdk\targets\Microsoft.NET.Sdk.BeforeCommon.targets(192,5): message : Reatribui├º├úo de propriedade: $(_FrameworkVersionForImplicitDefine)="9_0" (valor anterior: "9.0") em C:\Program Files\dotnet\sdk\9.0.304\Sdks\Microsoft.NET.Sdk\targets\Microsoft.NET.Sdk.BeforeCommon.targets (192,5)
       C:\Program Files\dotnet\sdk\9.0.304\Roslyn\Microsoft.CSharp.Core.targets(200,5): message : Reatribui├º├úo de propriedade: $(CommandLineArgsForDesignTimeEvaluation)="-langversion:latest -define:TRACE" (valor anterior: "-langversion:latest") em C:\Program Files\dotnet\sdk\9.0.304\Roslyn\Microsoft.CSharp.Core.targets (200,5)
       A propriedade "Platform" ├® global e n├úo pode ser modificada.
       A propriedade "Configuration" ├® global e n├úo pode ser modificada.
       C:\Program Files\dotnet\sdk\9.0.304\Microsoft.Common.CurrentVersion.targets(175,5): message : Reatribui├º├úo de propriedade: $(_DebugSymbolsProduced)="true" (valor anterior: "false") em C:\Program Files\dotnet\sdk\9.0.304\Microsoft.Common.CurrentVersion.targets (175,5)
       C:\Program Files\dotnet\sdk\9.0.304\Microsoft.Common.CurrentVersion.targets(185,5): message : Reatribui├º├úo de propriedade: $(_DocumentationFileProduced)="false" (valor anterior: "true") em C:\Program Files\dotnet\sdk\9.0.304\Microsoft.Common.CurrentVersion.targets (185,5)
       A propriedade "SolutionName" ├® global e n├úo pode ser modificada.
       A propriedade "SolutionFileName" ├® global e n├úo pode ser modificada.
       A propriedade "SolutionPath" ├® global e n├úo pode ser modificada.
       A propriedade "SolutionDir" ├® global e n├úo pode ser modificada.
       A propriedade "SolutionExt" ├® global e n├úo pode ser modificada.
       C:\Program Files\dotnet\sdk\9.0.304\Microsoft.Common.CurrentVersion.targets(393,5): message : Reatribui├º├úo de propriedade: $(MSBuildCopyMarkerName)="L2Updater.csproj.Up2Date" (valor anterior: "L2Updater.csproj") em C:\Program Files\dotnet\sdk\9.0.304\Microsoft.Common.CurrentVersion.targets (393,5)
       C:\Program Files\dotnet\sdk\9.0.304\Microsoft.Common.CurrentVersion.targets(528,5): message : Reatribui├º├úo de propriedade: $(ProcessorArchitecture)="amd64" (valor anterior: "x64") em C:\Program Files\dotnet\sdk\9.0.304\Microsoft.Common.CurrentVersion.targets (528,5)
       C:\Program Files\dotnet\sdk\9.0.304\Microsoft.Common.CurrentVersion.targets(580,5): message : Reatribui├º├úo de propriedade: $(DelaySign)="" (valor anterior: "false") em C:\Program Files\dotnet\sdk\9.0.304\Microsoft.Common.CurrentVersion.targets (580,5)
       C:\Program Files\dotnet\sdk\9.0.304\Microsoft.Common.CurrentVersion.targets(2619,5): message : Im├│vel 'LOCALAPPDATA' com valor 'C:\Users\danie\AppData\Local' expandido do ambiente.
       C:\Program Files\dotnet\sdk\9.0.304\Microsoft.Common.CurrentVersion.targets(3947,5): message : Reatribui├º├úo de propriedade: $(_SGenGenerateSerializationAssembliesConfig)="Auto" (valor anterior: "") em C:\Program Files\dotnet\sdk\9.0.304\Microsoft.Common.CurrentVersion.targets (3947,5)
       C:\Program Files\dotnet\sdk\9.0.304\Microsoft.Common.CurrentVersion.targets(3948,5): message : Reatribui├º├úo de propriedade: $(_SGenGenerateSerializationAssembliesConfig)="Off" (valor anterior: "Auto") em C:\Program Files\dotnet\sdk\9.0.304\Microsoft.Common.CurrentVersion.targets (3948,5)
       C:\Program Files\dotnet\sdk\9.0.304\Microsoft.Common.CurrentVersion.targets(5159,5): message : Reatribui├º├úo de propriedade: $(_TargetsThatPrepareProjectReferences)="
       C:\Program Files\dotnet\sdk\9.0.304\Microsoft.Common.CurrentVersion.targets(5159,5): message :       AssignProjectConfiguration;
       C:\Program Files\dotnet\sdk\9.0.304\Microsoft.Common.CurrentVersion.targets(5159,5): message :       _SplitProjectReferencesByFileExistence
       C:\Program Files\dotnet\sdk\9.0.304\Microsoft.Common.CurrentVersion.targets(5159,5): message :     " (valor anterior: "_SplitProjectReferencesByFileExistence") em C:\Program Files\dotnet\sdk\9.0.304\Microsoft.Common.CurrentVersion.targets (5159,5)
       C:\Program Files\dotnet\sdk\9.0.304\Microsoft.Common.CurrentVersion.targets(6954,5): message : Im├│vel 'MSBuildExtensionsPath32' com valor 'C:\Program Files\dotnet\sdk\9.0.304' expandido do ambiente.
       A propriedade "_RestoreSolutionFileUsed" ├® global e n├úo pode ser modificada.
       C:\Program Files\dotnet\sdk\9.0.304\NuGet.targets(112,5): message : Reatribui├º├úo de propriedade: $(_GenerateRestoreGraphProjectEntryInputProperties)="
       C:\Program Files\dotnet\sdk\9.0.304\NuGet.targets(112,5): message :       ExcludeRestorePackageImports=true;
       C:\Program Files\dotnet\sdk\9.0.304\NuGet.targets(112,5): message :       _RestoreSolutionFileUsed=true;
       C:\Program Files\dotnet\sdk\9.0.304\NuGet.targets(112,5): message :       SolutionDir=D:\PROJETOS\LAUNCHER C#\launcher\;
       C:\Program Files\dotnet\sdk\9.0.304\NuGet.targets(112,5): message :       SolutionName=L2Updater;
       C:\Program Files\dotnet\sdk\9.0.304\NuGet.targets(112,5): message :       SolutionFileName=L2Updater.sln;
       C:\Program Files\dotnet\sdk\9.0.304\NuGet.targets(112,5): message :       SolutionPath=D:\PROJETOS\LAUNCHER C#\launcher\L2Updater.sln;
       C:\Program Files\dotnet\sdk\9.0.304\NuGet.targets(112,5): message :       SolutionExt=.sln;
       C:\Program Files\dotnet\sdk\9.0.304\NuGet.targets(112,5): message :     " (valor anterior: "ExcludeRestorePackageImports=true") em C:\Program Files\dotnet\sdk\9.0.304\NuGet.targets (112,5)
       C:\Program Files\dotnet\sdk\9.0.304\Sdks\Microsoft.NET.Sdk\targets\Microsoft.PackageDependencyResolution.targets(24,5): message : Reatribui├º├úo de propriedade: $(ProjectAssetsFile)="D:\PROJETOS\LAUNCHER C#\launcher\obj\project.assets.json" (valor anterior: "D:\PROJETOS\LAUNCHER C#\launcher\obj\/project.assets.json") em C:\Program Files\dotnet\sdk\9.0.304\Sdks\Microsoft.NET.Sdk\targets\Microsoft.PackageDependencyResolution.targets (24,5)
       C:\Program Files\dotnet\sdk\9.0.304\Sdks\Microsoft.NET.Sdk\targets\Microsoft.PackageDependencyResolution.targets(29,5): message : Reatribui├º├úo de propriedade: $(ProjectAssetsCacheFile)="D:\PROJETOS\LAUNCHER C#\launcher\obj\Debug\net9.0-windows\win-x64\L2Updater.assets.cache" (valor anterior: "obj\Debug\net9.0-windows\win-x64\L2Updater.assets.cache") em C:\Program Files\dotnet\sdk\9.0.304\Sdks\Microsoft.NET.Sdk\targets\Microsoft.PackageDependencyResolution.targets (29,5)
       C:\Program Files\dotnet\sdk\9.0.304\Sdks\Microsoft.NET.Sdk\targets\Microsoft.PackageDependencyResolution.targets(80,5): message : Reatribui├º├úo de propriedade: $(ResolveAssemblyReferencesDependsOn)="
       C:\Program Files\dotnet\sdk\9.0.304\Sdks\Microsoft.NET.Sdk\targets\Microsoft.PackageDependencyResolution.targets(80,5): message :       
       C:\Program Files\dotnet\sdk\9.0.304\Sdks\Microsoft.NET.Sdk\targets\Microsoft.PackageDependencyResolution.targets(80,5): message :       ResolveProjectReferences;
       C:\Program Files\dotnet\sdk\9.0.304\Sdks\Microsoft.NET.Sdk\targets\Microsoft.PackageDependencyResolution.targets(80,5): message :       FindInvalidProjectReferences;
       C:\Program Files\dotnet\sdk\9.0.304\Sdks\Microsoft.NET.Sdk\targets\Microsoft.PackageDependencyResolution.targets(80,5): message :       GetFrameworkPaths;
       C:\Program Files\dotnet\sdk\9.0.304\Sdks\Microsoft.NET.Sdk\targets\Microsoft.PackageDependencyResolution.targets(80,5): message :       GetReferenceAssemblyPaths;
       C:\Program Files\dotnet\sdk\9.0.304\Sdks\Microsoft.NET.Sdk\targets\Microsoft.PackageDependencyResolution.targets(80,5): message :       PrepareForBuild;
       C:\Program Files\dotnet\sdk\9.0.304\Sdks\Microsoft.NET.Sdk\targets\Microsoft.PackageDependencyResolution.targets(80,5): message :       ResolveSDKReferences;
       C:\Program Files\dotnet\sdk\9.0.304\Sdks\Microsoft.NET.Sdk\targets\Microsoft.PackageDependencyResolution.targets(80,5): message :       ExpandSDKReferences;
       C:\Program Files\dotnet\sdk\9.0.304\Sdks\Microsoft.NET.Sdk\targets\Microsoft.PackageDependencyResolution.targets(80,5): message :     ;
       C:\Program Files\dotnet\sdk\9.0.304\Sdks\Microsoft.NET.Sdk\targets\Microsoft.PackageDependencyResolution.targets(80,5): message :       ResolvePackageDependenciesForBuild;
       C:\Program Files\dotnet\sdk\9.0.304\Sdks\Microsoft.NET.Sdk\targets\Microsoft.PackageDependencyResolution.targets(80,5): message :       _HandlePackageFileConflicts;
       C:\Program Files\dotnet\sdk\9.0.304\Sdks\Microsoft.NET.Sdk\targets\Microsoft.PackageDependencyResolution.targets(80,5): message :     " (valor anterior: "
       C:\Program Files\dotnet\sdk\9.0.304\Sdks\Microsoft.NET.Sdk\targets\Microsoft.PackageDependencyResolution.targets(80,5): message :       ResolveProjectReferences;
       C:\Program Files\dotnet\sdk\9.0.304\Sdks\Microsoft.NET.Sdk\targets\Microsoft.PackageDependencyResolution.targets(80,5): message :       FindInvalidProjectReferences;
       C:\Program Files\dotnet\sdk\9.0.304\Sdks\Microsoft.NET.Sdk\targets\Microsoft.PackageDependencyResolution.targets(80,5): message :       GetFrameworkPaths;
       C:\Program Files\dotnet\sdk\9.0.304\Sdks\Microsoft.NET.Sdk\targets\Microsoft.PackageDependencyResolution.targets(80,5): message :       GetReferenceAssemblyPaths;
       C:\Program Files\dotnet\sdk\9.0.304\Sdks\Microsoft.NET.Sdk\targets\Microsoft.PackageDependencyResolution.targets(80,5): message :       PrepareForBuild;
       C:\Program Files\dotnet\sdk\9.0.304\Sdks\Microsoft.NET.Sdk\targets\Microsoft.PackageDependencyResolution.targets(80,5): message :       ResolveSDKReferences;
       C:\Program Files\dotnet\sdk\9.0.304\Sdks\Microsoft.NET.Sdk\targets\Microsoft.PackageDependencyResolution.targets(80,5): message :       ExpandSDKReferences;
       C:\Program Files\dotnet\sdk\9.0.304\Sdks\Microsoft.NET.Sdk\targets\Microsoft.PackageDependencyResolution.targets(80,5): message :     ") em C:\Program Files\dotnet\sdk\9.0.304\Sdks\Microsoft.NET.Sdk\targets\Microsoft.PackageDependencyResolution.targets (80,5)
       C:\Program Files\dotnet\sdk\9.0.304\Sdks\Microsoft.NET.Sdk\targets\Microsoft.PackageDependencyResolution.targets(86,5): message : Reatribui├º├úo de propriedade: $(PrepareResourcesDependsOn)="
       C:\Program Files\dotnet\sdk\9.0.304\Sdks\Microsoft.NET.Sdk\targets\Microsoft.PackageDependencyResolution.targets(86,5): message :       ResolvePackageDependenciesForBuild;
       C:\Program Files\dotnet\sdk\9.0.304\Sdks\Microsoft.NET.Sdk\targets\Microsoft.PackageDependencyResolution.targets(86,5): message :       _HandlePackageFileConflicts;
       C:\Program Files\dotnet\sdk\9.0.304\Sdks\Microsoft.NET.Sdk\targets\Microsoft.PackageDependencyResolution.targets(86,5): message :       
       C:\Program Files\dotnet\sdk\9.0.304\Sdks\Microsoft.NET.Sdk\targets\Microsoft.PackageDependencyResolution.targets(86,5): message :       ;
       C:\Program Files\dotnet\sdk\9.0.304\Sdks\Microsoft.NET.Sdk\targets\Microsoft.PackageDependencyResolution.targets(86,5): message :       PrepareResourceNames;
       C:\Program Files\dotnet\sdk\9.0.304\Sdks\Microsoft.NET.Sdk\targets\Microsoft.PackageDependencyResolution.targets(86,5): message :       ResGen;
       C:\Program Files\dotnet\sdk\9.0.304\Sdks\Microsoft.NET.Sdk\targets\Microsoft.PackageDependencyResolution.targets(86,5): message :       CompileLicxFiles
       C:\Program Files\dotnet\sdk\9.0.304\Sdks\Microsoft.NET.Sdk\targets\Microsoft.PackageDependencyResolution.targets(86,5): message :     
       C:\Program Files\dotnet\sdk\9.0.304\Sdks\Microsoft.NET.Sdk\targets\Microsoft.PackageDependencyResolution.targets(86,5): message :     " (valor anterior: "
       C:\Program Files\dotnet\sdk\9.0.304\Sdks\Microsoft.NET.Sdk\targets\Microsoft.PackageDependencyResolution.targets(86,5): message :       ;
       C:\Program Files\dotnet\sdk\9.0.304\Sdks\Microsoft.NET.Sdk\targets\Microsoft.PackageDependencyResolution.targets(86,5): message :       PrepareResourceNames;
       C:\Program Files\dotnet\sdk\9.0.304\Sdks\Microsoft.NET.Sdk\targets\Microsoft.PackageDependencyResolution.targets(86,5): message :       ResGen;
       C:\Program Files\dotnet\sdk\9.0.304\Sdks\Microsoft.NET.Sdk\targets\Microsoft.PackageDependencyResolution.targets(86,5): message :       CompileLicxFiles
       C:\Program Files\dotnet\sdk\9.0.304\Sdks\Microsoft.NET.Sdk\targets\Microsoft.PackageDependencyResolution.targets(86,5): message :     ") em C:\Program Files\dotnet\sdk\9.0.304\Sdks\Microsoft.NET.Sdk\targets\Microsoft.PackageDependencyResolution.targets (86,5)
       C:\Program Files\dotnet\sdk\9.0.304\Sdks\Microsoft.NET.Sdk\targets\Microsoft.NET.Sdk.DefaultItems.targets(27,5): message : Reatribui├º├úo de propriedade: $(DefaultItemExcludes)=";bin\Debug\/**;obj\Debug\/**;bin\/**" (valor anterior: ";bin\Debug\/**;obj\Debug\/**") em C:\Program Files\dotnet\sdk\9.0.304\Sdks\Microsoft.NET.Sdk\targets\Microsoft.NET.Sdk.DefaultItems.targets (27,5)
       C:\Program Files\dotnet\sdk\9.0.304\Sdks\Microsoft.NET.Sdk\targets\Microsoft.NET.Sdk.DefaultItems.targets(29,5): message : Reatribui├º├úo de propriedade: $(DefaultItemExcludes)=";bin\Debug\/**;obj\Debug\/**;bin\/**;obj\/**" (valor anterior: ";bin\Debug\/**;obj\Debug\/**;bin\/**") em C:\Program Files\dotnet\sdk\9.0.304\Sdks\Microsoft.NET.Sdk\targets\Microsoft.NET.Sdk.DefaultItems.targets (29,5)
       C:\Program Files\dotnet\sdk\9.0.304\Sdks\Microsoft.NET.Sdk\targets\Microsoft.NET.Sdk.DefaultItems.targets(32,5): message : Reatribui├º├úo de propriedade: $(DefaultItemExcludes)=";bin\Debug\/**;obj\Debug\/**;bin\/**;obj\/**;**/*.user" (valor anterior: ";bin\Debug\/**;obj\Debug\/**;bin\/**;obj\/**") em C:\Program Files\dotnet\sdk\9.0.304\Sdks\Microsoft.NET.Sdk\targets\Microsoft.NET.Sdk.DefaultItems.targets (32,5)
       C:\Program Files\dotnet\sdk\9.0.304\Sdks\Microsoft.NET.Sdk\targets\Microsoft.NET.Sdk.DefaultItems.targets(33,5): message : Reatribui├º├úo de propriedade: $(DefaultItemExcludes)=";bin\Debug\/**;obj\Debug\/**;bin\/**;obj\/**;**/*.user;**/*.*proj" (valor anterior: ";bin\Debug\/**;obj\Debug\/**;bin\/**;obj\/**;**/*.user") em C:\Program Files\dotnet\sdk\9.0.304\Sdks\Microsoft.NET.Sdk\targets\Microsoft.NET.Sdk.DefaultItems.targets (33,5)
       C:\Program Files\dotnet\sdk\9.0.304\Sdks\Microsoft.NET.Sdk\targets\Microsoft.NET.Sdk.DefaultItems.targets(34,5): message : Reatribui├º├úo de propriedade: $(DefaultItemExcludes)=";bin\Debug\/**;obj\Debug\/**;bin\/**;obj\/**;**/*.user;**/*.*proj;**/*.sln" (valor anterior: ";bin\Debug\/**;obj\Debug\/**;bin\/**;obj\/**;**/*.user;**/*.*proj") em C:\Program Files\dotnet\sdk\9.0.304\Sdks\Microsoft.NET.Sdk\targets\Microsoft.NET.Sdk.DefaultItems.targets (34,5)
       C:\Program Files\dotnet\sdk\9.0.304\Sdks\Microsoft.NET.Sdk\targets\Microsoft.NET.Sdk.DefaultItems.targets(35,5): message : Reatribui├º├úo de propriedade: $(DefaultItemExcludes)=";bin\Debug\/**;obj\Debug\/**;bin\/**;obj\/**;**/*.user;**/*.*proj;**/*.sln;**/*.slnx" (valor anterior: ";bin\Debug\/**;obj\Debug\/**;bin\/**;obj\/**;**/*.user;**/*.*proj;**/*.sln") em C:\Program Files\dotnet\sdk\9.0.304\Sdks\Microsoft.NET.Sdk\targets\Microsoft.NET.Sdk.DefaultItems.targets (35,5)
       C:\Program Files\dotnet\sdk\9.0.304\Sdks\Microsoft.NET.Sdk\targets\Microsoft.NET.Sdk.DefaultItems.targets(36,5): message : Reatribui├º├úo de propriedade: $(DefaultItemExcludes)=";bin\Debug\/**;obj\Debug\/**;bin\/**;obj\/**;**/*.user;**/*.*proj;**/*.sln;**/*.slnx;**/*.vssscc" (valor anterior: ";bin\Debug\/**;obj\Debug\/**;bin\/**;obj\/**;**/*.user;**/*.*proj;**/*.sln;**/*.slnx") em C:\Program Files\dotnet\sdk\9.0.304\Sdks\Microsoft.NET.Sdk\targets\Microsoft.NET.Sdk.DefaultItems.targets (36,5)
       C:\Program Files\dotnet\sdk\9.0.304\Sdks\Microsoft.NET.Sdk\targets\Microsoft.NET.Sdk.DefaultItems.targets(37,5): message : Reatribui├º├úo de propriedade: $(DefaultItemExcludes)=";bin\Debug\/**;obj\Debug\/**;bin\/**;obj\/**;**/*.user;**/*.*proj;**/*.sln;**/*.slnx;**/*.vssscc;**/.DS_Store" (valor anterior: ";bin\Debug\/**;obj\Debug\/**;bin\/**;obj\/**;**/*.user;**/*.*proj;**/*.sln;**/*.slnx;**/*.vssscc") em C:\Program Files\dotnet\sdk\9.0.304\Sdks\Microsoft.NET.Sdk\targets\Microsoft.NET.Sdk.DefaultItems.targets (37,5)
       C:\Program Files\dotnet\sdk\9.0.304\Sdks\Microsoft.NET.Sdk\targets\Microsoft.NET.Sdk.FrameworkReferenceResolution.targets(14,5): message : Reatribui├º├úo de propriedade: $(ResolveAssemblyReferencesDependsOn)="
       C:\Program Files\dotnet\sdk\9.0.304\Sdks\Microsoft.NET.Sdk\targets\Microsoft.NET.Sdk.FrameworkReferenceResolution.targets(14,5): message :       
       C:\Program Files\dotnet\sdk\9.0.304\Sdks\Microsoft.NET.Sdk\targets\Microsoft.NET.Sdk.FrameworkReferenceResolution.targets(14,5): message :       
       C:\Program Files\dotnet\sdk\9.0.304\Sdks\Microsoft.NET.Sdk\targets\Microsoft.NET.Sdk.FrameworkReferenceResolution.targets(14,5): message :       ResolveProjectReferences;
       C:\Program Files\dotnet\sdk\9.0.304\Sdks\Microsoft.NET.Sdk\targets\Microsoft.NET.Sdk.FrameworkReferenceResolution.targets(14,5): message :       FindInvalidProjectReferences;
       C:\Program Files\dotnet\sdk\9.0.304\Sdks\Microsoft.NET.Sdk\targets\Microsoft.NET.Sdk.FrameworkReferenceResolution.targets(14,5): message :       GetFrameworkPaths;
       C:\Program Files\dotnet\sdk\9.0.304\Sdks\Microsoft.NET.Sdk\targets\Microsoft.NET.Sdk.FrameworkReferenceResolution.targets(14,5): message :       GetReferenceAssemblyPaths;
       C:\Program Files\dotnet\sdk\9.0.304\Sdks\Microsoft.NET.Sdk\targets\Microsoft.NET.Sdk.FrameworkReferenceResolution.targets(14,5): message :       PrepareForBuild;
       C:\Program Files\dotnet\sdk\9.0.304\Sdks\Microsoft.NET.Sdk\targets\Microsoft.NET.Sdk.FrameworkReferenceResolution.targets(14,5): message :       ResolveSDKReferences;
       C:\Program Files\dotnet\sdk\9.0.304\Sdks\Microsoft.NET.Sdk\targets\Microsoft.NET.Sdk.FrameworkReferenceResolution.targets(14,5): message :       ExpandSDKReferences;
       C:\Program Files\dotnet\sdk\9.0.304\Sdks\Microsoft.NET.Sdk\targets\Microsoft.NET.Sdk.FrameworkReferenceResolution.targets(14,5): message :     ;
       C:\Program Files\dotnet\sdk\9.0.304\Sdks\Microsoft.NET.Sdk\targets\Microsoft.NET.Sdk.FrameworkReferenceResolution.targets(14,5): message :       ResolvePackageDependenciesForBuild;
       C:\Program Files\dotnet\sdk\9.0.304\Sdks\Microsoft.NET.Sdk\targets\Microsoft.NET.Sdk.FrameworkReferenceResolution.targets(14,5): message :       _HandlePackageFileConflicts;
       C:\Program Files\dotnet\sdk\9.0.304\Sdks\Microsoft.NET.Sdk\targets\Microsoft.NET.Sdk.FrameworkReferenceResolution.targets(14,5): message :     ;
       C:\Program Files\dotnet\sdk\9.0.304\Sdks\Microsoft.NET.Sdk\targets\Microsoft.NET.Sdk.FrameworkReferenceResolution.targets(14,5): message :       ResolveTargetingPackAssets;
       C:\Program Files\dotnet\sdk\9.0.304\Sdks\Microsoft.NET.Sdk\targets\Microsoft.NET.Sdk.FrameworkReferenceResolution.targets(14,5): message :     " (valor anterior: "
       C:\Program Files\dotnet\sdk\9.0.304\Sdks\Microsoft.NET.Sdk\targets\Microsoft.NET.Sdk.FrameworkReferenceResolution.targets(14,5): message :       
       C:\Program Files\dotnet\sdk\9.0.304\Sdks\Microsoft.NET.Sdk\targets\Microsoft.NET.Sdk.FrameworkReferenceResolution.targets(14,5): message :       ResolveProjectReferences;
       C:\Program Files\dotnet\sdk\9.0.304\Sdks\Microsoft.NET.Sdk\targets\Microsoft.NET.Sdk.FrameworkReferenceResolution.targets(14,5): message :       FindInvalidProjectReferences;
       C:\Program Files\dotnet\sdk\9.0.304\Sdks\Microsoft.NET.Sdk\targets\Microsoft.NET.Sdk.FrameworkReferenceResolution.targets(14,5): message :       GetFrameworkPaths;
       C:\Program Files\dotnet\sdk\9.0.304\Sdks\Microsoft.NET.Sdk\targets\Microsoft.NET.Sdk.FrameworkReferenceResolution.targets(14,5): message :       GetReferenceAssemblyPaths;
       C:\Program Files\dotnet\sdk\9.0.304\Sdks\Microsoft.NET.Sdk\targets\Microsoft.NET.Sdk.FrameworkReferenceResolution.targets(14,5): message :       PrepareForBuild;
       C:\Program Files\dotnet\sdk\9.0.304\Sdks\Microsoft.NET.Sdk\targets\Microsoft.NET.Sdk.FrameworkReferenceResolution.targets(14,5): message :       ResolveSDKReferences;
       C:\Program Files\dotnet\sdk\9.0.304\Sdks\Microsoft.NET.Sdk\targets\Microsoft.NET.Sdk.FrameworkReferenceResolution.targets(14,5): message :       ExpandSDKReferences;
       C:\Program Files\dotnet\sdk\9.0.304\Sdks\Microsoft.NET.Sdk\targets\Microsoft.NET.Sdk.FrameworkReferenceResolution.targets(14,5): message :     ;
       C:\Program Files\dotnet\sdk\9.0.304\Sdks\Microsoft.NET.Sdk\targets\Microsoft.NET.Sdk.FrameworkReferenceResolution.targets(14,5): message :       ResolvePackageDependenciesForBuild;
       C:\Program Files\dotnet\sdk\9.0.304\Sdks\Microsoft.NET.Sdk\targets\Microsoft.NET.Sdk.FrameworkReferenceResolution.targets(14,5): message :       _HandlePackageFileConflicts;
       C:\Program Files\dotnet\sdk\9.0.304\Sdks\Microsoft.NET.Sdk\targets\Microsoft.NET.Sdk.FrameworkReferenceResolution.targets(14,5): message :     ") em C:\Program Files\dotnet\sdk\9.0.304\Sdks\Microsoft.NET.Sdk\targets\Microsoft.NET.Sdk.FrameworkReferenceResolution.targets (14,5)
       C:\Program Files\dotnet\sdk\9.0.304\Sdks\Microsoft.NET.Sdk\targets\Microsoft.NET.Sdk.targets(44,5): message : Reatribui├º├úo de propriedade: $(_GenerateRuntimeConfigurationPropertyInputsCache)="D:\PROJETOS\LAUNCHER C#\launcher\obj\Debug\net9.0-windows\win-x64\L2Updater.genruntimeconfig.cache" (valor anterior: "obj\Debug\net9.0-windows\win-x64\L2Updater.genruntimeconfig.cache") em C:\Program Files\dotnet\sdk\9.0.304\Sdks\Microsoft.NET.Sdk\targets\Microsoft.NET.Sdk.targets (44,5)
       C:\Program Files\dotnet\sdk\9.0.304\Sdks\Microsoft.NET.Sdk\targets\Microsoft.NET.Sdk.targets(46,5): message : Reatribui├º├úo de propriedade: $(_GeneratePublishDependencyFilePropertyInputsCache)="D:\PROJETOS\LAUNCHER C#\launcher\obj\Debug\net9.0-windows\win-x64\L2Updater.genpublishdeps.cache" (valor anterior: "obj\Debug\net9.0-windows\win-x64\L2Updater.genpublishdeps.cache") em C:\Program Files\dotnet\sdk\9.0.304\Sdks\Microsoft.NET.Sdk\targets\Microsoft.NET.Sdk.targets (46,5)
       C:\Program Files\dotnet\sdk\9.0.304\Sdks\Microsoft.NET.Sdk\targets\Microsoft.NET.Sdk.targets(48,5): message : Reatribui├º├úo de propriedade: $(_GenerateSingleFileBundlePropertyInputsCache)="D:\PROJETOS\LAUNCHER C#\launcher\obj\Debug\net9.0-windows\win-x64\L2Updater.genbundle.cache" (valor anterior: "obj\Debug\net9.0-windows\win-x64\L2Updater.genbundle.cache") em C:\Program Files\dotnet\sdk\9.0.304\Sdks\Microsoft.NET.Sdk\targets\Microsoft.NET.Sdk.targets (48,5)
       C:\Program Files\dotnet\sdk\9.0.304\Sdks\Microsoft.NET.Sdk\targets\Microsoft.NET.Sdk.targets(81,5): message : Reatribui├º├úo de propriedade: $(GenerateRuntimeConfigDevFile)="false" (valor anterior: "true") em C:\Program Files\dotnet\sdk\9.0.304\Sdks\Microsoft.NET.Sdk\targets\Microsoft.NET.Sdk.targets (81,5)
       C:\Program Files\dotnet\sdk\9.0.304\Sdks\Microsoft.NET.Sdk\targets\Microsoft.NET.Sdk.targets(97,5): message : Im├│vel 'USERPROFILE' com valor 'C:\Users\danie' expandido do ambiente.
       C:\Program Files\dotnet\sdk\9.0.304\Sdks\Microsoft.NET.Sdk\targets\Microsoft.NET.Sdk.targets(97,5): message : Reatribui├º├úo de propriedade: $(_DefaultUserProfileRuntimeStorePath)="C:\Users\danie" (valor anterior: "") em C:\Program Files\dotnet\sdk\9.0.304\Sdks\Microsoft.NET.Sdk\targets\Microsoft.NET.Sdk.targets (97,5)
       C:\Program Files\dotnet\sdk\9.0.304\Sdks\Microsoft.NET.Sdk\targets\Microsoft.NET.Sdk.targets(98,5): message : Reatribui├º├úo de propriedade: $(_DefaultUserProfileRuntimeStorePath)="C:\Users\danie\.dotnet\store" (valor anterior: "C:\Users\danie") em C:\Program Files\dotnet\sdk\9.0.304\Sdks\Microsoft.NET.Sdk\targets\Microsoft.NET.Sdk.targets (98,5)
       C:\Program Files\dotnet\sdk\9.0.304\Sdks\Microsoft.NET.Sdk\targets\Microsoft.NET.Sdk.targets(140,5): message : Reatribui├º├úo de propriedade: $(AvailablePlatforms)="Any CPU,x86,x64,ARM32" (valor anterior: "Any CPU,x86,x64") em C:\Program Files\dotnet\sdk\9.0.304\Sdks\Microsoft.NET.Sdk\targets\Microsoft.NET.Sdk.targets (140,5)
       C:\Program Files\dotnet\sdk\9.0.304\Sdks\Microsoft.NET.Sdk\targets\Microsoft.NET.Sdk.targets(144,5): message : Reatribui├º├úo de propriedade: $(AvailablePlatforms)="Any CPU,x86,x64,ARM32,ARM64" (valor anterior: "Any CPU,x86,x64,ARM32") em C:\Program Files\dotnet\sdk\9.0.304\Sdks\Microsoft.NET.Sdk\targets\Microsoft.NET.Sdk.targets (144,5)
       C:\Program Files\dotnet\sdk\9.0.304\Sdks\Microsoft.NET.Sdk\targets\Microsoft.NET.Sdk.targets(201,5): message : Reatribui├º├úo de propriedade: $(CoreBuildDependsOn)="
       C:\Program Files\dotnet\sdk\9.0.304\Sdks\Microsoft.NET.Sdk\targets\Microsoft.NET.Sdk.targets(201,5): message :       _CheckForBuildWithNoBuild;
       C:\Program Files\dotnet\sdk\9.0.304\Sdks\Microsoft.NET.Sdk\targets\Microsoft.NET.Sdk.targets(201,5): message :       
       C:\Program Files\dotnet\sdk\9.0.304\Sdks\Microsoft.NET.Sdk\targets\Microsoft.NET.Sdk.targets(201,5): message :       BuildOnlySettings;
       C:\Program Files\dotnet\sdk\9.0.304\Sdks\Microsoft.NET.Sdk\targets\Microsoft.NET.Sdk.targets(201,5): message :       PrepareForBuild;
       C:\Program Files\dotnet\sdk\9.0.304\Sdks\Microsoft.NET.Sdk\targets\Microsoft.NET.Sdk.targets(201,5): message :       PreBuildEvent;
       C:\Program Files\dotnet\sdk\9.0.304\Sdks\Microsoft.NET.Sdk\targets\Microsoft.NET.Sdk.targets(201,5): message :       ResolveReferences;
       C:\Program Files\dotnet\sdk\9.0.304\Sdks\Microsoft.NET.Sdk\targets\Microsoft.NET.Sdk.targets(201,5): message :       PrepareResources;
       C:\Program Files\dotnet\sdk\9.0.304\Sdks\Microsoft.NET.Sdk\targets\Microsoft.NET.Sdk.targets(201,5): message :       ResolveKeySource;
       C:\Program Files\dotnet\sdk\9.0.304\Sdks\Microsoft.NET.Sdk\targets\Microsoft.NET.Sdk.targets(201,5): message :       Compile;
       C:\Program Files\dotnet\sdk\9.0.304\Sdks\Microsoft.NET.Sdk\targets\Microsoft.NET.Sdk.targets(201,5): message :       ExportWindowsMDFile;
       C:\Program Files\dotnet\sdk\9.0.304\Sdks\Microsoft.NET.Sdk\targets\Microsoft.NET.Sdk.targets(201,5): message :       UnmanagedUnregistration;
       C:\Program Files\dotnet\sdk\9.0.304\Sdks\Microsoft.NET.Sdk\targets\Microsoft.NET.Sdk.targets(201,5): message :       GenerateSerializationAssemblies;
       C:\Program Files\dotnet\sdk\9.0.304\Sdks\Microsoft.NET.Sdk\targets\Microsoft.NET.Sdk.targets(201,5): message :       CreateSatelliteAssemblies;
       C:\Program Files\dotnet\sdk\9.0.304\Sdks\Microsoft.NET.Sdk\targets\Microsoft.NET.Sdk.targets(201,5): message :       GenerateManifests;
       C:\Program Files\dotnet\sdk\9.0.304\Sdks\Microsoft.NET.Sdk\targets\Microsoft.NET.Sdk.targets(201,5): message :       GetTargetPath;
       C:\Program Files\dotnet\sdk\9.0.304\Sdks\Microsoft.NET.Sdk\targets\Microsoft.NET.Sdk.targets(201,5): message :       PrepareForRun;
       C:\Program Files\dotnet\sdk\9.0.304\Sdks\Microsoft.NET.Sdk\targets\Microsoft.NET.Sdk.targets(201,5): message :       UnmanagedRegistration;
       C:\Program Files\dotnet\sdk\9.0.304\Sdks\Microsoft.NET.Sdk\targets\Microsoft.NET.Sdk.targets(201,5): message :       IncrementalClean;
       C:\Program Files\dotnet\sdk\9.0.304\Sdks\Microsoft.NET.Sdk\targets\Microsoft.NET.Sdk.targets(201,5): message :       PostBuildEvent
       C:\Program Files\dotnet\sdk\9.0.304\Sdks\Microsoft.NET.Sdk\targets\Microsoft.NET.Sdk.targets(201,5): message :     ;
       C:\Program Files\dotnet\sdk\9.0.304\Sdks\Microsoft.NET.Sdk\targets\Microsoft.NET.Sdk.targets(201,5): message :       GenerateBuildDependencyFile;
       C:\Program Files\dotnet\sdk\9.0.304\Sdks\Microsoft.NET.Sdk\targets\Microsoft.NET.Sdk.targets(201,5): message :       GenerateBuildRuntimeConfigurationFiles
       C:\Program Files\dotnet\sdk\9.0.304\Sdks\Microsoft.NET.Sdk\targets\Microsoft.NET.Sdk.targets(201,5): message :     " (valor anterior: "
       C:\Program Files\dotnet\sdk\9.0.304\Sdks\Microsoft.NET.Sdk\targets\Microsoft.NET.Sdk.targets(201,5): message :       BuildOnlySettings;
       C:\Program Files\dotnet\sdk\9.0.304\Sdks\Microsoft.NET.Sdk\targets\Microsoft.NET.Sdk.targets(201,5): message :       PrepareForBuild;
       C:\Program Files\dotnet\sdk\9.0.304\Sdks\Microsoft.NET.Sdk\targets\Microsoft.NET.Sdk.targets(201,5): message :       PreBuildEvent;
       C:\Program Files\dotnet\sdk\9.0.304\Sdks\Microsoft.NET.Sdk\targets\Microsoft.NET.Sdk.targets(201,5): message :       ResolveReferences;
       C:\Program Files\dotnet\sdk\9.0.304\Sdks\Microsoft.NET.Sdk\targets\Microsoft.NET.Sdk.targets(201,5): message :       PrepareResources;
       C:\Program Files\dotnet\sdk\9.0.304\Sdks\Microsoft.NET.Sdk\targets\Microsoft.NET.Sdk.targets(201,5): message :       ResolveKeySource;
       C:\Program Files\dotnet\sdk\9.0.304\Sdks\Microsoft.NET.Sdk\targets\Microsoft.NET.Sdk.targets(201,5): message :       Compile;
       C:\Program Files\dotnet\sdk\9.0.304\Sdks\Microsoft.NET.Sdk\targets\Microsoft.NET.Sdk.targets(201,5): message :       ExportWindowsMDFile;
       C:\Program Files\dotnet\sdk\9.0.304\Sdks\Microsoft.NET.Sdk\targets\Microsoft.NET.Sdk.targets(201,5): message :       UnmanagedUnregistration;
       C:\Program Files\dotnet\sdk\9.0.304\Sdks\Microsoft.NET.Sdk\targets\Microsoft.NET.Sdk.targets(201,5): message :       GenerateSerializationAssemblies;
       C:\Program Files\dotnet\sdk\9.0.304\Sdks\Microsoft.NET.Sdk\targets\Microsoft.NET.Sdk.targets(201,5): message :       CreateSatelliteAssemblies;
       C:\Program Files\dotnet\sdk\9.0.304\Sdks\Microsoft.NET.Sdk\targets\Microsoft.NET.Sdk.targets(201,5): message :       GenerateManifests;
       C:\Program Files\dotnet\sdk\9.0.304\Sdks\Microsoft.NET.Sdk\targets\Microsoft.NET.Sdk.targets(201,5): message :       GetTargetPath;
       C:\Program Files\dotnet\sdk\9.0.304\Sdks\Microsoft.NET.Sdk\targets\Microsoft.NET.Sdk.targets(201,5): message :       PrepareForRun;
       C:\Program Files\dotnet\sdk\9.0.304\Sdks\Microsoft.NET.Sdk\targets\Microsoft.NET.Sdk.targets(201,5): message :       UnmanagedRegistration;
       C:\Program Files\dotnet\sdk\9.0.304\Sdks\Microsoft.NET.Sdk\targets\Microsoft.NET.Sdk.targets(201,5): message :       IncrementalClean;
       C:\Program Files\dotnet\sdk\9.0.304\Sdks\Microsoft.NET.Sdk\targets\Microsoft.NET.Sdk.targets(201,5): message :       PostBuildEvent
       C:\Program Files\dotnet\sdk\9.0.304\Sdks\Microsoft.NET.Sdk\targets\Microsoft.NET.Sdk.targets(201,5): message :     ") em C:\Program Files\dotnet\sdk\9.0.304\Sdks\Microsoft.NET.Sdk\targets\Microsoft.NET.Sdk.targets (201,5)
       C:\Program Files\dotnet\sdk\9.0.304\Sdks\Microsoft.NET.Sdk\targets\Microsoft.NET.Sdk.targets(210,5): message : Reatribui├º├úo de propriedade: $(CoreCleanDependsOn)="
       C:\Program Files\dotnet\sdk\9.0.304\Sdks\Microsoft.NET.Sdk\targets\Microsoft.NET.Sdk.targets(210,5): message :       _SdkBeforeClean;
       C:\Program Files\dotnet\sdk\9.0.304\Sdks\Microsoft.NET.Sdk\targets\Microsoft.NET.Sdk.targets(210,5): message :       
       C:\Program Files\dotnet\sdk\9.0.304\Sdks\Microsoft.NET.Sdk\targets\Microsoft.NET.Sdk.targets(210,5): message :     " (valor anterior: "") em C:\Program Files\dotnet\sdk\9.0.304\Sdks\Microsoft.NET.Sdk\targets\Microsoft.NET.Sdk.targets (210,5)
       C:\Program Files\dotnet\sdk\9.0.304\Sdks\Microsoft.NET.Sdk\targets\Microsoft.NET.Sdk.targets(217,5): message : Reatribui├º├úo de propriedade: $(RebuildDependsOn)="
       C:\Program Files\dotnet\sdk\9.0.304\Sdks\Microsoft.NET.Sdk\targets\Microsoft.NET.Sdk.targets(217,5): message :       _SdkBeforeRebuild;
       C:\Program Files\dotnet\sdk\9.0.304\Sdks\Microsoft.NET.Sdk\targets\Microsoft.NET.Sdk.targets(217,5): message :       
       C:\Program Files\dotnet\sdk\9.0.304\Sdks\Microsoft.NET.Sdk\targets\Microsoft.NET.Sdk.targets(217,5): message :       BeforeRebuild;
       C:\Program Files\dotnet\sdk\9.0.304\Sdks\Microsoft.NET.Sdk\targets\Microsoft.NET.Sdk.targets(217,5): message :       Clean;
       C:\Program Files\dotnet\sdk\9.0.304\Sdks\Microsoft.NET.Sdk\targets\Microsoft.NET.Sdk.targets(217,5): message :       Build;
       C:\Program Files\dotnet\sdk\9.0.304\Sdks\Microsoft.NET.Sdk\targets\Microsoft.NET.Sdk.targets(217,5): message :       AfterRebuild;
       C:\Program Files\dotnet\sdk\9.0.304\Sdks\Microsoft.NET.Sdk\targets\Microsoft.NET.Sdk.targets(217,5): message :     
       C:\Program Files\dotnet\sdk\9.0.304\Sdks\Microsoft.NET.Sdk\targets\Microsoft.NET.Sdk.targets(217,5): message :     " (valor anterior: "
       C:\Program Files\dotnet\sdk\9.0.304\Sdks\Microsoft.NET.Sdk\targets\Microsoft.NET.Sdk.targets(217,5): message :       BeforeRebuild;
       C:\Program Files\dotnet\sdk\9.0.304\Sdks\Microsoft.NET.Sdk\targets\Microsoft.NET.Sdk.targets(217,5): message :       Clean;
       C:\Program Files\dotnet\sdk\9.0.304\Sdks\Microsoft.NET.Sdk\targets\Microsoft.NET.Sdk.targets(217,5): message :       Build;
       C:\Program Files\dotnet\sdk\9.0.304\Sdks\Microsoft.NET.Sdk\targets\Microsoft.NET.Sdk.targets(217,5): message :       AfterRebuild;
       C:\Program Files\dotnet\sdk\9.0.304\Sdks\Microsoft.NET.Sdk\targets\Microsoft.NET.Sdk.targets(217,5): message :     ") em C:\Program Files\dotnet\sdk\9.0.304\Sdks\Microsoft.NET.Sdk\targets\Microsoft.NET.Sdk.targets (217,5)
       C:\Program Files\dotnet\sdk\9.0.304\Sdks\Microsoft.NET.Sdk\targets\Microsoft.NET.Sdk.targets(784,5): message : Reatribui├º├úo de propriedade: $(CompileDependsOn)="
       C:\Program Files\dotnet\sdk\9.0.304\Sdks\Microsoft.NET.Sdk\targets\Microsoft.NET.Sdk.targets(784,5): message :       
       C:\Program Files\dotnet\sdk\9.0.304\Sdks\Microsoft.NET.Sdk\targets\Microsoft.NET.Sdk.targets(784,5): message :       ResolveReferences;
       C:\Program Files\dotnet\sdk\9.0.304\Sdks\Microsoft.NET.Sdk\targets\Microsoft.NET.Sdk.targets(784,5): message :       ResolveKeySource;
       C:\Program Files\dotnet\sdk\9.0.304\Sdks\Microsoft.NET.Sdk\targets\Microsoft.NET.Sdk.targets(784,5): message :       SetWin32ManifestProperties;
       C:\Program Files\dotnet\sdk\9.0.304\Sdks\Microsoft.NET.Sdk\targets\Microsoft.NET.Sdk.targets(784,5): message :       _SetPreferNativeArm64Win32ManifestProperties;
       C:\Program Files\dotnet\sdk\9.0.304\Sdks\Microsoft.NET.Sdk\targets\Microsoft.NET.Sdk.targets(784,5): message :       FindReferenceAssembliesForReferences;
       C:\Program Files\dotnet\sdk\9.0.304\Sdks\Microsoft.NET.Sdk\targets\Microsoft.NET.Sdk.targets(784,5): message :       _GenerateCompileInputs;
       C:\Program Files\dotnet\sdk\9.0.304\Sdks\Microsoft.NET.Sdk\targets\Microsoft.NET.Sdk.targets(784,5): message :       BeforeCompile;
       C:\Program Files\dotnet\sdk\9.0.304\Sdks\Microsoft.NET.Sdk\targets\Microsoft.NET.Sdk.targets(784,5): message :       _TimeStampBeforeCompile;
       C:\Program Files\dotnet\sdk\9.0.304\Sdks\Microsoft.NET.Sdk\targets\Microsoft.NET.Sdk.targets(784,5): message :       _GenerateCompileDependencyCache;
       C:\Program Files\dotnet\sdk\9.0.304\Sdks\Microsoft.NET.Sdk\targets\Microsoft.NET.Sdk.targets(784,5): message :       CoreCompile;
       C:\Program Files\dotnet\sdk\9.0.304\Sdks\Microsoft.NET.Sdk\targets\Microsoft.NET.Sdk.targets(784,5): message :       _TimeStampAfterCompile;
       C:\Program Files\dotnet\sdk\9.0.304\Sdks\Microsoft.NET.Sdk\targets\Microsoft.NET.Sdk.targets(784,5): message :       AfterCompile;
       C:\Program Files\dotnet\sdk\9.0.304\Sdks\Microsoft.NET.Sdk\targets\Microsoft.NET.Sdk.targets(784,5): message :     ;
       C:\Program Files\dotnet\sdk\9.0.304\Sdks\Microsoft.NET.Sdk\targets\Microsoft.NET.Sdk.targets(784,5): message :       _CreateAppHost;
       C:\Program Files\dotnet\sdk\9.0.304\Sdks\Microsoft.NET.Sdk\targets\Microsoft.NET.Sdk.targets(784,5): message :       _CreateComHost;
       C:\Program Files\dotnet\sdk\9.0.304\Sdks\Microsoft.NET.Sdk\targets\Microsoft.NET.Sdk.targets(784,5): message :       _GetIjwHostPaths;
       C:\Program Files\dotnet\sdk\9.0.304\Sdks\Microsoft.NET.Sdk\targets\Microsoft.NET.Sdk.targets(784,5): message :     " (valor anterior: "
       C:\Program Files\dotnet\sdk\9.0.304\Sdks\Microsoft.NET.Sdk\targets\Microsoft.NET.Sdk.targets(784,5): message :       ResolveReferences;
       C:\Program Files\dotnet\sdk\9.0.304\Sdks\Microsoft.NET.Sdk\targets\Microsoft.NET.Sdk.targets(784,5): message :       ResolveKeySource;
       C:\Program Files\dotnet\sdk\9.0.304\Sdks\Microsoft.NET.Sdk\targets\Microsoft.NET.Sdk.targets(784,5): message :       SetWin32ManifestProperties;
       C:\Program Files\dotnet\sdk\9.0.304\Sdks\Microsoft.NET.Sdk\targets\Microsoft.NET.Sdk.targets(784,5): message :       _SetPreferNativeArm64Win32ManifestProperties;
       C:\Program Files\dotnet\sdk\9.0.304\Sdks\Microsoft.NET.Sdk\targets\Microsoft.NET.Sdk.targets(784,5): message :       FindReferenceAssembliesForReferences;
       C:\Program Files\dotnet\sdk\9.0.304\Sdks\Microsoft.NET.Sdk\targets\Microsoft.NET.Sdk.targets(784,5): message :       _GenerateCompileInputs;
       C:\Program Files\dotnet\sdk\9.0.304\Sdks\Microsoft.NET.Sdk\targets\Microsoft.NET.Sdk.targets(784,5): message :       BeforeCompile;
       C:\Program Files\dotnet\sdk\9.0.304\Sdks\Microsoft.NET.Sdk\targets\Microsoft.NET.Sdk.targets(784,5): message :       _TimeStampBeforeCompile;
       C:\Program Files\dotnet\sdk\9.0.304\Sdks\Microsoft.NET.Sdk\targets\Microsoft.NET.Sdk.targets(784,5): message :       _GenerateCompileDependencyCache;
       C:\Program Files\dotnet\sdk\9.0.304\Sdks\Microsoft.NET.Sdk\targets\Microsoft.NET.Sdk.targets(784,5): message :       CoreCompile;
       C:\Program Files\dotnet\sdk\9.0.304\Sdks\Microsoft.NET.Sdk\targets\Microsoft.NET.Sdk.targets(784,5): message :       _TimeStampAfterCompile;
       C:\Program Files\dotnet\sdk\9.0.304\Sdks\Microsoft.NET.Sdk\targets\Microsoft.NET.Sdk.targets(784,5): message :       AfterCompile;
       C:\Program Files\dotnet\sdk\9.0.304\Sdks\Microsoft.NET.Sdk\targets\Microsoft.NET.Sdk.targets(784,5): message :     ") em C:\Program Files\dotnet\sdk\9.0.304\Sdks\Microsoft.NET.Sdk\targets\Microsoft.NET.Sdk.targets (784,5)
       C:\Program Files\dotnet\sdk\9.0.304\Sdks\Microsoft.NET.Sdk\targets\Microsoft.NET.Sdk.targets(1184,5): message : Reatribui├º├úo de propriedade: $(CreateSatelliteAssembliesDependsOn)="
       C:\Program Files\dotnet\sdk\9.0.304\Sdks\Microsoft.NET.Sdk\targets\Microsoft.NET.Sdk.targets(1184,5): message :       
       C:\Program Files\dotnet\sdk\9.0.304\Sdks\Microsoft.NET.Sdk\targets\Microsoft.NET.Sdk.targets(1184,5): message :       ;
       C:\Program Files\dotnet\sdk\9.0.304\Sdks\Microsoft.NET.Sdk\targets\Microsoft.NET.Sdk.targets(1184,5): message :       _GenerateSatelliteAssemblyInputs;
       C:\Program Files\dotnet\sdk\9.0.304\Sdks\Microsoft.NET.Sdk\targets\Microsoft.NET.Sdk.targets(1184,5): message :       ComputeIntermediateSatelliteAssemblies;
       C:\Program Files\dotnet\sdk\9.0.304\Sdks\Microsoft.NET.Sdk\targets\Microsoft.NET.Sdk.targets(1184,5): message :       GenerateSatelliteAssemblies
       C:\Program Files\dotnet\sdk\9.0.304\Sdks\Microsoft.NET.Sdk\targets\Microsoft.NET.Sdk.targets(1184,5): message :     ;
       C:\Program Files\dotnet\sdk\9.0.304\Sdks\Microsoft.NET.Sdk\targets\Microsoft.NET.Sdk.targets(1184,5): message :       CoreGenerateSatelliteAssemblies
       C:\Program Files\dotnet\sdk\9.0.304\Sdks\Microsoft.NET.Sdk\targets\Microsoft.NET.Sdk.targets(1184,5): message :     " (valor anterior: "
       C:\Program Files\dotnet\sdk\9.0.304\Sdks\Microsoft.NET.Sdk\targets\Microsoft.NET.Sdk.targets(1184,5): message :       ;
       C:\Program Files\dotnet\sdk\9.0.304\Sdks\Microsoft.NET.Sdk\targets\Microsoft.NET.Sdk.targets(1184,5): message :       _GenerateSatelliteAssemblyInputs;
       C:\Program Files\dotnet\sdk\9.0.304\Sdks\Microsoft.NET.Sdk\targets\Microsoft.NET.Sdk.targets(1184,5): message :       ComputeIntermediateSatelliteAssemblies;
       C:\Program Files\dotnet\sdk\9.0.304\Sdks\Microsoft.NET.Sdk\targets\Microsoft.NET.Sdk.targets(1184,5): message :       GenerateSatelliteAssemblies
       C:\Program Files\dotnet\sdk\9.0.304\Sdks\Microsoft.NET.Sdk\targets\Microsoft.NET.Sdk.targets(1184,5): message :     ") em C:\Program Files\dotnet\sdk\9.0.304\Sdks\Microsoft.NET.Sdk\targets\Microsoft.NET.Sdk.targets (1184,5)
       C:\Program Files\dotnet\sdk\9.0.304\Sdks\Microsoft.SourceLink.GitLab\build\Microsoft.SourceLink.GitLab.targets(12,5): message : Reatribui├º├úo de propriedade: $(SourceLinkUrlInitializerTargets)=";_InitializeGitHubSourceLinkUrl;_InitializeGitLabSourceLinkUrl" (valor anterior: ";_InitializeGitHubSourceLinkUrl") em C:\Program Files\dotnet\sdk\9.0.304\Sdks\Microsoft.SourceLink.GitLab\build\Microsoft.SourceLink.GitLab.targets (12,5)
       C:\Program Files\dotnet\sdk\9.0.304\Sdks\Microsoft.SourceLink.GitLab\build\Microsoft.SourceLink.GitLab.targets(13,5): message : Reatribui├º├úo de propriedade: $(SourceControlManagerUrlTranslationTargets)=";TranslateGitHubUrlsInSourceControlInformation;TranslateGitLabUrlsInSourceControlInformation" (valor anterior: ";TranslateGitHubUrlsInSourceControlInformation") em C:\Program Files\dotnet\sdk\9.0.304\Sdks\Microsoft.SourceLink.GitLab\build\Microsoft.SourceLink.GitLab.targets (13,5)
       C:\Program Files\dotnet\sdk\9.0.304\Sdks\Microsoft.SourceLink.AzureRepos.Git\build\Microsoft.SourceLink.AzureRepos.Git.targets(12,5): message : Reatribui├º├úo de propriedade: $(SourceLinkUrlInitializerTargets)=";_InitializeGitHubSourceLinkUrl;_InitializeGitLabSourceLinkUrl;_InitializeAzureReposGitSourceLinkUrl" (valor anterior: ";_InitializeGitHubSourceLinkUrl;_InitializeGitLabSourceLinkUrl") em C:\Program Files\dotnet\sdk\9.0.304\Sdks\Microsoft.SourceLink.AzureRepos.Git\build\Microsoft.SourceLink.AzureRepos.Git.targets (12,5)
       C:\Program Files\dotnet\sdk\9.0.304\Sdks\Microsoft.SourceLink.AzureRepos.Git\build\Microsoft.SourceLink.AzureRepos.Git.targets(13,5): message : Reatribui├º├úo de propriedade: $(SourceControlManagerUrlTranslationTargets)=";TranslateGitHubUrlsInSourceControlInformation;TranslateGitLabUrlsInSourceControlInformation;TranslateAzureReposGitUrlsInSourceControlInformation" (valor anterior: ";TranslateGitHubUrlsInSourceControlInformation;TranslateGitLabUrlsInSourceControlInformation") em C:\Program Files\dotnet\sdk\9.0.304\Sdks\Microsoft.SourceLink.AzureRepos.Git\build\Microsoft.SourceLink.AzureRepos.Git.targets (13,5)
       C:\Program Files\dotnet\sdk\9.0.304\Sdks\Microsoft.SourceLink.Bitbucket.Git\build\Microsoft.SourceLink.Bitbucket.Git.targets(12,5): message : Reatribui├º├úo de propriedade: $(SourceLinkUrlInitializerTargets)=";_InitializeGitHubSourceLinkUrl;_InitializeGitLabSourceLinkUrl;_InitializeAzureReposGitSourceLinkUrl;_InitializeBitbucketGitSourceLinkUrl" (valor anterior: ";_InitializeGitHubSourceLinkUrl;_InitializeGitLabSourceLinkUrl;_InitializeAzureReposGitSourceLinkUrl") em C:\Program Files\dotnet\sdk\9.0.304\Sdks\Microsoft.SourceLink.Bitbucket.Git\build\Microsoft.SourceLink.Bitbucket.Git.targets (12,5)
       C:\Program Files\dotnet\sdk\9.0.304\Sdks\Microsoft.SourceLink.Bitbucket.Git\build\Microsoft.SourceLink.Bitbucket.Git.targets(13,5): message : Reatribui├º├úo de propriedade: $(SourceControlManagerUrlTranslationTargets)=";TranslateGitHubUrlsInSourceControlInformation;TranslateGitLabUrlsInSourceControlInformation;TranslateAzureReposGitUrlsInSourceControlInformation;TranslateBitbucketGitUrlsInSourceControlInformation" (valor anterior: ";TranslateGitHubUrlsInSourceControlInformation;TranslateGitLabUrlsInSourceControlInformation;TranslateAzureReposGitUrlsInSourceControlInformation") em C:\Program Files\dotnet\sdk\9.0.304\Sdks\Microsoft.SourceLink.Bitbucket.Git\build\Microsoft.SourceLink.Bitbucket.Git.targets (13,5)
       C:\Program Files\dotnet\sdk\9.0.304\Sdks\Microsoft.NET.Sdk\targets\Microsoft.NET.DesignerSupport.targets(21,5): message : Reatribui├º├úo de propriedade: $(DesignerRuntimeImplementationProjectOutputGroupDependsOn)="
       C:\Program Files\dotnet\sdk\9.0.304\Sdks\Microsoft.NET.Sdk\targets\Microsoft.NET.DesignerSupport.targets(21,5): message :       
       C:\Program Files\dotnet\sdk\9.0.304\Sdks\Microsoft.NET.Sdk\targets\Microsoft.NET.DesignerSupport.targets(21,5): message :       ;
       C:\Program Files\dotnet\sdk\9.0.304\Sdks\Microsoft.NET.Sdk\targets\Microsoft.NET.DesignerSupport.targets(21,5): message :       
       C:\Program Files\dotnet\sdk\9.0.304\Sdks\Microsoft.NET.Sdk\targets\Microsoft.NET.DesignerSupport.targets(21,5): message :       ;
       C:\Program Files\dotnet\sdk\9.0.304\Sdks\Microsoft.NET.Sdk\targets\Microsoft.NET.DesignerSupport.targets(21,5): message :       BuildOnlySettings;
       C:\Program Files\dotnet\sdk\9.0.304\Sdks\Microsoft.NET.Sdk\targets\Microsoft.NET.DesignerSupport.targets(21,5): message :       PrepareForBuild;
       C:\Program Files\dotnet\sdk\9.0.304\Sdks\Microsoft.NET.Sdk\targets\Microsoft.NET.DesignerSupport.targets(21,5): message :       AssignTargetPaths;
       C:\Program Files\dotnet\sdk\9.0.304\Sdks\Microsoft.NET.Sdk\targets\Microsoft.NET.DesignerSupport.targets(21,5): message :       ResolveReferences
       C:\Program Files\dotnet\sdk\9.0.304\Sdks\Microsoft.NET.Sdk\targets\Microsoft.NET.DesignerSupport.targets(21,5): message :     
       C:\Program Files\dotnet\sdk\9.0.304\Sdks\Microsoft.NET.Sdk\targets\Microsoft.NET.DesignerSupport.targets(21,5): message :     ;
       C:\Program Files\dotnet\sdk\9.0.304\Sdks\Microsoft.NET.Sdk\targets\Microsoft.NET.DesignerSupport.targets(21,5): message :       _GenerateDesignerDepsFile;
       C:\Program Files\dotnet\sdk\9.0.304\Sdks\Microsoft.NET.Sdk\targets\Microsoft.NET.DesignerSupport.targets(21,5): message :       _GenerateDesignerRuntimeConfigFile;
       C:\Program Files\dotnet\sdk\9.0.304\Sdks\Microsoft.NET.Sdk\targets\Microsoft.NET.DesignerSupport.targets(21,5): message :       GetCopyToOutputDirectoryItems;
       C:\Program Files\dotnet\sdk\9.0.304\Sdks\Microsoft.NET.Sdk\targets\Microsoft.NET.DesignerSupport.targets(21,5): message :       _GatherDesignerShadowCopyFiles;
       C:\Program Files\dotnet\sdk\9.0.304\Sdks\Microsoft.NET.Sdk\targets\Microsoft.NET.DesignerSupport.targets(21,5): message :     " (valor anterior: "
       C:\Program Files\dotnet\sdk\9.0.304\Sdks\Microsoft.NET.Sdk\targets\Microsoft.NET.DesignerSupport.targets(21,5): message :       ;
       C:\Program Files\dotnet\sdk\9.0.304\Sdks\Microsoft.NET.Sdk\targets\Microsoft.NET.DesignerSupport.targets(21,5): message :       
       C:\Program Files\dotnet\sdk\9.0.304\Sdks\Microsoft.NET.Sdk\targets\Microsoft.NET.DesignerSupport.targets(21,5): message :       ;
       C:\Program Files\dotnet\sdk\9.0.304\Sdks\Microsoft.NET.Sdk\targets\Microsoft.NET.DesignerSupport.targets(21,5): message :       BuildOnlySettings;
       C:\Program Files\dotnet\sdk\9.0.304\Sdks\Microsoft.NET.Sdk\targets\Microsoft.NET.DesignerSupport.targets(21,5): message :       PrepareForBuild;
       C:\Program Files\dotnet\sdk\9.0.304\Sdks\Microsoft.NET.Sdk\targets\Microsoft.NET.DesignerSupport.targets(21,5): message :       AssignTargetPaths;
       C:\Program Files\dotnet\sdk\9.0.304\Sdks\Microsoft.NET.Sdk\targets\Microsoft.NET.DesignerSupport.targets(21,5): message :       ResolveReferences
       C:\Program Files\dotnet\sdk\9.0.304\Sdks\Microsoft.NET.Sdk\targets\Microsoft.NET.DesignerSupport.targets(21,5): message :     
       C:\Program Files\dotnet\sdk\9.0.304\Sdks\Microsoft.NET.Sdk\targets\Microsoft.NET.DesignerSupport.targets(21,5): message :     ") em C:\Program Files\dotnet\sdk\9.0.304\Sdks\Microsoft.NET.Sdk\targets\Microsoft.NET.DesignerSupport.targets (21,5)
       C:\Program Files\dotnet\sdk\9.0.304\Sdks\Microsoft.NET.Sdk\targets\Microsoft.NET.PackTool.targets(68,5): message : Reatribui├º├úo de propriedade: $(_GenerateToolsSettingsFileCacheFile)="D:\PROJETOS\LAUNCHER C#\launcher\obj\Debug\net9.0-windows\win-x64\L2Updater.toolssettingsinput.cache" (valor anterior: "obj\Debug\net9.0-windows\win-x64\L2Updater.toolssettingsinput.cache") em C:\Program Files\dotnet\sdk\9.0.304\Sdks\Microsoft.NET.Sdk\targets\Microsoft.NET.PackTool.targets (68,5)
       C:\Program Files\dotnet\sdk\9.0.304\Sdks\Microsoft.NET.Sdk\targets\Microsoft.NET.PackTool.targets(137,5): message : Reatribui├º├úo de propriedade: $(_ShimInputCacheFile)="D:\PROJETOS\LAUNCHER C#\launcher\obj\Debug\net9.0-windows\win-x64\L2Updater.shiminput.cache" (valor anterior: "obj\Debug\net9.0-windows\win-x64\L2Updater.shiminput.cache") em C:\Program Files\dotnet\sdk\9.0.304\Sdks\Microsoft.NET.Sdk\targets\Microsoft.NET.PackTool.targets (137,5)
       C:\Program Files\dotnet\sdk\9.0.304\Sdks\Microsoft.NET.Sdk\targets\Microsoft.NET.PackTool.targets(139,5): message : Reatribui├º├úo de propriedade: $(_ShimCreatedSentinelFile)="D:\PROJETOS\LAUNCHER C#\launcher\obj\Debug\net9.0-windows\win-x64\L2Updater.shimcreated.sentinel" (valor anterior: "obj\Debug\net9.0-windows\win-x64\L2Updater.shimcreated.sentinel") em C:\Program Files\dotnet\sdk\9.0.304\Sdks\Microsoft.NET.Sdk\targets\Microsoft.NET.PackTool.targets (139,5)
       C:\Program Files\dotnet\sdk\9.0.304\Sdks\Microsoft.NET.Sdk\targets\Microsoft.NET.Sdk.CSharp.targets(31,5): message : Reatribui├º├úo de propriedade: $(DefineConstants)="TRACE;DEBUG" (valor anterior: "TRACE") em C:\Program Files\dotnet\sdk\9.0.304\Sdks\Microsoft.NET.Sdk\targets\Microsoft.NET.Sdk.CSharp.targets (31,5)
       C:\Program Files\dotnet\sdk\9.0.304\Sdks\Microsoft.NET.Sdk\targets\Microsoft.NET.Sdk.CSharp.targets(34,5): message : Reatribui├º├úo de propriedade: $(DefineConstants)="TRACE;DEBUG;NET;NET9_0;NETCOREAPP" (valor anterior: "TRACE;DEBUG") em C:\Program Files\dotnet\sdk\9.0.304\Sdks\Microsoft.NET.Sdk\targets\Microsoft.NET.Sdk.CSharp.targets (34,5)
       C:\Program Files\dotnet\sdk\9.0.304\Sdks\Microsoft.NET.Sdk\targets\Microsoft.NET.Sdk.CSharp.targets(48,5): message : Reatribui├º├úo de propriedade: $(WarningsAsErrors)=";NU1605;SYSLIB0011" (valor anterior: ";NU1605") em C:\Program Files\dotnet\sdk\9.0.304\Sdks\Microsoft.NET.Sdk\targets\Microsoft.NET.Sdk.CSharp.targets (48,5)
       C:\Program Files\dotnet\sdk\9.0.304\Sdks\Microsoft.NET.Sdk\targets\Microsoft.NET.Windows.targets(34,5): message : Reatribui├º├úo de propriedade: $(TargetPlatformVersion)="7.0" (valor anterior: "") em C:\Program Files\dotnet\sdk\9.0.304\Sdks\Microsoft.NET.Sdk\targets\Microsoft.NET.Windows.targets (34,5)
       C:\Program Files\dotnet\sdk\9.0.304\Sdks\Microsoft.NET.Sdk\targets\Microsoft.NET.Windows.targets(44,5): message : Reatribui├º├úo de propriedade: $(SupportedOSPlatformVersion)="7.0" (valor anterior: "") em C:\Program Files\dotnet\sdk\9.0.304\Sdks\Microsoft.NET.Sdk\targets\Microsoft.NET.Windows.targets (44,5)
       C:\Program Files\dotnet\sdk\9.0.304\Sdks\Microsoft.NET.Sdk\targets\Microsoft.NET.Windows.targets(45,5): message : Reatribui├º├úo de propriedade: $(TargetPlatformMinVersion)="7.0" (valor anterior: "") em C:\Program Files\dotnet\sdk\9.0.304\Sdks\Microsoft.NET.Sdk\targets\Microsoft.NET.Windows.targets (45,5)
       C:\Program Files\dotnet\sdk\9.0.304\Sdks\Microsoft.NET.Sdk\targets\Microsoft.NET.Sdk.targets(1473,5): message : Reatribui├º├úo de propriedade: $(TargetPlatformDisplayName)="Windows 7.0" (valor anterior: "Windows ") em C:\Program Files\dotnet\sdk\9.0.304\Sdks\Microsoft.NET.Sdk\targets\Microsoft.NET.Sdk.targets (1473,5)
       C:\Program Files\dotnet\sdk\9.0.304\Sdks\Microsoft.NET.Sdk.WindowsDesktop\targets\Microsoft.NET.Sdk.WindowsDesktop.targets(51,5): message : Reatribui├º├úo de propriedade: $(_TargetFrameworkVersionValue)="9.0" (valor anterior: "0.0") em C:\Program Files\dotnet\sdk\9.0.304\Sdks\Microsoft.NET.Sdk.WindowsDesktop\targets\Microsoft.NET.Sdk.WindowsDesktop.targets (51,5)
       C:\Program Files\dotnet\sdk\9.0.304\Sdks\Microsoft.NET.Sdk.WindowsDesktop\targets\Microsoft.WinFX.targets(61,7): message : Reatribui├º├úo de propriedade: $(PrepareResourceNamesDependsOn)="
       C:\Program Files\dotnet\sdk\9.0.304\Sdks\Microsoft.NET.Sdk.WindowsDesktop\targets\Microsoft.WinFX.targets(61,7): message :                     AssignWinFXEmbeddedResource;
       C:\Program Files\dotnet\sdk\9.0.304\Sdks\Microsoft.NET.Sdk.WindowsDesktop\targets\Microsoft.WinFX.targets(61,7): message :                     
       C:\Program Files\dotnet\sdk\9.0.304\Sdks\Microsoft.NET.Sdk.WindowsDesktop\targets\Microsoft.WinFX.targets(61,7): message :       AssignTargetPaths;
       C:\Program Files\dotnet\sdk\9.0.304\Sdks\Microsoft.NET.Sdk.WindowsDesktop\targets\Microsoft.WinFX.targets(61,7): message :       SplitResourcesByCulture;
       C:\Program Files\dotnet\sdk\9.0.304\Sdks\Microsoft.NET.Sdk.WindowsDesktop\targets\Microsoft.WinFX.targets(61,7): message :       CreateManifestResourceNames;
       C:\Program Files\dotnet\sdk\9.0.304\Sdks\Microsoft.NET.Sdk.WindowsDesktop\targets\Microsoft.WinFX.targets(61,7): message :       CreateCustomManifestResourceNames
       C:\Program Files\dotnet\sdk\9.0.304\Sdks\Microsoft.NET.Sdk.WindowsDesktop\targets\Microsoft.WinFX.targets(61,7): message :     
       C:\Program Files\dotnet\sdk\9.0.304\Sdks\Microsoft.NET.Sdk.WindowsDesktop\targets\Microsoft.WinFX.targets(61,7): message :       " (valor anterior: "
       C:\Program Files\dotnet\sdk\9.0.304\Sdks\Microsoft.NET.Sdk.WindowsDesktop\targets\Microsoft.WinFX.targets(61,7): message :       AssignTargetPaths;
       C:\Program Files\dotnet\sdk\9.0.304\Sdks\Microsoft.NET.Sdk.WindowsDesktop\targets\Microsoft.WinFX.targets(61,7): message :       SplitResourcesByCulture;
       C:\Program Files\dotnet\sdk\9.0.304\Sdks\Microsoft.NET.Sdk.WindowsDesktop\targets\Microsoft.WinFX.targets(61,7): message :       CreateManifestResourceNames;
       C:\Program Files\dotnet\sdk\9.0.304\Sdks\Microsoft.NET.Sdk.WindowsDesktop\targets\Microsoft.WinFX.targets(61,7): message :       CreateCustomManifestResourceNames
       C:\Program Files\dotnet\sdk\9.0.304\Sdks\Microsoft.NET.Sdk.WindowsDesktop\targets\Microsoft.WinFX.targets(61,7): message :     ") em C:\Program Files\dotnet\sdk\9.0.304\Sdks\Microsoft.NET.Sdk.WindowsDesktop\targets\Microsoft.WinFX.targets (61,7)
       C:\Program Files\dotnet\sdk\9.0.304\Sdks\Microsoft.NET.Sdk.WindowsDesktop\targets\Microsoft.WinFX.targets(69,7): message : Reatribui├º├úo de propriedade: $(PrepareResourcesDependsOn)="
       C:\Program Files\dotnet\sdk\9.0.304\Sdks\Microsoft.NET.Sdk.WindowsDesktop\targets\Microsoft.WinFX.targets(69,7): message :                 MarkupCompilePass1;
       C:\Program Files\dotnet\sdk\9.0.304\Sdks\Microsoft.NET.Sdk.WindowsDesktop\targets\Microsoft.WinFX.targets(69,7): message :                 AfterMarkupCompilePass1;
       C:\Program Files\dotnet\sdk\9.0.304\Sdks\Microsoft.NET.Sdk.WindowsDesktop\targets\Microsoft.WinFX.targets(69,7): message :                 MarkupCompilePass2ForMainAssembly;
       C:\Program Files\dotnet\sdk\9.0.304\Sdks\Microsoft.NET.Sdk.WindowsDesktop\targets\Microsoft.WinFX.targets(69,7): message :                 FileClassification;
       C:\Program Files\dotnet\sdk\9.0.304\Sdks\Microsoft.NET.Sdk.WindowsDesktop\targets\Microsoft.WinFX.targets(69,7): message :                 MainResourcesGeneration;
       C:\Program Files\dotnet\sdk\9.0.304\Sdks\Microsoft.NET.Sdk.WindowsDesktop\targets\Microsoft.WinFX.targets(69,7): message :                 
       C:\Program Files\dotnet\sdk\9.0.304\Sdks\Microsoft.NET.Sdk.WindowsDesktop\targets\Microsoft.WinFX.targets(69,7): message :       ResolvePackageDependenciesForBuild;
       C:\Program Files\dotnet\sdk\9.0.304\Sdks\Microsoft.NET.Sdk.WindowsDesktop\targets\Microsoft.WinFX.targets(69,7): message :       _HandlePackageFileConflicts;
       C:\Program Files\dotnet\sdk\9.0.304\Sdks\Microsoft.NET.Sdk.WindowsDesktop\targets\Microsoft.WinFX.targets(69,7): message :       
       C:\Program Files\dotnet\sdk\9.0.304\Sdks\Microsoft.NET.Sdk.WindowsDesktop\targets\Microsoft.WinFX.targets(69,7): message :       ;
       C:\Program Files\dotnet\sdk\9.0.304\Sdks\Microsoft.NET.Sdk.WindowsDesktop\targets\Microsoft.WinFX.targets(69,7): message :       PrepareResourceNames;
       C:\Program Files\dotnet\sdk\9.0.304\Sdks\Microsoft.NET.Sdk.WindowsDesktop\targets\Microsoft.WinFX.targets(69,7): message :       ResGen;
       C:\Program Files\dotnet\sdk\9.0.304\Sdks\Microsoft.NET.Sdk.WindowsDesktop\targets\Microsoft.WinFX.targets(69,7): message :       CompileLicxFiles
       C:\Program Files\dotnet\sdk\9.0.304\Sdks\Microsoft.NET.Sdk.WindowsDesktop\targets\Microsoft.WinFX.targets(69,7): message :     
       C:\Program Files\dotnet\sdk\9.0.304\Sdks\Microsoft.NET.Sdk.WindowsDesktop\targets\Microsoft.WinFX.targets(69,7): message :     
       C:\Program Files\dotnet\sdk\9.0.304\Sdks\Microsoft.NET.Sdk.WindowsDesktop\targets\Microsoft.WinFX.targets(69,7): message :       " (valor anterior: "
       C:\Program Files\dotnet\sdk\9.0.304\Sdks\Microsoft.NET.Sdk.WindowsDesktop\targets\Microsoft.WinFX.targets(69,7): message :       ResolvePackageDependenciesForBuild;
       C:\Program Files\dotnet\sdk\9.0.304\Sdks\Microsoft.NET.Sdk.WindowsDesktop\targets\Microsoft.WinFX.targets(69,7): message :       _HandlePackageFileConflicts;
       C:\Program Files\dotnet\sdk\9.0.304\Sdks\Microsoft.NET.Sdk.WindowsDesktop\targets\Microsoft.WinFX.targets(69,7): message :       
       C:\Program Files\dotnet\sdk\9.0.304\Sdks\Microsoft.NET.Sdk.WindowsDesktop\targets\Microsoft.WinFX.targets(69,7): message :       ;
       C:\Program Files\dotnet\sdk\9.0.304\Sdks\Microsoft.NET.Sdk.WindowsDesktop\targets\Microsoft.WinFX.targets(69,7): message :       PrepareResourceNames;
       C:\Program Files\dotnet\sdk\9.0.304\Sdks\Microsoft.NET.Sdk.WindowsDesktop\targets\Microsoft.WinFX.targets(69,7): message :       ResGen;
       C:\Program Files\dotnet\sdk\9.0.304\Sdks\Microsoft.NET.Sdk.WindowsDesktop\targets\Microsoft.WinFX.targets(69,7): message :       CompileLicxFiles
       C:\Program Files\dotnet\sdk\9.0.304\Sdks\Microsoft.NET.Sdk.WindowsDesktop\targets\Microsoft.WinFX.targets(69,7): message :     
       C:\Program Files\dotnet\sdk\9.0.304\Sdks\Microsoft.NET.Sdk.WindowsDesktop\targets\Microsoft.WinFX.targets(69,7): message :     ") em C:\Program Files\dotnet\sdk\9.0.304\Sdks\Microsoft.NET.Sdk.WindowsDesktop\targets\Microsoft.WinFX.targets (69,7)
       C:\Program Files\dotnet\sdk\9.0.304\Sdks\Microsoft.NET.Sdk.WindowsDesktop\targets\Microsoft.WinFX.targets(136,5): message : Reatribui├º├úo de propriedade: $(CompileDependsOn)="
       C:\Program Files\dotnet\sdk\9.0.304\Sdks\Microsoft.NET.Sdk.WindowsDesktop\targets\Microsoft.WinFX.targets(136,5): message :         
       C:\Program Files\dotnet\sdk\9.0.304\Sdks\Microsoft.NET.Sdk.WindowsDesktop\targets\Microsoft.WinFX.targets(136,5): message :       
       C:\Program Files\dotnet\sdk\9.0.304\Sdks\Microsoft.NET.Sdk.WindowsDesktop\targets\Microsoft.WinFX.targets(136,5): message :       ResolveReferences;
       C:\Program Files\dotnet\sdk\9.0.304\Sdks\Microsoft.NET.Sdk.WindowsDesktop\targets\Microsoft.WinFX.targets(136,5): message :       ResolveKeySource;
       C:\Program Files\dotnet\sdk\9.0.304\Sdks\Microsoft.NET.Sdk.WindowsDesktop\targets\Microsoft.WinFX.targets(136,5): message :       SetWin32ManifestProperties;
       C:\Program Files\dotnet\sdk\9.0.304\Sdks\Microsoft.NET.Sdk.WindowsDesktop\targets\Microsoft.WinFX.targets(136,5): message :       _SetPreferNativeArm64Win32ManifestProperties;
       C:\Program Files\dotnet\sdk\9.0.304\Sdks\Microsoft.NET.Sdk.WindowsDesktop\targets\Microsoft.WinFX.targets(136,5): message :       FindReferenceAssembliesForReferences;
       C:\Program Files\dotnet\sdk\9.0.304\Sdks\Microsoft.NET.Sdk.WindowsDesktop\targets\Microsoft.WinFX.targets(136,5): message :       _GenerateCompileInputs;
       C:\Program Files\dotnet\sdk\9.0.304\Sdks\Microsoft.NET.Sdk.WindowsDesktop\targets\Microsoft.WinFX.targets(136,5): message :       BeforeCompile;
       C:\Program Files\dotnet\sdk\9.0.304\Sdks\Microsoft.NET.Sdk.WindowsDesktop\targets\Microsoft.WinFX.targets(136,5): message :       _TimeStampBeforeCompile;
       C:\Program Files\dotnet\sdk\9.0.304\Sdks\Microsoft.NET.Sdk.WindowsDesktop\targets\Microsoft.WinFX.targets(136,5): message :       _GenerateCompileDependencyCache;
       C:\Program Files\dotnet\sdk\9.0.304\Sdks\Microsoft.NET.Sdk.WindowsDesktop\targets\Microsoft.WinFX.targets(136,5): message :       CoreCompile;
       C:\Program Files\dotnet\sdk\9.0.304\Sdks\Microsoft.NET.Sdk.WindowsDesktop\targets\Microsoft.WinFX.targets(136,5): message :       _TimeStampAfterCompile;
       C:\Program Files\dotnet\sdk\9.0.304\Sdks\Microsoft.NET.Sdk.WindowsDesktop\targets\Microsoft.WinFX.targets(136,5): message :       AfterCompile;
       C:\Program Files\dotnet\sdk\9.0.304\Sdks\Microsoft.NET.Sdk.WindowsDesktop\targets\Microsoft.WinFX.targets(136,5): message :     ;
       C:\Program Files\dotnet\sdk\9.0.304\Sdks\Microsoft.NET.Sdk.WindowsDesktop\targets\Microsoft.WinFX.targets(136,5): message :       _CreateAppHost;
       C:\Program Files\dotnet\sdk\9.0.304\Sdks\Microsoft.NET.Sdk.WindowsDesktop\targets\Microsoft.WinFX.targets(136,5): message :       _CreateComHost;
       C:\Program Files\dotnet\sdk\9.0.304\Sdks\Microsoft.NET.Sdk.WindowsDesktop\targets\Microsoft.WinFX.targets(136,5): message :       _GetIjwHostPaths;
       C:\Program Files\dotnet\sdk\9.0.304\Sdks\Microsoft.NET.Sdk.WindowsDesktop\targets\Microsoft.WinFX.targets(136,5): message :     ;
       C:\Program Files\dotnet\sdk\9.0.304\Sdks\Microsoft.NET.Sdk.WindowsDesktop\targets\Microsoft.WinFX.targets(136,5): message :         _AfterCompileWinFXInternal
       C:\Program Files\dotnet\sdk\9.0.304\Sdks\Microsoft.NET.Sdk.WindowsDesktop\targets\Microsoft.WinFX.targets(136,5): message :     " (valor anterior: "
       C:\Program Files\dotnet\sdk\9.0.304\Sdks\Microsoft.NET.Sdk.WindowsDesktop\targets\Microsoft.WinFX.targets(136,5): message :       
       C:\Program Files\dotnet\sdk\9.0.304\Sdks\Microsoft.NET.Sdk.WindowsDesktop\targets\Microsoft.WinFX.targets(136,5): message :       ResolveReferences;
       C:\Program Files\dotnet\sdk\9.0.304\Sdks\Microsoft.NET.Sdk.WindowsDesktop\targets\Microsoft.WinFX.targets(136,5): message :       ResolveKeySource;
       C:\Program Files\dotnet\sdk\9.0.304\Sdks\Microsoft.NET.Sdk.WindowsDesktop\targets\Microsoft.WinFX.targets(136,5): message :       SetWin32ManifestProperties;
       C:\Program Files\dotnet\sdk\9.0.304\Sdks\Microsoft.NET.Sdk.WindowsDesktop\targets\Microsoft.WinFX.targets(136,5): message :       _SetPreferNativeArm64Win32ManifestProperties;
       C:\Program Files\dotnet\sdk\9.0.304\Sdks\Microsoft.NET.Sdk.WindowsDesktop\targets\Microsoft.WinFX.targets(136,5): message :       FindReferenceAssembliesForReferences;
       C:\Program Files\dotnet\sdk\9.0.304\Sdks\Microsoft.NET.Sdk.WindowsDesktop\targets\Microsoft.WinFX.targets(136,5): message :       _GenerateCompileInputs;
       C:\Program Files\dotnet\sdk\9.0.304\Sdks\Microsoft.NET.Sdk.WindowsDesktop\targets\Microsoft.WinFX.targets(136,5): message :       BeforeCompile;
       C:\Program Files\dotnet\sdk\9.0.304\Sdks\Microsoft.NET.Sdk.WindowsDesktop\targets\Microsoft.WinFX.targets(136,5): message :       _TimeStampBeforeCompile;
       C:\Program Files\dotnet\sdk\9.0.304\Sdks\Microsoft.NET.Sdk.WindowsDesktop\targets\Microsoft.WinFX.targets(136,5): message :       _GenerateCompileDependencyCache;
       C:\Program Files\dotnet\sdk\9.0.304\Sdks\Microsoft.NET.Sdk.WindowsDesktop\targets\Microsoft.WinFX.targets(136,5): message :       CoreCompile;
       C:\Program Files\dotnet\sdk\9.0.304\Sdks\Microsoft.NET.Sdk.WindowsDesktop\targets\Microsoft.WinFX.targets(136,5): message :       _TimeStampAfterCompile;
       C:\Program Files\dotnet\sdk\9.0.304\Sdks\Microsoft.NET.Sdk.WindowsDesktop\targets\Microsoft.WinFX.targets(136,5): message :       AfterCompile;
       C:\Program Files\dotnet\sdk\9.0.304\Sdks\Microsoft.NET.Sdk.WindowsDesktop\targets\Microsoft.WinFX.targets(136,5): message :     ;
       C:\Program Files\dotnet\sdk\9.0.304\Sdks\Microsoft.NET.Sdk.WindowsDesktop\targets\Microsoft.WinFX.targets(136,5): message :       _CreateAppHost;
       C:\Program Files\dotnet\sdk\9.0.304\Sdks\Microsoft.NET.Sdk.WindowsDesktop\targets\Microsoft.WinFX.targets(136,5): message :       _CreateComHost;
       C:\Program Files\dotnet\sdk\9.0.304\Sdks\Microsoft.NET.Sdk.WindowsDesktop\targets\Microsoft.WinFX.targets(136,5): message :       _GetIjwHostPaths;
       C:\Program Files\dotnet\sdk\9.0.304\Sdks\Microsoft.NET.Sdk.WindowsDesktop\targets\Microsoft.WinFX.targets(136,5): message :     ") em C:\Program Files\dotnet\sdk\9.0.304\Sdks\Microsoft.NET.Sdk.WindowsDesktop\targets\Microsoft.WinFX.targets (136,5)
       C:\Program Files\dotnet\sdk\9.0.304\Sdks\Microsoft.NET.Sdk.WindowsDesktop\targets\Microsoft.WinFX.targets(803,9): message : Reatribui├º├úo de propriedade: $(PublishBuildDependsOn)="
       C:\Program Files\dotnet\sdk\9.0.304\Sdks\Microsoft.NET.Sdk.WindowsDesktop\targets\Microsoft.WinFX.targets(803,9): message :             BuildOnlySettings;
       C:\Program Files\dotnet\sdk\9.0.304\Sdks\Microsoft.NET.Sdk.WindowsDesktop\targets\Microsoft.WinFX.targets(803,9): message :             PrepareForBuild;
       C:\Program Files\dotnet\sdk\9.0.304\Sdks\Microsoft.NET.Sdk.WindowsDesktop\targets\Microsoft.WinFX.targets(803,9): message :             ResolveReferences;
       C:\Program Files\dotnet\sdk\9.0.304\Sdks\Microsoft.NET.Sdk.WindowsDesktop\targets\Microsoft.WinFX.targets(803,9): message :             PrepareResources;
       C:\Program Files\dotnet\sdk\9.0.304\Sdks\Microsoft.NET.Sdk.WindowsDesktop\targets\Microsoft.WinFX.targets(803,9): message :             ResolveKeySource;
       C:\Program Files\dotnet\sdk\9.0.304\Sdks\Microsoft.NET.Sdk.WindowsDesktop\targets\Microsoft.WinFX.targets(803,9): message :             PrepareResourcesForSatelliteAssemblies;
       C:\Program Files\dotnet\sdk\9.0.304\Sdks\Microsoft.NET.Sdk.WindowsDesktop\targets\Microsoft.WinFX.targets(803,9): message :             GenerateSerializationAssemblies;
       C:\Program Files\dotnet\sdk\9.0.304\Sdks\Microsoft.NET.Sdk.WindowsDesktop\targets\Microsoft.WinFX.targets(803,9): message :             CreateSatelliteAssemblies;
       C:\Program Files\dotnet\sdk\9.0.304\Sdks\Microsoft.NET.Sdk.WindowsDesktop\targets\Microsoft.WinFX.targets(803,9): message :         " (valor anterior: "
       C:\Program Files\dotnet\sdk\9.0.304\Sdks\Microsoft.NET.Sdk.WindowsDesktop\targets\Microsoft.WinFX.targets(803,9): message :       BuildOnlySettings;
       C:\Program Files\dotnet\sdk\9.0.304\Sdks\Microsoft.NET.Sdk.WindowsDesktop\targets\Microsoft.WinFX.targets(803,9): message :       PrepareForBuild;
       C:\Program Files\dotnet\sdk\9.0.304\Sdks\Microsoft.NET.Sdk.WindowsDesktop\targets\Microsoft.WinFX.targets(803,9): message :       ResolveReferences;
       C:\Program Files\dotnet\sdk\9.0.304\Sdks\Microsoft.NET.Sdk.WindowsDesktop\targets\Microsoft.WinFX.targets(803,9): message :       PrepareResources;
       C:\Program Files\dotnet\sdk\9.0.304\Sdks\Microsoft.NET.Sdk.WindowsDesktop\targets\Microsoft.WinFX.targets(803,9): message :       ResolveKeySource;
       C:\Program Files\dotnet\sdk\9.0.304\Sdks\Microsoft.NET.Sdk.WindowsDesktop\targets\Microsoft.WinFX.targets(803,9): message :       GenerateSerializationAssemblies;
       C:\Program Files\dotnet\sdk\9.0.304\Sdks\Microsoft.NET.Sdk.WindowsDesktop\targets\Microsoft.WinFX.targets(803,9): message :       CreateSatelliteAssemblies;
       C:\Program Files\dotnet\sdk\9.0.304\Sdks\Microsoft.NET.Sdk.WindowsDesktop\targets\Microsoft.WinFX.targets(803,9): message :     ") em C:\Program Files\dotnet\sdk\9.0.304\Sdks\Microsoft.NET.Sdk.WindowsDesktop\targets\Microsoft.WinFX.targets (803,9)
       C:\Program Files\dotnet\sdk\9.0.304\Sdks\NuGet.Build.Tasks.Pack\build\NuGet.Build.Tasks.Pack.targets(34,5): message : Reatribui├º├úo de propriedade: $(PackageDescription)="Package Description" (valor anterior: "") em C:\Program Files\dotnet\sdk\9.0.304\Sdks\NuGet.Build.Tasks.Pack\build\NuGet.Build.Tasks.Pack.targets (34,5)
       C:\Program Files\dotnet\sdk\9.0.304\Sdks\NuGet.Build.Tasks.Pack\build\NuGet.Build.Tasks.Pack.targets(59,5): message : Reatribui├º├úo de propriedade: $(GenerateNuspecDependsOn)="Build;_LoadPackInputItems; _GetTargetFrameworksOutput; _WalkEachTargetPerFramework; _GetPackageFiles; " (valor anterior: "_LoadPackInputItems; _GetTargetFrameworksOutput; _WalkEachTargetPerFramework; _GetPackageFiles; ") em C:\Program Files\dotnet\sdk\9.0.304\Sdks\NuGet.Build.Tasks.Pack\build\NuGet.Build.Tasks.Pack.targets (59,5)
       C:\Program Files\dotnet\sdk\9.0.304\Sdks\Microsoft.NET.Sdk\Sdk\Sdk.targets(60,5): message : Reatribui├º├úo de propriedade: $(_IsNotSetContainersTargetsDir)="true" (valor anterior: "false") em C:\Program Files\dotnet\sdk\9.0.304\Sdks\Microsoft.NET.Sdk\Sdk\Sdk.targets (60,5)
       C:\Program Files\dotnet\sdk\9.0.304\Containers\build\Microsoft.NET.Build.Containers.targets(5,5): message : Reatribui├º├úo de propriedade: $(_IsSDKContainerAllowedVersion)="true" (valor anterior: "false") em C:\Program Files\dotnet\sdk\9.0.304\Containers\build\Microsoft.NET.Build.Containers.targets (5,5)
       C:\Program Files\dotnet\sdk\9.0.304\Containers\build\Microsoft.NET.Build.Containers.targets(15,5): message : Reatribui├º├úo de propriedade: $(_ContainerIsTargetingNet8TFM)="true" (valor anterior: "false") em C:\Program Files\dotnet\sdk\9.0.304\Containers\build\Microsoft.NET.Build.Containers.targets (15,5)
       Assembly carregado durante Evaluation: System.Net.Sockets, Version=9.0.0.0, Culture=neutral, PublicKeyToken=b03f5f7f11d50a3a (local: C:\Program Files\dotnet\shared\Microsoft.NETCore.App\9.0.8\System.Net.Sockets.dll, MVID: 61e24c92-881c-4511-af71-0400dda403a7, AssemblyLoadContext: Default)
       Assembly carregado durante Evaluation: System.Threading.Overlapped, Version=9.0.0.0, Culture=neutral, PublicKeyToken=b03f5f7f11d50a3a (local: C:\Program Files\dotnet\shared\Microsoft.NETCore.App\9.0.8\System.Threading.Overlapped.dll, MVID: 5c0d6938-d673-4597-8f50-bcdc6544dc47, AssemblyLoadContext: Default)
       Substituindo o destino "ResolveFrameworkReferences" no projeto "C:\Program Files\dotnet\sdk\9.0.304\Microsoft.Common.CurrentVersion.targets" pelo destino "ResolveFrameworkReferences" do projeto "C:\Program Files\dotnet\sdk\9.0.304\Sdks\Microsoft.NET.Sdk\targets\Microsoft.NET.Sdk.FrameworkReferenceResolution.targets".
       Substituindo o destino "Run" no projeto "C:\Program Files\dotnet\sdk\9.0.304\Microsoft.Common.CurrentVersion.targets" pelo destino "Run" do projeto "C:\Program Files\dotnet\sdk\9.0.304\Sdks\Microsoft.NET.Sdk\targets\Microsoft.NET.Sdk.targets".
       Substituindo o destino "GenerateSupportedTargetFrameworkAlias" no projeto "C:\Program Files\dotnet\sdk\9.0.304\Microsoft.Common.CurrentVersion.targets" pelo destino "GenerateSupportedTargetFrameworkAlias" do projeto "C:\Program Files\dotnet\sdk\9.0.304\Sdks\Microsoft.NET.Sdk\targets\Microsoft.NET.Sdk.targets".
       Substituindo o destino "GetReferenceAssemblyPaths" no projeto "C:\Program Files\dotnet\sdk\9.0.304\Microsoft.Common.CurrentVersion.targets" pelo destino "GetReferenceAssemblyPaths" do projeto "C:\Program Files\dotnet\sdk\9.0.304\Sdks\Microsoft.NET.Sdk\targets\Microsoft.NET.DisableStandardFrameworkResolution.targets".
       Substituindo o destino "GetFrameworkPaths" no projeto "C:\Program Files\dotnet\sdk\9.0.304\Microsoft.Common.CurrentVersion.targets" pelo destino "GetFrameworkPaths" do projeto "C:\Program Files\dotnet\sdk\9.0.304\Sdks\Microsoft.NET.Sdk\targets\Microsoft.NET.DisableStandardFrameworkResolution.targets".
       Substituindo o destino "DesignerRuntimeImplementationProjectOutputGroup" no projeto "C:\Program Files\dotnet\sdk\9.0.304\Microsoft.Common.CurrentVersion.targets" pelo destino "DesignerRuntimeImplementationProjectOutputGroup" do projeto "C:\Program Files\dotnet\sdk\9.0.304\Sdks\Microsoft.NET.Sdk\targets\Microsoft.NET.DesignerSupport.targets".
       Substituindo o destino "Publish" no projeto "C:\Program Files\dotnet\sdk\9.0.304\Microsoft.Common.CurrentVersion.targets" pelo destino "Publish" do projeto "C:\Program Files\dotnet\sdk\9.0.304\Sdks\Microsoft.NET.Sdk\targets\Microsoft.NET.Publish.targets".
       Substituindo o destino "ResolveReadyToRunCompilers" no projeto "C:\Program Files\dotnet\sdk\9.0.304\Sdks\Microsoft.NET.Sdk\targets\Microsoft.NET.CrossGen.targets" pelo destino "ResolveReadyToRunCompilers" do projeto "C:\Program Files\dotnet\sdk\9.0.304\Sdks\Microsoft.NET.Sdk\targets\Microsoft.NET.Publish.targets".
       Substituindo o destino "GetCopyToPublishDirectoryItems" no projeto "C:\Program Files\dotnet\sdk\9.0.304\Microsoft.Common.CurrentVersion.targets" pelo destino "GetCopyToPublishDirectoryItems" do projeto "C:\Program Files\dotnet\sdk\9.0.304\Sdks\Microsoft.NET.Sdk\targets\Microsoft.NET.Publish.targets".
       Substituindo o destino "SatelliteDllsProjectOutputGroup" no projeto "C:\Program Files\dotnet\sdk\9.0.304\Microsoft.Common.CurrentVersion.targets" pelo destino "SatelliteDllsProjectOutputGroup" do projeto "C:\Program Files\dotnet\sdk\9.0.304\Sdks\Microsoft.NET.Sdk.WindowsDesktop\targets\Microsoft.WinFX.targets".
     1>O projeto "D:\PROJETOS\LAUNCHER C#\launcher\L2Updater.sln" (1) est├í compilando "D:\PROJETOS\LAUNCHER C#\launcher\L2Updater.csproj" (2) no n├│ 1 (_IsProjectRestoreSupported destino(s)).
     2>Destino "_IsProjectRestoreSupported" no arquivo "C:\Program Files\dotnet\sdk\9.0.304\NuGet.targets" do projeto "D:\PROJETOS\LAUNCHER C#\launcher\L2Updater.csproj" (ponto de entrada):
     2>Destino de compila├º├úo pronto"_IsProjectRestoreSupported" no projeto "L2Updater.csproj".
     2>Projeto de compila├º├úo pronto "D:\PROJETOS\LAUNCHER C#\launcher\L2Updater.csproj" (_IsProjectRestoreSupported destino(s)).
     1>Tarefa em execu├º├úo pronta "MSBuild".
       A tarefa "MSBuild" foi ignorada devido a condi├º├úo falsa; ( '$(RestoreUseSkipNonexistentTargets)' != 'true' ) foi avaliado como ( 'true' != 'true' ).
       Usando a tarefa "WarnForInvalidProjectsTask" do assembly "C:\Program Files\dotnet\sdk\9.0.304\NuGet.Build.Tasks.dll".
       Tarefa "WarnForInvalidProjectsTask"
       Tarefa em execu├º├úo pronta "WarnForInvalidProjectsTask".
     1>Destino de compila├º├úo pronto"_FilterRestoreGraphProjectInputItems" no projeto "L2Updater.sln".
       Destino "_FilterRestoreGraphProjectInputItems" ignorado. Compilado anteriormente com ├¬xito.
     1>Destino "_GetAllRestoreProjectPathItems" no arquivo "C:\Program Files\dotnet\sdk\9.0.304\NuGet.targets" do projeto "D:\PROJETOS\LAUNCHER C#\launcher\L2Updater.sln" (o destino "_GenerateRestoreGraph" depende dele):
       Usando a tarefa "NuGetMessageTask" do assembly "C:\Program Files\dotnet\sdk\9.0.304\NuGet.Build.Tasks.dll".
       Tarefa "NuGetMessageTask"
         Assembly carregado durante TaskRun (NuGet.Build.Tasks.NuGetMessageTask): NuGet.Build.Tasks.resources, Version=6.14.0.116, Culture=pt-BR, PublicKeyToken=31bf3856ad364e35, processorArchitecture=MSIL (local: C:\Program Files\dotnet\sdk\9.0.304\pt-BR\NuGet.Build.Tasks.resources.dll, MVID: 5e2d86e4-ba6f-486f-8715-6408dc4be5cc, AssemblyLoadContext: MSBuild plugin C:\Program Files\dotnet\sdk\9.0.304\NuGet.Build.Tasks.dll)
         Determinando os projetos a serem restaurados...
       Tarefa em execu├º├úo pronta "NuGetMessageTask".
       Tarefa "MSBuild"
         Propriedades globais:
           ExcludeRestorePackageImports=true
           _RestoreSolutionFileUsed=true
           SolutionDir=D:\PROJETOS\LAUNCHER C#\launcher\
           SolutionName=L2Updater
           SolutionFileName=L2Updater.sln
           SolutionPath=D:\PROJETOS\LAUNCHER C#\launcher\L2Updater.sln
           SolutionExt=.sln
         Propriedades adicionais do projeto "D:\PROJETOS\LAUNCHER C#\launcher\L2Updater.csproj":
           Configuration=Debug
           Platform=AnyCPU
     1>O projeto "D:\PROJETOS\LAUNCHER C#\launcher\L2Updater.sln" (1) est├í compilando "D:\PROJETOS\LAUNCHER C#\launcher\L2Updater.csproj" (2:2) no n├│ 1 (_GenerateRestoreProjectPathWalk destino(s)).
   2:2>Destino "_GenerateRestoreProjectPathItemsAllFrameworks" ignorado devido ├á condi├º├úo falsa; ( '$(TargetFrameworks)' != '' ) foi avaliado como ( '' != '' ).
   2:2>Destino "_GenerateRestoreProjectPathItemsPerFramework" no arquivo "C:\Program Files\dotnet\sdk\9.0.304\NuGet.targets" do projeto "D:\PROJETOS\LAUNCHER C#\launcher\L2Updater.csproj" (o destino "_GenerateRestoreProjectPathItemsCurrentProject" depende dele):
       Usando a tarefa "ConvertToAbsolutePath" do assembly "Microsoft.Build.Tasks.Core, Version=15.1.0.0, Culture=neutral, PublicKeyToken=b03f5f7f11d50a3a".
       Tarefa "ConvertToAbsolutePath"
       Tarefa em execu├º├úo pronta "ConvertToAbsolutePath".
   2:2>Destino de compila├º├úo pronto"_GenerateRestoreProjectPathItemsPerFramework" no projeto "L2Updater.csproj".
   2:2>Destino "_GenerateRestoreProjectPathItemsCurrentProject" no arquivo "C:\Program Files\dotnet\sdk\9.0.304\NuGet.targets" do projeto "D:\PROJETOS\LAUNCHER C#\launcher\L2Updater.csproj" (o destino "_GenerateRestoreProjectPathItems" depende dele):
   2:2>Destino de compila├º├úo pronto"_GenerateRestoreProjectPathItemsCurrentProject" no projeto "L2Updater.csproj".
   2:2>Destino "_GenerateRestoreProjectPathItems" no arquivo "C:\Program Files\dotnet\sdk\9.0.304\NuGet.targets" do projeto "D:\PROJETOS\LAUNCHER C#\launcher\L2Updater.csproj" (o destino "_GenerateRestoreProjectPathWalk" depende dele):
       Usando a tarefa "RemoveDuplicates" do assembly "Microsoft.Build.Tasks.Core, Version=15.1.0.0, Culture=neutral, PublicKeyToken=b03f5f7f11d50a3a".
       Tarefa "RemoveDuplicates"
       Tarefa em execu├º├úo pronta "RemoveDuplicates".
   2:2>Destino de compila├º├úo pronto"_GenerateRestoreProjectPathItems" no projeto "L2Updater.csproj".
   2:2>Destino "_GenerateRestoreProjectPathWalk" no arquivo "C:\Program Files\dotnet\sdk\9.0.304\NuGet.targets" do projeto "D:\PROJETOS\LAUNCHER C#\launcher\L2Updater.csproj" (ponto de entrada):
       Usando a tarefa "MSBuild" do assembly "Microsoft.Build.Tasks.Core, Version=15.1.0.0, Culture=neutral, PublicKeyToken=b03f5f7f11d50a3a".
       Tarefa "MSBuild"
       Tarefa em execu├º├úo pronta "MSBuild".
       A tarefa "MSBuild" foi ignorada devido a condi├º├úo falsa; ( '$(RestoreUseSkipNonexistentTargets)' != 'true' ) foi avaliado como ( 'true' != 'true' ).
       Tarefa "RemoveDuplicates"
       Tarefa em execu├º├úo pronta "RemoveDuplicates".
   2:2>Destino de compila├º├úo pronto"_GenerateRestoreProjectPathWalk" no projeto "L2Updater.csproj".
   2:2>Projeto de compila├º├úo pronto "D:\PROJETOS\LAUNCHER C#\launcher\L2Updater.csproj" (_GenerateRestoreProjectPathWalk destino(s)).
     1>Tarefa em execu├º├úo pronta "MSBuild".
       A tarefa "MSBuild" foi ignorada devido a condi├º├úo falsa; ( '$(RestoreUseSkipNonexistentTargets)' != 'true' ) foi avaliado como ( 'true' != 'true' ).
       Tarefa "RemoveDuplicates"
       Tarefa em execu├º├úo pronta "RemoveDuplicates".
       Tarefa "MSBuild"
         Propriedades globais:
           ExcludeRestorePackageImports=true
           _RestoreSolutionFileUsed=true
           SolutionDir=D:\PROJETOS\LAUNCHER C#\launcher\
           SolutionName=L2Updater
           SolutionFileName=L2Updater.sln
           SolutionPath=D:\PROJETOS\LAUNCHER C#\launcher\L2Updater.sln
           SolutionExt=.sln
         Propriedades adicionais do projeto "D:\PROJETOS\LAUNCHER C#\launcher\L2Updater.csproj":
           Configuration=Debug
           Platform=AnyCPU
     1>O projeto "D:\PROJETOS\LAUNCHER C#\launcher\L2Updater.sln" (1) est├í compilando "D:\PROJETOS\LAUNCHER C#\launcher\L2Updater.csproj" (2:3) no n├│ 1 (_IsProjectRestoreSupported destino(s)).
   2:3>Destino "_IsProjectRestoreSupported" ignorado. Compilado anteriormente com ├¬xito.
   2:3>Projeto de compila├º├úo pronto "D:\PROJETOS\LAUNCHER C#\launcher\L2Updater.csproj" (_IsProjectRestoreSupported destino(s)).
     1>Tarefa em execu├º├úo pronta "MSBuild".
       A tarefa "MSBuild" foi ignorada devido a condi├º├úo falsa; ( '$(RestoreUseSkipNonexistentTargets)' != 'true' ) foi avaliado como ( 'true' != 'true' ).
     1>Destino de compila├º├úo pronto"_GetAllRestoreProjectPathItems" no projeto "L2Updater.sln".
     1>Destino "_GenerateRestoreGraph" no arquivo "C:\Program Files\dotnet\sdk\9.0.304\NuGet.targets" do projeto "D:\PROJETOS\LAUNCHER C#\launcher\L2Updater.sln" (o destino "Restore" depende dele):
       Tarefa "Message"
         Generating dg file
       Tarefa em execu├º├úo pronta "Message".
       Tarefa "Message"
         D:\PROJETOS\LAUNCHER C#\launcher\L2Updater.csproj
       Tarefa em execu├º├úo pronta "Message".
       Tarefa "MSBuild"
         Propriedades globais:
           ExcludeRestorePackageImports=true
           _RestoreSolutionFileUsed=true
           SolutionDir=D:\PROJETOS\LAUNCHER C#\launcher\
           SolutionName=L2Updater
           SolutionFileName=L2Updater.sln
           SolutionPath=D:\PROJETOS\LAUNCHER C#\launcher\L2Updater.sln
           SolutionExt=.sln
         Propriedades adicionais do projeto "D:\PROJETOS\LAUNCHER C#\launcher\L2Updater.csproj":
           Configuration=Debug
           Platform=AnyCPU
     1>O projeto "D:\PROJETOS\LAUNCHER C#\launcher\L2Updater.sln" (1) est├í compilando "D:\PROJETOS\LAUNCHER C#\launcher\L2Updater.csproj" (2:4) no n├│ 1 (_GenerateRestoreGraphProjectEntry destino(s)).
   2:4>Destino "_GetProjectJsonPath" no arquivo "C:\Program Files\dotnet\sdk\9.0.304\NuGet.targets" do projeto "D:\PROJETOS\LAUNCHER C#\launcher\L2Updater.csproj" (o destino "_GetRestoreProjectStyle" depende dele):
   2:4>A tarefa "GetRestoreProjectJsonPathTask" foi ignorada devido a condi├º├úo falsa; ( '$(RestoreProjectStyle)' == 'ProjectJson' OR '$(RestoreProjectStyle)' == '' ) foi avaliado como ( 'PackageReference' == 'ProjectJson' OR 'PackageReference' == '' ).
   2:4>Destino de compila├º├úo pronto"_GetProjectJsonPath" no projeto "L2Updater.csproj".
       Destino "_CheckForMissingWorkload" ignorado devido ├á condi├º├úo falsa; ('@(MissingWorkloadPack)' != '' And '$(DesignTimeBuild)' != 'true') foi avaliado como ('' != '' And '' != 'true').
   2:4>Destino "_CheckForUnsupportedTargetPlatformIdentifier" no arquivo "C:\Program Files\dotnet\sdk\9.0.304\Sdks\Microsoft.NET.Sdk\targets\Microsoft.NET.TargetFrameworkInference.targets" do projeto "D:\PROJETOS\LAUNCHER C#\launcher\L2Updater.csproj" (o destino "CollectPackageReferences" depende dele):
       A tarefa "NETSdkError" foi ignorada devido a condi├º├úo falsa; ('$(TargetPlatformSupported)' != 'true' and '$(UseWorkloadsSpecificError)' != 'true') foi avaliado como ('true' != 'true' and '' != 'true').
       A tarefa "NETSdkError" foi ignorada devido a condi├º├úo falsa; ('$(TargetPlatformSupported)' != 'true' and '$(UseWorkloadsSpecificError)' == 'true') foi avaliado como ('true' != 'true' and '' == 'true').
   2:4>Destino de compila├º├úo pronto"_CheckForUnsupportedTargetPlatformIdentifier" no projeto "L2Updater.csproj".
   2:4>Destino "_CheckForUnsupportedNETCoreVersion" no arquivo "C:\Program Files\dotnet\sdk\9.0.304\Sdks\Microsoft.NET.Sdk\targets\Microsoft.NET.TargetFrameworkInference.targets" do projeto "D:\PROJETOS\LAUNCHER C#\launcher\L2Updater.csproj" (o destino "CollectPackageReferences" depende dele):
       A tarefa "NETSdkError" foi ignorada devido a condi├º├úo falsa; ('$(_TargetFrameworkVersionWithoutV)' > '$(NETCoreAppMaximumVersion)' and '$(DisplayVSMessage)' != 'true') foi avaliado como ('9.0' > '9.0' and '' != 'true').
       A tarefa "NETSdkError" foi ignorada devido a condi├º├úo falsa; ('$(DisplayVSMessage)' == 'true') foi avaliado como ('' == 'true').
   2:4>Destino de compila├º├úo pronto"_CheckForUnsupportedNETCoreVersion" no projeto "L2Updater.csproj".
       Destino "_CheckForEolTargetFrameworks" ignorado devido ├á condi├º├úo falsa; ('@(_EolNetCoreTargetFrameworkVersions->AnyHaveMetadataValue('Identity', '$(_TargetFrameworkVersionWithoutV)'))' and '$(TargetFrameworkIdentifier)' == '.NETCoreApp' and '$(CheckEolTargetFramework)' == 'true') foi avaliado como ('false' and '.NETCoreApp' == '.NETCoreApp' and 'true' == 'true').
       Destino "_CheckForEolWorkloads" ignorado devido ├á condi├º├úo falsa; ('@(EolWorkload)' != '' and '$(CheckEolWorkloads)' == 'true') foi avaliado como ('' != '' and 'true' == 'true').
       Destino "_CheckForNotRecommendedNETStandardVersion" ignorado devido ├á condi├º├úo falsa; ('$(TargetFrameworkIdentifier)' == '.NETStandard' and $([MSBuild]::VersionLessThan($(TargetFrameworkVersion), '2.0'))) foi avaliado como ('.NETCoreApp' == '.NETStandard' and False).
   2:4>Destino "_CheckForUnsupportedCppNETCoreVersion" no arquivo "C:\Program Files\dotnet\sdk\9.0.304\Sdks\Microsoft.NET.Sdk\targets\Microsoft.NET.TargetFrameworkInference.targets" do projeto "D:\PROJETOS\LAUNCHER C#\launcher\L2Updater.csproj" (o destino "CollectPackageReferences" depende dele):
       A tarefa "NETSdkError" foi ignorada devido a condi├º├úo falsa; ('$(TargetFrameworkIdentifier)' == '.NETCoreApp' and '$(_TargetFrameworkVersionWithoutV)' < '3.1' and ('$(Language)' == 'C++' and '$(_EnablePackageReferencesInVCProjects)' != 'true')) foi avaliado como ('.NETCoreApp' == '.NETCoreApp' and '9.0' < '3.1' and ('C#' == 'C++' and '' != 'true')).
   2:4>Destino de compila├º├úo pronto"_CheckForUnsupportedCppNETCoreVersion" no projeto "L2Updater.csproj".
       Destino "_CheckForUnsupportedNETStandardVersion" ignorado devido ├á condi├º├úo falsa; ('$(TargetFrameworkIdentifier)' == '.NETStandard' And '$(NETStandardMaximumVersion)' != '') foi avaliado como ('.NETCoreApp' == '.NETStandard' And '' != '').
       Destino "_CheckForUnsupportedTargetFrameworkAndFeatureCombination" ignorado devido ├á condi├º├úo falsa; ('$(TargetFrameworkIdentifier)' == '.NETFramework') foi avaliado como ('.NETCoreApp' == '.NETFramework').
   2:4>Destino "UpdateAspNetToFrameworkReference" no arquivo "C:\Program Files\dotnet\sdk\9.0.304\Sdks\Microsoft.NET.Sdk\targets\Microsoft.NET.Sdk.DefaultItems.Shared.targets" do projeto "D:\PROJETOS\LAUNCHER C#\launcher\L2Updater.csproj" (o destino "ApplyImplicitVersions" depende dele):
       Usando a tarefa "CheckIfPackageReferenceShouldBeFrameworkReference" do assembly "C:\Program Files\dotnet\sdk\9.0.304\Sdks\Microsoft.NET.Sdk\targets\..\tools\net9.0\Microsoft.NET.Build.Tasks.dll".
       Tarefa "CheckIfPackageReferenceShouldBeFrameworkReference"
       Tarefa em execu├º├úo pronta "CheckIfPackageReferenceShouldBeFrameworkReference".
       A tarefa "NETSdkError" foi ignorada devido a condi├º├úo falsa; ('$(_ShouldRemoveAspNetCoreAll)' == 'true') foi avaliado como ('False' == 'true').
       Tarefa "CheckIfPackageReferenceShouldBeFrameworkReference"
       Tarefa em execu├º├úo pronta "CheckIfPackageReferenceShouldBeFrameworkReference".
       A tarefa "NETSdkWarning" foi ignorada devido a condi├º├úo falsa; ('$(_ShouldRemoveAspNetCoreApp)' == 'true') foi avaliado como ('False' == 'true').
   2:4>Destino de compila├º├úo pronto"UpdateAspNetToFrameworkReference" no projeto "L2Updater.csproj".
       Destino "IncludeTargetingPackReference" ignorado devido ├á condi├º├úo falsa; ('$(TargetFrameworkMoniker)' != '' and '$(TargetFrameworkIdentifier)' == '.NETFramework' and '$(AutomaticallyUseReferenceAssemblyPackages)' == 'true') foi avaliado como ('.NETCoreApp,Version=v9.0' != '' and '.NETCoreApp' == '.NETFramework' and 'true' == 'true').
   2:4>Destino "CheckForImplicitPackageReferenceOverrides" no arquivo "C:\Program Files\dotnet\sdk\9.0.304\Sdks\Microsoft.NET.Sdk\targets\Microsoft.NET.Sdk.DefaultItems.Shared.targets" do projeto "D:\PROJETOS\LAUNCHER C#\launcher\L2Updater.csproj" (o destino "ApplyImplicitVersions" depende dele):
       Usando a tarefa "CheckForImplicitPackageReferenceOverrides" do assembly "C:\Program Files\dotnet\sdk\9.0.304\Sdks\Microsoft.NET.Sdk\targets\..\tools\net9.0\Microsoft.NET.Build.Tasks.dll".
       Tarefa "CheckForImplicitPackageReferenceOverrides"
       Tarefa em execu├º├úo pronta "CheckForImplicitPackageReferenceOverrides".
   2:4>Destino de compila├º├úo pronto"CheckForImplicitPackageReferenceOverrides" no projeto "L2Updater.csproj".
   2:4>Destino "ApplyImplicitVersions" no arquivo "C:\Program Files\dotnet\sdk\9.0.304\Sdks\Microsoft.NET.Sdk\targets\Microsoft.NET.Sdk.DefaultItems.Shared.targets" do projeto "D:\PROJETOS\LAUNCHER C#\launcher\L2Updater.csproj" (o destino "CollectPackageReferences" depende dele):
       Usando a tarefa "ApplyImplicitVersions" do assembly "C:\Program Files\dotnet\sdk\9.0.304\Sdks\Microsoft.NET.Sdk\targets\..\tools\net9.0\Microsoft.NET.Build.Tasks.dll".
       Tarefa "ApplyImplicitVersions"
       Tarefa em execu├º├úo pronta "ApplyImplicitVersions".
   2:4>Destino de compila├º├úo pronto"ApplyImplicitVersions" no projeto "L2Updater.csproj".
       Destino "CheckForImplicitPackageReferenceOverrides" ignorado. Compilado anteriormente com ├¬xito.
   2:4>Destino "AddWindowsSdkKnownFrameworkReferences" no arquivo "C:\Program Files\dotnet\sdk\9.0.304\Sdks\Microsoft.NET.Sdk\targets\Microsoft.NET.Sdk.FrameworkReferenceResolution.targets" do projeto "D:\PROJETOS\LAUNCHER C#\launcher\L2Updater.csproj" (o destino "ProcessFrameworkReferences" depende dele):
       Usando a tarefa "CreateWindowsSdkKnownFrameworkReferences" do assembly "C:\Program Files\dotnet\sdk\9.0.304\Sdks\Microsoft.NET.Sdk\targets\..\tools\net9.0\Microsoft.NET.Build.Tasks.dll".
       Tarefa "CreateWindowsSdkKnownFrameworkReferences"
       Tarefa em execu├º├úo pronta "CreateWindowsSdkKnownFrameworkReferences".
   2:4>Destino de compila├º├úo pronto"AddWindowsSdkKnownFrameworkReferences" no projeto "L2Updater.csproj".
   2:4>Destino "_NormalizeTargetPlatformVersion" no arquivo "C:\Program Files\dotnet\sdk\9.0.304\Sdks\Microsoft.NET.Sdk\targets\Microsoft.NET.TargetFrameworkInference.targets" do projeto "D:\PROJETOS\LAUNCHER C#\launcher\L2Updater.csproj" (o destino "ProcessFrameworkReferences" depende dele):
   2:4>Destino de compila├º├úo pronto"_NormalizeTargetPlatformVersion" no projeto "L2Updater.csproj".
   2:4>Destino "_CheckForLanguageAndFeatureCombinationSupport" no arquivo "C:\Program Files\dotnet\sdk\9.0.304\Sdks\Microsoft.NET.Sdk\targets\Microsoft.NET.RuntimeIdentifierInference.targets" do projeto "D:\PROJETOS\LAUNCHER C#\launcher\L2Updater.csproj" (o destino "ProcessFrameworkReferences" depende dele):
       A tarefa "NETSdkError" foi ignorada devido a condi├º├úo falsa; (('$(Language)' == 'C++' and '$(_EnablePackageReferencesInVCProjects)' != 'true') and $(OutputType) != 'library' and '$(TargetFrameworkIdentifier)' == '.NETCoreApp') foi avaliado como (('C#' == 'C++' and '' != 'true') and WinExe != 'library' and '.NETCoreApp' == '.NETCoreApp').
       A tarefa "NETSdkError" foi ignorada devido a condi├º├úo falsa; (('$(Language)' == 'C++' and '$(_EnablePackageReferencesInVCProjects)' != 'true') and $(EnableComHosting) == 'true') foi avaliado como (('C#' == 'C++' and '' != 'true') and  == 'true').
       A tarefa "NETSdkError" foi ignorada devido a condi├º├úo falsa; (('$(Language)' == 'C++' and '$(_EnablePackageReferencesInVCProjects)' != 'true') and $(SelfContained) == 'true') foi avaliado como (('C#' == 'C++' and '' != 'true') and false == 'true').
   2:4>Destino de compila├º├úo pronto"_CheckForLanguageAndFeatureCombinationSupport" no projeto "L2Updater.csproj".
   2:4>Destino "_ComputeToolPackInputsToProcessFrameworkReferences" no arquivo "C:\Program Files\dotnet\sdk\9.0.304\Sdks\Microsoft.NET.Sdk\targets\Microsoft.NET.Publish.targets" do projeto "D:\PROJETOS\LAUNCHER C#\launcher\L2Updater.csproj" (o destino "ProcessFrameworkReferences" depende dele):
   2:4>Destino de compila├º├úo pronto"_ComputeToolPackInputsToProcessFrameworkReferences" no projeto "L2Updater.csproj".
   2:4>Destino "ProcessFrameworkReferences" no arquivo "C:\Program Files\dotnet\sdk\9.0.304\Sdks\Microsoft.NET.Sdk\targets\Microsoft.NET.Sdk.FrameworkReferenceResolution.targets" do projeto "D:\PROJETOS\LAUNCHER C#\launcher\L2Updater.csproj" (o destino "CollectPackageReferences" depende dele):
       Usando a tarefa "CheckForDuplicateFrameworkReferences" do assembly "C:\Program Files\dotnet\sdk\9.0.304\Sdks\Microsoft.NET.Sdk\targets\..\tools\net9.0\Microsoft.NET.Build.Tasks.dll".
       Tarefa "CheckForDuplicateFrameworkReferences"
       Tarefa em execu├º├úo pronta "CheckForDuplicateFrameworkReferences".
       Usando a tarefa "ProcessFrameworkReferences" do assembly "C:\Program Files\dotnet\sdk\9.0.304\Sdks\Microsoft.NET.Sdk\targets\..\tools\net9.0\Microsoft.NET.Build.Tasks.dll".
       Tarefa "ProcessFrameworkReferences"
       Tarefa em execu├º├úo pronta "ProcessFrameworkReferences".
       Usando a tarefa "ResolveAppHosts" do assembly "C:\Program Files\dotnet\sdk\9.0.304\Sdks\Microsoft.NET.Sdk\targets\..\tools\net9.0\Microsoft.NET.Build.Tasks.dll".
       Tarefa "ResolveAppHosts"
       Tarefa em execu├º├úo pronta "ResolveAppHosts".
   2:4>Destino de compila├º├úo pronto"ProcessFrameworkReferences" no projeto "L2Updater.csproj".
       Destino "IncludeTargetingPackReference" ignorado devido ├á condi├º├úo falsa; ('$(TargetFrameworkMoniker)' != '' and '$(TargetFrameworkIdentifier)' == '.NETFramework' and '$(AutomaticallyUseReferenceAssemblyPackages)' == 'true') foi avaliado como ('.NETCoreApp,Version=v9.0' != '' and '.NETCoreApp' == '.NETFramework' and 'true' == 'true').
       Destino "_CheckMicrosoftNetCompilersToolsetFrameworkPackageReference" ignorado devido ├á condi├º├úo falsa; ('$(MSBuildRuntimeType)' == 'Full') foi avaliado como ('Core' == 'Full').
   2:4>Destino "_CheckForObsoleteDotNetCliToolReferences" no arquivo "C:\Program Files\dotnet\sdk\9.0.304\Sdks\Microsoft.NET.Sdk\targets\Microsoft.NET.ObsoleteReferences.targets" do projeto "D:\PROJETOS\LAUNCHER C#\launcher\L2Updater.csproj" (o destino "CollectPackageReferences" depende dele):
       A tarefa "NETSdkWarning" foi ignorada devido a condi├º├úo falsa; ( '%(_ReferenceToObsoleteDotNetCliTool.Identity)' != '' ) foi avaliado como ( '' != '' ).
   2:4>Destino de compila├º├úo pronto"_CheckForObsoleteDotNetCliToolReferences" no projeto "L2Updater.csproj".
   2:4>Destino "CollectPackageReferences" no arquivo "C:\Program Files\dotnet\sdk\9.0.304\NuGet.targets" do projeto "D:\PROJETOS\LAUNCHER C#\launcher\L2Updater.csproj" (o destino "_GetRestoreProjectStyle" depende dele):
       Usando a tarefa "CheckForDuplicateNuGetItemsTask" do assembly "C:\Program Files\dotnet\sdk\9.0.304\NuGet.Build.Tasks.dll".
       Tarefa "CheckForDuplicateNuGetItemsTask"
       Tarefa em execu├º├úo pronta "CheckForDuplicateNuGetItemsTask".
   2:4>Destino de compila├º├úo pronto"CollectPackageReferences" no projeto "L2Updater.csproj".
   2:4>Destino "_GetRestoreProjectStyle" no arquivo "C:\Program Files\dotnet\sdk\9.0.304\NuGet.targets" do projeto "D:\PROJETOS\LAUNCHER C#\launcher\L2Updater.csproj" (o destino "_GenerateRestoreSpecs" depende dele):
       Usando a tarefa "GetRestoreProjectStyleTask" do assembly "C:\Program Files\dotnet\sdk\9.0.304\NuGet.Build.Tasks.dll".
       Tarefa "GetRestoreProjectStyleTask"
       Tarefa em execu├º├úo pronta "GetRestoreProjectStyleTask".
   2:4>Destino de compila├º├úo pronto"_GetRestoreProjectStyle" no projeto "L2Updater.csproj".
   2:4>Destino "_GenerateRestoreSpecs" no arquivo "C:\Program Files\dotnet\sdk\9.0.304\NuGet.targets" do projeto "D:\PROJETOS\LAUNCHER C#\launcher\L2Updater.csproj" (o destino "_GenerateRestoreGraphProjectEntry" depende dele):
       Usando a tarefa "Message" do assembly "Microsoft.Build.Tasks.Core, Version=15.1.0.0, Culture=neutral, PublicKeyToken=b03f5f7f11d50a3a".
       Tarefa "Message"
         Restore entry point D:\PROJETOS\LAUNCHER C#\launcher\L2Updater.csproj
       Tarefa em execu├º├úo pronta "Message".
   2:4>Destino de compila├º├úo pronto"_GenerateRestoreSpecs" no projeto "L2Updater.csproj".
   2:4>Destino "_GetRestoreSettingsOverrides" no arquivo "C:\Program Files\dotnet\sdk\9.0.304\NuGet.targets" do projeto "D:\PROJETOS\LAUNCHER C#\launcher\L2Updater.csproj" (o destino "_GetRestoreSettings" depende dele):
       A tarefa "MSBuild" foi ignorada devido a condi├º├úo falsa; ( '$(RestorePackagesPath)' != '' ) foi avaliado como ( '' != '' ).
       A tarefa "MSBuild" foi ignorada devido a condi├º├úo falsa; ( '$(RestoreRepositoryPathOverride)' != '' ) foi avaliado como ( '' != '' ).
       A tarefa "MSBuild" foi ignorada devido a condi├º├úo falsa; ( '$(RestoreSources)' != '' ) foi avaliado como ( '' != '' ).
       A tarefa "MSBuild" foi ignorada devido a condi├º├úo falsa; ( '$(RestoreFallbackFolders)' != '' ) foi avaliado como ( '' != '' ).
   2:4>Destino de compila├º├úo pronto"_GetRestoreSettingsOverrides" no projeto "L2Updater.csproj".
   2:4>Destino "_GetRestoreSettingsPerFramework" no arquivo "C:\Program Files\dotnet\sdk\9.0.304\NuGet.targets" do projeto "D:\PROJETOS\LAUNCHER C#\launcher\L2Updater.csproj" (o destino "_GetRestoreSettingsCurrentProject" depende dele):
   2:4>Destino de compila├º├úo pronto"_GetRestoreSettingsPerFramework" no projeto "L2Updater.csproj".
   2:4>Destino "_GetRestoreSettingsCurrentProject" no arquivo "C:\Program Files\dotnet\sdk\9.0.304\NuGet.targets" do projeto "D:\PROJETOS\LAUNCHER C#\launcher\L2Updater.csproj" (o destino "_GetRestoreSettings" depende dele):
   2:4>Destino de compila├º├úo pronto"_GetRestoreSettingsCurrentProject" no projeto "L2Updater.csproj".
       Destino "_GetRestoreSettingsAllFrameworks" ignorado devido ├á condi├º├úo falsa; ( '$(TargetFrameworks)' != '' AND '$(PackageReferenceCompatibleProjectStyle)' == 'true' ) foi avaliado como ( '' != '' AND 'True' == 'true' ).
   2:4>Destino "_GetRestoreSettings" no arquivo "C:\Program Files\dotnet\sdk\9.0.304\NuGet.targets" do projeto "D:\PROJETOS\LAUNCHER C#\launcher\L2Updater.csproj" (o destino "_GenerateDotnetCliToolReferenceSpecs" depende dele):
       Usando a tarefa "GetRestoreSettingsTask" do assembly "C:\Program Files\dotnet\sdk\9.0.304\NuGet.Build.Tasks.dll".
       Tarefa "GetRestoreSettingsTask"
         Assembly carregado durante TaskRun (NuGet.Build.Tasks.GetRestoreSettingsTask): NuGet.Configuration, Version=6.14.0.116, Culture=neutral, PublicKeyToken=31bf3856ad364e35 (local: C:\Program Files\dotnet\sdk\9.0.304\NuGet.Configuration.dll, MVID: b0f2e3cc-b478-45a0-a863-e83c6e00406f, AssemblyLoadContext: MSBuild plugin C:\Program Files\dotnet\sdk\9.0.304\NuGet.Build.Tasks.dll)
       Tarefa em execu├º├úo pronta "GetRestoreSettingsTask".
   2:4>Destino de compila├º├úo pronto"_GetRestoreSettings" no projeto "L2Updater.csproj".
   2:4>Destino "_GenerateDotnetCliToolReferenceSpecs" no arquivo "C:\Program Files\dotnet\sdk\9.0.304\NuGet.targets" do projeto "D:\PROJETOS\LAUNCHER C#\launcher\L2Updater.csproj" (o destino "_GenerateRestoreGraphProjectEntry" depende dele):
       Usando a tarefa "GetRestoreDotnetCliToolsTask" do assembly "C:\Program Files\dotnet\sdk\9.0.304\NuGet.Build.Tasks.dll".
       Tarefa "GetRestoreDotnetCliToolsTask"
       Tarefa em execu├º├úo pronta "GetRestoreDotnetCliToolsTask".
   2:4>Destino de compila├º├úo pronto"_GenerateDotnetCliToolReferenceSpecs" no projeto "L2Updater.csproj".
   2:4>Destino "_GenerateRestoreGraphProjectEntry" no arquivo "C:\Program Files\dotnet\sdk\9.0.304\NuGet.targets" do projeto "D:\PROJETOS\LAUNCHER C#\launcher\L2Updater.csproj" (ponto de entrada):
   2:4>Destino de compila├º├úo pronto"_GenerateRestoreGraphProjectEntry" no projeto "L2Updater.csproj".
   2:4>Projeto de compila├º├úo pronto "D:\PROJETOS\LAUNCHER C#\launcher\L2Updater.csproj" (_GenerateRestoreGraphProjectEntry destino(s)).
     1>Tarefa em execu├º├úo pronta "MSBuild".
       Tarefa "MSBuild"
         Propriedades globais:
           ExcludeRestorePackageImports=true
           _RestoreSolutionFileUsed=true
           SolutionDir=D:\PROJETOS\LAUNCHER C#\launcher\
           SolutionName=L2Updater
           SolutionFileName=L2Updater.sln
           SolutionPath=D:\PROJETOS\LAUNCHER C#\launcher\L2Updater.sln
           SolutionExt=.sln
         Propriedades adicionais do projeto "D:\PROJETOS\LAUNCHER C#\launcher\L2Updater.csproj":
           Configuration=Debug
           Platform=AnyCPU
     1>O projeto "D:\PROJETOS\LAUNCHER C#\launcher\L2Updater.sln" (1) est├í compilando "D:\PROJETOS\LAUNCHER C#\launcher\L2Updater.csproj" (2:5) no n├│ 1 (_GenerateProjectRestoreGraph destino(s)).
   2:5>Destino "_GetRestoreProjectStyle" ignorado. Compilado anteriormente com ├¬xito.
       Destino "_GetRestoreProjectStyle" ignorado. Compilado anteriormente com ├¬xito.
       Destino "_GetRestoreProjectStyle" ignorado. Compilado anteriormente com ├¬xito.
   2:5>Destino "_GetRestoreTargetFrameworkOverride" no arquivo "C:\Program Files\dotnet\sdk\9.0.304\NuGet.targets" do projeto "D:\PROJETOS\LAUNCHER C#\launcher\L2Updater.csproj" (o destino "_GetRestoreTargetFrameworksOutput" depende dele):
       A tarefa "GetGlobalPropertyValueTask" foi ignorada devido a condi├º├úo falsa; ( '$(TargetFrameworks)' != '' ) foi avaliado como ( '' != '' ).
   2:5>Destino de compila├º├úo pronto"_GetRestoreTargetFrameworkOverride" no projeto "L2Updater.csproj".
   2:5>Destino "_GetRestoreTargetFrameworksOutput" no arquivo "C:\Program Files\dotnet\sdk\9.0.304\NuGet.targets" do projeto "D:\PROJETOS\LAUNCHER C#\launcher\L2Updater.csproj" (o destino "_GenerateRestoreProjectSpec" depende dele):
       Usando a tarefa "GetProjectTargetFrameworksTask" do assembly "C:\Program Files\dotnet\sdk\9.0.304\NuGet.Build.Tasks.dll".
       Tarefa "GetProjectTargetFrameworksTask"
       Tarefa em execu├º├úo pronta "GetProjectTargetFrameworksTask".
   2:5>Destino de compila├º├úo pronto"_GetRestoreTargetFrameworksOutput" no projeto "L2Updater.csproj".
       Destino "_GetRestoreSettings" ignorado. Compilado anteriormente com ├¬xito.
   2:5>Destino "_GenerateRestoreProjectSpec" no arquivo "C:\Program Files\dotnet\sdk\9.0.304\NuGet.targets" do projeto "D:\PROJETOS\LAUNCHER C#\launcher\L2Updater.csproj" (o destino "_GenerateProjectRestoreGraph" depende dele):
       Tarefa "ConvertToAbsolutePath"
       Tarefa em execu├º├úo pronta "ConvertToAbsolutePath".
   2:5>Destino de compila├º├úo pronto"_GenerateRestoreProjectSpec" no projeto "L2Updater.csproj".
       Destino "_GenerateProjectRestoreGraphAllFrameworks" ignorado devido ├á condi├º├úo falsa; ( '$(TargetFrameworks)' != '' ) foi avaliado como ( '' != '' ).
       Destino "_GetRestoreProjectStyle" ignorado. Compilado anteriormente com ├¬xito.
       Destino "CollectPackageReferences" ignorado. Compilado anteriormente com ├¬xito.
   2:5>Destino "CollectPackageDownloads" no arquivo "C:\Program Files\dotnet\sdk\9.0.304\NuGet.targets" do projeto "D:\PROJETOS\LAUNCHER C#\launcher\L2Updater.csproj" (o destino "_CollectRestoreInputs" depende dele):
       Tarefa "CheckForDuplicateNuGetItemsTask"
       Tarefa em execu├º├úo pronta "CheckForDuplicateNuGetItemsTask".
   2:5>Destino de compila├º├úo pronto"CollectPackageDownloads" no projeto "L2Updater.csproj".
   2:5>Destino "CollectFrameworkReferences" no arquivo "C:\Program Files\dotnet\sdk\9.0.304\NuGet.targets" do projeto "D:\PROJETOS\LAUNCHER C#\launcher\L2Updater.csproj" (o destino "_CollectRestoreInputs" depende dele):
   2:5>Destino de compila├º├úo pronto"CollectFrameworkReferences" no projeto "L2Updater.csproj".
   2:5>Destino "CollectCentralPackageVersions" no arquivo "C:\Program Files\dotnet\sdk\9.0.304\NuGet.targets" do projeto "D:\PROJETOS\LAUNCHER C#\launcher\L2Updater.csproj" (o destino "_CollectRestoreInputs" depende dele):
       Tarefa "CheckForDuplicateNuGetItemsTask"
       Tarefa em execu├º├úo pronta "CheckForDuplicateNuGetItemsTask".
   2:5>Destino de compila├º├úo pronto"CollectCentralPackageVersions" no projeto "L2Updater.csproj".
   2:5>Destino "CollectNuGetAuditSuppressions" no arquivo "C:\Program Files\dotnet\sdk\9.0.304\NuGet.targets" do projeto "D:\PROJETOS\LAUNCHER C#\launcher\L2Updater.csproj" (o destino "_CollectRestoreInputs" depende dele):
       Tarefa "CheckForDuplicateNuGetItemsTask"
       Tarefa em execu├º├úo pronta "CheckForDuplicateNuGetItemsTask".
   2:5>Destino de compila├º├úo pronto"CollectNuGetAuditSuppressions" no projeto "L2Updater.csproj".
       Destino "AddPrunePackageReferences" ignorado devido ├á condi├º├úo falsa; ('$(RestoreEnablePackagePruning)' == 'true') foi avaliado como ('false' == 'true').
   2:5>Destino "CollectPrunePackageReferences" no arquivo "C:\Program Files\dotnet\sdk\9.0.304\NuGet.targets" do projeto "D:\PROJETOS\LAUNCHER C#\launcher\L2Updater.csproj" (o destino "_CollectRestoreInputs" depende dele):
       Tarefa "CheckForDuplicateNuGetItemsTask"
       Tarefa em execu├º├úo pronta "CheckForDuplicateNuGetItemsTask".
   2:5>Destino de compila├º├úo pronto"CollectPrunePackageReferences" no projeto "L2Updater.csproj".
   2:5>Destino "_CollectRestoreInputs" no arquivo "C:\Program Files\dotnet\sdk\9.0.304\NuGet.targets" do projeto "D:\PROJETOS\LAUNCHER C#\launcher\L2Updater.csproj" (o destino "_GenerateProjectRestoreGraphPerFramework" depende dele):
   2:5>Destino de compila├º├úo pronto"_CollectRestoreInputs" no projeto "L2Updater.csproj".
       Destino "PrepRestoreForStoreProjects" ignorado devido ├á condi├º├úo falsa; ('$(StorePackageName)' != '') foi avaliado como ('' != '').
   2:5>Destino "_GenerateProjectRestoreGraphPerFramework" no arquivo "C:\Program Files\dotnet\sdk\9.0.304\NuGet.targets" do projeto "D:\PROJETOS\LAUNCHER C#\launcher\L2Updater.csproj" (o destino "_GenerateProjectRestoreGraphCurrentProject" depende dele):
       Usando a tarefa "GetRestoreProjectReferencesTask" do assembly "C:\Program Files\dotnet\sdk\9.0.304\NuGet.Build.Tasks.dll".
       Tarefa "GetRestoreProjectReferencesTask"
       Tarefa em execu├º├úo pronta "GetRestoreProjectReferencesTask".
       Usando a tarefa "GetRestorePackageReferencesTask" do assembly "C:\Program Files\dotnet\sdk\9.0.304\NuGet.Build.Tasks.dll".
       Tarefa "GetRestorePackageReferencesTask"
       Tarefa em execu├º├úo pronta "GetRestorePackageReferencesTask".
       A tarefa "GetCentralPackageVersionsTask" foi ignorada devido a condi├º├úo falsa; ( '$(PackageReferenceCompatibleProjectStyle)' == 'true' AND '$(_CentralPackageVersionsEnabled)' == 'true' ) foi avaliado como ( 'True' == 'true' AND '' == 'true' ).
       Usando a tarefa "GetRestorePackageDownloadsTask" do assembly "C:\Program Files\dotnet\sdk\9.0.304\NuGet.Build.Tasks.dll".
       Tarefa "GetRestorePackageDownloadsTask"
       Tarefa em execu├º├úo pronta "GetRestorePackageDownloadsTask".
       Usando a tarefa "GetRestoreFrameworkReferencesTask" do assembly "C:\Program Files\dotnet\sdk\9.0.304\NuGet.Build.Tasks.dll".
       Tarefa "GetRestoreFrameworkReferencesTask"
       Tarefa em execu├º├úo pronta "GetRestoreFrameworkReferencesTask".
       Usando a tarefa "GetRestoreNuGetAuditSuppressionsTask" do assembly "C:\Program Files\dotnet\sdk\9.0.304\NuGet.Build.Tasks.dll".
       Tarefa "GetRestoreNuGetAuditSuppressionsTask"
       Tarefa em execu├º├úo pronta "GetRestoreNuGetAuditSuppressionsTask".
       Usando a tarefa "GetRestorePrunePackageReferencesTask" do assembly "C:\Program Files\dotnet\sdk\9.0.304\NuGet.Build.Tasks.dll".
       Tarefa "GetRestorePrunePackageReferencesTask"
       Tarefa em execu├º├úo pronta "GetRestorePrunePackageReferencesTask".
   2:5>Destino de compila├º├úo pronto"_GenerateProjectRestoreGraphPerFramework" no projeto "L2Updater.csproj".
   2:5>Destino "_GenerateProjectRestoreGraphCurrentProject" no arquivo "C:\Program Files\dotnet\sdk\9.0.304\NuGet.targets" do projeto "D:\PROJETOS\LAUNCHER C#\launcher\L2Updater.csproj" (o destino "_GenerateRestoreDependencies" depende dele):
   2:5>Destino de compila├º├úo pronto"_GenerateProjectRestoreGraphCurrentProject" no projeto "L2Updater.csproj".
   2:5>Destino "_GenerateRestoreDependencies" no arquivo "C:\Program Files\dotnet\sdk\9.0.304\NuGet.targets" do projeto "D:\PROJETOS\LAUNCHER C#\launcher\L2Updater.csproj" (o destino "_GenerateProjectRestoreGraph" depende dele):
   2:5>Destino de compila├º├úo pronto"_GenerateRestoreDependencies" no projeto "L2Updater.csproj".
   2:5>Destino "_GenerateProjectRestoreGraph" no arquivo "C:\Program Files\dotnet\sdk\9.0.304\NuGet.targets" do projeto "D:\PROJETOS\LAUNCHER C#\launcher\L2Updater.csproj" (ponto de entrada):
   2:5>Destino de compila├º├úo pronto"_GenerateProjectRestoreGraph" no projeto "L2Updater.csproj".
   2:5>Projeto de compila├º├úo pronto "D:\PROJETOS\LAUNCHER C#\launcher\L2Updater.csproj" (_GenerateProjectRestoreGraph destino(s)).
     1>Tarefa em execu├º├úo pronta "MSBuild".
     1>Destino de compila├º├úo pronto"_GenerateRestoreGraph" no projeto "L2Updater.sln".
     1>Destino "Restore" no arquivo "C:\Program Files\dotnet\sdk\9.0.304\NuGet.targets" do projeto "D:\PROJETOS\LAUNCHER C#\launcher\L2Updater.sln" (ponto de entrada):
       Tarefa "RemoveDuplicates"
       Tarefa em execu├º├úo pronta "RemoveDuplicates".
       Usando a tarefa "RestoreTask" do assembly "C:\Program Files\dotnet\sdk\9.0.304\NuGet.Build.Tasks.dll".
       Tarefa "RestoreTask"
         Assembly carregado durante TaskRun (NuGet.Build.Tasks.RestoreTask): NuGet.Packaging, Version=6.14.0.116, Culture=neutral, PublicKeyToken=31bf3856ad364e35 (local: C:\Program Files\dotnet\sdk\9.0.304\NuGet.Packaging.dll, MVID: cdc50a13-9777-4bbf-997e-763beae18a61, AssemblyLoadContext: MSBuild plugin C:\Program Files\dotnet\sdk\9.0.304\NuGet.Build.Tasks.dll)
         Assembly carregado durante TaskRun (NuGet.Build.Tasks.RestoreTask): NuGet.LibraryModel, Version=6.14.0.116, Culture=neutral, PublicKeyToken=31bf3856ad364e35 (local: C:\Program Files\dotnet\sdk\9.0.304\NuGet.LibraryModel.dll, MVID: e00b38b3-9e45-44a2-8023-8c8ae09208b7, AssemblyLoadContext: MSBuild plugin C:\Program Files\dotnet\sdk\9.0.304\NuGet.Build.Tasks.dll)
         Assembly carregado durante TaskRun (NuGet.Build.Tasks.RestoreTask): NuGet.Versioning, Version=6.14.0.116, Culture=neutral, PublicKeyToken=31bf3856ad364e35 (local: C:\Program Files\dotnet\sdk\9.0.304\NuGet.Versioning.dll, MVID: ecae64d3-0ef8-4164-9110-1e65ba08bca4, AssemblyLoadContext: MSBuild plugin C:\Program Files\dotnet\sdk\9.0.304\NuGet.Build.Tasks.dll)
         Assembly carregado durante TaskRun (NuGet.Build.Tasks.RestoreTask): NuGet.Frameworks, Version=6.14.0.116, Culture=neutral, PublicKeyToken=31bf3856ad364e35 (local: C:\Program Files\dotnet\sdk\9.0.304\NuGet.Frameworks.dll, MVID: 6b5909cd-5145-46c4-9595-25461e82c126, AssemblyLoadContext: MSBuild plugin C:\Program Files\dotnet\sdk\9.0.304\NuGet.Build.Tasks.dll)
         Assembly carregado durante TaskRun (NuGet.Build.Tasks.RestoreTask): System.Buffers, Version=9.0.0.0, Culture=neutral, PublicKeyToken=cc7b13ffcd2ddd51 (local: C:\Program Files\dotnet\shared\Microsoft.NETCore.App\9.0.8\System.Buffers.dll, MVID: 374275ae-bd0e-4f76-b7be-58c6fcf1ca95, AssemblyLoadContext: Default)
         Assembly carregado durante TaskRun (NuGet.Build.Tasks.RestoreTask): NuGet.Protocol, Version=6.14.0.116, Culture=neutral, PublicKeyToken=31bf3856ad364e35 (local: C:\Program Files\dotnet\sdk\9.0.304\NuGet.Protocol.dll, MVID: f8777b05-1686-441b-9cec-a9710c5aa900, AssemblyLoadContext: MSBuild plugin C:\Program Files\dotnet\sdk\9.0.304\NuGet.Build.Tasks.dll)
         Assembly carregado durante TaskRun (NuGet.Build.Tasks.RestoreTask): NuGet.Credentials, Version=6.14.0.116, Culture=neutral, PublicKeyToken=31bf3856ad364e35 (local: C:\Program Files\dotnet\sdk\9.0.304\NuGet.Credentials.dll, MVID: bd6612c0-8432-48ef-9aa9-96a29d2c500a, AssemblyLoadContext: MSBuild plugin C:\Program Files\dotnet\sdk\9.0.304\NuGet.Build.Tasks.dll)
         Assembly carregado durante TaskRun (NuGet.Build.Tasks.RestoreTask): NuGet.Packaging.resources, Version=6.14.0.116, Culture=pt-BR, PublicKeyToken=31bf3856ad364e35, processorArchitecture=MSIL (local: C:\Program Files\dotnet\sdk\9.0.304\pt-BR\NuGet.Packaging.resources.dll, MVID: 4d4bd490-85bd-48a7-9534-4dfb528f2fd0, AssemblyLoadContext: MSBuild plugin C:\Program Files\dotnet\sdk\9.0.304\NuGet.Build.Tasks.dll)
         A valida├º├úo da cadeia de certificados X.509 usar├í o reposit├│rio de confian├ºa padr├úo selecionado pelo .NET.
         A valida├º├úo da cadeia de certificados X.509 usar├í o reposit├│rio de confian├ºa padr├úo selecionado pelo .NET.
         Assembly carregado durante TaskRun (NuGet.Build.Tasks.RestoreTask): NuGet.DependencyResolver.Core, Version=6.14.0.116, Culture=neutral, PublicKeyToken=31bf3856ad364e35 (local: C:\Program Files\dotnet\sdk\9.0.304\NuGet.DependencyResolver.Core.dll, MVID: 6b197cc7-1c4a-4e48-895c-328987fdea28, AssemblyLoadContext: MSBuild plugin C:\Program Files\dotnet\sdk\9.0.304\NuGet.Build.Tasks.dll)
         Assembly carregado durante TaskRun (NuGet.Build.Tasks.RestoreTask): NuGet.Commands.resources, Version=6.14.0.116, Culture=pt-BR, PublicKeyToken=31bf3856ad364e35, processorArchitecture=MSIL (local: C:\Program Files\dotnet\sdk\9.0.304\pt-BR\NuGet.Commands.resources.dll, MVID: 7d53e98d-aff1-45e6-8ed1-98ba80e88f6a, AssemblyLoadContext: MSBuild plugin C:\Program Files\dotnet\sdk\9.0.304\NuGet.Build.Tasks.dll)
         Executando a restaura├º├úo com 12 trabalhos simult├óneos.
         Lendo o arquivo de projeto D:\PROJETOS\LAUNCHER C#\launcher\L2Updater.csproj.
         Assembly carregado durante TaskRun (NuGet.Build.Tasks.RestoreTask): Newtonsoft.Json, Version=13.0.0.0, Culture=neutral, PublicKeyToken=30ad4fe6b2a6aeed (local: C:\Program Files\dotnet\sdk\9.0.304\Newtonsoft.Json.dll, MVID: 7e62198b-eab2-4380-bbac-29171862d1d8, AssemblyLoadContext: MSBuild plugin C:\Program Files\dotnet\sdk\9.0.304\NuGet.Build.Tasks.dll)
         Assembly carregado durante TaskRun (NuGet.Build.Tasks.RestoreTask): System.Runtime.Serialization.Primitives, Version=9.0.0.0, Culture=neutral, PublicKeyToken=b03f5f7f11d50a3a (local: C:\Program Files\dotnet\shared\Microsoft.NETCore.App\9.0.8\System.Runtime.Serialization.Primitives.dll, MVID: f7616326-1368-46f9-8973-75ed361321da, AssemblyLoadContext: Default)
         Assembly carregado durante TaskRun (NuGet.Build.Tasks.RestoreTask): System.Runtime.Numerics, Version=9.0.0.0, Culture=neutral, PublicKeyToken=b03f5f7f11d50a3a (local: C:\Program Files\dotnet\shared\Microsoft.NETCore.App\9.0.8\System.Runtime.Numerics.dll, MVID: 024567f8-e685-442d-80f3-d0e370342259, AssemblyLoadContext: Default)
         Assembly carregado durante TaskRun (NuGet.Build.Tasks.RestoreTask): System.Text.Encodings.Web, Version=9.0.0.0, Culture=neutral, PublicKeyToken=cc7b13ffcd2ddd51 (local: C:\Program Files\dotnet\shared\Microsoft.NETCore.App\9.0.8\System.Text.Encodings.Web.dll, MVID: 0c40d411-7e35-4c57-95e2-3fb1018ddf8e, AssemblyLoadContext: Default)
         As entradas de restaura├º├úo de 'L2Updater' n├úo foram alteradas. Nenhuma a├º├úo ├® necess├íria para concluir a restaura├º├úo.
         Confirmando restaura├º├úo...
         O arquivo de ativos n├úo foi alterado. Ignorando grava├º├úo de arquivo de ativos. Caminho: D:\PROJETOS\LAUNCHER C#\launcher\obj\project.assets.json
         Restaura├º├úo No-Op. O cache n├úo ser├í atualizado. Caminho: D:\PROJETOS\LAUNCHER C#\launcher\obj\project.nuget.cache
         Assembly carregado durante TaskRun (NuGet.Build.Tasks.RestoreTask): NuGet.Common.resources, Version=6.14.0.116, Culture=pt-BR, PublicKeyToken=31bf3856ad364e35, processorArchitecture=MSIL (local: C:\Program Files\dotnet\sdk\9.0.304\pt-BR\NuGet.Common.resources.dll, MVID: 2eb41810-e19d-47cb-b5e4-390f90e69266, AssemblyLoadContext: MSBuild plugin C:\Program Files\dotnet\sdk\9.0.304\NuGet.Build.Tasks.dll)
         D:\PROJETOS\LAUNCHER C#\launcher\L2Updater.csproj restaurado (em 71 ms).
         
         Arquivos de configura├º├úo NuGet usados:
             C:\Users\danie\AppData\Roaming\NuGet\NuGet.Config
             C:\Program Files (x86)\NuGet\Config\Microsoft.VisualStudio.FallbackLocation.config
             C:\Program Files (x86)\NuGet\Config\Microsoft.VisualStudio.Offline.config
         
         Feeds usados:
             https://api.nuget.org/v3/index.json
             C:\Program Files (x86)\Microsoft SDKs\NuGetPackages\
         Todos os projetos est├úo atualizados para restaura├º├úo.
       Tarefa em execu├º├úo pronta "RestoreTask".
     1>Destino de compila├º├úo pronto"Restore" no projeto "L2Updater.sln".
     1>Projeto de compila├º├úo pronto "D:\PROJETOS\LAUNCHER C#\launcher\L2Updater.sln" (Restore destino(s)).
     0>D:\PROJETOS\LAUNCHER C#\launcher\L2Updater.sln.metaproj : message : Im├│vel 'MSBuildExtensionsPath' com valor 'C:\Program Files\dotnet\sdk\9.0.304\' expandido do ambiente.
       C:\Program Files\dotnet\sdk\9.0.304\NuGet.targets(112,5): message : Reatribui├º├úo de propriedade: $(_GenerateRestoreGraphProjectEntryInputProperties)="
       C:\Program Files\dotnet\sdk\9.0.304\NuGet.targets(112,5): message :       ExcludeRestorePackageImports=true;
       C:\Program Files\dotnet\sdk\9.0.304\NuGet.targets(112,5): message :       _RestoreSolutionFileUsed=true;
       C:\Program Files\dotnet\sdk\9.0.304\NuGet.targets(112,5): message :       SolutionDir=D:\PROJETOS\LAUNCHER C#\launcher\;
       C:\Program Files\dotnet\sdk\9.0.304\NuGet.targets(112,5): message :       SolutionName=L2Updater;
       C:\Program Files\dotnet\sdk\9.0.304\NuGet.targets(112,5): message :       SolutionFileName=L2Updater.sln;
       C:\Program Files\dotnet\sdk\9.0.304\NuGet.targets(112,5): message :       SolutionPath=D:\PROJETOS\LAUNCHER C#\launcher\L2Updater.sln;
       C:\Program Files\dotnet\sdk\9.0.304\NuGet.targets(112,5): message :       SolutionExt=.sln;
       C:\Program Files\dotnet\sdk\9.0.304\NuGet.targets(112,5): message :     " (valor anterior: "ExcludeRestorePackageImports=true") em C:\Program Files\dotnet\sdk\9.0.304\NuGet.targets (112,5)
       O destino "Store" listado em um atributo BeforeTargets em "C:\Program Files\dotnet\sdk\9.0.304\Current\SolutionFile\ImportAfter\Microsoft.NET.Sdk.Solution.targets (33,11)" n├úo existe no projeto e ser├í ignorado.
       O destino "VSTest" listado em um atributo BeforeTargets em "C:\Program Files\dotnet\sdk\9.0.304\Current\SolutionFile\ImportAfter\Microsoft.NET.Sdk.Solution.targets (33,11)" n├úo existe no projeto e ser├í ignorado.
       O destino "_CheckForInvalidConfigurationAndPlatform" listado em um atributo BeforeTargets em "C:\Program Files\dotnet\sdk\9.0.304\NuGet.targets (711,11)" n├úo existe no projeto e ser├í ignorado.
   1:2>Projeto "D:\PROJETOS\LAUNCHER C#\launcher\L2Updater.sln" no n├│ 1 (destinos padr├úo).
   1:2>Destino "ValidateSolutionConfiguration" no arquivo "D:\PROJETOS\LAUNCHER C#\launcher\L2Updater.sln.metaproj" do projeto "D:\PROJETOS\LAUNCHER C#\launcher\L2Updater.sln" (ponto de entrada):
   1:2>A tarefa "Error" foi ignorada devido a condi├º├úo falsa; (('$(CurrentSolutionConfigurationContents)' == '') and ('$(SkipInvalidConfigurations)' != 'true')) foi avaliado como (('<SolutionConfiguration>
  <ProjectConfiguration Project="{7A083BFE-1E50-4803-9C61-DED2B2A65A8B}" AbsolutePath="D:\PROJETOS\LAUNCHER C#\launcher\L2Updater.csproj" BuildProjectInSolution="True">Debug|AnyCPU</ProjectConfiguration>
</SolutionConfiguration>' == '') and ('' != 'true')).
       A tarefa "Warning" foi ignorada devido a condi├º├úo falsa; (('$(CurrentSolutionConfigurationContents)' == '') and ('$(SkipInvalidConfigurations)' == 'true')) foi avaliado como (('<SolutionConfiguration>
         <ProjectConfiguration Project="{7A083BFE-1E50-4803-9C61-DED2B2A65A8B}" AbsolutePath="D:\PROJETOS\LAUNCHER C#\launcher\L2Updater.csproj" BuildProjectInSolution="True">Debug|AnyCPU</ProjectConfiguration>
       </SolutionConfiguration>' == '') and ('' == 'true')).
       Usando a tarefa "Message" do assembly "Microsoft.Build.Tasks.Core, Version=15.1.0.0, Culture=neutral, PublicKeyToken=b03f5f7f11d50a3a".
       Tarefa "Message"
         Compilando a configura├º├úo de solu├º├úo "Debug|Any CPU".
       Tarefa em execu├º├úo pronta "Message".
   1:2>Destino de compila├º├úo pronto"ValidateSolutionConfiguration" no projeto "L2Updater.sln".
   1:2>Destino "ValidateToolsVersions" no arquivo "D:\PROJETOS\LAUNCHER C#\launcher\L2Updater.sln.metaproj" do projeto "D:\PROJETOS\LAUNCHER C#\launcher\L2Updater.sln" (ponto de entrada):
       A tarefa "Error" foi ignorada devido a condi├º├úo falsa; ('$(MSBuildToolsVersion)' == '2.0' and ('$(ProjectToolsVersion)' != '2.0' and '$(ProjectToolsVersion)' != '')) foi avaliado como ('Current' == '2.0' and ('' != '2.0' and '' != '')).
   1:2>Destino de compila├º├úo pronto"ValidateToolsVersions" no projeto "L2Updater.sln".
   1:2>Destino "ValidateProjects" no arquivo "D:\PROJETOS\LAUNCHER C#\launcher\L2Updater.sln.metaproj" do projeto "D:\PROJETOS\LAUNCHER C#\launcher\L2Updater.sln" (ponto de entrada):
   1:2>Destino de compila├º├úo pronto"ValidateProjects" no projeto "L2Updater.sln".
       Destino "_CheckForSolutionLevelRuntimeIdentifier" ignorado devido ├á condi├º├úo falsa; ('$(RuntimeIdentifier)' != '') foi avaliado como ('' != '').
       Destino "_CheckForSolutionLevelOutputPath" ignorado devido ├á condi├º├úo falsa; ('$(_CommandLineDefinedOutputPath)' == 'true') foi avaliado como ('' == 'true').
   1:2>Destino "Build" no arquivo "D:\PROJETOS\LAUNCHER C#\launcher\L2Updater.sln.metaproj" do projeto "D:\PROJETOS\LAUNCHER C#\launcher\L2Updater.sln" (ponto de entrada):
       Usando a tarefa "MSBuild" do assembly "Microsoft.Build.Tasks.Core, Version=15.1.0.0, Culture=neutral, PublicKeyToken=b03f5f7f11d50a3a".
       Tarefa "MSBuild"
         Propriedades globais:
           BuildingSolutionFile=true
           CurrentSolutionConfigurationContents=<SolutionConfiguration>
           <ProjectConfiguration Project="{7A083BFE-1E50-4803-9C61-DED2B2A65A8B}" AbsolutePath="D:\PROJETOS\LAUNCHER C#\launcher\L2Updater.csproj" BuildProjectInSolution="True">Debug|AnyCPU</ProjectConfiguration>
         </SolutionConfiguration>
           SolutionDir=D:\PROJETOS\LAUNCHER C#\launcher\
           SolutionExt=.sln
           SolutionFileName=L2Updater.sln
           SolutionName=L2Updater
           SolutionPath=D:\PROJETOS\LAUNCHER C#\launcher\L2Updater.sln
         Propriedades adicionais do projeto "D:\PROJETOS\LAUNCHER C#\launcher\L2Updater.csproj":
           Configuration=Debug
           Platform=AnyCPU
     0>O SDK "Microsoft.NET.Sdk" foi resolvido com ├¬xito pelo resolvedor "DefaultSdkResolver" para o local "C:\Program Files\dotnet\sdk\9.0.304\Sdks\Microsoft.NET.Sdk\Sdk" e a vers├úo "".
       C:\Program Files\dotnet\sdk\9.0.304\Sdks\Microsoft.NET.Sdk\Sdk\Sdk.props(49,11): message : Im├│vel 'MSBuildExtensionsPath' com valor 'C:\Program Files\dotnet\sdk\9.0.304\' expandido do ambiente.
       C:\Program Files\dotnet\sdk\9.0.304\Current\Microsoft.Common.props(60,5): message : Reatribui├º├úo de propriedade: $(MSBuildProjectExtensionsPath)="D:\PROJETOS\LAUNCHER C#\launcher\obj\" (valor anterior: "obj\") em C:\Program Files\dotnet\sdk\9.0.304\Current\Microsoft.Common.props (60,5)
       D:\PROJETOS\LAUNCHER C#\launcher\obj\L2Updater.csproj.nuget.g.props(7,5): message : Im├│vel 'USERPROFILE' com valor 'C:\Users\danie' expandido do ambiente.
       C:\Program Files\dotnet\sdk\9.0.304\Current\Microsoft.Common.props(84,119): message : Im├│vel 'MSBuildUserExtensionsPath' com valor 'C:\Users\danie\AppData\Local\Microsoft\MSBuild' expandido do ambiente.
       A propriedade "Configuration" ├® global e n├úo pode ser modificada.
       A propriedade "Platform" ├® global e n├úo pode ser modificada.
       A propriedade "Configuration" ├® global e n├úo pode ser modificada.
       A propriedade "Platform" ├® global e n├úo pode ser modificada.
       C:\Program Files\dotnet\sdk\9.0.304\Sdks\Microsoft.NET.Sdk\targets\Microsoft.NET.Sdk.props(90,5): message : Reatribui├º├úo de propriedade: $(AssemblySearchPaths)="{CandidateAssemblyFiles};{HintPathFromItem}" (valor anterior: "{CandidateAssemblyFiles}") em C:\Program Files\dotnet\sdk\9.0.304\Sdks\Microsoft.NET.Sdk\targets\Microsoft.NET.Sdk.props (90,5)
       C:\Program Files\dotnet\sdk\9.0.304\Sdks\Microsoft.NET.Sdk\targets\Microsoft.NET.Sdk.props(91,5): message : Reatribui├º├úo de propriedade: $(AssemblySearchPaths)="{CandidateAssemblyFiles};{HintPathFromItem};{TargetFrameworkDirectory}" (valor anterior: "{CandidateAssemblyFiles};{HintPathFromItem}") em C:\Program Files\dotnet\sdk\9.0.304\Sdks\Microsoft.NET.Sdk\targets\Microsoft.NET.Sdk.props (91,5)
       C:\Program Files\dotnet\sdk\9.0.304\Sdks\Microsoft.NET.Sdk\targets\Microsoft.NET.Sdk.props(92,5): message : Reatribui├º├úo de propriedade: $(AssemblySearchPaths)="{CandidateAssemblyFiles};{HintPathFromItem};{TargetFrameworkDirectory};{RawFileName}" (valor anterior: "{CandidateAssemblyFiles};{HintPathFromItem};{TargetFrameworkDirectory}") em C:\Program Files\dotnet\sdk\9.0.304\Sdks\Microsoft.NET.Sdk\targets\Microsoft.NET.Sdk.props (92,5)
       O resolvedor "DefaultSdkResolver" tentou resolver o SDK "Microsoft.NET.SDK.WorkloadAutoImportPropsLocator".
       Avisos: null
       Erros: MSB4276: O resolvedor SDK padr├úo falhou ao resolver SDK "Microsoft.NET.SDK.WorkloadAutoImportPropsLocator" porque o diret├│rio "C:\Program Files\dotnet\sdk\9.0.304\Sdks\Microsoft.NET.SDK.WorkloadAutoImportPropsLocator\Sdk" n├úo existia.
       O SDK "Microsoft.NET.SDK.WorkloadAutoImportPropsLocator" foi resolvido com ├¬xito pelo resolvedor "Microsoft.DotNet.MSBuildWorkloadSdkResolver" para o local "null" e a vers├úo "null".
       C:\Program Files\dotnet\sdk\9.0.304\Sdks\Microsoft.NET.Sdk\targets\Microsoft.NET.PackProjectTool.props(15,5): message : Reatribui├º├úo de propriedade: $(TargetsForTfmSpecificContentInPackage)=";PackTool;_PackProjectToolValidation" (valor anterior: ";PackTool") em C:\Program Files\dotnet\sdk\9.0.304\Sdks\Microsoft.NET.Sdk\targets\Microsoft.NET.PackProjectTool.props (15,5)
       D:\PROJETOS\LAUNCHER C#\launcher\L2Updater.csproj(4,5): message : Reatribui├º├úo de propriedade: $(OutputType)="WinExe" (valor anterior: "Library") em D:\PROJETOS\LAUNCHER C#\launcher\L2Updater.csproj (4,5)
       A propriedade "Configuration" ├® global e n├úo pode ser modificada.
       A propriedade "Platform" ├® global e n├úo pode ser modificada.
       C:\Program Files\dotnet\sdk\9.0.304\Sdks\Microsoft.NET.Sdk\targets\Microsoft.NET.Sdk.ImportPublishProfile.targets(28,5): message : Reatribui├º├úo de propriedade: $(PublishProfileImported)="false" (valor anterior: "true") em C:\Program Files\dotnet\sdk\9.0.304\Sdks\Microsoft.NET.Sdk\targets\Microsoft.NET.Sdk.ImportPublishProfile.targets (28,5)
       C:\Program Files\dotnet\sdk\9.0.304\Sdks\Microsoft.NET.Sdk\targets\Microsoft.NET.TargetFrameworkInference.targets(68,5): message : Reatribui├º├úo de propriedade: $(TargetPlatformVersion)="0.0" (valor anterior: "0.0.0.0") em C:\Program Files\dotnet\sdk\9.0.304\Sdks\Microsoft.NET.Sdk\targets\Microsoft.NET.TargetFrameworkInference.targets (68,5)
       C:\Program Files\dotnet\sdk\9.0.304\Sdks\Microsoft.NET.Sdk\targets\Microsoft.NET.TargetFrameworkInference.targets(69,5): message : Reatribui├º├úo de propriedade: $(TargetPlatformVersion)="" (valor anterior: "0.0") em C:\Program Files\dotnet\sdk\9.0.304\Sdks\Microsoft.NET.Sdk\targets\Microsoft.NET.TargetFrameworkInference.targets (69,5)
       C:\Program Files\dotnet\sdk\9.0.304\Sdks\Microsoft.NET.Sdk\targets\Microsoft.NET.TargetFrameworkInference.targets(71,5): message : Reatribui├º├úo de propriedade: $(TargetPlatformIdentifier)="Windows" (valor anterior: "windows") em C:\Program Files\dotnet\sdk\9.0.304\Sdks\Microsoft.NET.Sdk\targets\Microsoft.NET.TargetFrameworkInference.targets (71,5)
       C:\Program Files\dotnet\sdk\9.0.304\Sdks\Microsoft.NET.Sdk\targets\Microsoft.NET.DefaultOutputPaths.targets(122,5): message : Reatribui├º├úo de propriedade: $(DefaultItemExcludes)=";bin\Debug\/**;obj\Debug\/**" (valor anterior: ";bin\Debug\/**") em C:\Program Files\dotnet\sdk\9.0.304\Sdks\Microsoft.NET.Sdk\targets\Microsoft.NET.DefaultOutputPaths.targets (122,5)
       C:\Program Files\dotnet\sdk\9.0.304\Sdks\Microsoft.NET.Sdk\targets\Microsoft.NET.DefaultOutputPaths.targets(137,5): message : Reatribui├º├úo de propriedade: $(OutputPath)="bin\Debug\net9.0-windows\" (valor anterior: "bin\Debug\") em C:\Program Files\dotnet\sdk\9.0.304\Sdks\Microsoft.NET.Sdk\targets\Microsoft.NET.DefaultOutputPaths.targets (137,5)
       C:\Program Files\dotnet\sdk\9.0.304\Sdks\Microsoft.NET.Sdk\targets\Microsoft.NET.DefaultOutputPaths.targets(142,5): message : Reatribui├º├úo de propriedade: $(IntermediateOutputPath)="obj\Debug\net9.0-windows\" (valor anterior: "obj\Debug\") em C:\Program Files\dotnet\sdk\9.0.304\Sdks\Microsoft.NET.Sdk\targets\Microsoft.NET.DefaultOutputPaths.targets (142,5)
       O resolvedor "DefaultSdkResolver" tentou resolver o SDK "Microsoft.NET.SDK.WorkloadManifestTargetsLocator".
       Avisos: null
       Erros: MSB4276: O resolvedor SDK padr├úo falhou ao resolver SDK "Microsoft.NET.SDK.WorkloadManifestTargetsLocator" porque o diret├│rio "C:\Program Files\dotnet\sdk\9.0.304\Sdks\Microsoft.NET.SDK.WorkloadManifestTargetsLocator\Sdk" n├úo existia.
       O SDK "Microsoft.NET.SDK.WorkloadManifestTargetsLocator" foi resolvido com ├¬xito pelo resolvedor "Microsoft.DotNet.MSBuildWorkloadSdkResolver" para o local "C:\Program Files\dotnet\sdk-manifests\9.0.100\microsoft.net.sdk.android\35.0.78" e a vers├úo "null".
       C:\Program Files\dotnet\sdk\9.0.304\Sdks\Microsoft.NET.Sdk\targets\Microsoft.NET.RuntimeIdentifierInference.targets(344,5): message : Reatribui├º├úo de propriedade: $(IntermediateOutputPath)="obj\Debug\net9.0-windows\win-x64\" (valor anterior: "obj\Debug\net9.0-windows\") em C:\Program Files\dotnet\sdk\9.0.304\Sdks\Microsoft.NET.Sdk\targets\Microsoft.NET.RuntimeIdentifierInference.targets (344,5)
       C:\Program Files\dotnet\sdk\9.0.304\Sdks\Microsoft.NET.Sdk\targets\Microsoft.NET.RuntimeIdentifierInference.targets(345,5): message : Reatribui├º├úo de propriedade: $(OutputPath)="bin\Debug\net9.0-windows\win-x64\" (valor anterior: "bin\Debug\net9.0-windows\") em C:\Program Files\dotnet\sdk\9.0.304\Sdks\Microsoft.NET.Sdk\targets\Microsoft.NET.RuntimeIdentifierInference.targets (345,5)
       C:\Program Files\dotnet\sdk\9.0.304\Sdks\Microsoft.NET.Sdk\targets\Microsoft.NET.Sdk.BeforeCommon.targets(187,5): message : Reatribui├º├úo de propriedade: $(_FrameworkIdentifierForImplicitDefine)="NET" (valor anterior: "NETCOREAPP") em C:\Program Files\dotnet\sdk\9.0.304\Sdks\Microsoft.NET.Sdk\targets\Microsoft.NET.Sdk.BeforeCommon.targets (187,5)
       C:\Program Files\dotnet\sdk\9.0.304\Sdks\Microsoft.NET.Sdk\targets\Microsoft.NET.Sdk.BeforeCommon.targets(192,5): message : Reatribui├º├úo de propriedade: $(_FrameworkVersionForImplicitDefine)="9_0" (valor anterior: "9.0") em C:\Program Files\dotnet\sdk\9.0.304\Sdks\Microsoft.NET.Sdk\targets\Microsoft.NET.Sdk.BeforeCommon.targets (192,5)
       C:\Program Files\dotnet\sdk\9.0.304\Roslyn\Microsoft.CSharp.Core.targets(200,5): message : Reatribui├º├úo de propriedade: $(CommandLineArgsForDesignTimeEvaluation)="-langversion:latest -define:TRACE" (valor anterior: "-langversion:latest") em C:\Program Files\dotnet\sdk\9.0.304\Roslyn\Microsoft.CSharp.Core.targets (200,5)
       A propriedade "Platform" ├® global e n├úo pode ser modificada.
       A propriedade "Configuration" ├® global e n├úo pode ser modificada.
       C:\Program Files\dotnet\sdk\9.0.304\Microsoft.Common.CurrentVersion.targets(175,5): message : Reatribui├º├úo de propriedade: $(_DebugSymbolsProduced)="true" (valor anterior: "false") em C:\Program Files\dotnet\sdk\9.0.304\Microsoft.Common.CurrentVersion.targets (175,5)
       C:\Program Files\dotnet\sdk\9.0.304\Microsoft.Common.CurrentVersion.targets(185,5): message : Reatribui├º├úo de propriedade: $(_DocumentationFileProduced)="false" (valor anterior: "true") em C:\Program Files\dotnet\sdk\9.0.304\Microsoft.Common.CurrentVersion.targets (185,5)
       A propriedade "SolutionName" ├® global e n├úo pode ser modificada.
       A propriedade "SolutionFileName" ├® global e n├úo pode ser modificada.
       A propriedade "SolutionPath" ├® global e n├úo pode ser modificada.
       A propriedade "SolutionDir" ├® global e n├úo pode ser modificada.
       A propriedade "SolutionExt" ├® global e n├úo pode ser modificada.
       C:\Program Files\dotnet\sdk\9.0.304\Microsoft.Common.CurrentVersion.targets(393,5): message : Reatribui├º├úo de propriedade: $(MSBuildCopyMarkerName)="L2Updater.csproj.Up2Date" (valor anterior: "L2Updater.csproj") em C:\Program Files\dotnet\sdk\9.0.304\Microsoft.Common.CurrentVersion.targets (393,5)
       C:\Program Files\dotnet\sdk\9.0.304\Microsoft.Common.CurrentVersion.targets(528,5): message : Reatribui├º├úo de propriedade: $(ProcessorArchitecture)="amd64" (valor anterior: "x64") em C:\Program Files\dotnet\sdk\9.0.304\Microsoft.Common.CurrentVersion.targets (528,5)
       C:\Program Files\dotnet\sdk\9.0.304\Microsoft.Common.CurrentVersion.targets(580,5): message : Reatribui├º├úo de propriedade: $(DelaySign)="" (valor anterior: "false") em C:\Program Files\dotnet\sdk\9.0.304\Microsoft.Common.CurrentVersion.targets (580,5)
       C:\Program Files\dotnet\sdk\9.0.304\Microsoft.Common.CurrentVersion.targets(2619,5): message : Im├│vel 'LOCALAPPDATA' com valor 'C:\Users\danie\AppData\Local' expandido do ambiente.
       C:\Program Files\dotnet\sdk\9.0.304\Microsoft.Common.CurrentVersion.targets(3947,5): message : Reatribui├º├úo de propriedade: $(_SGenGenerateSerializationAssembliesConfig)="Auto" (valor anterior: "") em C:\Program Files\dotnet\sdk\9.0.304\Microsoft.Common.CurrentVersion.targets (3947,5)
       C:\Program Files\dotnet\sdk\9.0.304\Microsoft.Common.CurrentVersion.targets(3948,5): message : Reatribui├º├úo de propriedade: $(_SGenGenerateSerializationAssembliesConfig)="Off" (valor anterior: "Auto") em C:\Program Files\dotnet\sdk\9.0.304\Microsoft.Common.CurrentVersion.targets (3948,5)
       C:\Program Files\dotnet\sdk\9.0.304\Microsoft.Common.CurrentVersion.targets(5159,5): message : Reatribui├º├úo de propriedade: $(_TargetsThatPrepareProjectReferences)="
       C:\Program Files\dotnet\sdk\9.0.304\Microsoft.Common.CurrentVersion.targets(5159,5): message :       AssignProjectConfiguration;
       C:\Program Files\dotnet\sdk\9.0.304\Microsoft.Common.CurrentVersion.targets(5159,5): message :       _SplitProjectReferencesByFileExistence
       C:\Program Files\dotnet\sdk\9.0.304\Microsoft.Common.CurrentVersion.targets(5159,5): message :     " (valor anterior: "_SplitProjectReferencesByFileExistence") em C:\Program Files\dotnet\sdk\9.0.304\Microsoft.Common.CurrentVersion.targets (5159,5)
       C:\Program Files\dotnet\sdk\9.0.304\Microsoft.Common.CurrentVersion.targets(6954,5): message : Im├│vel 'MSBuildExtensionsPath32' com valor 'C:\Program Files\dotnet\sdk\9.0.304' expandido do ambiente.
       C:\Program Files\dotnet\sdk\9.0.304\Sdks\Microsoft.NET.Sdk\targets\Microsoft.PackageDependencyResolution.targets(29,5): message : Reatribui├º├úo de propriedade: $(ProjectAssetsCacheFile)="D:\PROJETOS\LAUNCHER C#\launcher\obj\Debug\net9.0-windows\win-x64\L2Updater.assets.cache" (valor anterior: "obj\Debug\net9.0-windows\win-x64\L2Updater.assets.cache") em C:\Program Files\dotnet\sdk\9.0.304\Sdks\Microsoft.NET.Sdk\targets\Microsoft.PackageDependencyResolution.targets (29,5)
       C:\Program Files\dotnet\sdk\9.0.304\Sdks\Microsoft.NET.Sdk\targets\Microsoft.PackageDependencyResolution.targets(80,5): message : Reatribui├º├úo de propriedade: $(ResolveAssemblyReferencesDependsOn)="
       C:\Program Files\dotnet\sdk\9.0.304\Sdks\Microsoft.NET.Sdk\targets\Microsoft.PackageDependencyResolution.targets(80,5): message :       
       C:\Program Files\dotnet\sdk\9.0.304\Sdks\Microsoft.NET.Sdk\targets\Microsoft.PackageDependencyResolution.targets(80,5): message :       ResolveProjectReferences;
       C:\Program Files\dotnet\sdk\9.0.304\Sdks\Microsoft.NET.Sdk\targets\Microsoft.PackageDependencyResolution.targets(80,5): message :       FindInvalidProjectReferences;
       C:\Program Files\dotnet\sdk\9.0.304\Sdks\Microsoft.NET.Sdk\targets\Microsoft.PackageDependencyResolution.targets(80,5): message :       GetFrameworkPaths;
       C:\Program Files\dotnet\sdk\9.0.304\Sdks\Microsoft.NET.Sdk\targets\Microsoft.PackageDependencyResolution.targets(80,5): message :       GetReferenceAssemblyPaths;
       C:\Program Files\dotnet\sdk\9.0.304\Sdks\Microsoft.NET.Sdk\targets\Microsoft.PackageDependencyResolution.targets(80,5): message :       PrepareForBuild;
       C:\Program Files\dotnet\sdk\9.0.304\Sdks\Microsoft.NET.Sdk\targets\Microsoft.PackageDependencyResolution.targets(80,5): message :       ResolveSDKReferences;
       C:\Program Files\dotnet\sdk\9.0.304\Sdks\Microsoft.NET.Sdk\targets\Microsoft.PackageDependencyResolution.targets(80,5): message :       ExpandSDKReferences;
       C:\Program Files\dotnet\sdk\9.0.304\Sdks\Microsoft.NET.Sdk\targets\Microsoft.PackageDependencyResolution.targets(80,5): message :     ;
       C:\Program Files\dotnet\sdk\9.0.304\Sdks\Microsoft.NET.Sdk\targets\Microsoft.PackageDependencyResolution.targets(80,5): message :       ResolvePackageDependenciesForBuild;
       C:\Program Files\dotnet\sdk\9.0.304\Sdks\Microsoft.NET.Sdk\targets\Microsoft.PackageDependencyResolution.targets(80,5): message :       _HandlePackageFileConflicts;
       C:\Program Files\dotnet\sdk\9.0.304\Sdks\Microsoft.NET.Sdk\targets\Microsoft.PackageDependencyResolution.targets(80,5): message :     " (valor anterior: "
       C:\Program Files\dotnet\sdk\9.0.304\Sdks\Microsoft.NET.Sdk\targets\Microsoft.PackageDependencyResolution.targets(80,5): message :       ResolveProjectReferences;
       C:\Program Files\dotnet\sdk\9.0.304\Sdks\Microsoft.NET.Sdk\targets\Microsoft.PackageDependencyResolution.targets(80,5): message :       FindInvalidProjectReferences;
       C:\Program Files\dotnet\sdk\9.0.304\Sdks\Microsoft.NET.Sdk\targets\Microsoft.PackageDependencyResolution.targets(80,5): message :       GetFrameworkPaths;
       C:\Program Files\dotnet\sdk\9.0.304\Sdks\Microsoft.NET.Sdk\targets\Microsoft.PackageDependencyResolution.targets(80,5): message :       GetReferenceAssemblyPaths;
       C:\Program Files\dotnet\sdk\9.0.304\Sdks\Microsoft.NET.Sdk\targets\Microsoft.PackageDependencyResolution.targets(80,5): message :       PrepareForBuild;
       C:\Program Files\dotnet\sdk\9.0.304\Sdks\Microsoft.NET.Sdk\targets\Microsoft.PackageDependencyResolution.targets(80,5): message :       ResolveSDKReferences;
       C:\Program Files\dotnet\sdk\9.0.304\Sdks\Microsoft.NET.Sdk\targets\Microsoft.PackageDependencyResolution.targets(80,5): message :       ExpandSDKReferences;
       C:\Program Files\dotnet\sdk\9.0.304\Sdks\Microsoft.NET.Sdk\targets\Microsoft.PackageDependencyResolution.targets(80,5): message :     ") em C:\Program Files\dotnet\sdk\9.0.304\Sdks\Microsoft.NET.Sdk\targets\Microsoft.PackageDependencyResolution.targets (80,5)
       C:\Program Files\dotnet\sdk\9.0.304\Sdks\Microsoft.NET.Sdk\targets\Microsoft.PackageDependencyResolution.targets(86,5): message : Reatribui├º├úo de propriedade: $(PrepareResourcesDependsOn)="
       C:\Program Files\dotnet\sdk\9.0.304\Sdks\Microsoft.NET.Sdk\targets\Microsoft.PackageDependencyResolution.targets(86,5): message :       ResolvePackageDependenciesForBuild;
       C:\Program Files\dotnet\sdk\9.0.304\Sdks\Microsoft.NET.Sdk\targets\Microsoft.PackageDependencyResolution.targets(86,5): message :       _HandlePackageFileConflicts;
       C:\Program Files\dotnet\sdk\9.0.304\Sdks\Microsoft.NET.Sdk\targets\Microsoft.PackageDependencyResolution.targets(86,5): message :       
       C:\Program Files\dotnet\sdk\9.0.304\Sdks\Microsoft.NET.Sdk\targets\Microsoft.PackageDependencyResolution.targets(86,5): message :       ;
       C:\Program Files\dotnet\sdk\9.0.304\Sdks\Microsoft.NET.Sdk\targets\Microsoft.PackageDependencyResolution.targets(86,5): message :       PrepareResourceNames;
       C:\Program Files\dotnet\sdk\9.0.304\Sdks\Microsoft.NET.Sdk\targets\Microsoft.PackageDependencyResolution.targets(86,5): message :       ResGen;
       C:\Program Files\dotnet\sdk\9.0.304\Sdks\Microsoft.NET.Sdk\targets\Microsoft.PackageDependencyResolution.targets(86,5): message :       CompileLicxFiles
       C:\Program Files\dotnet\sdk\9.0.304\Sdks\Microsoft.NET.Sdk\targets\Microsoft.PackageDependencyResolution.targets(86,5): message :     
       C:\Program Files\dotnet\sdk\9.0.304\Sdks\Microsoft.NET.Sdk\targets\Microsoft.PackageDependencyResolution.targets(86,5): message :     " (valor anterior: "
       C:\Program Files\dotnet\sdk\9.0.304\Sdks\Microsoft.NET.Sdk\targets\Microsoft.PackageDependencyResolution.targets(86,5): message :       ;
       C:\Program Files\dotnet\sdk\9.0.304\Sdks\Microsoft.NET.Sdk\targets\Microsoft.PackageDependencyResolution.targets(86,5): message :       PrepareResourceNames;
       C:\Program Files\dotnet\sdk\9.0.304\Sdks\Microsoft.NET.Sdk\targets\Microsoft.PackageDependencyResolution.targets(86,5): message :       ResGen;
       C:\Program Files\dotnet\sdk\9.0.304\Sdks\Microsoft.NET.Sdk\targets\Microsoft.PackageDependencyResolution.targets(86,5): message :       CompileLicxFiles
       C:\Program Files\dotnet\sdk\9.0.304\Sdks\Microsoft.NET.Sdk\targets\Microsoft.PackageDependencyResolution.targets(86,5): message :     ") em C:\Program Files\dotnet\sdk\9.0.304\Sdks\Microsoft.NET.Sdk\targets\Microsoft.PackageDependencyResolution.targets (86,5)
       C:\Program Files\dotnet\sdk\9.0.304\Sdks\Microsoft.NET.Sdk\targets\Microsoft.NET.Sdk.DefaultItems.targets(27,5): message : Reatribui├º├úo de propriedade: $(DefaultItemExcludes)=";bin\Debug\/**;obj\Debug\/**;bin\/**" (valor anterior: ";bin\Debug\/**;obj\Debug\/**") em C:\Program Files\dotnet\sdk\9.0.304\Sdks\Microsoft.NET.Sdk\targets\Microsoft.NET.Sdk.DefaultItems.targets (27,5)
       C:\Program Files\dotnet\sdk\9.0.304\Sdks\Microsoft.NET.Sdk\targets\Microsoft.NET.Sdk.DefaultItems.targets(29,5): message : Reatribui├º├úo de propriedade: $(DefaultItemExcludes)=";bin\Debug\/**;obj\Debug\/**;bin\/**;obj\/**" (valor anterior: ";bin\Debug\/**;obj\Debug\/**;bin\/**") em C:\Program Files\dotnet\sdk\9.0.304\Sdks\Microsoft.NET.Sdk\targets\Microsoft.NET.Sdk.DefaultItems.targets (29,5)
       C:\Program Files\dotnet\sdk\9.0.304\Sdks\Microsoft.NET.Sdk\targets\Microsoft.NET.Sdk.DefaultItems.targets(32,5): message : Reatribui├º├úo de propriedade: $(DefaultItemExcludes)=";bin\Debug\/**;obj\Debug\/**;bin\/**;obj\/**;**/*.user" (valor anterior: ";bin\Debug\/**;obj\Debug\/**;bin\/**;obj\/**") em C:\Program Files\dotnet\sdk\9.0.304\Sdks\Microsoft.NET.Sdk\targets\Microsoft.NET.Sdk.DefaultItems.targets (32,5)
       C:\Program Files\dotnet\sdk\9.0.304\Sdks\Microsoft.NET.Sdk\targets\Microsoft.NET.Sdk.DefaultItems.targets(33,5): message : Reatribui├º├úo de propriedade: $(DefaultItemExcludes)=";bin\Debug\/**;obj\Debug\/**;bin\/**;obj\/**;**/*.user;**/*.*proj" (valor anterior: ";bin\Debug\/**;obj\Debug\/**;bin\/**;obj\/**;**/*.user") em C:\Program Files\dotnet\sdk\9.0.304\Sdks\Microsoft.NET.Sdk\targets\Microsoft.NET.Sdk.DefaultItems.targets (33,5)
       C:\Program Files\dotnet\sdk\9.0.304\Sdks\Microsoft.NET.Sdk\targets\Microsoft.NET.Sdk.DefaultItems.targets(34,5): message : Reatribui├º├úo de propriedade: $(DefaultItemExcludes)=";bin\Debug\/**;obj\Debug\/**;bin\/**;obj\/**;**/*.user;**/*.*proj;**/*.sln" (valor anterior: ";bin\Debug\/**;obj\Debug\/**;bin\/**;obj\/**;**/*.user;**/*.*proj") em C:\Program Files\dotnet\sdk\9.0.304\Sdks\Microsoft.NET.Sdk\targets\Microsoft.NET.Sdk.DefaultItems.targets (34,5)
       C:\Program Files\dotnet\sdk\9.0.304\Sdks\Microsoft.NET.Sdk\targets\Microsoft.NET.Sdk.DefaultItems.targets(35,5): message : Reatribui├º├úo de propriedade: $(DefaultItemExcludes)=";bin\Debug\/**;obj\Debug\/**;bin\/**;obj\/**;**/*.user;**/*.*proj;**/*.sln;**/*.slnx" (valor anterior: ";bin\Debug\/**;obj\Debug\/**;bin\/**;obj\/**;**/*.user;**/*.*proj;**/*.sln") em C:\Program Files\dotnet\sdk\9.0.304\Sdks\Microsoft.NET.Sdk\targets\Microsoft.NET.Sdk.DefaultItems.targets (35,5)
       C:\Program Files\dotnet\sdk\9.0.304\Sdks\Microsoft.NET.Sdk\targets\Microsoft.NET.Sdk.DefaultItems.targets(36,5): message : Reatribui├º├úo de propriedade: $(DefaultItemExcludes)=";bin\Debug\/**;obj\Debug\/**;bin\/**;obj\/**;**/*.user;**/*.*proj;**/*.sln;**/*.slnx;**/*.vssscc" (valor anterior: ";bin\Debug\/**;obj\Debug\/**;bin\/**;obj\/**;**/*.user;**/*.*proj;**/*.sln;**/*.slnx") em C:\Program Files\dotnet\sdk\9.0.304\Sdks\Microsoft.NET.Sdk\targets\Microsoft.NET.Sdk.DefaultItems.targets (36,5)
       C:\Program Files\dotnet\sdk\9.0.304\Sdks\Microsoft.NET.Sdk\targets\Microsoft.NET.Sdk.DefaultItems.targets(37,5): message : Reatribui├º├úo de propriedade: $(DefaultItemExcludes)=";bin\Debug\/**;obj\Debug\/**;bin\/**;obj\/**;**/*.user;**/*.*proj;**/*.sln;**/*.slnx;**/*.vssscc;**/.DS_Store" (valor anterior: ";bin\Debug\/**;obj\Debug\/**;bin\/**;obj\/**;**/*.user;**/*.*proj;**/*.sln;**/*.slnx;**/*.vssscc") em C:\Program Files\dotnet\sdk\9.0.304\Sdks\Microsoft.NET.Sdk\targets\Microsoft.NET.Sdk.DefaultItems.targets (37,5)
       C:\Program Files\dotnet\sdk\9.0.304\Sdks\Microsoft.NET.Sdk\targets\Microsoft.NET.Sdk.FrameworkReferenceResolution.targets(14,5): message : Reatribui├º├úo de propriedade: $(ResolveAssemblyReferencesDependsOn)="
       C:\Program Files\dotnet\sdk\9.0.304\Sdks\Microsoft.NET.Sdk\targets\Microsoft.NET.Sdk.FrameworkReferenceResolution.targets(14,5): message :       
       C:\Program Files\dotnet\sdk\9.0.304\Sdks\Microsoft.NET.Sdk\targets\Microsoft.NET.Sdk.FrameworkReferenceResolution.targets(14,5): message :       
       C:\Program Files\dotnet\sdk\9.0.304\Sdks\Microsoft.NET.Sdk\targets\Microsoft.NET.Sdk.FrameworkReferenceResolution.targets(14,5): message :       ResolveProjectReferences;
       C:\Program Files\dotnet\sdk\9.0.304\Sdks\Microsoft.NET.Sdk\targets\Microsoft.NET.Sdk.FrameworkReferenceResolution.targets(14,5): message :       FindInvalidProjectReferences;
       C:\Program Files\dotnet\sdk\9.0.304\Sdks\Microsoft.NET.Sdk\targets\Microsoft.NET.Sdk.FrameworkReferenceResolution.targets(14,5): message :       GetFrameworkPaths;
       C:\Program Files\dotnet\sdk\9.0.304\Sdks\Microsoft.NET.Sdk\targets\Microsoft.NET.Sdk.FrameworkReferenceResolution.targets(14,5): message :       GetReferenceAssemblyPaths;
       C:\Program Files\dotnet\sdk\9.0.304\Sdks\Microsoft.NET.Sdk\targets\Microsoft.NET.Sdk.FrameworkReferenceResolution.targets(14,5): message :       PrepareForBuild;
       C:\Program Files\dotnet\sdk\9.0.304\Sdks\Microsoft.NET.Sdk\targets\Microsoft.NET.Sdk.FrameworkReferenceResolution.targets(14,5): message :       ResolveSDKReferences;
       C:\Program Files\dotnet\sdk\9.0.304\Sdks\Microsoft.NET.Sdk\targets\Microsoft.NET.Sdk.FrameworkReferenceResolution.targets(14,5): message :       ExpandSDKReferences;
       C:\Program Files\dotnet\sdk\9.0.304\Sdks\Microsoft.NET.Sdk\targets\Microsoft.NET.Sdk.FrameworkReferenceResolution.targets(14,5): message :     ;
       C:\Program Files\dotnet\sdk\9.0.304\Sdks\Microsoft.NET.Sdk\targets\Microsoft.NET.Sdk.FrameworkReferenceResolution.targets(14,5): message :       ResolvePackageDependenciesForBuild;
       C:\Program Files\dotnet\sdk\9.0.304\Sdks\Microsoft.NET.Sdk\targets\Microsoft.NET.Sdk.FrameworkReferenceResolution.targets(14,5): message :       _HandlePackageFileConflicts;
       C:\Program Files\dotnet\sdk\9.0.304\Sdks\Microsoft.NET.Sdk\targets\Microsoft.NET.Sdk.FrameworkReferenceResolution.targets(14,5): message :     ;
       C:\Program Files\dotnet\sdk\9.0.304\Sdks\Microsoft.NET.Sdk\targets\Microsoft.NET.Sdk.FrameworkReferenceResolution.targets(14,5): message :       ResolveTargetingPackAssets;
       C:\Program Files\dotnet\sdk\9.0.304\Sdks\Microsoft.NET.Sdk\targets\Microsoft.NET.Sdk.FrameworkReferenceResolution.targets(14,5): message :     " (valor anterior: "
       C:\Program Files\dotnet\sdk\9.0.304\Sdks\Microsoft.NET.Sdk\targets\Microsoft.NET.Sdk.FrameworkReferenceResolution.targets(14,5): message :       
       C:\Program Files\dotnet\sdk\9.0.304\Sdks\Microsoft.NET.Sdk\targets\Microsoft.NET.Sdk.FrameworkReferenceResolution.targets(14,5): message :       ResolveProjectReferences;
       C:\Program Files\dotnet\sdk\9.0.304\Sdks\Microsoft.NET.Sdk\targets\Microsoft.NET.Sdk.FrameworkReferenceResolution.targets(14,5): message :       FindInvalidProjectReferences;
       C:\Program Files\dotnet\sdk\9.0.304\Sdks\Microsoft.NET.Sdk\targets\Microsoft.NET.Sdk.FrameworkReferenceResolution.targets(14,5): message :       GetFrameworkPaths;
       C:\Program Files\dotnet\sdk\9.0.304\Sdks\Microsoft.NET.Sdk\targets\Microsoft.NET.Sdk.FrameworkReferenceResolution.targets(14,5): message :       GetReferenceAssemblyPaths;
       C:\Program Files\dotnet\sdk\9.0.304\Sdks\Microsoft.NET.Sdk\targets\Microsoft.NET.Sdk.FrameworkReferenceResolution.targets(14,5): message :       PrepareForBuild;
       C:\Program Files\dotnet\sdk\9.0.304\Sdks\Microsoft.NET.Sdk\targets\Microsoft.NET.Sdk.FrameworkReferenceResolution.targets(14,5): message :       ResolveSDKReferences;
       C:\Program Files\dotnet\sdk\9.0.304\Sdks\Microsoft.NET.Sdk\targets\Microsoft.NET.Sdk.FrameworkReferenceResolution.targets(14,5): message :       ExpandSDKReferences;
       C:\Program Files\dotnet\sdk\9.0.304\Sdks\Microsoft.NET.Sdk\targets\Microsoft.NET.Sdk.FrameworkReferenceResolution.targets(14,5): message :     ;
       C:\Program Files\dotnet\sdk\9.0.304\Sdks\Microsoft.NET.Sdk\targets\Microsoft.NET.Sdk.FrameworkReferenceResolution.targets(14,5): message :       ResolvePackageDependenciesForBuild;
       C:\Program Files\dotnet\sdk\9.0.304\Sdks\Microsoft.NET.Sdk\targets\Microsoft.NET.Sdk.FrameworkReferenceResolution.targets(14,5): message :       _HandlePackageFileConflicts;
       C:\Program Files\dotnet\sdk\9.0.304\Sdks\Microsoft.NET.Sdk\targets\Microsoft.NET.Sdk.FrameworkReferenceResolution.targets(14,5): message :     ") em C:\Program Files\dotnet\sdk\9.0.304\Sdks\Microsoft.NET.Sdk\targets\Microsoft.NET.Sdk.FrameworkReferenceResolution.targets (14,5)
       C:\Program Files\dotnet\sdk\9.0.304\Sdks\Microsoft.NET.Sdk\targets\Microsoft.NET.Sdk.targets(44,5): message : Reatribui├º├úo de propriedade: $(_GenerateRuntimeConfigurationPropertyInputsCache)="D:\PROJETOS\LAUNCHER C#\launcher\obj\Debug\net9.0-windows\win-x64\L2Updater.genruntimeconfig.cache" (valor anterior: "obj\Debug\net9.0-windows\win-x64\L2Updater.genruntimeconfig.cache") em C:\Program Files\dotnet\sdk\9.0.304\Sdks\Microsoft.NET.Sdk\targets\Microsoft.NET.Sdk.targets (44,5)
       C:\Program Files\dotnet\sdk\9.0.304\Sdks\Microsoft.NET.Sdk\targets\Microsoft.NET.Sdk.targets(46,5): message : Reatribui├º├úo de propriedade: $(_GeneratePublishDependencyFilePropertyInputsCache)="D:\PROJETOS\LAUNCHER C#\launcher\obj\Debug\net9.0-windows\win-x64\L2Updater.genpublishdeps.cache" (valor anterior: "obj\Debug\net9.0-windows\win-x64\L2Updater.genpublishdeps.cache") em C:\Program Files\dotnet\sdk\9.0.304\Sdks\Microsoft.NET.Sdk\targets\Microsoft.NET.Sdk.targets (46,5)
       C:\Program Files\dotnet\sdk\9.0.304\Sdks\Microsoft.NET.Sdk\targets\Microsoft.NET.Sdk.targets(48,5): message : Reatribui├º├úo de propriedade: $(_GenerateSingleFileBundlePropertyInputsCache)="D:\PROJETOS\LAUNCHER C#\launcher\obj\Debug\net9.0-windows\win-x64\L2Updater.genbundle.cache" (valor anterior: "obj\Debug\net9.0-windows\win-x64\L2Updater.genbundle.cache") em C:\Program Files\dotnet\sdk\9.0.304\Sdks\Microsoft.NET.Sdk\targets\Microsoft.NET.Sdk.targets (48,5)
       C:\Program Files\dotnet\sdk\9.0.304\Sdks\Microsoft.NET.Sdk\targets\Microsoft.NET.Sdk.targets(81,5): message : Reatribui├º├úo de propriedade: $(GenerateRuntimeConfigDevFile)="false" (valor anterior: "true") em C:\Program Files\dotnet\sdk\9.0.304\Sdks\Microsoft.NET.Sdk\targets\Microsoft.NET.Sdk.targets (81,5)
       C:\Program Files\dotnet\sdk\9.0.304\Sdks\Microsoft.NET.Sdk\targets\Microsoft.NET.Sdk.targets(97,5): message : Reatribui├º├úo de propriedade: $(_DefaultUserProfileRuntimeStorePath)="C:\Users\danie" (valor anterior: "") em C:\Program Files\dotnet\sdk\9.0.304\Sdks\Microsoft.NET.Sdk\targets\Microsoft.NET.Sdk.targets (97,5)
       C:\Program Files\dotnet\sdk\9.0.304\Sdks\Microsoft.NET.Sdk\targets\Microsoft.NET.Sdk.targets(98,5): message : Reatribui├º├úo de propriedade: $(_DefaultUserProfileRuntimeStorePath)="C:\Users\danie\.dotnet\store" (valor anterior: "C:\Users\danie") em C:\Program Files\dotnet\sdk\9.0.304\Sdks\Microsoft.NET.Sdk\targets\Microsoft.NET.Sdk.targets (98,5)
       C:\Program Files\dotnet\sdk\9.0.304\Sdks\Microsoft.NET.Sdk\targets\Microsoft.NET.Sdk.targets(140,5): message : Reatribui├º├úo de propriedade: $(AvailablePlatforms)="Any CPU,x86,x64,ARM32" (valor anterior: "Any CPU,x86,x64") em C:\Program Files\dotnet\sdk\9.0.304\Sdks\Microsoft.NET.Sdk\targets\Microsoft.NET.Sdk.targets (140,5)
       C:\Program Files\dotnet\sdk\9.0.304\Sdks\Microsoft.NET.Sdk\targets\Microsoft.NET.Sdk.targets(144,5): message : Reatribui├º├úo de propriedade: $(AvailablePlatforms)="Any CPU,x86,x64,ARM32,ARM64" (valor anterior: "Any CPU,x86,x64,ARM32") em C:\Program Files\dotnet\sdk\9.0.304\Sdks\Microsoft.NET.Sdk\targets\Microsoft.NET.Sdk.targets (144,5)
       C:\Program Files\dotnet\sdk\9.0.304\Sdks\Microsoft.NET.Sdk\targets\Microsoft.NET.Sdk.targets(201,5): message : Reatribui├º├úo de propriedade: $(CoreBuildDependsOn)="
       C:\Program Files\dotnet\sdk\9.0.304\Sdks\Microsoft.NET.Sdk\targets\Microsoft.NET.Sdk.targets(201,5): message :       _CheckForBuildWithNoBuild;
       C:\Program Files\dotnet\sdk\9.0.304\Sdks\Microsoft.NET.Sdk\targets\Microsoft.NET.Sdk.targets(201,5): message :       
       C:\Program Files\dotnet\sdk\9.0.304\Sdks\Microsoft.NET.Sdk\targets\Microsoft.NET.Sdk.targets(201,5): message :       BuildOnlySettings;
       C:\Program Files\dotnet\sdk\9.0.304\Sdks\Microsoft.NET.Sdk\targets\Microsoft.NET.Sdk.targets(201,5): message :       PrepareForBuild;
       C:\Program Files\dotnet\sdk\9.0.304\Sdks\Microsoft.NET.Sdk\targets\Microsoft.NET.Sdk.targets(201,5): message :       PreBuildEvent;
       C:\Program Files\dotnet\sdk\9.0.304\Sdks\Microsoft.NET.Sdk\targets\Microsoft.NET.Sdk.targets(201,5): message :       ResolveReferences;
       C:\Program Files\dotnet\sdk\9.0.304\Sdks\Microsoft.NET.Sdk\targets\Microsoft.NET.Sdk.targets(201,5): message :       PrepareResources;
       C:\Program Files\dotnet\sdk\9.0.304\Sdks\Microsoft.NET.Sdk\targets\Microsoft.NET.Sdk.targets(201,5): message :       ResolveKeySource;
       C:\Program Files\dotnet\sdk\9.0.304\Sdks\Microsoft.NET.Sdk\targets\Microsoft.NET.Sdk.targets(201,5): message :       Compile;
       C:\Program Files\dotnet\sdk\9.0.304\Sdks\Microsoft.NET.Sdk\targets\Microsoft.NET.Sdk.targets(201,5): message :       ExportWindowsMDFile;
       C:\Program Files\dotnet\sdk\9.0.304\Sdks\Microsoft.NET.Sdk\targets\Microsoft.NET.Sdk.targets(201,5): message :       UnmanagedUnregistration;
       C:\Program Files\dotnet\sdk\9.0.304\Sdks\Microsoft.NET.Sdk\targets\Microsoft.NET.Sdk.targets(201,5): message :       GenerateSerializationAssemblies;
       C:\Program Files\dotnet\sdk\9.0.304\Sdks\Microsoft.NET.Sdk\targets\Microsoft.NET.Sdk.targets(201,5): message :       CreateSatelliteAssemblies;
       C:\Program Files\dotnet\sdk\9.0.304\Sdks\Microsoft.NET.Sdk\targets\Microsoft.NET.Sdk.targets(201,5): message :       GenerateManifests;
       C:\Program Files\dotnet\sdk\9.0.304\Sdks\Microsoft.NET.Sdk\targets\Microsoft.NET.Sdk.targets(201,5): message :       GetTargetPath;
       C:\Program Files\dotnet\sdk\9.0.304\Sdks\Microsoft.NET.Sdk\targets\Microsoft.NET.Sdk.targets(201,5): message :       PrepareForRun;
       C:\Program Files\dotnet\sdk\9.0.304\Sdks\Microsoft.NET.Sdk\targets\Microsoft.NET.Sdk.targets(201,5): message :       UnmanagedRegistration;
       C:\Program Files\dotnet\sdk\9.0.304\Sdks\Microsoft.NET.Sdk\targets\Microsoft.NET.Sdk.targets(201,5): message :       IncrementalClean;
       C:\Program Files\dotnet\sdk\9.0.304\Sdks\Microsoft.NET.Sdk\targets\Microsoft.NET.Sdk.targets(201,5): message :       PostBuildEvent
       C:\Program Files\dotnet\sdk\9.0.304\Sdks\Microsoft.NET.Sdk\targets\Microsoft.NET.Sdk.targets(201,5): message :     ;
       C:\Program Files\dotnet\sdk\9.0.304\Sdks\Microsoft.NET.Sdk\targets\Microsoft.NET.Sdk.targets(201,5): message :       GenerateBuildDependencyFile;
       C:\Program Files\dotnet\sdk\9.0.304\Sdks\Microsoft.NET.Sdk\targets\Microsoft.NET.Sdk.targets(201,5): message :       GenerateBuildRuntimeConfigurationFiles
       C:\Program Files\dotnet\sdk\9.0.304\Sdks\Microsoft.NET.Sdk\targets\Microsoft.NET.Sdk.targets(201,5): message :     " (valor anterior: "
       C:\Program Files\dotnet\sdk\9.0.304\Sdks\Microsoft.NET.Sdk\targets\Microsoft.NET.Sdk.targets(201,5): message :       BuildOnlySettings;
       C:\Program Files\dotnet\sdk\9.0.304\Sdks\Microsoft.NET.Sdk\targets\Microsoft.NET.Sdk.targets(201,5): message :       PrepareForBuild;
       C:\Program Files\dotnet\sdk\9.0.304\Sdks\Microsoft.NET.Sdk\targets\Microsoft.NET.Sdk.targets(201,5): message :       PreBuildEvent;
       C:\Program Files\dotnet\sdk\9.0.304\Sdks\Microsoft.NET.Sdk\targets\Microsoft.NET.Sdk.targets(201,5): message :       ResolveReferences;
       C:\Program Files\dotnet\sdk\9.0.304\Sdks\Microsoft.NET.Sdk\targets\Microsoft.NET.Sdk.targets(201,5): message :       PrepareResources;
       C:\Program Files\dotnet\sdk\9.0.304\Sdks\Microsoft.NET.Sdk\targets\Microsoft.NET.Sdk.targets(201,5): message :       ResolveKeySource;
       C:\Program Files\dotnet\sdk\9.0.304\Sdks\Microsoft.NET.Sdk\targets\Microsoft.NET.Sdk.targets(201,5): message :       Compile;
       C:\Program Files\dotnet\sdk\9.0.304\Sdks\Microsoft.NET.Sdk\targets\Microsoft.NET.Sdk.targets(201,5): message :       ExportWindowsMDFile;
       C:\Program Files\dotnet\sdk\9.0.304\Sdks\Microsoft.NET.Sdk\targets\Microsoft.NET.Sdk.targets(201,5): message :       UnmanagedUnregistration;
       C:\Program Files\dotnet\sdk\9.0.304\Sdks\Microsoft.NET.Sdk\targets\Microsoft.NET.Sdk.targets(201,5): message :       GenerateSerializationAssemblies;
       C:\Program Files\dotnet\sdk\9.0.304\Sdks\Microsoft.NET.Sdk\targets\Microsoft.NET.Sdk.targets(201,5): message :       CreateSatelliteAssemblies;
       C:\Program Files\dotnet\sdk\9.0.304\Sdks\Microsoft.NET.Sdk\targets\Microsoft.NET.Sdk.targets(201,5): message :       GenerateManifests;
       C:\Program Files\dotnet\sdk\9.0.304\Sdks\Microsoft.NET.Sdk\targets\Microsoft.NET.Sdk.targets(201,5): message :       GetTargetPath;
       C:\Program Files\dotnet\sdk\9.0.304\Sdks\Microsoft.NET.Sdk\targets\Microsoft.NET.Sdk.targets(201,5): message :       PrepareForRun;
       C:\Program Files\dotnet\sdk\9.0.304\Sdks\Microsoft.NET.Sdk\targets\Microsoft.NET.Sdk.targets(201,5): message :       UnmanagedRegistration;
       C:\Program Files\dotnet\sdk\9.0.304\Sdks\Microsoft.NET.Sdk\targets\Microsoft.NET.Sdk.targets(201,5): message :       IncrementalClean;
       C:\Program Files\dotnet\sdk\9.0.304\Sdks\Microsoft.NET.Sdk\targets\Microsoft.NET.Sdk.targets(201,5): message :       PostBuildEvent
       C:\Program Files\dotnet\sdk\9.0.304\Sdks\Microsoft.NET.Sdk\targets\Microsoft.NET.Sdk.targets(201,5): message :     ") em C:\Program Files\dotnet\sdk\9.0.304\Sdks\Microsoft.NET.Sdk\targets\Microsoft.NET.Sdk.targets (201,5)
       C:\Program Files\dotnet\sdk\9.0.304\Sdks\Microsoft.NET.Sdk\targets\Microsoft.NET.Sdk.targets(210,5): message : Reatribui├º├úo de propriedade: $(CoreCleanDependsOn)="
       C:\Program Files\dotnet\sdk\9.0.304\Sdks\Microsoft.NET.Sdk\targets\Microsoft.NET.Sdk.targets(210,5): message :       _SdkBeforeClean;
       C:\Program Files\dotnet\sdk\9.0.304\Sdks\Microsoft.NET.Sdk\targets\Microsoft.NET.Sdk.targets(210,5): message :       
       C:\Program Files\dotnet\sdk\9.0.304\Sdks\Microsoft.NET.Sdk\targets\Microsoft.NET.Sdk.targets(210,5): message :     " (valor anterior: "") em C:\Program Files\dotnet\sdk\9.0.304\Sdks\Microsoft.NET.Sdk\targets\Microsoft.NET.Sdk.targets (210,5)
       C:\Program Files\dotnet\sdk\9.0.304\Sdks\Microsoft.NET.Sdk\targets\Microsoft.NET.Sdk.targets(217,5): message : Reatribui├º├úo de propriedade: $(RebuildDependsOn)="
       C:\Program Files\dotnet\sdk\9.0.304\Sdks\Microsoft.NET.Sdk\targets\Microsoft.NET.Sdk.targets(217,5): message :       _SdkBeforeRebuild;
       C:\Program Files\dotnet\sdk\9.0.304\Sdks\Microsoft.NET.Sdk\targets\Microsoft.NET.Sdk.targets(217,5): message :       
       C:\Program Files\dotnet\sdk\9.0.304\Sdks\Microsoft.NET.Sdk\targets\Microsoft.NET.Sdk.targets(217,5): message :       BeforeRebuild;
       C:\Program Files\dotnet\sdk\9.0.304\Sdks\Microsoft.NET.Sdk\targets\Microsoft.NET.Sdk.targets(217,5): message :       Clean;
       C:\Program Files\dotnet\sdk\9.0.304\Sdks\Microsoft.NET.Sdk\targets\Microsoft.NET.Sdk.targets(217,5): message :       Build;
       C:\Program Files\dotnet\sdk\9.0.304\Sdks\Microsoft.NET.Sdk\targets\Microsoft.NET.Sdk.targets(217,5): message :       AfterRebuild;
       C:\Program Files\dotnet\sdk\9.0.304\Sdks\Microsoft.NET.Sdk\targets\Microsoft.NET.Sdk.targets(217,5): message :     
       C:\Program Files\dotnet\sdk\9.0.304\Sdks\Microsoft.NET.Sdk\targets\Microsoft.NET.Sdk.targets(217,5): message :     " (valor anterior: "
       C:\Program Files\dotnet\sdk\9.0.304\Sdks\Microsoft.NET.Sdk\targets\Microsoft.NET.Sdk.targets(217,5): message :       BeforeRebuild;
       C:\Program Files\dotnet\sdk\9.0.304\Sdks\Microsoft.NET.Sdk\targets\Microsoft.NET.Sdk.targets(217,5): message :       Clean;
       C:\Program Files\dotnet\sdk\9.0.304\Sdks\Microsoft.NET.Sdk\targets\Microsoft.NET.Sdk.targets(217,5): message :       Build;
       C:\Program Files\dotnet\sdk\9.0.304\Sdks\Microsoft.NET.Sdk\targets\Microsoft.NET.Sdk.targets(217,5): message :       AfterRebuild;
       C:\Program Files\dotnet\sdk\9.0.304\Sdks\Microsoft.NET.Sdk\targets\Microsoft.NET.Sdk.targets(217,5): message :     ") em C:\Program Files\dotnet\sdk\9.0.304\Sdks\Microsoft.NET.Sdk\targets\Microsoft.NET.Sdk.targets (217,5)
       C:\Program Files\dotnet\sdk\9.0.304\Sdks\Microsoft.NET.Sdk\targets\Microsoft.NET.Sdk.targets(784,5): message : Reatribui├º├úo de propriedade: $(CompileDependsOn)="
       C:\Program Files\dotnet\sdk\9.0.304\Sdks\Microsoft.NET.Sdk\targets\Microsoft.NET.Sdk.targets(784,5): message :       
       C:\Program Files\dotnet\sdk\9.0.304\Sdks\Microsoft.NET.Sdk\targets\Microsoft.NET.Sdk.targets(784,5): message :       ResolveReferences;
       C:\Program Files\dotnet\sdk\9.0.304\Sdks\Microsoft.NET.Sdk\targets\Microsoft.NET.Sdk.targets(784,5): message :       ResolveKeySource;
       C:\Program Files\dotnet\sdk\9.0.304\Sdks\Microsoft.NET.Sdk\targets\Microsoft.NET.Sdk.targets(784,5): message :       SetWin32ManifestProperties;
       C:\Program Files\dotnet\sdk\9.0.304\Sdks\Microsoft.NET.Sdk\targets\Microsoft.NET.Sdk.targets(784,5): message :       _SetPreferNativeArm64Win32ManifestProperties;
       C:\Program Files\dotnet\sdk\9.0.304\Sdks\Microsoft.NET.Sdk\targets\Microsoft.NET.Sdk.targets(784,5): message :       FindReferenceAssembliesForReferences;
       C:\Program Files\dotnet\sdk\9.0.304\Sdks\Microsoft.NET.Sdk\targets\Microsoft.NET.Sdk.targets(784,5): message :       _GenerateCompileInputs;
       C:\Program Files\dotnet\sdk\9.0.304\Sdks\Microsoft.NET.Sdk\targets\Microsoft.NET.Sdk.targets(784,5): message :       BeforeCompile;
       C:\Program Files\dotnet\sdk\9.0.304\Sdks\Microsoft.NET.Sdk\targets\Microsoft.NET.Sdk.targets(784,5): message :       _TimeStampBeforeCompile;
       C:\Program Files\dotnet\sdk\9.0.304\Sdks\Microsoft.NET.Sdk\targets\Microsoft.NET.Sdk.targets(784,5): message :       _GenerateCompileDependencyCache;
       C:\Program Files\dotnet\sdk\9.0.304\Sdks\Microsoft.NET.Sdk\targets\Microsoft.NET.Sdk.targets(784,5): message :       CoreCompile;
       C:\Program Files\dotnet\sdk\9.0.304\Sdks\Microsoft.NET.Sdk\targets\Microsoft.NET.Sdk.targets(784,5): message :       _TimeStampAfterCompile;
       C:\Program Files\dotnet\sdk\9.0.304\Sdks\Microsoft.NET.Sdk\targets\Microsoft.NET.Sdk.targets(784,5): message :       AfterCompile;
       C:\Program Files\dotnet\sdk\9.0.304\Sdks\Microsoft.NET.Sdk\targets\Microsoft.NET.Sdk.targets(784,5): message :     ;
       C:\Program Files\dotnet\sdk\9.0.304\Sdks\Microsoft.NET.Sdk\targets\Microsoft.NET.Sdk.targets(784,5): message :       _CreateAppHost;
       C:\Program Files\dotnet\sdk\9.0.304\Sdks\Microsoft.NET.Sdk\targets\Microsoft.NET.Sdk.targets(784,5): message :       _CreateComHost;
       C:\Program Files\dotnet\sdk\9.0.304\Sdks\Microsoft.NET.Sdk\targets\Microsoft.NET.Sdk.targets(784,5): message :       _GetIjwHostPaths;
       C:\Program Files\dotnet\sdk\9.0.304\Sdks\Microsoft.NET.Sdk\targets\Microsoft.NET.Sdk.targets(784,5): message :     " (valor anterior: "
       C:\Program Files\dotnet\sdk\9.0.304\Sdks\Microsoft.NET.Sdk\targets\Microsoft.NET.Sdk.targets(784,5): message :       ResolveReferences;
       C:\Program Files\dotnet\sdk\9.0.304\Sdks\Microsoft.NET.Sdk\targets\Microsoft.NET.Sdk.targets(784,5): message :       ResolveKeySource;
       C:\Program Files\dotnet\sdk\9.0.304\Sdks\Microsoft.NET.Sdk\targets\Microsoft.NET.Sdk.targets(784,5): message :       SetWin32ManifestProperties;
       C:\Program Files\dotnet\sdk\9.0.304\Sdks\Microsoft.NET.Sdk\targets\Microsoft.NET.Sdk.targets(784,5): message :       _SetPreferNativeArm64Win32ManifestProperties;
       C:\Program Files\dotnet\sdk\9.0.304\Sdks\Microsoft.NET.Sdk\targets\Microsoft.NET.Sdk.targets(784,5): message :       FindReferenceAssembliesForReferences;
       C:\Program Files\dotnet\sdk\9.0.304\Sdks\Microsoft.NET.Sdk\targets\Microsoft.NET.Sdk.targets(784,5): message :       _GenerateCompileInputs;
       C:\Program Files\dotnet\sdk\9.0.304\Sdks\Microsoft.NET.Sdk\targets\Microsoft.NET.Sdk.targets(784,5): message :       BeforeCompile;
       C:\Program Files\dotnet\sdk\9.0.304\Sdks\Microsoft.NET.Sdk\targets\Microsoft.NET.Sdk.targets(784,5): message :       _TimeStampBeforeCompile;
       C:\Program Files\dotnet\sdk\9.0.304\Sdks\Microsoft.NET.Sdk\targets\Microsoft.NET.Sdk.targets(784,5): message :       _GenerateCompileDependencyCache;
       C:\Program Files\dotnet\sdk\9.0.304\Sdks\Microsoft.NET.Sdk\targets\Microsoft.NET.Sdk.targets(784,5): message :       CoreCompile;
       C:\Program Files\dotnet\sdk\9.0.304\Sdks\Microsoft.NET.Sdk\targets\Microsoft.NET.Sdk.targets(784,5): message :       _TimeStampAfterCompile;
       C:\Program Files\dotnet\sdk\9.0.304\Sdks\Microsoft.NET.Sdk\targets\Microsoft.NET.Sdk.targets(784,5): message :       AfterCompile;
       C:\Program Files\dotnet\sdk\9.0.304\Sdks\Microsoft.NET.Sdk\targets\Microsoft.NET.Sdk.targets(784,5): message :     ") em C:\Program Files\dotnet\sdk\9.0.304\Sdks\Microsoft.NET.Sdk\targets\Microsoft.NET.Sdk.targets (784,5)
       C:\Program Files\dotnet\sdk\9.0.304\Sdks\Microsoft.NET.Sdk\targets\Microsoft.NET.Sdk.targets(1184,5): message : Reatribui├º├úo de propriedade: $(CreateSatelliteAssembliesDependsOn)="
       C:\Program Files\dotnet\sdk\9.0.304\Sdks\Microsoft.NET.Sdk\targets\Microsoft.NET.Sdk.targets(1184,5): message :       
       C:\Program Files\dotnet\sdk\9.0.304\Sdks\Microsoft.NET.Sdk\targets\Microsoft.NET.Sdk.targets(1184,5): message :       ;
       C:\Program Files\dotnet\sdk\9.0.304\Sdks\Microsoft.NET.Sdk\targets\Microsoft.NET.Sdk.targets(1184,5): message :       _GenerateSatelliteAssemblyInputs;
       C:\Program Files\dotnet\sdk\9.0.304\Sdks\Microsoft.NET.Sdk\targets\Microsoft.NET.Sdk.targets(1184,5): message :       ComputeIntermediateSatelliteAssemblies;
       C:\Program Files\dotnet\sdk\9.0.304\Sdks\Microsoft.NET.Sdk\targets\Microsoft.NET.Sdk.targets(1184,5): message :       GenerateSatelliteAssemblies
       C:\Program Files\dotnet\sdk\9.0.304\Sdks\Microsoft.NET.Sdk\targets\Microsoft.NET.Sdk.targets(1184,5): message :     ;
       C:\Program Files\dotnet\sdk\9.0.304\Sdks\Microsoft.NET.Sdk\targets\Microsoft.NET.Sdk.targets(1184,5): message :       CoreGenerateSatelliteAssemblies
       C:\Program Files\dotnet\sdk\9.0.304\Sdks\Microsoft.NET.Sdk\targets\Microsoft.NET.Sdk.targets(1184,5): message :     " (valor anterior: "
       C:\Program Files\dotnet\sdk\9.0.304\Sdks\Microsoft.NET.Sdk\targets\Microsoft.NET.Sdk.targets(1184,5): message :       ;
       C:\Program Files\dotnet\sdk\9.0.304\Sdks\Microsoft.NET.Sdk\targets\Microsoft.NET.Sdk.targets(1184,5): message :       _GenerateSatelliteAssemblyInputs;
       C:\Program Files\dotnet\sdk\9.0.304\Sdks\Microsoft.NET.Sdk\targets\Microsoft.NET.Sdk.targets(1184,5): message :       ComputeIntermediateSatelliteAssemblies;
       C:\Program Files\dotnet\sdk\9.0.304\Sdks\Microsoft.NET.Sdk\targets\Microsoft.NET.Sdk.targets(1184,5): message :       GenerateSatelliteAssemblies
       C:\Program Files\dotnet\sdk\9.0.304\Sdks\Microsoft.NET.Sdk\targets\Microsoft.NET.Sdk.targets(1184,5): message :     ") em C:\Program Files\dotnet\sdk\9.0.304\Sdks\Microsoft.NET.Sdk\targets\Microsoft.NET.Sdk.targets (1184,5)
       C:\Program Files\dotnet\sdk\9.0.304\Sdks\Microsoft.SourceLink.GitLab\build\Microsoft.SourceLink.GitLab.targets(12,5): message : Reatribui├º├úo de propriedade: $(SourceLinkUrlInitializerTargets)=";_InitializeGitHubSourceLinkUrl;_InitializeGitLabSourceLinkUrl" (valor anterior: ";_InitializeGitHubSourceLinkUrl") em C:\Program Files\dotnet\sdk\9.0.304\Sdks\Microsoft.SourceLink.GitLab\build\Microsoft.SourceLink.GitLab.targets (12,5)
       C:\Program Files\dotnet\sdk\9.0.304\Sdks\Microsoft.SourceLink.GitLab\build\Microsoft.SourceLink.GitLab.targets(13,5): message : Reatribui├º├úo de propriedade: $(SourceControlManagerUrlTranslationTargets)=";TranslateGitHubUrlsInSourceControlInformation;TranslateGitLabUrlsInSourceControlInformation" (valor anterior: ";TranslateGitHubUrlsInSourceControlInformation") em C:\Program Files\dotnet\sdk\9.0.304\Sdks\Microsoft.SourceLink.GitLab\build\Microsoft.SourceLink.GitLab.targets (13,5)
       C:\Program Files\dotnet\sdk\9.0.304\Sdks\Microsoft.SourceLink.AzureRepos.Git\build\Microsoft.SourceLink.AzureRepos.Git.targets(12,5): message : Reatribui├º├úo de propriedade: $(SourceLinkUrlInitializerTargets)=";_InitializeGitHubSourceLinkUrl;_InitializeGitLabSourceLinkUrl;_InitializeAzureReposGitSourceLinkUrl" (valor anterior: ";_InitializeGitHubSourceLinkUrl;_InitializeGitLabSourceLinkUrl") em C:\Program Files\dotnet\sdk\9.0.304\Sdks\Microsoft.SourceLink.AzureRepos.Git\build\Microsoft.SourceLink.AzureRepos.Git.targets (12,5)
       C:\Program Files\dotnet\sdk\9.0.304\Sdks\Microsoft.SourceLink.AzureRepos.Git\build\Microsoft.SourceLink.AzureRepos.Git.targets(13,5): message : Reatribui├º├úo de propriedade: $(SourceControlManagerUrlTranslationTargets)=";TranslateGitHubUrlsInSourceControlInformation;TranslateGitLabUrlsInSourceControlInformation;TranslateAzureReposGitUrlsInSourceControlInformation" (valor anterior: ";TranslateGitHubUrlsInSourceControlInformation;TranslateGitLabUrlsInSourceControlInformation") em C:\Program Files\dotnet\sdk\9.0.304\Sdks\Microsoft.SourceLink.AzureRepos.Git\build\Microsoft.SourceLink.AzureRepos.Git.targets (13,5)
       C:\Program Files\dotnet\sdk\9.0.304\Sdks\Microsoft.SourceLink.Bitbucket.Git\build\Microsoft.SourceLink.Bitbucket.Git.targets(12,5): message : Reatribui├º├úo de propriedade: $(SourceLinkUrlInitializerTargets)=";_InitializeGitHubSourceLinkUrl;_InitializeGitLabSourceLinkUrl;_InitializeAzureReposGitSourceLinkUrl;_InitializeBitbucketGitSourceLinkUrl" (valor anterior: ";_InitializeGitHubSourceLinkUrl;_InitializeGitLabSourceLinkUrl;_InitializeAzureReposGitSourceLinkUrl") em C:\Program Files\dotnet\sdk\9.0.304\Sdks\Microsoft.SourceLink.Bitbucket.Git\build\Microsoft.SourceLink.Bitbucket.Git.targets (12,5)
       C:\Program Files\dotnet\sdk\9.0.304\Sdks\Microsoft.SourceLink.Bitbucket.Git\build\Microsoft.SourceLink.Bitbucket.Git.targets(13,5): message : Reatribui├º├úo de propriedade: $(SourceControlManagerUrlTranslationTargets)=";TranslateGitHubUrlsInSourceControlInformation;TranslateGitLabUrlsInSourceControlInformation;TranslateAzureReposGitUrlsInSourceControlInformation;TranslateBitbucketGitUrlsInSourceControlInformation" (valor anterior: ";TranslateGitHubUrlsInSourceControlInformation;TranslateGitLabUrlsInSourceControlInformation;TranslateAzureReposGitUrlsInSourceControlInformation") em C:\Program Files\dotnet\sdk\9.0.304\Sdks\Microsoft.SourceLink.Bitbucket.Git\build\Microsoft.SourceLink.Bitbucket.Git.targets (13,5)
       C:\Program Files\dotnet\sdk\9.0.304\Sdks\Microsoft.NET.Sdk\targets\Microsoft.NET.DesignerSupport.targets(21,5): message : Reatribui├º├úo de propriedade: $(DesignerRuntimeImplementationProjectOutputGroupDependsOn)="
       C:\Program Files\dotnet\sdk\9.0.304\Sdks\Microsoft.NET.Sdk\targets\Microsoft.NET.DesignerSupport.targets(21,5): message :       
       C:\Program Files\dotnet\sdk\9.0.304\Sdks\Microsoft.NET.Sdk\targets\Microsoft.NET.DesignerSupport.targets(21,5): message :       ;
       C:\Program Files\dotnet\sdk\9.0.304\Sdks\Microsoft.NET.Sdk\targets\Microsoft.NET.DesignerSupport.targets(21,5): message :       
       C:\Program Files\dotnet\sdk\9.0.304\Sdks\Microsoft.NET.Sdk\targets\Microsoft.NET.DesignerSupport.targets(21,5): message :       ;
       C:\Program Files\dotnet\sdk\9.0.304\Sdks\Microsoft.NET.Sdk\targets\Microsoft.NET.DesignerSupport.targets(21,5): message :       BuildOnlySettings;
       C:\Program Files\dotnet\sdk\9.0.304\Sdks\Microsoft.NET.Sdk\targets\Microsoft.NET.DesignerSupport.targets(21,5): message :       PrepareForBuild;
       C:\Program Files\dotnet\sdk\9.0.304\Sdks\Microsoft.NET.Sdk\targets\Microsoft.NET.DesignerSupport.targets(21,5): message :       AssignTargetPaths;
       C:\Program Files\dotnet\sdk\9.0.304\Sdks\Microsoft.NET.Sdk\targets\Microsoft.NET.DesignerSupport.targets(21,5): message :       ResolveReferences
       C:\Program Files\dotnet\sdk\9.0.304\Sdks\Microsoft.NET.Sdk\targets\Microsoft.NET.DesignerSupport.targets(21,5): message :     
       C:\Program Files\dotnet\sdk\9.0.304\Sdks\Microsoft.NET.Sdk\targets\Microsoft.NET.DesignerSupport.targets(21,5): message :     ;
       C:\Program Files\dotnet\sdk\9.0.304\Sdks\Microsoft.NET.Sdk\targets\Microsoft.NET.DesignerSupport.targets(21,5): message :       _GenerateDesignerDepsFile;
       C:\Program Files\dotnet\sdk\9.0.304\Sdks\Microsoft.NET.Sdk\targets\Microsoft.NET.DesignerSupport.targets(21,5): message :       _GenerateDesignerRuntimeConfigFile;
       C:\Program Files\dotnet\sdk\9.0.304\Sdks\Microsoft.NET.Sdk\targets\Microsoft.NET.DesignerSupport.targets(21,5): message :       GetCopyToOutputDirectoryItems;
       C:\Program Files\dotnet\sdk\9.0.304\Sdks\Microsoft.NET.Sdk\targets\Microsoft.NET.DesignerSupport.targets(21,5): message :       _GatherDesignerShadowCopyFiles;
       C:\Program Files\dotnet\sdk\9.0.304\Sdks\Microsoft.NET.Sdk\targets\Microsoft.NET.DesignerSupport.targets(21,5): message :     " (valor anterior: "
       C:\Program Files\dotnet\sdk\9.0.304\Sdks\Microsoft.NET.Sdk\targets\Microsoft.NET.DesignerSupport.targets(21,5): message :       ;
       C:\Program Files\dotnet\sdk\9.0.304\Sdks\Microsoft.NET.Sdk\targets\Microsoft.NET.DesignerSupport.targets(21,5): message :       
       C:\Program Files\dotnet\sdk\9.0.304\Sdks\Microsoft.NET.Sdk\targets\Microsoft.NET.DesignerSupport.targets(21,5): message :       ;
       C:\Program Files\dotnet\sdk\9.0.304\Sdks\Microsoft.NET.Sdk\targets\Microsoft.NET.DesignerSupport.targets(21,5): message :       BuildOnlySettings;
       C:\Program Files\dotnet\sdk\9.0.304\Sdks\Microsoft.NET.Sdk\targets\Microsoft.NET.DesignerSupport.targets(21,5): message :       PrepareForBuild;
       C:\Program Files\dotnet\sdk\9.0.304\Sdks\Microsoft.NET.Sdk\targets\Microsoft.NET.DesignerSupport.targets(21,5): message :       AssignTargetPaths;
       C:\Program Files\dotnet\sdk\9.0.304\Sdks\Microsoft.NET.Sdk\targets\Microsoft.NET.DesignerSupport.targets(21,5): message :       ResolveReferences
       C:\Program Files\dotnet\sdk\9.0.304\Sdks\Microsoft.NET.Sdk\targets\Microsoft.NET.DesignerSupport.targets(21,5): message :     
       C:\Program Files\dotnet\sdk\9.0.304\Sdks\Microsoft.NET.Sdk\targets\Microsoft.NET.DesignerSupport.targets(21,5): message :     ") em C:\Program Files\dotnet\sdk\9.0.304\Sdks\Microsoft.NET.Sdk\targets\Microsoft.NET.DesignerSupport.targets (21,5)
       C:\Program Files\dotnet\sdk\9.0.304\Sdks\Microsoft.NET.Sdk\targets\Microsoft.NET.PackTool.targets(68,5): message : Reatribui├º├úo de propriedade: $(_GenerateToolsSettingsFileCacheFile)="D:\PROJETOS\LAUNCHER C#\launcher\obj\Debug\net9.0-windows\win-x64\L2Updater.toolssettingsinput.cache" (valor anterior: "obj\Debug\net9.0-windows\win-x64\L2Updater.toolssettingsinput.cache") em C:\Program Files\dotnet\sdk\9.0.304\Sdks\Microsoft.NET.Sdk\targets\Microsoft.NET.PackTool.targets (68,5)
       C:\Program Files\dotnet\sdk\9.0.304\Sdks\Microsoft.NET.Sdk\targets\Microsoft.NET.PackTool.targets(137,5): message : Reatribui├º├úo de propriedade: $(_ShimInputCacheFile)="D:\PROJETOS\LAUNCHER C#\launcher\obj\Debug\net9.0-windows\win-x64\L2Updater.shiminput.cache" (valor anterior: "obj\Debug\net9.0-windows\win-x64\L2Updater.shiminput.cache") em C:\Program Files\dotnet\sdk\9.0.304\Sdks\Microsoft.NET.Sdk\targets\Microsoft.NET.PackTool.targets (137,5)
       C:\Program Files\dotnet\sdk\9.0.304\Sdks\Microsoft.NET.Sdk\targets\Microsoft.NET.PackTool.targets(139,5): message : Reatribui├º├úo de propriedade: $(_ShimCreatedSentinelFile)="D:\PROJETOS\LAUNCHER C#\launcher\obj\Debug\net9.0-windows\win-x64\L2Updater.shimcreated.sentinel" (valor anterior: "obj\Debug\net9.0-windows\win-x64\L2Updater.shimcreated.sentinel") em C:\Program Files\dotnet\sdk\9.0.304\Sdks\Microsoft.NET.Sdk\targets\Microsoft.NET.PackTool.targets (139,5)
       C:\Program Files\dotnet\sdk\9.0.304\Sdks\Microsoft.NET.Sdk\targets\Microsoft.NET.Sdk.CSharp.targets(31,5): message : Reatribui├º├úo de propriedade: $(DefineConstants)="TRACE;DEBUG" (valor anterior: "TRACE") em C:\Program Files\dotnet\sdk\9.0.304\Sdks\Microsoft.NET.Sdk\targets\Microsoft.NET.Sdk.CSharp.targets (31,5)
       C:\Program Files\dotnet\sdk\9.0.304\Sdks\Microsoft.NET.Sdk\targets\Microsoft.NET.Sdk.CSharp.targets(34,5): message : Reatribui├º├úo de propriedade: $(DefineConstants)="TRACE;DEBUG;NET;NET9_0;NETCOREAPP" (valor anterior: "TRACE;DEBUG") em C:\Program Files\dotnet\sdk\9.0.304\Sdks\Microsoft.NET.Sdk\targets\Microsoft.NET.Sdk.CSharp.targets (34,5)
       C:\Program Files\dotnet\sdk\9.0.304\Sdks\Microsoft.NET.Sdk\targets\Microsoft.NET.Sdk.CSharp.targets(48,5): message : Reatribui├º├úo de propriedade: $(WarningsAsErrors)=";NU1605;SYSLIB0011" (valor anterior: ";NU1605") em C:\Program Files\dotnet\sdk\9.0.304\Sdks\Microsoft.NET.Sdk\targets\Microsoft.NET.Sdk.CSharp.targets (48,5)
       C:\Program Files\dotnet\sdk\9.0.304\Sdks\Microsoft.NET.Sdk\targets\Microsoft.NET.Windows.targets(34,5): message : Reatribui├º├úo de propriedade: $(TargetPlatformVersion)="7.0" (valor anterior: "") em C:\Program Files\dotnet\sdk\9.0.304\Sdks\Microsoft.NET.Sdk\targets\Microsoft.NET.Windows.targets (34,5)
       C:\Program Files\dotnet\sdk\9.0.304\Sdks\Microsoft.NET.Sdk\targets\Microsoft.NET.Windows.targets(44,5): message : Reatribui├º├úo de propriedade: $(SupportedOSPlatformVersion)="7.0" (valor anterior: "") em C:\Program Files\dotnet\sdk\9.0.304\Sdks\Microsoft.NET.Sdk\targets\Microsoft.NET.Windows.targets (44,5)
       C:\Program Files\dotnet\sdk\9.0.304\Sdks\Microsoft.NET.Sdk\targets\Microsoft.NET.Windows.targets(45,5): message : Reatribui├º├úo de propriedade: $(TargetPlatformMinVersion)="7.0" (valor anterior: "") em C:\Program Files\dotnet\sdk\9.0.304\Sdks\Microsoft.NET.Sdk\targets\Microsoft.NET.Windows.targets (45,5)
       C:\Program Files\dotnet\sdk\9.0.304\Sdks\Microsoft.NET.Sdk\targets\Microsoft.NET.Sdk.targets(1473,5): message : Reatribui├º├úo de propriedade: $(TargetPlatformDisplayName)="Windows 7.0" (valor anterior: "Windows ") em C:\Program Files\dotnet\sdk\9.0.304\Sdks\Microsoft.NET.Sdk\targets\Microsoft.NET.Sdk.targets (1473,5)
       C:\Program Files\dotnet\sdk\9.0.304\Sdks\Microsoft.NET.Sdk.WindowsDesktop\targets\Microsoft.NET.Sdk.WindowsDesktop.targets(51,5): message : Reatribui├º├úo de propriedade: $(_TargetFrameworkVersionValue)="9.0" (valor anterior: "0.0") em C:\Program Files\dotnet\sdk\9.0.304\Sdks\Microsoft.NET.Sdk.WindowsDesktop\targets\Microsoft.NET.Sdk.WindowsDesktop.targets (51,5)
       C:\Program Files\dotnet\sdk\9.0.304\Sdks\Microsoft.NET.Sdk.WindowsDesktop\targets\Microsoft.WinFX.targets(61,7): message : Reatribui├º├úo de propriedade: $(PrepareResourceNamesDependsOn)="
       C:\Program Files\dotnet\sdk\9.0.304\Sdks\Microsoft.NET.Sdk.WindowsDesktop\targets\Microsoft.WinFX.targets(61,7): message :                     AssignWinFXEmbeddedResource;
       C:\Program Files\dotnet\sdk\9.0.304\Sdks\Microsoft.NET.Sdk.WindowsDesktop\targets\Microsoft.WinFX.targets(61,7): message :                     
       C:\Program Files\dotnet\sdk\9.0.304\Sdks\Microsoft.NET.Sdk.WindowsDesktop\targets\Microsoft.WinFX.targets(61,7): message :       AssignTargetPaths;
       C:\Program Files\dotnet\sdk\9.0.304\Sdks\Microsoft.NET.Sdk.WindowsDesktop\targets\Microsoft.WinFX.targets(61,7): message :       SplitResourcesByCulture;
       C:\Program Files\dotnet\sdk\9.0.304\Sdks\Microsoft.NET.Sdk.WindowsDesktop\targets\Microsoft.WinFX.targets(61,7): message :       CreateManifestResourceNames;
       C:\Program Files\dotnet\sdk\9.0.304\Sdks\Microsoft.NET.Sdk.WindowsDesktop\targets\Microsoft.WinFX.targets(61,7): message :       CreateCustomManifestResourceNames
       C:\Program Files\dotnet\sdk\9.0.304\Sdks\Microsoft.NET.Sdk.WindowsDesktop\targets\Microsoft.WinFX.targets(61,7): message :     
       C:\Program Files\dotnet\sdk\9.0.304\Sdks\Microsoft.NET.Sdk.WindowsDesktop\targets\Microsoft.WinFX.targets(61,7): message :       " (valor anterior: "
       C:\Program Files\dotnet\sdk\9.0.304\Sdks\Microsoft.NET.Sdk.WindowsDesktop\targets\Microsoft.WinFX.targets(61,7): message :       AssignTargetPaths;
       C:\Program Files\dotnet\sdk\9.0.304\Sdks\Microsoft.NET.Sdk.WindowsDesktop\targets\Microsoft.WinFX.targets(61,7): message :       SplitResourcesByCulture;
       C:\Program Files\dotnet\sdk\9.0.304\Sdks\Microsoft.NET.Sdk.WindowsDesktop\targets\Microsoft.WinFX.targets(61,7): message :       CreateManifestResourceNames;
       C:\Program Files\dotnet\sdk\9.0.304\Sdks\Microsoft.NET.Sdk.WindowsDesktop\targets\Microsoft.WinFX.targets(61,7): message :       CreateCustomManifestResourceNames
       C:\Program Files\dotnet\sdk\9.0.304\Sdks\Microsoft.NET.Sdk.WindowsDesktop\targets\Microsoft.WinFX.targets(61,7): message :     ") em C:\Program Files\dotnet\sdk\9.0.304\Sdks\Microsoft.NET.Sdk.WindowsDesktop\targets\Microsoft.WinFX.targets (61,7)
       C:\Program Files\dotnet\sdk\9.0.304\Sdks\Microsoft.NET.Sdk.WindowsDesktop\targets\Microsoft.WinFX.targets(69,7): message : Reatribui├º├úo de propriedade: $(PrepareResourcesDependsOn)="
       C:\Program Files\dotnet\sdk\9.0.304\Sdks\Microsoft.NET.Sdk.WindowsDesktop\targets\Microsoft.WinFX.targets(69,7): message :                 MarkupCompilePass1;
       C:\Program Files\dotnet\sdk\9.0.304\Sdks\Microsoft.NET.Sdk.WindowsDesktop\targets\Microsoft.WinFX.targets(69,7): message :                 AfterMarkupCompilePass1;
       C:\Program Files\dotnet\sdk\9.0.304\Sdks\Microsoft.NET.Sdk.WindowsDesktop\targets\Microsoft.WinFX.targets(69,7): message :                 MarkupCompilePass2ForMainAssembly;
       C:\Program Files\dotnet\sdk\9.0.304\Sdks\Microsoft.NET.Sdk.WindowsDesktop\targets\Microsoft.WinFX.targets(69,7): message :                 FileClassification;
       C:\Program Files\dotnet\sdk\9.0.304\Sdks\Microsoft.NET.Sdk.WindowsDesktop\targets\Microsoft.WinFX.targets(69,7): message :                 MainResourcesGeneration;
       C:\Program Files\dotnet\sdk\9.0.304\Sdks\Microsoft.NET.Sdk.WindowsDesktop\targets\Microsoft.WinFX.targets(69,7): message :                 
       C:\Program Files\dotnet\sdk\9.0.304\Sdks\Microsoft.NET.Sdk.WindowsDesktop\targets\Microsoft.WinFX.targets(69,7): message :       ResolvePackageDependenciesForBuild;
       C:\Program Files\dotnet\sdk\9.0.304\Sdks\Microsoft.NET.Sdk.WindowsDesktop\targets\Microsoft.WinFX.targets(69,7): message :       _HandlePackageFileConflicts;
       C:\Program Files\dotnet\sdk\9.0.304\Sdks\Microsoft.NET.Sdk.WindowsDesktop\targets\Microsoft.WinFX.targets(69,7): message :       
       C:\Program Files\dotnet\sdk\9.0.304\Sdks\Microsoft.NET.Sdk.WindowsDesktop\targets\Microsoft.WinFX.targets(69,7): message :       ;
       C:\Program Files\dotnet\sdk\9.0.304\Sdks\Microsoft.NET.Sdk.WindowsDesktop\targets\Microsoft.WinFX.targets(69,7): message :       PrepareResourceNames;
       C:\Program Files\dotnet\sdk\9.0.304\Sdks\Microsoft.NET.Sdk.WindowsDesktop\targets\Microsoft.WinFX.targets(69,7): message :       ResGen;
       C:\Program Files\dotnet\sdk\9.0.304\Sdks\Microsoft.NET.Sdk.WindowsDesktop\targets\Microsoft.WinFX.targets(69,7): message :       CompileLicxFiles
       C:\Program Files\dotnet\sdk\9.0.304\Sdks\Microsoft.NET.Sdk.WindowsDesktop\targets\Microsoft.WinFX.targets(69,7): message :     
       C:\Program Files\dotnet\sdk\9.0.304\Sdks\Microsoft.NET.Sdk.WindowsDesktop\targets\Microsoft.WinFX.targets(69,7): message :     
       C:\Program Files\dotnet\sdk\9.0.304\Sdks\Microsoft.NET.Sdk.WindowsDesktop\targets\Microsoft.WinFX.targets(69,7): message :       " (valor anterior: "
       C:\Program Files\dotnet\sdk\9.0.304\Sdks\Microsoft.NET.Sdk.WindowsDesktop\targets\Microsoft.WinFX.targets(69,7): message :       ResolvePackageDependenciesForBuild;
       C:\Program Files\dotnet\sdk\9.0.304\Sdks\Microsoft.NET.Sdk.WindowsDesktop\targets\Microsoft.WinFX.targets(69,7): message :       _HandlePackageFileConflicts;
       C:\Program Files\dotnet\sdk\9.0.304\Sdks\Microsoft.NET.Sdk.WindowsDesktop\targets\Microsoft.WinFX.targets(69,7): message :       
       C:\Program Files\dotnet\sdk\9.0.304\Sdks\Microsoft.NET.Sdk.WindowsDesktop\targets\Microsoft.WinFX.targets(69,7): message :       ;
       C:\Program Files\dotnet\sdk\9.0.304\Sdks\Microsoft.NET.Sdk.WindowsDesktop\targets\Microsoft.WinFX.targets(69,7): message :       PrepareResourceNames;
       C:\Program Files\dotnet\sdk\9.0.304\Sdks\Microsoft.NET.Sdk.WindowsDesktop\targets\Microsoft.WinFX.targets(69,7): message :       ResGen;
       C:\Program Files\dotnet\sdk\9.0.304\Sdks\Microsoft.NET.Sdk.WindowsDesktop\targets\Microsoft.WinFX.targets(69,7): message :       CompileLicxFiles
       C:\Program Files\dotnet\sdk\9.0.304\Sdks\Microsoft.NET.Sdk.WindowsDesktop\targets\Microsoft.WinFX.targets(69,7): message :     
       C:\Program Files\dotnet\sdk\9.0.304\Sdks\Microsoft.NET.Sdk.WindowsDesktop\targets\Microsoft.WinFX.targets(69,7): message :     ") em C:\Program Files\dotnet\sdk\9.0.304\Sdks\Microsoft.NET.Sdk.WindowsDesktop\targets\Microsoft.WinFX.targets (69,7)
       C:\Program Files\dotnet\sdk\9.0.304\Sdks\Microsoft.NET.Sdk.WindowsDesktop\targets\Microsoft.WinFX.targets(136,5): message : Reatribui├º├úo de propriedade: $(CompileDependsOn)="
       C:\Program Files\dotnet\sdk\9.0.304\Sdks\Microsoft.NET.Sdk.WindowsDesktop\targets\Microsoft.WinFX.targets(136,5): message :         
       C:\Program Files\dotnet\sdk\9.0.304\Sdks\Microsoft.NET.Sdk.WindowsDesktop\targets\Microsoft.WinFX.targets(136,5): message :       
       C:\Program Files\dotnet\sdk\9.0.304\Sdks\Microsoft.NET.Sdk.WindowsDesktop\targets\Microsoft.WinFX.targets(136,5): message :       ResolveReferences;
       C:\Program Files\dotnet\sdk\9.0.304\Sdks\Microsoft.NET.Sdk.WindowsDesktop\targets\Microsoft.WinFX.targets(136,5): message :       ResolveKeySource;
       C:\Program Files\dotnet\sdk\9.0.304\Sdks\Microsoft.NET.Sdk.WindowsDesktop\targets\Microsoft.WinFX.targets(136,5): message :       SetWin32ManifestProperties;
       C:\Program Files\dotnet\sdk\9.0.304\Sdks\Microsoft.NET.Sdk.WindowsDesktop\targets\Microsoft.WinFX.targets(136,5): message :       _SetPreferNativeArm64Win32ManifestProperties;
       C:\Program Files\dotnet\sdk\9.0.304\Sdks\Microsoft.NET.Sdk.WindowsDesktop\targets\Microsoft.WinFX.targets(136,5): message :       FindReferenceAssembliesForReferences;
       C:\Program Files\dotnet\sdk\9.0.304\Sdks\Microsoft.NET.Sdk.WindowsDesktop\targets\Microsoft.WinFX.targets(136,5): message :       _GenerateCompileInputs;
       C:\Program Files\dotnet\sdk\9.0.304\Sdks\Microsoft.NET.Sdk.WindowsDesktop\targets\Microsoft.WinFX.targets(136,5): message :       BeforeCompile;
       C:\Program Files\dotnet\sdk\9.0.304\Sdks\Microsoft.NET.Sdk.WindowsDesktop\targets\Microsoft.WinFX.targets(136,5): message :       _TimeStampBeforeCompile;
       C:\Program Files\dotnet\sdk\9.0.304\Sdks\Microsoft.NET.Sdk.WindowsDesktop\targets\Microsoft.WinFX.targets(136,5): message :       _GenerateCompileDependencyCache;
       C:\Program Files\dotnet\sdk\9.0.304\Sdks\Microsoft.NET.Sdk.WindowsDesktop\targets\Microsoft.WinFX.targets(136,5): message :       CoreCompile;
       C:\Program Files\dotnet\sdk\9.0.304\Sdks\Microsoft.NET.Sdk.WindowsDesktop\targets\Microsoft.WinFX.targets(136,5): message :       _TimeStampAfterCompile;
       C:\Program Files\dotnet\sdk\9.0.304\Sdks\Microsoft.NET.Sdk.WindowsDesktop\targets\Microsoft.WinFX.targets(136,5): message :       AfterCompile;
       C:\Program Files\dotnet\sdk\9.0.304\Sdks\Microsoft.NET.Sdk.WindowsDesktop\targets\Microsoft.WinFX.targets(136,5): message :     ;
       C:\Program Files\dotnet\sdk\9.0.304\Sdks\Microsoft.NET.Sdk.WindowsDesktop\targets\Microsoft.WinFX.targets(136,5): message :       _CreateAppHost;
       C:\Program Files\dotnet\sdk\9.0.304\Sdks\Microsoft.NET.Sdk.WindowsDesktop\targets\Microsoft.WinFX.targets(136,5): message :       _CreateComHost;
       C:\Program Files\dotnet\sdk\9.0.304\Sdks\Microsoft.NET.Sdk.WindowsDesktop\targets\Microsoft.WinFX.targets(136,5): message :       _GetIjwHostPaths;
       C:\Program Files\dotnet\sdk\9.0.304\Sdks\Microsoft.NET.Sdk.WindowsDesktop\targets\Microsoft.WinFX.targets(136,5): message :     ;
       C:\Program Files\dotnet\sdk\9.0.304\Sdks\Microsoft.NET.Sdk.WindowsDesktop\targets\Microsoft.WinFX.targets(136,5): message :         _AfterCompileWinFXInternal
       C:\Program Files\dotnet\sdk\9.0.304\Sdks\Microsoft.NET.Sdk.WindowsDesktop\targets\Microsoft.WinFX.targets(136,5): message :     " (valor anterior: "
       C:\Program Files\dotnet\sdk\9.0.304\Sdks\Microsoft.NET.Sdk.WindowsDesktop\targets\Microsoft.WinFX.targets(136,5): message :       
       C:\Program Files\dotnet\sdk\9.0.304\Sdks\Microsoft.NET.Sdk.WindowsDesktop\targets\Microsoft.WinFX.targets(136,5): message :       ResolveReferences;
       C:\Program Files\dotnet\sdk\9.0.304\Sdks\Microsoft.NET.Sdk.WindowsDesktop\targets\Microsoft.WinFX.targets(136,5): message :       ResolveKeySource;
       C:\Program Files\dotnet\sdk\9.0.304\Sdks\Microsoft.NET.Sdk.WindowsDesktop\targets\Microsoft.WinFX.targets(136,5): message :       SetWin32ManifestProperties;
       C:\Program Files\dotnet\sdk\9.0.304\Sdks\Microsoft.NET.Sdk.WindowsDesktop\targets\Microsoft.WinFX.targets(136,5): message :       _SetPreferNativeArm64Win32ManifestProperties;
       C:\Program Files\dotnet\sdk\9.0.304\Sdks\Microsoft.NET.Sdk.WindowsDesktop\targets\Microsoft.WinFX.targets(136,5): message :       FindReferenceAssembliesForReferences;
       C:\Program Files\dotnet\sdk\9.0.304\Sdks\Microsoft.NET.Sdk.WindowsDesktop\targets\Microsoft.WinFX.targets(136,5): message :       _GenerateCompileInputs;
       C:\Program Files\dotnet\sdk\9.0.304\Sdks\Microsoft.NET.Sdk.WindowsDesktop\targets\Microsoft.WinFX.targets(136,5): message :       BeforeCompile;
       C:\Program Files\dotnet\sdk\9.0.304\Sdks\Microsoft.NET.Sdk.WindowsDesktop\targets\Microsoft.WinFX.targets(136,5): message :       _TimeStampBeforeCompile;
       C:\Program Files\dotnet\sdk\9.0.304\Sdks\Microsoft.NET.Sdk.WindowsDesktop\targets\Microsoft.WinFX.targets(136,5): message :       _GenerateCompileDependencyCache;
       C:\Program Files\dotnet\sdk\9.0.304\Sdks\Microsoft.NET.Sdk.WindowsDesktop\targets\Microsoft.WinFX.targets(136,5): message :       CoreCompile;
       C:\Program Files\dotnet\sdk\9.0.304\Sdks\Microsoft.NET.Sdk.WindowsDesktop\targets\Microsoft.WinFX.targets(136,5): message :       _TimeStampAfterCompile;
       C:\Program Files\dotnet\sdk\9.0.304\Sdks\Microsoft.NET.Sdk.WindowsDesktop\targets\Microsoft.WinFX.targets(136,5): message :       AfterCompile;
       C:\Program Files\dotnet\sdk\9.0.304\Sdks\Microsoft.NET.Sdk.WindowsDesktop\targets\Microsoft.WinFX.targets(136,5): message :     ;
       C:\Program Files\dotnet\sdk\9.0.304\Sdks\Microsoft.NET.Sdk.WindowsDesktop\targets\Microsoft.WinFX.targets(136,5): message :       _CreateAppHost;
       C:\Program Files\dotnet\sdk\9.0.304\Sdks\Microsoft.NET.Sdk.WindowsDesktop\targets\Microsoft.WinFX.targets(136,5): message :       _CreateComHost;
       C:\Program Files\dotnet\sdk\9.0.304\Sdks\Microsoft.NET.Sdk.WindowsDesktop\targets\Microsoft.WinFX.targets(136,5): message :       _GetIjwHostPaths;
       C:\Program Files\dotnet\sdk\9.0.304\Sdks\Microsoft.NET.Sdk.WindowsDesktop\targets\Microsoft.WinFX.targets(136,5): message :     ") em C:\Program Files\dotnet\sdk\9.0.304\Sdks\Microsoft.NET.Sdk.WindowsDesktop\targets\Microsoft.WinFX.targets (136,5)
       C:\Program Files\dotnet\sdk\9.0.304\Sdks\Microsoft.NET.Sdk.WindowsDesktop\targets\Microsoft.WinFX.targets(803,9): message : Reatribui├º├úo de propriedade: $(PublishBuildDependsOn)="
       C:\Program Files\dotnet\sdk\9.0.304\Sdks\Microsoft.NET.Sdk.WindowsDesktop\targets\Microsoft.WinFX.targets(803,9): message :             BuildOnlySettings;
       C:\Program Files\dotnet\sdk\9.0.304\Sdks\Microsoft.NET.Sdk.WindowsDesktop\targets\Microsoft.WinFX.targets(803,9): message :             PrepareForBuild;
       C:\Program Files\dotnet\sdk\9.0.304\Sdks\Microsoft.NET.Sdk.WindowsDesktop\targets\Microsoft.WinFX.targets(803,9): message :             ResolveReferences;
       C:\Program Files\dotnet\sdk\9.0.304\Sdks\Microsoft.NET.Sdk.WindowsDesktop\targets\Microsoft.WinFX.targets(803,9): message :             PrepareResources;
       C:\Program Files\dotnet\sdk\9.0.304\Sdks\Microsoft.NET.Sdk.WindowsDesktop\targets\Microsoft.WinFX.targets(803,9): message :             ResolveKeySource;
       C:\Program Files\dotnet\sdk\9.0.304\Sdks\Microsoft.NET.Sdk.WindowsDesktop\targets\Microsoft.WinFX.targets(803,9): message :             PrepareResourcesForSatelliteAssemblies;
       C:\Program Files\dotnet\sdk\9.0.304\Sdks\Microsoft.NET.Sdk.WindowsDesktop\targets\Microsoft.WinFX.targets(803,9): message :             GenerateSerializationAssemblies;
       C:\Program Files\dotnet\sdk\9.0.304\Sdks\Microsoft.NET.Sdk.WindowsDesktop\targets\Microsoft.WinFX.targets(803,9): message :             CreateSatelliteAssemblies;
       C:\Program Files\dotnet\sdk\9.0.304\Sdks\Microsoft.NET.Sdk.WindowsDesktop\targets\Microsoft.WinFX.targets(803,9): message :         " (valor anterior: "
       C:\Program Files\dotnet\sdk\9.0.304\Sdks\Microsoft.NET.Sdk.WindowsDesktop\targets\Microsoft.WinFX.targets(803,9): message :       BuildOnlySettings;
       C:\Program Files\dotnet\sdk\9.0.304\Sdks\Microsoft.NET.Sdk.WindowsDesktop\targets\Microsoft.WinFX.targets(803,9): message :       PrepareForBuild;
       C:\Program Files\dotnet\sdk\9.0.304\Sdks\Microsoft.NET.Sdk.WindowsDesktop\targets\Microsoft.WinFX.targets(803,9): message :       ResolveReferences;
       C:\Program Files\dotnet\sdk\9.0.304\Sdks\Microsoft.NET.Sdk.WindowsDesktop\targets\Microsoft.WinFX.targets(803,9): message :       PrepareResources;
       C:\Program Files\dotnet\sdk\9.0.304\Sdks\Microsoft.NET.Sdk.WindowsDesktop\targets\Microsoft.WinFX.targets(803,9): message :       ResolveKeySource;
       C:\Program Files\dotnet\sdk\9.0.304\Sdks\Microsoft.NET.Sdk.WindowsDesktop\targets\Microsoft.WinFX.targets(803,9): message :       GenerateSerializationAssemblies;
       C:\Program Files\dotnet\sdk\9.0.304\Sdks\Microsoft.NET.Sdk.WindowsDesktop\targets\Microsoft.WinFX.targets(803,9): message :       CreateSatelliteAssemblies;
       C:\Program Files\dotnet\sdk\9.0.304\Sdks\Microsoft.NET.Sdk.WindowsDesktop\targets\Microsoft.WinFX.targets(803,9): message :     ") em C:\Program Files\dotnet\sdk\9.0.304\Sdks\Microsoft.NET.Sdk.WindowsDesktop\targets\Microsoft.WinFX.targets (803,9)
       C:\Program Files\dotnet\sdk\9.0.304\Sdks\NuGet.Build.Tasks.Pack\build\NuGet.Build.Tasks.Pack.targets(34,5): message : Reatribui├º├úo de propriedade: $(PackageDescription)="Package Description" (valor anterior: "") em C:\Program Files\dotnet\sdk\9.0.304\Sdks\NuGet.Build.Tasks.Pack\build\NuGet.Build.Tasks.Pack.targets (34,5)
       C:\Program Files\dotnet\sdk\9.0.304\Sdks\NuGet.Build.Tasks.Pack\build\NuGet.Build.Tasks.Pack.targets(59,5): message : Reatribui├º├úo de propriedade: $(GenerateNuspecDependsOn)="Build;_LoadPackInputItems; _GetTargetFrameworksOutput; _WalkEachTargetPerFramework; _GetPackageFiles; " (valor anterior: "_LoadPackInputItems; _GetTargetFrameworksOutput; _WalkEachTargetPerFramework; _GetPackageFiles; ") em C:\Program Files\dotnet\sdk\9.0.304\Sdks\NuGet.Build.Tasks.Pack\build\NuGet.Build.Tasks.Pack.targets (59,5)
       C:\Program Files\dotnet\sdk\9.0.304\Sdks\Microsoft.NET.Sdk\Sdk\Sdk.targets(60,5): message : Reatribui├º├úo de propriedade: $(_IsNotSetContainersTargetsDir)="true" (valor anterior: "false") em C:\Program Files\dotnet\sdk\9.0.304\Sdks\Microsoft.NET.Sdk\Sdk\Sdk.targets (60,5)
       C:\Program Files\dotnet\sdk\9.0.304\Containers\build\Microsoft.NET.Build.Containers.targets(5,5): message : Reatribui├º├úo de propriedade: $(_IsSDKContainerAllowedVersion)="true" (valor anterior: "false") em C:\Program Files\dotnet\sdk\9.0.304\Containers\build\Microsoft.NET.Build.Containers.targets (5,5)
       C:\Program Files\dotnet\sdk\9.0.304\Containers\build\Microsoft.NET.Build.Containers.targets(15,5): message : Reatribui├º├úo de propriedade: $(_ContainerIsTargetingNet8TFM)="true" (valor anterior: "false") em C:\Program Files\dotnet\sdk\9.0.304\Containers\build\Microsoft.NET.Build.Containers.targets (15,5)
       Substituindo o destino "ResolveFrameworkReferences" no projeto "C:\Program Files\dotnet\sdk\9.0.304\Microsoft.Common.CurrentVersion.targets" pelo destino "ResolveFrameworkReferences" do projeto "C:\Program Files\dotnet\sdk\9.0.304\Sdks\Microsoft.NET.Sdk\targets\Microsoft.NET.Sdk.FrameworkReferenceResolution.targets".
       Substituindo o destino "Run" no projeto "C:\Program Files\dotnet\sdk\9.0.304\Microsoft.Common.CurrentVersion.targets" pelo destino "Run" do projeto "C:\Program Files\dotnet\sdk\9.0.304\Sdks\Microsoft.NET.Sdk\targets\Microsoft.NET.Sdk.targets".
       Substituindo o destino "GenerateSupportedTargetFrameworkAlias" no projeto "C:\Program Files\dotnet\sdk\9.0.304\Microsoft.Common.CurrentVersion.targets" pelo destino "GenerateSupportedTargetFrameworkAlias" do projeto "C:\Program Files\dotnet\sdk\9.0.304\Sdks\Microsoft.NET.Sdk\targets\Microsoft.NET.Sdk.targets".
       Substituindo o destino "GetReferenceAssemblyPaths" no projeto "C:\Program Files\dotnet\sdk\9.0.304\Microsoft.Common.CurrentVersion.targets" pelo destino "GetReferenceAssemblyPaths" do projeto "C:\Program Files\dotnet\sdk\9.0.304\Sdks\Microsoft.NET.Sdk\targets\Microsoft.NET.DisableStandardFrameworkResolution.targets".
       Substituindo o destino "GetFrameworkPaths" no projeto "C:\Program Files\dotnet\sdk\9.0.304\Microsoft.Common.CurrentVersion.targets" pelo destino "GetFrameworkPaths" do projeto "C:\Program Files\dotnet\sdk\9.0.304\Sdks\Microsoft.NET.Sdk\targets\Microsoft.NET.DisableStandardFrameworkResolution.targets".
       Substituindo o destino "DesignerRuntimeImplementationProjectOutputGroup" no projeto "C:\Program Files\dotnet\sdk\9.0.304\Microsoft.Common.CurrentVersion.targets" pelo destino "DesignerRuntimeImplementationProjectOutputGroup" do projeto "C:\Program Files\dotnet\sdk\9.0.304\Sdks\Microsoft.NET.Sdk\targets\Microsoft.NET.DesignerSupport.targets".
       Substituindo o destino "Publish" no projeto "C:\Program Files\dotnet\sdk\9.0.304\Microsoft.Common.CurrentVersion.targets" pelo destino "Publish" do projeto "C:\Program Files\dotnet\sdk\9.0.304\Sdks\Microsoft.NET.Sdk\targets\Microsoft.NET.Publish.targets".
       Substituindo o destino "ResolveReadyToRunCompilers" no projeto "C:\Program Files\dotnet\sdk\9.0.304\Sdks\Microsoft.NET.Sdk\targets\Microsoft.NET.CrossGen.targets" pelo destino "ResolveReadyToRunCompilers" do projeto "C:\Program Files\dotnet\sdk\9.0.304\Sdks\Microsoft.NET.Sdk\targets\Microsoft.NET.Publish.targets".
       Substituindo o destino "GetCopyToPublishDirectoryItems" no projeto "C:\Program Files\dotnet\sdk\9.0.304\Microsoft.Common.CurrentVersion.targets" pelo destino "GetCopyToPublishDirectoryItems" do projeto "C:\Program Files\dotnet\sdk\9.0.304\Sdks\Microsoft.NET.Sdk\targets\Microsoft.NET.Publish.targets".
       Substituindo o destino "ILLink" no projeto "C:\Program Files\dotnet\sdk\9.0.304\Sdks\Microsoft.NET.Sdk\targets\Microsoft.NET.Publish.targets" pelo destino "ILLink" do projeto "C:\Users\danie\.nuget\packages\microsoft.net.illink.tasks\9.0.8\build\Microsoft.NET.ILLink.targets".
       Substituindo o destino "SatelliteDllsProjectOutputGroup" no projeto "C:\Program Files\dotnet\sdk\9.0.304\Microsoft.Common.CurrentVersion.targets" pelo destino "SatelliteDllsProjectOutputGroup" do projeto "C:\Program Files\dotnet\sdk\9.0.304\Sdks\Microsoft.NET.Sdk.WindowsDesktop\targets\Microsoft.WinFX.targets".
       O destino "ResolveNuGetPackageAssets" listado em um atributo AfterTargets em "C:\Users\danie\.nuget\packages\microsoft.extensions.options\9.0.0\buildTransitive\net8.0\Microsoft.Extensions.Options.targets (11,11)" n├úo existe no projeto e ser├í ignorado.
       O destino "ResolveNuGetPackageAssets" listado em um atributo AfterTargets em "C:\Users\danie\.nuget\packages\microsoft.extensions.options\9.0.0\buildTransitive\net8.0\Microsoft.Extensions.Options.targets (23,11)" n├úo existe no projeto e ser├í ignorado.
       O destino "ResolveNuGetPackageAssets" listado em um atributo AfterTargets em "C:\Users\danie\.nuget\packages\microsoft.extensions.logging.abstractions\9.0.0\buildTransitive\net8.0\Microsoft.Extensions.Logging.Abstractions.targets (11,11)" n├úo existe no projeto e ser├í ignorado.
       O destino "ResolveNuGetPackageAssets" listado em um atributo AfterTargets em "C:\Users\danie\.nuget\packages\microsoft.extensions.logging.abstractions\9.0.0\buildTransitive\net8.0\Microsoft.Extensions.Logging.Abstractions.targets (23,11)" n├úo existe no projeto e ser├í ignorado.
       O destino "ResolveNuGetPackageAssets" listado em um atributo AfterTargets em "C:\Users\danie\.nuget\packages\microsoft.extensions.configuration.binder\9.0.0\buildTransitive\netstandard2.0\Microsoft.Extensions.Configuration.Binder.targets (9,13)" n├úo existe no projeto e ser├í ignorado.
       O destino "ResolveNuGetPackageAssets" listado em um atributo AfterTargets em "C:\Users\danie\.nuget\packages\communitytoolkit.mvvm\8.2.2\buildTransitive\netstandard2.1\CommunityToolkit.Mvvm.targets (13,11)" n├úo existe no projeto e ser├í ignorado.
       O destino "ResolveNuGetPackageAssets" listado em um atributo AfterTargets em "C:\Users\danie\.nuget\packages\communitytoolkit.mvvm\8.2.2\buildTransitive\netstandard2.1\CommunityToolkit.Mvvm.targets (25,11)" n├úo existe no projeto e ser├í ignorado.
       O destino "ResolveNuGetPackageAssets" listado em um atributo AfterTargets em "C:\Users\danie\.nuget\packages\communitytoolkit.mvvm\8.2.2\buildTransitive\netstandard2.1\CommunityToolkit.Mvvm.targets (111,11)" n├úo existe no projeto e ser├í ignorado.
   1:2>O projeto "D:\PROJETOS\LAUNCHER C#\launcher\L2Updater.sln" (1:2) est├í compilando "D:\PROJETOS\LAUNCHER C#\launcher\L2Updater.csproj" (2:6) no n├│ 1 (destinos padr├úo).
   2:6>Destino "NETStandardCompatError_Microsoft_Extensions_Configuration_Binder" no arquivo "C:\Users\danie\.nuget\packages\microsoft.extensions.configuration.binder\9.0.0\buildTransitive\netstandard2.0\Microsoft.Extensions.Configuration.Binder.targets" do projeto "D:\PROJETOS\LAUNCHER C#\launcher\L2Updater.csproj" (ponto de entrada):
   2:6>A tarefa "Warning" foi ignorada devido a condi├º├úo falsa; ('$(_Microsoft_Extensions_Configuration_Binder_Compatible_TargetFramework)' != '') foi avaliado como ('' != '').
   2:6>Destino de compila├º├úo pronto"NETStandardCompatError_Microsoft_Extensions_Configuration_Binder" no projeto "L2Updater.csproj".
       Destino "_CheckForUnsupportedTargetFramework" ignorado devido ├á condi├º├úo falsa; ('$(_UnsupportedTargetFrameworkError)' == 'true') foi avaliado como ('' == 'true').
   2:6>Destino "_CollectTargetFrameworkForTelemetry" no arquivo "C:\Program Files\dotnet\sdk\9.0.304\Sdks\Microsoft.NET.Sdk\targets\Microsoft.NET.TargetFrameworkInference.targets" do projeto "D:\PROJETOS\LAUNCHER C#\launcher\L2Updater.csproj" (o destino "_CheckForInvalidConfigurationAndPlatform" depende dele):
       Usando a tarefa "AllowEmptyTelemetry" do assembly "C:\Program Files\dotnet\sdk\9.0.304\Sdks\Microsoft.NET.Sdk\targets\..\tools\net9.0\Microsoft.NET.Build.Tasks.dll".
       Tarefa "AllowEmptyTelemetry"
       Tarefa em execu├º├úo pronta "AllowEmptyTelemetry".
   2:6>Destino de compila├º├úo pronto"_CollectTargetFrameworkForTelemetry" no projeto "L2Updater.csproj".
       Destino "_CheckForMissingWorkload" ignorado devido ├á condi├º├úo falsa; ('@(MissingWorkloadPack)' != '' And '$(DesignTimeBuild)' != 'true') foi avaliado como ('' != '' And '' != 'true').
   2:6>Destino "_CheckForUnsupportedTargetPlatformIdentifier" no arquivo "C:\Program Files\dotnet\sdk\9.0.304\Sdks\Microsoft.NET.Sdk\targets\Microsoft.NET.TargetFrameworkInference.targets" do projeto "D:\PROJETOS\LAUNCHER C#\launcher\L2Updater.csproj" (o destino "_CheckForInvalidConfigurationAndPlatform" depende dele):
       A tarefa "NETSdkError" foi ignorada devido a condi├º├úo falsa; ('$(TargetPlatformSupported)' != 'true' and '$(UseWorkloadsSpecificError)' != 'true') foi avaliado como ('true' != 'true' and '' != 'true').
       A tarefa "NETSdkError" foi ignorada devido a condi├º├úo falsa; ('$(TargetPlatformSupported)' != 'true' and '$(UseWorkloadsSpecificError)' == 'true') foi avaliado como ('true' != 'true' and '' == 'true').
   2:6>Destino de compila├º├úo pronto"_CheckForUnsupportedTargetPlatformIdentifier" no projeto "L2Updater.csproj".
   2:6>Destino "_CheckForUnsupportedNETCoreVersion" no arquivo "C:\Program Files\dotnet\sdk\9.0.304\Sdks\Microsoft.NET.Sdk\targets\Microsoft.NET.TargetFrameworkInference.targets" do projeto "D:\PROJETOS\LAUNCHER C#\launcher\L2Updater.csproj" (o destino "_CheckForInvalidConfigurationAndPlatform" depende dele):
       A tarefa "NETSdkError" foi ignorada devido a condi├º├úo falsa; ('$(_TargetFrameworkVersionWithoutV)' > '$(NETCoreAppMaximumVersion)' and '$(DisplayVSMessage)' != 'true') foi avaliado como ('9.0' > '9.0' and '' != 'true').
       A tarefa "NETSdkError" foi ignorada devido a condi├º├úo falsa; ('$(DisplayVSMessage)' == 'true') foi avaliado como ('' == 'true').
   2:6>Destino de compila├º├úo pronto"_CheckForUnsupportedNETCoreVersion" no projeto "L2Updater.csproj".
       Destino "_CheckForEolTargetFrameworks" ignorado devido ├á condi├º├úo falsa; ('@(_EolNetCoreTargetFrameworkVersions->AnyHaveMetadataValue('Identity', '$(_TargetFrameworkVersionWithoutV)'))' and '$(TargetFrameworkIdentifier)' == '.NETCoreApp' and '$(CheckEolTargetFramework)' == 'true') foi avaliado como ('false' and '.NETCoreApp' == '.NETCoreApp' and 'true' == 'true').
       Destino "_CheckForEolWorkloads" ignorado devido ├á condi├º├úo falsa; ('@(EolWorkload)' != '' and '$(CheckEolWorkloads)' == 'true') foi avaliado como ('' != '' and 'true' == 'true').
       Destino "_CheckForNotRecommendedNETStandardVersion" ignorado devido ├á condi├º├úo falsa; ('$(TargetFrameworkIdentifier)' == '.NETStandard' and $([MSBuild]::VersionLessThan($(TargetFrameworkVersion), '2.0'))) foi avaliado como ('.NETCoreApp' == '.NETStandard' and False).
   2:6>Destino "_CheckForUnsupportedCppNETCoreVersion" no arquivo "C:\Program Files\dotnet\sdk\9.0.304\Sdks\Microsoft.NET.Sdk\targets\Microsoft.NET.TargetFrameworkInference.targets" do projeto "D:\PROJETOS\LAUNCHER C#\launcher\L2Updater.csproj" (o destino "_CheckForInvalidConfigurationAndPlatform" depende dele):
       A tarefa "NETSdkError" foi ignorada devido a condi├º├úo falsa; ('$(TargetFrameworkIdentifier)' == '.NETCoreApp' and '$(_TargetFrameworkVersionWithoutV)' < '3.1' and ('$(Language)' == 'C++' and '$(_EnablePackageReferencesInVCProjects)' != 'true')) foi avaliado como ('.NETCoreApp' == '.NETCoreApp' and '9.0' < '3.1' and ('C#' == 'C++' and '' != 'true')).
   2:6>Destino de compila├º├úo pronto"_CheckForUnsupportedCppNETCoreVersion" no projeto "L2Updater.csproj".
       Destino "_CheckForUnsupportedNETStandardVersion" ignorado devido ├á condi├º├úo falsa; ('$(TargetFrameworkIdentifier)' == '.NETStandard' And '$(NETStandardMaximumVersion)' != '') foi avaliado como ('.NETCoreApp' == '.NETStandard' And '' != '').
       Destino "_CheckForUnsupportedTargetFrameworkAndFeatureCombination" ignorado devido ├á condi├º├úo falsa; ('$(TargetFrameworkIdentifier)' == '.NETFramework') foi avaliado como ('.NETCoreApp' == '.NETFramework').
   2:6>Destino "_CheckForSupportedOSPlatformVersionHigherThanTargetPlatformVersion" no arquivo "C:\Program Files\dotnet\sdk\9.0.304\Sdks\Microsoft.NET.Sdk\targets\Microsoft.NET.TargetFrameworkInference.targets" do projeto "D:\PROJETOS\LAUNCHER C#\launcher\L2Updater.csproj" (o destino "_CheckForInvalidConfigurationAndPlatform" depende dele):
       A tarefa "NETSdkError" foi ignorada devido a condi├º├úo falsa; ('$(SupportedOSPlatformVersion)' != '' and $(TargetPlatformVersion) != '' and $([MSBuild]::VersionGreaterThan($(SupportedOSPlatformVersion), $(TargetPlatformVersion)))) foi avaliado como ('7.0' != '' and 7.0 != '' and False).
   2:6>Destino de compila├º├úo pronto"_CheckForSupportedOSPlatformVersionHigherThanTargetPlatformVersion" no projeto "L2Updater.csproj".
   2:6>Destino "_NormalizeTargetPlatformVersion" no arquivo "C:\Program Files\dotnet\sdk\9.0.304\Sdks\Microsoft.NET.Sdk\targets\Microsoft.NET.TargetFrameworkInference.targets" do projeto "D:\PROJETOS\LAUNCHER C#\launcher\L2Updater.csproj" (o destino "_CheckForInvalidTargetPlatformVersion" depende dele):
   2:6>Destino de compila├º├úo pronto"_NormalizeTargetPlatformVersion" no projeto "L2Updater.csproj".
   2:6>Destino "_CheckForInvalidTargetPlatformVersion" no arquivo "C:\Program Files\dotnet\sdk\9.0.304\Sdks\Microsoft.NET.Sdk\targets\Microsoft.NET.TargetFrameworkInference.targets" do projeto "D:\PROJETOS\LAUNCHER C#\launcher\L2Updater.csproj" (o destino "_CheckForInvalidConfigurationAndPlatform" depende dele):
       A tarefa "NetSdkError" foi ignorada devido a condi├º├úo falsa; ('$(TargetPlatformVersionSupported)' != 'true') foi avaliado como ('true' != 'true').
   2:6>Destino de compila├º├úo pronto"_CheckForInvalidTargetPlatformVersion" no projeto "L2Updater.csproj".
   2:6>Destino "_CheckForUnsupportedArtifactsPath" no arquivo "C:\Program Files\dotnet\sdk\9.0.304\Sdks\Microsoft.NET.Sdk\targets\Microsoft.NET.DefaultOutputPaths.targets" do projeto "D:\PROJETOS\LAUNCHER C#\launcher\L2Updater.csproj" (o destino "_CheckForInvalidConfigurationAndPlatform" depende dele):
       A tarefa "NetSdkError" foi ignorada devido a condi├º├úo falsa; ('$(UseArtifactsOutput)' == 'true' and '$(_ArtifactsPathSetEarly)' != 'true') foi avaliado como ('' == 'true' and '' != 'true').
       A tarefa "NetSdkError" foi ignorada devido a condi├º├úo falsa; ('$(_ArtifactsPathLocationType)' == 'ProjectFolder') foi avaliado como ('' == 'ProjectFolder').
   2:6>Destino de compila├º├úo pronto"_CheckForUnsupportedArtifactsPath" no projeto "L2Updater.csproj".
       Destino "_CheckForMissingWorkload" ignorado devido ├á condi├º├úo falsa; ('@(MissingWorkloadPack)' != '' And '$(DesignTimeBuild)' != 'true') foi avaliado como ('' != '' And '' != 'true').
   2:6>Destino "_CheckForUnsupportedAppHostUsage" no arquivo "C:\Program Files\dotnet\sdk\9.0.304\Sdks\Microsoft.NET.Sdk\targets\Microsoft.NET.RuntimeIdentifierInference.targets" do projeto "D:\PROJETOS\LAUNCHER C#\launcher\L2Updater.csproj" (o destino "_CheckForInvalidConfigurationAndPlatform" depende dele):
       A tarefa "NETSdkError" foi ignorada devido a condi├º├úo falsa; ('$(SelfContained)' == 'true' and '$(RuntimeIdentifier)' == '' and '$(AllowSelfContainedWithoutRuntimeIdentifier)' != 'true') foi avaliado como ('false' == 'true' and 'win-x64' == '' and '' != 'true').
       A tarefa "NETSdkError" foi ignorada devido a condi├º├úo falsa; ('$(PublishReadyToRun)' == 'true' and '$(RuntimeIdentifier)' == '' and '$(_IsPublishing)' == 'true') foi avaliado como ('' == 'true' and 'win-x64' == '' and '' == 'true').
       A tarefa "NETSdkError" foi ignorada devido a condi├º├úo falsa; ('$(PublishSingleFile)' == 'true' and '$(RuntimeIdentifier)' == '' and '$(_IsPublishing)' == 'true') foi avaliado como ('true' == 'true' and 'win-x64' == '' and '' == 'true').
       A tarefa "NETSdkError" foi ignorada devido a condi├º├úo falsa; ('$(PublishAot)' == 'true' and '$(RuntimeIdentifier)' == '' and '$(_IsPublishing)' == 'true' and '$(AllowPublishAotWithoutRuntimeIdentifier)' != 'true') foi avaliado como ('' == 'true' and 'win-x64' == '' and '' == 'true' and '' != 'true').
       A tarefa "NETSdkError" foi ignorada devido a condi├º├úo falsa; ('$(PublishSelfContained)' != 'true' and '$(PublishSelfContained)' != 'false' and '$(PublishSelfContained)' != '') foi avaliado como ('' != 'true' and '' != 'false' and '' != '').
       A tarefa "NETSdkError" foi ignorada devido a condi├º├úo falsa; ('$(SelfContained)' == 'true' and '$(UseAppHost)' != 'true' and '$(_RuntimeIdentifierUsesAppHost)' == 'true') foi avaliado como ('false' == 'true' and 'true' != 'true' and 'true' == 'true').
       A tarefa "NETSdkError" foi ignorada devido a condi├º├úo falsa; ('$(SelfContained)' != 'true' and '$(UseAppHost)' == 'true' and '$(_TargetFrameworkVersionWithoutV)' < '2.1') foi avaliado como ('false' != 'true' and 'true' == 'true' and '9.0' < '2.1').
       A tarefa "NETSdkError" foi ignorada devido a condi├º├úo falsa; ('$(PublishSingleFile)' == 'true' and '$(_TargetFrameworkVersionWithoutV)' < '3.0') foi avaliado como ('true' == 'true' and '9.0' < '3.0').
       A tarefa "NETSdkWarning" foi ignorada devido a condi├º├úo falsa; ('$(PublishReadyToRun)' == 'true' and '$(_TargetFrameworkVersionWithoutV)' < '3.0') foi avaliado como ('' == 'true' and '9.0' < '3.0').
       A tarefa "NETSdkWarning" foi ignorada devido a condi├º├úo falsa; ('$(RuntimeIdentifier)' != '' and '$(_TargetFrameworkVersionWithoutV)' != '' and $([MSBuild]::VersionLessThan($(_TargetFrameworkVersionWithoutV), '8.0')) and '$(_SelfContainedWasSpecified)' != 'true') foi avaliado como ('win-x64' != '' and '9.0' != '' and False and 'true' != 'true').
       A tarefa "NetSdkError" foi ignorada devido a condi├º├úo falsa; (('$(UseWindowsForms)' == 'true') and ('$(PublishTrimmed)' == 'true') and ('$(_SuppressWinFormsTrimError)' != 'true')) foi avaliado como (('True' == 'true') and ('' == 'true') and ('' != 'true')).
       A tarefa "NetSdkError" foi ignorada devido a condi├º├úo falsa; (('$(UseWpf)' == 'true') and ('$(PublishTrimmed)' == 'true') and ('$(_SuppressWpfTrimError)' != 'true')) foi avaliado como (('True' == 'true') and ('' == 'true') and ('' != 'true')).
   2:6>Destino de compila├º├úo pronto"_CheckForUnsupportedAppHostUsage" no projeto "L2Updater.csproj".
   2:6>Destino "_CheckForUnsupportedHostingUsage" no arquivo "C:\Program Files\dotnet\sdk\9.0.304\Sdks\Microsoft.NET.Sdk\targets\Microsoft.NET.RuntimeIdentifierInference.targets" do projeto "D:\PROJETOS\LAUNCHER C#\launcher\L2Updater.csproj" (o destino "_CheckForInvalidConfigurationAndPlatform" depende dele):
       A tarefa "NETSdkWarning" foi ignorada devido a condi├º├úo falsa; ('$(SelfContained)' == 'true' and '$(EnableComHosting)' == 'true') foi avaliado como ('false' == 'true' and '' == 'true').
   2:6>Destino de compila├º├úo pronto"_CheckForUnsupportedHostingUsage" no projeto "L2Updater.csproj".
   2:6>Destino "_CheckAndUnsetUnsupportedPrefer32Bit" no arquivo "C:\Program Files\dotnet\sdk\9.0.304\Sdks\Microsoft.NET.Sdk\targets\Microsoft.NET.RuntimeIdentifierInference.targets" do projeto "D:\PROJETOS\LAUNCHER C#\launcher\L2Updater.csproj" (o destino "_CheckForInvalidConfigurationAndPlatform" depende dele):
       A tarefa "NETSdkWarning" foi ignorada devido a condi├º├úo falsa; ('$(Prefer32Bit)' == 'true') foi avaliado como ('false' == 'true').
   2:6>Destino de compila├º├úo pronto"_CheckAndUnsetUnsupportedPrefer32Bit" no projeto "L2Updater.csproj".
       Destino "_CheckAndUnsetUnsupportedPreferNativeArm64" ignorado devido ├á condi├º├úo falsa; ('$(TargetFrameworkIdentifier)' == '.NETCoreApp' and '$(PreferNativeArm64)' == 'true') foi avaliado como ('.NETCoreApp' == '.NETCoreApp' and 'false' == 'true').
   2:6>Destino "_CheckForMismatchingPlatform" no arquivo "C:\Program Files\dotnet\sdk\9.0.304\Sdks\Microsoft.NET.Sdk\targets\Microsoft.NET.RuntimeIdentifierInference.targets" do projeto "D:\PROJETOS\LAUNCHER C#\launcher\L2Updater.csproj" (o destino "_CheckForInvalidConfigurationAndPlatform" depende dele):
       A tarefa "NETSdkError" foi ignorada devido a condi├º├úo falsa; ('$(PlatformTarget)' != 'AnyCPU' and !$(RuntimeIdentifier.ToUpperInvariant().Contains($(PlatformTarget.ToUpperInvariant())))) foi avaliado como ('x64' != 'AnyCPU' and !True).
   2:6>Destino de compila├º├úo pronto"_CheckForMismatchingPlatform" no projeto "L2Updater.csproj".
   2:6>Destino "_CheckForLanguageAndFeatureCombinationSupport" no arquivo "C:\Program Files\dotnet\sdk\9.0.304\Sdks\Microsoft.NET.Sdk\targets\Microsoft.NET.RuntimeIdentifierInference.targets" do projeto "D:\PROJETOS\LAUNCHER C#\launcher\L2Updater.csproj" (o destino "_CheckForInvalidConfigurationAndPlatform" depende dele):
       A tarefa "NETSdkError" foi ignorada devido a condi├º├úo falsa; (('$(Language)' == 'C++' and '$(_EnablePackageReferencesInVCProjects)' != 'true') and $(OutputType) != 'library' and '$(TargetFrameworkIdentifier)' == '.NETCoreApp') foi avaliado como (('C#' == 'C++' and '' != 'true') and WinExe != 'library' and '.NETCoreApp' == '.NETCoreApp').
       A tarefa "NETSdkError" foi ignorada devido a condi├º├úo falsa; (('$(Language)' == 'C++' and '$(_EnablePackageReferencesInVCProjects)' != 'true') and $(EnableComHosting) == 'true') foi avaliado como (('C#' == 'C++' and '' != 'true') and  == 'true').
       A tarefa "NETSdkError" foi ignorada devido a condi├º├úo falsa; (('$(Language)' == 'C++' and '$(_EnablePackageReferencesInVCProjects)' != 'true') and $(SelfContained) == 'true') foi avaliado como (('C#' == 'C++' and '' != 'true') and false == 'true').
   2:6>Destino de compila├º├úo pronto"_CheckForLanguageAndFeatureCombinationSupport" no projeto "L2Updater.csproj".
       Destino "_CheckForNETCoreSdkIsPreview" ignorado devido ├á condi├º├úo falsa; ( '$(_NETCoreSdkIsPreview)' == 'true' AND '$(SuppressNETCoreSdkPreviewMessage)' != 'true' ) foi avaliado como ( 'false' == 'true' AND '' != 'true' ).
   2:6>Destino "_GetProjectJsonPath" no arquivo "C:\Program Files\dotnet\sdk\9.0.304\NuGet.targets" do projeto "D:\PROJETOS\LAUNCHER C#\launcher\L2Updater.csproj" (o destino "_GetRestoreProjectStyle" depende dele):
       A tarefa "GetRestoreProjectJsonPathTask" foi ignorada devido a condi├º├úo falsa; ( '$(RestoreProjectStyle)' == 'ProjectJson' OR '$(RestoreProjectStyle)' == '' ) foi avaliado como ( 'PackageReference' == 'ProjectJson' OR 'PackageReference' == '' ).
   2:6>Destino de compila├º├úo pronto"_GetProjectJsonPath" no projeto "L2Updater.csproj".
       Destino "_CheckForNotRecommendedNETStandardVersion" ignorado devido ├á condi├º├úo falsa; ('$(TargetFrameworkIdentifier)' == '.NETStandard' and $([MSBuild]::VersionLessThan($(TargetFrameworkVersion), '2.0'))) foi avaliado como ('.NETCoreApp' == '.NETStandard' and False).
       Destino "_CheckForUnsupportedNETStandardVersion" ignorado devido ├á condi├º├úo falsa; ('$(TargetFrameworkIdentifier)' == '.NETStandard' And '$(NETStandardMaximumVersion)' != '') foi avaliado como ('.NETCoreApp' == '.NETStandard' And '' != '').
       Destino "_CheckForUnsupportedTargetFrameworkAndFeatureCombination" ignorado devido ├á condi├º├úo falsa; ('$(TargetFrameworkIdentifier)' == '.NETFramework') foi avaliado como ('.NETCoreApp' == '.NETFramework').
   2:6>Destino "UpdateAspNetToFrameworkReference" no arquivo "C:\Program Files\dotnet\sdk\9.0.304\Sdks\Microsoft.NET.Sdk\targets\Microsoft.NET.Sdk.DefaultItems.Shared.targets" do projeto "D:\PROJETOS\LAUNCHER C#\launcher\L2Updater.csproj" (o destino "ApplyImplicitVersions" depende dele):
       Usando a tarefa "CheckIfPackageReferenceShouldBeFrameworkReference" do assembly "C:\Program Files\dotnet\sdk\9.0.304\Sdks\Microsoft.NET.Sdk\targets\..\tools\net9.0\Microsoft.NET.Build.Tasks.dll".
       Tarefa "CheckIfPackageReferenceShouldBeFrameworkReference"
       Tarefa em execu├º├úo pronta "CheckIfPackageReferenceShouldBeFrameworkReference".
       A tarefa "NETSdkError" foi ignorada devido a condi├º├úo falsa; ('$(_ShouldRemoveAspNetCoreAll)' == 'true') foi avaliado como ('False' == 'true').
       Tarefa "CheckIfPackageReferenceShouldBeFrameworkReference"
       Tarefa em execu├º├úo pronta "CheckIfPackageReferenceShouldBeFrameworkReference".
       A tarefa "NETSdkWarning" foi ignorada devido a condi├º├úo falsa; ('$(_ShouldRemoveAspNetCoreApp)' == 'true') foi avaliado como ('False' == 'true').
   2:6>Destino de compila├º├úo pronto"UpdateAspNetToFrameworkReference" no projeto "L2Updater.csproj".
       Destino "IncludeTargetingPackReference" ignorado devido ├á condi├º├úo falsa; ('$(TargetFrameworkMoniker)' != '' and '$(TargetFrameworkIdentifier)' == '.NETFramework' and '$(AutomaticallyUseReferenceAssemblyPackages)' == 'true') foi avaliado como ('.NETCoreApp,Version=v9.0' != '' and '.NETCoreApp' == '.NETFramework' and 'true' == 'true').
   2:6>Destino "CheckForImplicitPackageReferenceOverrides" no arquivo "C:\Program Files\dotnet\sdk\9.0.304\Sdks\Microsoft.NET.Sdk\targets\Microsoft.NET.Sdk.DefaultItems.Shared.targets" do projeto "D:\PROJETOS\LAUNCHER C#\launcher\L2Updater.csproj" (o destino "ApplyImplicitVersions" depende dele):
       Usando a tarefa "CheckForImplicitPackageReferenceOverrides" do assembly "C:\Program Files\dotnet\sdk\9.0.304\Sdks\Microsoft.NET.Sdk\targets\..\tools\net9.0\Microsoft.NET.Build.Tasks.dll".
       Tarefa "CheckForImplicitPackageReferenceOverrides"
       Tarefa em execu├º├úo pronta "CheckForImplicitPackageReferenceOverrides".
   2:6>Destino de compila├º├úo pronto"CheckForImplicitPackageReferenceOverrides" no projeto "L2Updater.csproj".
   2:6>Destino "ApplyImplicitVersions" no arquivo "C:\Program Files\dotnet\sdk\9.0.304\Sdks\Microsoft.NET.Sdk\targets\Microsoft.NET.Sdk.DefaultItems.Shared.targets" do projeto "D:\PROJETOS\LAUNCHER C#\launcher\L2Updater.csproj" (o destino "CollectPackageReferences" depende dele):
       Usando a tarefa "ApplyImplicitVersions" do assembly "C:\Program Files\dotnet\sdk\9.0.304\Sdks\Microsoft.NET.Sdk\targets\..\tools\net9.0\Microsoft.NET.Build.Tasks.dll".
       Tarefa "ApplyImplicitVersions"
       Tarefa em execu├º├úo pronta "ApplyImplicitVersions".
   2:6>Destino de compila├º├úo pronto"ApplyImplicitVersions" no projeto "L2Updater.csproj".
       Destino "CheckForImplicitPackageReferenceOverrides" ignorado. Compilado anteriormente com ├¬xito.
   2:6>Destino "AddWindowsSdkKnownFrameworkReferences" no arquivo "C:\Program Files\dotnet\sdk\9.0.304\Sdks\Microsoft.NET.Sdk\targets\Microsoft.NET.Sdk.FrameworkReferenceResolution.targets" do projeto "D:\PROJETOS\LAUNCHER C#\launcher\L2Updater.csproj" (o destino "ProcessFrameworkReferences" depende dele):
       Usando a tarefa "CreateWindowsSdkKnownFrameworkReferences" do assembly "C:\Program Files\dotnet\sdk\9.0.304\Sdks\Microsoft.NET.Sdk\targets\..\tools\net9.0\Microsoft.NET.Build.Tasks.dll".
       Tarefa "CreateWindowsSdkKnownFrameworkReferences"
       Tarefa em execu├º├úo pronta "CreateWindowsSdkKnownFrameworkReferences".
   2:6>Destino de compila├º├úo pronto"AddWindowsSdkKnownFrameworkReferences" no projeto "L2Updater.csproj".
   2:6>Destino "_ComputeToolPackInputsToProcessFrameworkReferences" no arquivo "C:\Program Files\dotnet\sdk\9.0.304\Sdks\Microsoft.NET.Sdk\targets\Microsoft.NET.Publish.targets" do projeto "D:\PROJETOS\LAUNCHER C#\launcher\L2Updater.csproj" (o destino "ProcessFrameworkReferences" depende dele):
   2:6>Destino de compila├º├úo pronto"_ComputeToolPackInputsToProcessFrameworkReferences" no projeto "L2Updater.csproj".
   2:6>Destino "ProcessFrameworkReferences" no arquivo "C:\Program Files\dotnet\sdk\9.0.304\Sdks\Microsoft.NET.Sdk\targets\Microsoft.NET.Sdk.FrameworkReferenceResolution.targets" do projeto "D:\PROJETOS\LAUNCHER C#\launcher\L2Updater.csproj" (o destino "CollectPackageReferences" depende dele):
       Usando a tarefa "CheckForDuplicateFrameworkReferences" do assembly "C:\Program Files\dotnet\sdk\9.0.304\Sdks\Microsoft.NET.Sdk\targets\..\tools\net9.0\Microsoft.NET.Build.Tasks.dll".
       Tarefa "CheckForDuplicateFrameworkReferences"
       Tarefa em execu├º├úo pronta "CheckForDuplicateFrameworkReferences".
       Usando a tarefa "ProcessFrameworkReferences" do assembly "C:\Program Files\dotnet\sdk\9.0.304\Sdks\Microsoft.NET.Sdk\targets\..\tools\net9.0\Microsoft.NET.Build.Tasks.dll".
       Tarefa "ProcessFrameworkReferences"
       Tarefa em execu├º├úo pronta "ProcessFrameworkReferences".
       Usando a tarefa "ResolveAppHosts" do assembly "C:\Program Files\dotnet\sdk\9.0.304\Sdks\Microsoft.NET.Sdk\targets\..\tools\net9.0\Microsoft.NET.Build.Tasks.dll".
       Tarefa "ResolveAppHosts"
       Tarefa em execu├º├úo pronta "ResolveAppHosts".
   2:6>Destino de compila├º├úo pronto"ProcessFrameworkReferences" no projeto "L2Updater.csproj".
       Destino "IncludeTargetingPackReference" ignorado devido ├á condi├º├úo falsa; ('$(TargetFrameworkMoniker)' != '' and '$(TargetFrameworkIdentifier)' == '.NETFramework' and '$(AutomaticallyUseReferenceAssemblyPackages)' == 'true') foi avaliado como ('.NETCoreApp,Version=v9.0' != '' and '.NETCoreApp' == '.NETFramework' and 'true' == 'true').
       Destino "_CheckMicrosoftNetCompilersToolsetFrameworkPackageReference" ignorado devido ├á condi├º├úo falsa; ('$(MSBuildRuntimeType)' == 'Full') foi avaliado como ('Core' == 'Full').
   2:6>Destino "_CheckForObsoleteDotNetCliToolReferences" no arquivo "C:\Program Files\dotnet\sdk\9.0.304\Sdks\Microsoft.NET.Sdk\targets\Microsoft.NET.ObsoleteReferences.targets" do projeto "D:\PROJETOS\LAUNCHER C#\launcher\L2Updater.csproj" (o destino "CollectPackageReferences" depende dele):
       A tarefa "NETSdkWarning" foi ignorada devido a condi├º├úo falsa; ( '%(_ReferenceToObsoleteDotNetCliTool.Identity)' != '' ) foi avaliado como ( '' != '' ).
   2:6>Destino de compila├º├úo pronto"_CheckForObsoleteDotNetCliToolReferences" no projeto "L2Updater.csproj".
   2:6>Destino "CollectPackageReferences" no arquivo "C:\Program Files\dotnet\sdk\9.0.304\NuGet.targets" do projeto "D:\PROJETOS\LAUNCHER C#\launcher\L2Updater.csproj" (o destino "_GetRestoreProjectStyle" depende dele):
       Usando a tarefa "CheckForDuplicateNuGetItemsTask" do assembly "C:\Program Files\dotnet\sdk\9.0.304\NuGet.Build.Tasks.dll".
       Tarefa "CheckForDuplicateNuGetItemsTask"
       Tarefa em execu├º├úo pronta "CheckForDuplicateNuGetItemsTask".
   2:6>Destino de compila├º├úo pronto"CollectPackageReferences" no projeto "L2Updater.csproj".
   2:6>Destino "_GetRestoreProjectStyle" no arquivo "C:\Program Files\dotnet\sdk\9.0.304\NuGet.targets" do projeto "D:\PROJETOS\LAUNCHER C#\launcher\L2Updater.csproj" (o destino "EnableIntermediateOutputPathMismatchWarning" depende dele):
       Usando a tarefa "GetRestoreProjectStyleTask" do assembly "C:\Program Files\dotnet\sdk\9.0.304\NuGet.Build.Tasks.dll".
       Tarefa "GetRestoreProjectStyleTask"
       Tarefa em execu├º├úo pronta "GetRestoreProjectStyleTask".
   2:6>Destino de compila├º├úo pronto"_GetRestoreProjectStyle" no projeto "L2Updater.csproj".
   2:6>Destino "EnableIntermediateOutputPathMismatchWarning" no arquivo "C:\Program Files\dotnet\sdk\9.0.304\NuGet.targets" do projeto "D:\PROJETOS\LAUNCHER C#\launcher\L2Updater.csproj" (o destino "_CheckForInvalidConfigurationAndPlatform" depende dele):
   2:6>Destino de compila├º├úo pronto"EnableIntermediateOutputPathMismatchWarning" no projeto "L2Updater.csproj".
       Destino "ApplyImplicitVersions" ignorado. Compilado anteriormente com ├¬xito.
       Destino "CheckForImplicitPackageReferenceOverrides" ignorado. Compilado anteriormente com ├¬xito.
   2:6>Destino "CheckForDuplicateItems" no arquivo "C:\Program Files\dotnet\sdk\9.0.304\Sdks\Microsoft.NET.Sdk\targets\Microsoft.NET.Sdk.DefaultItems.Shared.targets" do projeto "D:\PROJETOS\LAUNCHER C#\launcher\L2Updater.csproj" (o destino "_CheckForInvalidConfigurationAndPlatform" depende dele):
       Usando a tarefa "CheckForDuplicateItems" do assembly "C:\Program Files\dotnet\sdk\9.0.304\Sdks\Microsoft.NET.Sdk\targets\..\tools\net9.0\Microsoft.NET.Build.Tasks.dll".
       Tarefa "CheckForDuplicateItems"
       Tarefa em execu├º├úo pronta "CheckForDuplicateItems".
       Tarefa "CheckForDuplicateItems"
       Tarefa em execu├º├úo pronta "CheckForDuplicateItems".
       Tarefa "CheckForDuplicateItems"
       Tarefa em execu├º├úo pronta "CheckForDuplicateItems".
   2:6>Destino de compila├º├úo pronto"CheckForDuplicateItems" no projeto "L2Updater.csproj".
       Destino "WarnForExplicitVersions" ignorado devido ├á condi├º├úo falsa; ('@(SdkBuildWarning)' != '') foi avaliado como ('' != '').
       Destino "_CheckForFailedSDKResolution" ignorado devido ├á condi├º├úo falsa; ('$(SdkResolverHonoredGlobalJson)' == 'false') foi avaliado como ('' == 'false').
       Destino "_WarnWhenUsingNET9AndVSPriorTo1712" ignorado devido ├á condi├º├úo falsa; ($([MSBuild]::VersionLessThan($(MSBuildVersion), '17.12.0')) and '$(TargetFrameworkIdentifier)' == '.NETCoreApp' and $([MSBuild]::VersionGreaterThanOrEquals($(_TargetFrameworkVersionWithoutV), '9.0'))) foi avaliado como (False and '.NETCoreApp' == '.NETCoreApp' and True).
   2:6>Destino "_CheckForInvalidWindowsDesktopTargetingConfiguration" no arquivo "C:\Program Files\dotnet\sdk\9.0.304\Sdks\Microsoft.NET.Sdk\targets\Microsoft.NET.Sdk.DefaultItems.targets" do projeto "D:\PROJETOS\LAUNCHER C#\launcher\L2Updater.csproj" (o destino "_CheckForInvalidConfigurationAndPlatform" depende dele):
       A tarefa "NETSdkError" foi ignorada devido a condi├º├úo falsa; ('$(TargetPlatformIdentifier)' != 'Windows') foi avaliado como ('Windows' != 'Windows').
   2:6>Destino de compila├º├úo pronto"_CheckForInvalidWindowsDesktopTargetingConfiguration" no projeto "L2Updater.csproj".
       Destino "_CheckForUnnecessaryWindowsDesktopSDK" ignorado devido ├á condi├º├úo falsa; ('$(TargetFrameworkIdentifier)' == '.NETCoreApp' and $([MSBuild]::VersionGreaterThanOrEquals($(_TargetFrameworkVersionWithoutV), '5.0')) and '$(_MicrosoftWindowsDesktopSdkImported)' == 'true' and '$(TargetFrameworks)' == '') foi avaliado como ('.NETCoreApp' == '.NETCoreApp' and True and '' == 'true' and '' == '').
       Destino "ProcessFrameworkReferences" ignorado. Compilado anteriormente com ├¬xito.
       Destino "IncludeTargetingPackReference" ignorado devido ├á condi├º├úo falsa; ('$(TargetFrameworkMoniker)' != '' and '$(TargetFrameworkIdentifier)' == '.NETFramework' and '$(AutomaticallyUseReferenceAssemblyPackages)' == 'true') foi avaliado como ('.NETCoreApp,Version=v9.0' != '' and '.NETCoreApp' == '.NETFramework' and 'true' == 'true').
       Destino "CheckForDuplicateItems" ignorado. Compilado anteriormente com ├¬xito.
   2:6>Destino "CheckForDuplicatePageItems" no arquivo "C:\Program Files\dotnet\sdk\9.0.304\Sdks\Microsoft.NET.Sdk.WindowsDesktop\targets\Microsoft.NET.Sdk.WindowsDesktop.targets" do projeto "D:\PROJETOS\LAUNCHER C#\launcher\L2Updater.csproj" (o destino "_CheckForInvalidConfigurationAndPlatform" depende dele):
       Tarefa "CheckForDuplicateItems"
       Tarefa em execu├º├úo pronta "CheckForDuplicateItems".
   2:6>Destino de compila├º├úo pronto"CheckForDuplicatePageItems" no projeto "L2Updater.csproj".
   2:6>Destino "_WindowsDesktopFrameworkRequiresUseWpfOrUseWindowsForms" no arquivo "C:\Program Files\dotnet\sdk\9.0.304\Sdks\Microsoft.NET.Sdk.WindowsDesktop\targets\Microsoft.NET.Sdk.WindowsDesktop.targets" do projeto "D:\PROJETOS\LAUNCHER C#\launcher\L2Updater.csproj" (o destino "_CheckForInvalidConfigurationAndPlatform" depende dele):
       A tarefa "NetSdkWarning" foi ignorada devido a condi├º├úo falsa; ('$(UseWpf)' != 'true' And '$(UseWindowsForms)' != 'true') foi avaliado como ('True' != 'true' And 'True' != 'true').
   2:6>Destino de compila├º├úo pronto"_WindowsDesktopFrameworkRequiresUseWpfOrUseWindowsForms" no projeto "L2Updater.csproj".
       Destino "_WindowsDesktopFrameworkRequiresVersion30" ignorado devido ├á condi├º├úo falsa; (('$(TargetFrameworkIdentifier)' == '.NETCoreApp') And
                         ('$(_TargetFrameworkVersionValue)' != '$(_UndefinedTargetFrameworkVersion)') And ('$(_TargetFrameworkVersionValue)' < '$(_WindowsDesktopSdkTargetFrameworkVersionFloor)')) foi avaliado como (('.NETCoreApp' == '.NETCoreApp') And
                         ('9.0' != '0.0') And ('9.0' < '3.0')).
   2:6>Destino "_CheckForInvalidConfigurationAndPlatform" no arquivo "C:\Program Files\dotnet\sdk\9.0.304\Microsoft.Common.CurrentVersion.targets" do projeto "D:\PROJETOS\LAUNCHER C#\launcher\L2Updater.csproj" (o destino "BeforeBuild" depende dele):
       A tarefa "MSBuildInternalMessage" foi ignorada devido a condi├º├úo falsa; ('$(_InvalidConfigurationMessageSeverity)' != '') foi avaliado como ('' != '').
       Tarefa "Message"
         Configuration=Debug
       Tarefa em execu├º├úo pronta "Message".
       Tarefa "Message"
         Platform=AnyCPU
       Tarefa em execu├º├úo pronta "Message".
       A tarefa "MSBuildInternalMessage" foi ignorada devido a condi├º├úo falsa; ('$(OutDir)' != '' and !HasTrailingSlash('$(OutDir)')) foi avaliado como ('bin\Debug\net9.0-windows\win-x64\' != '' and !HasTrailingSlash('bin\Debug\net9.0-windows\win-x64\')).
       A tarefa "MSBuildInternalMessage" foi ignorada devido a condi├º├úo falsa; ('$(IntermediateOutputPath)' != '' and !HasTrailingSlash('$(IntermediateOutputPath)')) foi avaliado como ('obj\Debug\net9.0-windows\win-x64\' != '' and !HasTrailingSlash('obj\Debug\net9.0-windows\win-x64\')).
       A tarefa "MSBuildInternalMessage" foi ignorada devido a condi├º├úo falsa; ('$(BaseIntermediateOutputPath)' != '' and !HasTrailingSlash('$(BaseIntermediateOutputPath)')) foi avaliado como ('obj\' != '' and !HasTrailingSlash('obj\')).
       A tarefa "MSBuildInternalMessage" foi ignorada devido a condi├º├úo falsa; ( '$(Prefer32Bit)' == 'true' and '$(PreferNativeArm64)' == 'true' ) foi avaliado como ( 'false' == 'true' and 'false' == 'true' ).
       A tarefa "MSBuildInternalMessage" foi ignorada devido a condi├º├úo falsa; ( '$(NoWin32Manifest)' == 'true' and '$(PreferNativeArm64)' == 'true' ) foi avaliado como ( '' == 'true' and 'false' == 'true' ).
       A tarefa "MSBuildInternalMessage" foi ignorada devido a condi├º├úo falsa; ( '$(PreferNativeArm64)' == 'true' and '$(Platform)' != 'AnyCPU' ) foi avaliado como ( 'false' == 'true' and 'AnyCPU' != 'AnyCPU' ).
       A tarefa "MSBuildInternalMessage" foi ignorada devido a condi├º├úo falsa; ( '$(_InitialMSBuildProjectExtensionsPath)' != '' And '$(MSBuildProjectExtensionsPath)' != '$(_InitialMSBuildProjectExtensionsPath)' ) foi avaliado como ( 'D:\PROJETOS\LAUNCHER C#\launcher\obj\' != '' And 'D:\PROJETOS\LAUNCHER C#\launcher\obj\' != 'D:\PROJETOS\LAUNCHER C#\launcher\obj\' ).
       A tarefa "MSBuildInternalMessage" foi ignorada devido a condi├º├úo falsa; ( '$(EnableBaseIntermediateOutputPathMismatchWarning)' == 'true' And '$(_InitialBaseIntermediateOutputPath)' != '$(BaseIntermediateOutputPath)' And '$(BaseIntermediateOutputPath)' != '$(MSBuildProjectExtensionsPath)' ) foi avaliado como ( 'true' == 'true' And 'obj\' != 'obj\' And 'obj\' != 'D:\PROJETOS\LAUNCHER C#\launcher\obj\' ).
   2:6>Destino de compila├º├úo pronto"_CheckForInvalidConfigurationAndPlatform" no projeto "L2Updater.csproj".
   2:6>Destino "ValidateCommandLineProperties" no arquivo "C:\Program Files\dotnet\sdk\9.0.304\Sdks\Microsoft.NET.Sdk\targets\Microsoft.NET.Sdk.targets" do projeto "D:\PROJETOS\LAUNCHER C#\launcher\L2Updater.csproj" (o destino "BeforeBuild" depende dele):
   2:6>Destino de compila├º├úo pronto"ValidateCommandLineProperties" no projeto "L2Updater.csproj".
   2:6>Destino "BeforeBuild" no arquivo "C:\Program Files\dotnet\sdk\9.0.304\Microsoft.Common.CurrentVersion.targets" do projeto "D:\PROJETOS\LAUNCHER C#\launcher\L2Updater.csproj" (o destino "Build" depende dele):
   2:6>Destino de compila├º├úo pronto"BeforeBuild" no projeto "L2Updater.csproj".
       Destino "_CheckForBuildWithNoBuild" ignorado devido ├á condi├º├úo falsa; ('$(NoBuild)' == 'true' and '$(GeneratePackageOnBuild)' != 'true') foi avaliado como ('' == 'true' and 'false' != 'true').
   2:6>Destino "BuildOnlySettings" no arquivo "C:\Program Files\dotnet\sdk\9.0.304\Microsoft.Common.CurrentVersion.targets" do projeto "D:\PROJETOS\LAUNCHER C#\launcher\L2Updater.csproj" (o destino "CoreBuild" depende dele):
       C:\Program Files\dotnet\sdk\9.0.304\Microsoft.Common.CurrentVersion.targets(1168,7): message : Reatribui├º├úo de propriedade: $(BuildingProject)="true" (valor anterior: "false") em C:\Program Files\dotnet\sdk\9.0.304\Microsoft.Common.CurrentVersion.targets (1168,7) [D:\PROJETOS\LAUNCHER C#\launcher\L2Updater.csproj]
   2:6>Destino de compila├º├úo pronto"BuildOnlySettings" no projeto "L2Updater.csproj".
       Destino "_CheckForUnsupportedTargetFramework" ignorado devido ├á condi├º├úo falsa; ('$(_UnsupportedTargetFrameworkError)' == 'true') foi avaliado como ('' == 'true').
   2:6>Destino "GetFrameworkPaths" no arquivo "C:\Program Files\dotnet\sdk\9.0.304\Sdks\Microsoft.NET.Sdk\targets\Microsoft.NET.DisableStandardFrameworkResolution.targets" do projeto "D:\PROJETOS\LAUNCHER C#\launcher\L2Updater.csproj" (o destino "PrepareForBuild" depende dele):
   2:6>Destino de compila├º├úo pronto"GetFrameworkPaths" no projeto "L2Updater.csproj".
       Destino "_CheckForUnsupportedTargetFramework" ignorado devido ├á condi├º├úo falsa; ('$(_UnsupportedTargetFrameworkError)' == 'true') foi avaliado como ('' == 'true').
   2:6>Destino "GetReferenceAssemblyPaths" no arquivo "C:\Program Files\dotnet\sdk\9.0.304\Sdks\Microsoft.NET.Sdk\targets\Microsoft.NET.DisableStandardFrameworkResolution.targets" do projeto "D:\PROJETOS\LAUNCHER C#\launcher\L2Updater.csproj" (o destino "PrepareForBuild" depende dele):
   2:6>Destino de compila├º├úo pronto"GetReferenceAssemblyPaths" no projeto "L2Updater.csproj".
       Destino "AssignLinkMetadata" ignorado devido ├á condi├º├úo falsa; ( '$(SynthesizeLinkMetadata)' == 'true' ) foi avaliado como ( '' == 'true' ).
       Destino "_VerifyPackReleaseConfigurations" ignorado devido ├á condi├º├úo falsa; ('$(_IsPacking)' == 'true' and '$(DOTNET_CLI_DISABLE_PUBLISH_AND_PACK_RELEASE)' != 'true' and '$(DOTNET_CLI_LAZY_PUBLISH_AND_PACK_RELEASE_FOR_SOLUTIONS)' == 'true') foi avaliado como ('' == 'true' and '' != 'true' and '' == 'true').
   2:6>Destino "PrepareForBuild" no arquivo "C:\Program Files\dotnet\sdk\9.0.304\Microsoft.Common.CurrentVersion.targets" do projeto "D:\PROJETOS\LAUNCHER C#\launcher\L2Updater.csproj" (o destino "CoreBuild" depende dele):
       Usando a tarefa "FindAppConfigFile" do assembly "Microsoft.Build.Tasks.Core, Version=15.1.0.0, Culture=neutral, PublicKeyToken=b03f5f7f11d50a3a".
       Tarefa "FindAppConfigFile"
       Tarefa em execu├º├úo pronta "FindAppConfigFile".
       Usando a tarefa "MakeDir" do assembly "Microsoft.Build.Tasks.Core, Version=15.1.0.0, Culture=neutral, PublicKeyToken=b03f5f7f11d50a3a".
       Tarefa "MakeDir"
       Tarefa em execu├º├úo pronta "MakeDir".
   2:6>Destino de compila├º├úo pronto"PrepareForBuild" no projeto "L2Updater.csproj".
   2:6>Destino "GenerateTargetPlatformDefineConstants" no arquivo "C:\Program Files\dotnet\sdk\9.0.304\Sdks\Microsoft.NET.Sdk\targets\Microsoft.NET.Sdk.BeforeCommon.targets" do projeto "D:\PROJETOS\LAUNCHER C#\launcher\L2Updater.csproj" (o destino "AddImplicitDefineConstants" depende dele):
   2:6>Destino de compila├º├úo pronto"GenerateTargetPlatformDefineConstants" no projeto "L2Updater.csproj".
   2:6>Destino "GenerateNETCompatibleDefineConstants" no arquivo "C:\Program Files\dotnet\sdk\9.0.304\Sdks\Microsoft.NET.Sdk\targets\Microsoft.NET.Sdk.BeforeCommon.targets" do projeto "D:\PROJETOS\LAUNCHER C#\launcher\L2Updater.csproj" (o destino "AddImplicitDefineConstants" depende dele):
   2:6>Destino de compila├º├úo pronto"GenerateNETCompatibleDefineConstants" no projeto "L2Updater.csproj".
   2:6>Destino "GeneratePlatformCompatibleDefineConstants" no arquivo "C:\Program Files\dotnet\sdk\9.0.304\Sdks\Microsoft.NET.Sdk\targets\Microsoft.NET.Sdk.BeforeCommon.targets" do projeto "D:\PROJETOS\LAUNCHER C#\launcher\L2Updater.csproj" (o destino "AddImplicitDefineConstants" depende dele):
   2:6>Destino de compila├º├úo pronto"GeneratePlatformCompatibleDefineConstants" no projeto "L2Updater.csproj".
       Destino "_DisableDiagnosticTracing" ignorado devido ├á condi├º├úo falsa; ('$(DisableDiagnosticTracing)' == 'true') foi avaliado como ('' == 'true').
   2:6>Destino "AddImplicitDefineConstants" no arquivo "C:\Program Files\dotnet\sdk\9.0.304\Sdks\Microsoft.NET.Sdk\targets\Microsoft.NET.Sdk.BeforeCommon.targets" do projeto "D:\PROJETOS\LAUNCHER C#\launcher\L2Updater.csproj" (o destino "CoreBuild" depende dele):
       C:\Program Files\dotnet\sdk\9.0.304\Sdks\Microsoft.NET.Sdk\targets\Microsoft.NET.Sdk.BeforeCommon.targets(267,7): message : Reatribui├º├úo de propriedade: $(DefineConstants)="TRACE;DEBUG;NET;NET9_0;NETCOREAPP;WINDOWS;WINDOWS7_0;NET5_0_OR_GREATER;NET6_0_OR_GREATER;NET7_0_OR_GREATER;NET8_0_OR_GREATER;NET9_0_OR_GREATER;NETCOREAPP3_0_OR_GREATER;NETCOREAPP3_1_OR_GREATER;WINDOWS7_0_OR_GREATER" (valor anterior: "TRACE;DEBUG;NET;NET9_0;NETCOREAPP") em C:\Program Files\dotnet\sdk\9.0.304\Sdks\Microsoft.NET.Sdk\targets\Microsoft.NET.Sdk.BeforeCommon.targets (267,7) [D:\PROJETOS\LAUNCHER C#\launcher\L2Updater.csproj]
   2:6>Destino de compila├º├úo pronto"AddImplicitDefineConstants" no projeto "L2Updater.csproj".
       Destino "GenerateGlobalUsings" ignorado devido ├á condi├º├úo falsa; (@(Using->Count()) != 0) foi avaliado como (0 != 0).
       Destino "PreBuildEvent" ignorado devido ├á condi├º├úo falsa; ('$(PreBuildEvent)'!='') foi avaliado como (''!='').
   2:6>Destino "BeforeResolveReferences" no arquivo "C:\Program Files\dotnet\sdk\9.0.304\Microsoft.Common.CurrentVersion.targets" do projeto "D:\PROJETOS\LAUNCHER C#\launcher\L2Updater.csproj" (o destino "ResolveReferences" depende dele):
   2:6>Destino de compila├º├úo pronto"BeforeResolveReferences" no projeto "L2Updater.csproj".
   2:6>Destino "IgnoreJavaScriptOutputAssembly" no arquivo "C:\Program Files\dotnet\sdk\9.0.304\Microsoft.Common.CurrentVersion.targets" do projeto "D:\PROJETOS\LAUNCHER C#\launcher\L2Updater.csproj" (o destino "AssignProjectConfiguration" depende dele):
   2:6>Destino de compila├º├úo pronto"IgnoreJavaScriptOutputAssembly" no projeto "L2Updater.csproj".
       Destino "ProcessFrameworkReferences" ignorado. Compilado anteriormente com ├¬xito.
   2:6>Destino "_DefaultMicrosoftNETPlatformLibrary" no arquivo "C:\Program Files\dotnet\sdk\9.0.304\Sdks\Microsoft.NET.Sdk\targets\Microsoft.NET.Sdk.Shared.targets" do projeto "D:\PROJETOS\LAUNCHER C#\launcher\L2Updater.csproj" (o destino "ResolvePackageAssets" depende dele):
   2:6>Destino de compila├º├úo pronto"_DefaultMicrosoftNETPlatformLibrary" no projeto "L2Updater.csproj".
   2:6>Destino "_ComputePackageReferencePublish" no arquivo "C:\Program Files\dotnet\sdk\9.0.304\Sdks\Microsoft.NET.Sdk\targets\Microsoft.NET.Sdk.Shared.targets" do projeto "D:\PROJETOS\LAUNCHER C#\launcher\L2Updater.csproj" (o destino "ResolvePackageAssets" depende dele):
   2:6>Destino de compila├º├úo pronto"_ComputePackageReferencePublish" no projeto "L2Updater.csproj".
       Destino "_ResolveCompilerVersion" ignorado devido ├á condi├º├úo falsa; ('$(CompilerApiVersion)' == '' And
                            ('$(Language)' == 'C#' Or '$(Language)' == 'VB') And
                            Exists('$(RoslynTargetsPath)\Microsoft.Build.Tasks.CodeAnalysis.dll')) foi avaliado como ('roslyn4.14' == '' And
                            ('C#' == 'C#' Or 'C#' == 'VB') And
                            Exists('C:\Program Files\dotnet\sdk\9.0.304\Roslyn\Microsoft.Build.Tasks.CodeAnalysis.dll')).
   2:6>Destino "ResolvePackageAssets" no arquivo "C:\Program Files\dotnet\sdk\9.0.304\Sdks\Microsoft.NET.Sdk\targets\Microsoft.PackageDependencyResolution.targets" do projeto "D:\PROJETOS\LAUNCHER C#\launcher\L2Updater.csproj" (o destino "ResolveLockFileReferences" depende dele):
       Usando a tarefa "ResolvePackageAssets" do assembly "C:\Program Files\dotnet\sdk\9.0.304\Sdks\Microsoft.NET.Sdk\targets\..\tools\net9.0\Microsoft.NET.Build.Tasks.dll".
       Tarefa "ResolvePackageAssets"
       Tarefa em execu├º├úo pronta "ResolvePackageAssets".
   2:6>Destino de compila├º├úo pronto"ResolvePackageAssets" no projeto "L2Updater.csproj".
       Destino "AdjustDefaultPlatformTargetForNetFrameworkExeWithNoNativeCopyLocalItems" ignorado devido ├á condi├º├úo falsa; ('$(_UsingDefaultPlatformTarget)' == 'true' and
                            '$(_UsingDefaultRuntimeIdentifier)' == 'true') foi avaliado como ('true' == 'true' and
                            '' == 'true').
       Destino "_CheckForTransitiveWindowsDesktopDependencies" ignorado devido ├á condi├º├úo falsa; ('$(TargetFrameworkIdentifier)' == '.NETCoreApp' and $([MSBuild]::VersionGreaterThanOrEquals($(_TargetFrameworkVersionWithoutV), '5.0')) and '$(TargetPlatformIdentifier)' != 'Windows' and '@(TransitiveFrameworkReference)' != '') foi avaliado como ('.NETCoreApp' == '.NETCoreApp' and True and 'Windows' != 'Windows' and '' != '').
       Destino "AddTransitiveFrameworkReferences" ignorado devido ├á condi├º├úo falsa; ('@(TransitiveFrameworkReference)' != '') foi avaliado como ('' != '').
       Destino "_CheckForTransitiveWindowsSDKFullDependencies" ignorado devido ├á condi├º├úo falsa; ( '$(TargetFrameworkIdentifier)' == '.NETCoreApp'
                             and '$(TargetPlatformIdentifier)' == 'Windows'
                             and '@(TransitiveFrameworkReference)' != ''
                             and '$(UseUwp)' != 'true' ) foi avaliado como ( '.NETCoreApp' == '.NETCoreApp'
                             and 'Windows' == 'Windows'
                             and '' != ''
                             and '' != 'true' ).
       Destino "_CheckForInvalidTfmForWindowsSDKXamlDependencies" ignorado devido ├á condi├º├úo falsa; ( !('$(TargetFrameworkIdentifier)' == '.NETCoreApp' and $([MSBuild]::VersionGreaterThanOrEquals($(TargetFrameworkVersion), '8.0')) and '$(TargetPlatformIdentifier)' == 'Windows')
                             and '$(UseUwp)' == 'true' ) foi avaliado como ( !('.NETCoreApp' == '.NETCoreApp' and True and 'Windows' == 'Windows')
                             and '' == 'true' ).
   2:6>Destino "ResolveLockFileReferences" no arquivo "C:\Program Files\dotnet\sdk\9.0.304\Sdks\Microsoft.NET.Sdk\targets\Microsoft.PackageDependencyResolution.targets" do projeto "D:\PROJETOS\LAUNCHER C#\launcher\L2Updater.csproj" (o destino "ResolvePackageDependenciesForBuild" depende dele):
       Usando a tarefa "JoinItems" do assembly "C:\Program Files\dotnet\sdk\9.0.304\Sdks\Microsoft.NET.Sdk\targets\..\tools\net9.0\Microsoft.NET.Build.Tasks.dll".
       Tarefa "JoinItems"
       Tarefa em execu├º├úo pronta "JoinItems".
   2:6>Destino de compila├º├úo pronto"ResolveLockFileReferences" no projeto "L2Updater.csproj".
       Destino "ResolvePackageAssets" ignorado. Compilado anteriormente com ├¬xito.
   2:6>Destino "ResolveLockFileAnalyzers" no arquivo "C:\Program Files\dotnet\sdk\9.0.304\Sdks\Microsoft.NET.Sdk\targets\Microsoft.PackageDependencyResolution.targets" do projeto "D:\PROJETOS\LAUNCHER C#\launcher\L2Updater.csproj" (o destino "ResolvePackageDependenciesForBuild" depende dele):
   2:6>Destino de compila├º├úo pronto"ResolveLockFileAnalyzers" no projeto "L2Updater.csproj".
       Destino "ResolvePackageAssets" ignorado. Compilado anteriormente com ├¬xito.
       Destino "RunProduceContentAssets" ignorado devido ├á condi├º├úo falsa; ('@(_ContentFilesToPreprocess)' != '' and '$(_CleaningWithoutRebuilding)' != 'true') foi avaliado como ('' != '' and '' != 'true').
   2:6>Destino "ResolveLockFileCopyLocalFiles" no arquivo "C:\Program Files\dotnet\sdk\9.0.304\Sdks\Microsoft.NET.Sdk\targets\Microsoft.PackageDependencyResolution.targets" do projeto "D:\PROJETOS\LAUNCHER C#\launcher\L2Updater.csproj" (o destino "ResolvePackageDependenciesForBuild" depende dele):
   2:6>Destino de compila├º├úo pronto"ResolveLockFileCopyLocalFiles" no projeto "L2Updater.csproj".
       Destino "ResolveRuntimePackAssets" ignorado devido ├á condi├º├úo falsa; ('@(RuntimePack)' != '') foi avaliado como ('' != '').
       Destino "RunProduceContentAssets" ignorado devido ├á condi├º├úo falsa; ('@(_ContentFilesToPreprocess)' != '' and '$(_CleaningWithoutRebuilding)' != 'true') foi avaliado como ('' != '' and '' != 'true').
       Destino "ResolvePackageAssets" ignorado. Compilado anteriormente com ├¬xito.
   2:6>Destino "IncludeTransitiveProjectReferences" no arquivo "C:\Program Files\dotnet\sdk\9.0.304\Sdks\Microsoft.NET.Sdk\targets\Microsoft.PackageDependencyResolution.targets" do projeto "D:\PROJETOS\LAUNCHER C#\launcher\L2Updater.csproj" (o destino "ResolvePackageDependenciesForBuild" depende dele):
   2:6>Destino de compila├º├úo pronto"IncludeTransitiveProjectReferences" no projeto "L2Updater.csproj".
   2:6>Destino "ResolvePackageDependenciesForBuild" no arquivo "C:\Program Files\dotnet\sdk\9.0.304\Sdks\Microsoft.NET.Sdk\targets\Microsoft.PackageDependencyResolution.targets" do projeto "D:\PROJETOS\LAUNCHER C#\launcher\L2Updater.csproj" (o destino "AssignProjectConfiguration" depende dele):
   2:6>Destino de compila├º├úo pronto"ResolvePackageDependenciesForBuild" no projeto "L2Updater.csproj".
       Destino "_Microsoft_Extensions_OptionsAnalyzerMultiTargeting" ignorado devido ├á condi├º├úo falsa; ('$(SupportsRoslynComponentVersioning)' != 'true') foi avaliado como ('true' != 'true').
       Destino "_Microsoft_Extensions_OptionsRemoveAnalyzers" ignorado devido ├á condi├º├úo falsa; ('$(DisableMicrosoftExtensionsOptionsSourceGenerator)' == 'true') foi avaliado como ('' == 'true').
       Destino "_Microsoft_Extensions_Logging_AbstractionsAnalyzerMultiTargeting" ignorado devido ├á condi├º├úo falsa; ('$(SupportsRoslynComponentVersioning)' != 'true') foi avaliado como ('true' != 'true').
       Destino "_Microsoft_Extensions_Logging_AbstractionsRemoveAnalyzers" ignorado devido ├á condi├º├úo falsa; ('$(DisableMicrosoftExtensionsLoggingSourceGenerator)' == 'true') foi avaliado como ('' == 'true').
   2:6>Destino "_Microsoft_Extensions_Configuration_Binder_RemoveAnalyzer" no arquivo "C:\Users\danie\.nuget\packages\microsoft.extensions.configuration.binder\9.0.0\buildTransitive\netstandard2.0\Microsoft.Extensions.Configuration.Binder.targets" do projeto "D:\PROJETOS\LAUNCHER C#\launcher\L2Updater.csproj" (o destino "AssignProjectConfiguration" depende dele):
   2:6>Destino de compila├º├úo pronto"_Microsoft_Extensions_Configuration_Binder_RemoveAnalyzer" no projeto "L2Updater.csproj".
       Destino "MVVMToolkitRemoveAnalyzersForRosynNotFound" ignorado devido ├á condi├º├úo falsa; ('$(CSharpCoreTargetsPath)' == '') foi avaliado como ('C:\Program Files\dotnet\sdk\9.0.304\Roslyn\Microsoft.CSharp.Core.targets' == '').
   2:6>Destino "MVVMToolkitGatherAnalyzers" no arquivo "C:\Users\danie\.nuget\packages\communitytoolkit.mvvm\8.2.2\buildTransitive\netstandard2.1\CommunityToolkit.Mvvm.targets" do projeto "D:\PROJETOS\LAUNCHER C#\launcher\L2Updater.csproj" (o destino "MVVMToolkitRemoveAnalyzersForRoslyn3" depende dele):
   2:6>Destino de compila├º├úo pronto"MVVMToolkitGatherAnalyzers" no projeto "L2Updater.csproj".
   2:6>Destino "MVVMToolkitRemoveAnalyzersForRoslyn3" no arquivo "C:\Users\danie\.nuget\packages\communitytoolkit.mvvm\8.2.2\buildTransitive\netstandard2.1\CommunityToolkit.Mvvm.targets" do projeto "D:\PROJETOS\LAUNCHER C#\launcher\L2Updater.csproj" (o destino "AssignProjectConfiguration" depende dele):
       Usando a tarefa "GetAssemblyIdentity" do assembly "Microsoft.Build.Tasks.Core, Version=15.1.0.0, Culture=neutral, PublicKeyToken=b03f5f7f11d50a3a".
       Tarefa "GetAssemblyIdentity"
       Tarefa em execu├º├úo pronta "GetAssemblyIdentity".
       A tarefa "Warning" foi ignorada devido a condi├º├úo falsa; ('$(MVVMToolkitCurrentCompilerVersionIsNotNewEnough)' == 'true') foi avaliado como ('' == 'true').
   2:6>Destino de compila├º├úo pronto"MVVMToolkitRemoveAnalyzersForRoslyn3" no projeto "L2Updater.csproj".
       Destino "MVVMToolkitRemoveDuplicateAnalyzersWhenRoslynComponentVersioningIsNotSupported" ignorado devido ├á condi├º├úo falsa; ('$(MVVMToolkitIsManualRoslynMultiTargetingLogicNeeded)' == 'true') foi avaliado como ('' == 'true').
       Destino "MVVMToolkitWarnForPackagesConfigUse" ignorado devido ├á condi├º├úo falsa; ('$(UsingMicrosoftNetSDK)' != 'true') foi avaliado como ('true' != 'true').
   2:6>Destino "AssignProjectConfiguration" no arquivo "C:\Program Files\dotnet\sdk\9.0.304\Microsoft.Common.CurrentVersion.targets" do projeto "D:\PROJETOS\LAUNCHER C#\launcher\L2Updater.csproj" (o destino "ResolveReferences" depende dele):
       Usando a tarefa "AssignProjectConfiguration" do assembly "Microsoft.Build.Tasks.Core, Version=15.1.0.0, Culture=neutral, PublicKeyToken=b03f5f7f11d50a3a".
       Tarefa "AssignProjectConfiguration"
       Tarefa em execu├º├úo pronta "AssignProjectConfiguration".
   2:6>Destino de compila├º├úo pronto"AssignProjectConfiguration" no projeto "L2Updater.csproj".
       Destino "AssignProjectConfiguration" ignorado. Compilado anteriormente com ├¬xito.
   2:6>Destino "_SplitProjectReferencesByFileExistence" no arquivo "C:\Program Files\dotnet\sdk\9.0.304\Microsoft.Common.CurrentVersion.targets" do projeto "D:\PROJETOS\LAUNCHER C#\launcher\L2Updater.csproj" (o destino "PrepareProjectReferences" depende dele):
       A tarefa "ResolveNonMSBuildProjectOutput" foi ignorada devido a condi├º├úo falsa; ('$(BuildingInsideVisualStudio)'=='true' and '@(ProjectReferenceWithConfiguration)'!='') foi avaliado como (''=='true' and ''!='').
   2:6>Destino de compila├º├úo pronto"_SplitProjectReferencesByFileExistence" no projeto "L2Updater.csproj".
   2:6>Destino "_AddOutputPathToGlobalPropertiesToRemove" no arquivo "C:\Program Files\dotnet\sdk\9.0.304\Microsoft.Common.CurrentVersion.targets" do projeto "D:\PROJETOS\LAUNCHER C#\launcher\L2Updater.csproj" (o destino "_GetProjectReferenceTargetFrameworkProperties" depende dele):
   2:6>Destino de compila├º├úo pronto"_AddOutputPathToGlobalPropertiesToRemove" no projeto "L2Updater.csproj".
   2:6>Destino "_GetProjectReferenceTargetFrameworkProperties" no arquivo "C:\Program Files\dotnet\sdk\9.0.304\Microsoft.Common.CurrentVersion.targets" do projeto "D:\PROJETOS\LAUNCHER C#\launcher\L2Updater.csproj" (o destino "PrepareProjectReferences" depende dele):
       Tarefa "MSBuild"
       Tarefa em execu├º├úo pronta "MSBuild".
       A tarefa "MSBuild" foi ignorada devido a condi├º├úo falsa; ('%(_MSBuildProjectReferenceExistent.SkipGetTargetFrameworkProperties)' != 'true' and '$(EnableDynamicPlatformResolution)' == 'true') foi avaliado como ('' != 'true' and '' == 'true').
       A tarefa "GetReferenceNearestTargetFrameworkTask" foi ignorada devido a condi├º├úo falsa; ('@(_ProjectReferenceTargetFrameworkPossibilities)' != '' and '$(ReferringTargetFrameworkForProjectReferences)' != ''
                                                               And '$(GetReferenceNearestTargetFrameworkTaskSupportsTargetPlatformParameter)' == 'true' and '%(_ProjectReferenceTargetFrameworkPossibilities.IsVcxOrNativeProj)' != 'true') foi avaliado como ('' != '' and '.NETCoreApp,Version=v9.0' != ''
                                                               And 'true' == 'true' and '' != 'true').
       A tarefa "GetReferenceNearestTargetFrameworkTask" foi ignorada devido a condi├º├úo falsa; ('@(_ProjectReferenceTargetFrameworkPossibilities)' != '' and '$(ReferringTargetFrameworkForProjectReferences)' != ''
                                                               And '$(GetReferenceNearestTargetFrameworkTaskSupportsTargetPlatformParameter)' != 'true' and '%(_ProjectReferenceTargetFrameworkPossibilities.IsVcxOrNativeProj)' != 'true') foi avaliado como ('' != '' and '.NETCoreApp,Version=v9.0' != ''
                                                               And 'true' != 'true' and '' != 'true').
       Usando a tarefa "SetRidAgnosticValueForProjects" do assembly "Microsoft.Build.Tasks.Core, Version=15.1.0.0, Culture=neutral, PublicKeyToken=b03f5f7f11d50a3a".
       Tarefa "SetRidAgnosticValueForProjects"
       Tarefa em execu├º├úo pronta "SetRidAgnosticValueForProjects".
   2:6>Destino de compila├º├úo pronto"_GetProjectReferenceTargetFrameworkProperties" no projeto "L2Updater.csproj".
   2:6>Destino "ValidateExecutableReferences" no arquivo "C:\Program Files\dotnet\sdk\9.0.304\Sdks\Microsoft.NET.Sdk\targets\Microsoft.NET.Sdk.targets" do projeto "D:\PROJETOS\LAUNCHER C#\launcher\L2Updater.csproj" (o destino "PrepareProjectReferences" depende dele):
       Usando a tarefa "ValidateExecutableReferences" do assembly "C:\Program Files\dotnet\sdk\9.0.304\Sdks\Microsoft.NET.Sdk\targets\..\tools\net9.0\Microsoft.NET.Build.Tasks.dll".
       Tarefa "ValidateExecutableReferences"
       Tarefa em execu├º├úo pronta "ValidateExecutableReferences".
   2:6>Destino de compila├º├úo pronto"ValidateExecutableReferences" no projeto "L2Updater.csproj".
       Destino "_GetProjectReferencePlatformProperties" ignorado devido ├á condi├º├úo falsa; ('$(EnableDynamicPlatformResolution)' == 'true'
                            and '@(_MSBuildProjectReferenceExistent)' != '') foi avaliado como ('' == 'true'
                            and '' != '').
   2:6>Destino "PrepareProjectReferences" no arquivo "C:\Program Files\dotnet\sdk\9.0.304\Microsoft.Common.CurrentVersion.targets" do projeto "D:\PROJETOS\LAUNCHER C#\launcher\L2Updater.csproj" (o destino "ResolveProjectReferences" depende dele):
   2:6>Destino de compila├º├úo pronto"PrepareProjectReferences" no projeto "L2Updater.csproj".
   2:6>Destino "ResolveProjectReferences" no arquivo "C:\Program Files\dotnet\sdk\9.0.304\Microsoft.Common.CurrentVersion.targets" do projeto "D:\PROJETOS\LAUNCHER C#\launcher\L2Updater.csproj" (o destino "ResolveReferences" depende dele):
       A tarefa "MSBuild" foi ignorada devido a condi├º├úo falsa; ('%(_MSBuildProjectReferenceExistent.BuildReference)' == 'true' and '@(ProjectReferenceWithConfiguration)' != '' and ('$(BuildingInsideVisualStudio)' == 'true' or '$(BuildProjectReferences)' != 'true') and '$(VisualStudioVersion)' != '10.0' and '@(_MSBuildProjectReferenceExistent)' != '') foi avaliado como ('' == 'true' and '' != '' and ('' == 'true' or 'true' != 'true') and '17.0' != '10.0' and '' != '').
       A tarefa "MSBuild" foi ignorada devido a condi├º├úo falsa; ('%(_MSBuildProjectReferenceExistent.BuildReference)' == 'true' and '@(ProjectReferenceWithConfiguration)' != '' and '$(BuildingInsideVisualStudio)' != 'true' and '$(BuildProjectReferences)' == 'true' and '@(_MSBuildProjectReferenceExistent)' != '') foi avaliado como ('' == 'true' and '' != '' and '' != 'true' and 'true' == 'true' and '' != '').
       A tarefa "MSBuild" foi ignorada devido a condi├º├úo falsa; ('%(_MSBuildProjectReferenceExistent.BuildReference)' == 'true' and '@(ProjectReferenceWithConfiguration)' != '' and '$(BuildingProject)' == 'true' and '@(_MSBuildProjectReferenceExistent)' != '') foi avaliado como ('' == 'true' and '' != '' and 'true' == 'true' and '' != '').
       A tarefa "MSBuildInternalMessage" foi ignorada devido a condi├º├úo falsa; ('$(_NonExistentProjectReferenceSeverity)' != '') foi avaliado como ('' != '').
   2:6>Destino de compila├º├úo pronto"ResolveProjectReferences" no projeto "L2Updater.csproj".
   2:6>Destino "RemoveManagedWinRTComponentWinMDReferences" no arquivo "C:\Program Files\dotnet\sdk\9.0.304\Sdks\Microsoft.NET.Sdk\targets\Microsoft.NET.Windows.targets" do projeto "D:\PROJETOS\LAUNCHER C#\launcher\L2Updater.csproj" (o destino "ResolveReferences" depende dele):
   2:6>Destino de compila├º├úo pronto"RemoveManagedWinRTComponentWinMDReferences" no projeto "L2Updater.csproj".
       Destino "AddWinRTComponentImplementationReference" ignorado devido ├á condi├º├úo falsa; ('@(ManagedWinRTComponentImplementations)' != '') foi avaliado como ('' != '').
       Destino "FindInvalidProjectReferences" ignorado devido ├á condi├º├úo falsa; ('$(FindInvalidProjectReferences)' == 'true') foi avaliado como ('' == 'true').
       Destino "ResolveNativeReferences" ignorado devido ├á condi├º├úo falsa; ('@(NativeReference)'!='') foi avaliado como (''!='').
       Destino "ResolveProjectReferences" ignorado. Compilado anteriormente com ├¬xito.
       Destino "FindInvalidProjectReferences" ignorado devido ├á condi├º├úo falsa; ('$(FindInvalidProjectReferences)' == 'true') foi avaliado como ('' == 'true').
       Destino "GetFrameworkPaths" ignorado. Compilado anteriormente com ├¬xito.
       Destino "GetReferenceAssemblyPaths" ignorado. Compilado anteriormente com ├¬xito.
       Destino "PrepareForBuild" ignorado. Compilado anteriormente com ├¬xito.
       Destino "GetInstalledSDKLocations" ignorado devido ├á condi├º├úo falsa; ('@(SDKReference)' != '') foi avaliado como ('' != '').
   2:6>Destino "ResolveSDKReferences" no arquivo "C:\Program Files\dotnet\sdk\9.0.304\Microsoft.Common.CurrentVersion.targets" do projeto "D:\PROJETOS\LAUNCHER C#\launcher\L2Updater.csproj" (o destino "ResolveAssemblyReferences" depende dele):
       A tarefa "ResolveSDKReference" foi ignorada devido a condi├º├úo falsa; ('@(SDKReference)'!='') foi avaliado como (''!='').
   2:6>Destino de compila├º├úo pronto"ResolveSDKReferences" no projeto "L2Updater.csproj".
       Destino "ResolveSDKReferences" ignorado. Compilado anteriormente com ├¬xito.
   2:6>Destino "ExpandSDKReferences" no arquivo "C:\Program Files\dotnet\sdk\9.0.304\Microsoft.Common.CurrentVersion.targets" do projeto "D:\PROJETOS\LAUNCHER C#\launcher\L2Updater.csproj" (o destino "ResolveAssemblyReferences" depende dele):
       A tarefa "GetSDKReferenceFiles" foi ignorada devido a condi├º├úo falsa; ('@(ResolvedSDKReference)'!='') foi avaliado como (''!='').
   2:6>Destino de compila├º├úo pronto"ExpandSDKReferences" no projeto "L2Updater.csproj".
       Destino "ResolvePackageDependenciesForBuild" ignorado. Compilado anteriormente com ├¬xito.
       Destino "GetFrameworkPaths" ignorado. Compilado anteriormente com ├¬xito.
       Destino "GetReferenceAssemblyPaths" ignorado. Compilado anteriormente com ├¬xito.
       Destino "ProcessFrameworkReferences" ignorado. Compilado anteriormente com ├¬xito.
       Destino "ResolvePackageAssets" ignorado. Compilado anteriormente com ├¬xito.
   2:6>Destino "ResolveFrameworkReferences" no arquivo "C:\Program Files\dotnet\sdk\9.0.304\Sdks\Microsoft.NET.Sdk\targets\Microsoft.NET.Sdk.FrameworkReferenceResolution.targets" do projeto "D:\PROJETOS\LAUNCHER C#\launcher\L2Updater.csproj" (o destino "ResolveTargetingPackAssets" depende dele):
       Usando a tarefa "GetPackageDirectory" do assembly "C:\Program Files\dotnet\sdk\9.0.304\Sdks\Microsoft.NET.Sdk\targets\..\tools\net9.0\Microsoft.NET.Build.Tasks.dll".
       Tarefa "GetPackageDirectory"
       Tarefa em execu├º├úo pronta "GetPackageDirectory".
       Tarefa "GetPackageDirectory"
       Tarefa em execu├º├úo pronta "GetPackageDirectory".
       Tarefa "GetPackageDirectory"
       Tarefa em execu├º├úo pronta "GetPackageDirectory".
       Tarefa "GetPackageDirectory"
       Tarefa em execu├º├úo pronta "GetPackageDirectory".
       Tarefa "GetPackageDirectory"
       Tarefa em execu├º├úo pronta "GetPackageDirectory".
       Tarefa "GetPackageDirectory"
       Tarefa em execu├º├úo pronta "GetPackageDirectory".
       Tarefa "GetPackageDirectory"
       Tarefa em execu├º├úo pronta "GetPackageDirectory".
       Tarefa "GetPackageDirectory"
       Tarefa em execu├º├úo pronta "GetPackageDirectory".
       Tarefa "GetPackageDirectory"
       Tarefa em execu├º├úo pronta "GetPackageDirectory".
       Tarefa "GetPackageDirectory"
       Tarefa em execu├º├úo pronta "GetPackageDirectory".
       Usando a tarefa "ResolveFrameworkReferences" do assembly "C:\Program Files\dotnet\sdk\9.0.304\Sdks\Microsoft.NET.Sdk\targets\..\tools\net9.0\Microsoft.NET.Build.Tasks.dll".
       Tarefa "ResolveFrameworkReferences"
       Tarefa em execu├º├úo pronta "ResolveFrameworkReferences".
   2:6>Destino de compila├º├úo pronto"ResolveFrameworkReferences" no projeto "L2Updater.csproj".
   2:6>Destino "ResolveTargetingPackAssets" no arquivo "C:\Program Files\dotnet\sdk\9.0.304\Sdks\Microsoft.NET.Sdk\targets\Microsoft.NET.Sdk.FrameworkReferenceResolution.targets" do projeto "D:\PROJETOS\LAUNCHER C#\launcher\L2Updater.csproj" (o destino "_HandlePackageFileConflicts" depende dele):
       Usando a tarefa "ResolveTargetingPackAssets" do assembly "C:\Program Files\dotnet\sdk\9.0.304\Sdks\Microsoft.NET.Sdk\targets\..\tools\net9.0\Microsoft.NET.Build.Tasks.dll".
       Tarefa "ResolveTargetingPackAssets"
       Tarefa em execu├º├úo pronta "ResolveTargetingPackAssets".
   2:6>Destino de compila├º├úo pronto"ResolveTargetingPackAssets" no projeto "L2Updater.csproj".
   2:6>Destino "ResolveOffByDefaultAnalyzers" no arquivo "C:\Program Files\dotnet\sdk\9.0.304\Sdks\Microsoft.NET.Sdk\targets\Microsoft.NET.Sdk.FrameworkReferenceResolution.targets" do projeto "D:\PROJETOS\LAUNCHER C#\launcher\L2Updater.csproj" (o destino "_HandlePackageFileConflicts" depende dele):
   2:6>Destino de compila├º├úo pronto"ResolveOffByDefaultAnalyzers" no projeto "L2Updater.csproj".
   2:6>Destino "_HandlePackageFileConflicts" no arquivo "C:\Program Files\dotnet\sdk\9.0.304\Sdks\Microsoft.NET.Sdk\targets\Microsoft.NET.ConflictResolution.targets" do projeto "D:\PROJETOS\LAUNCHER C#\launcher\L2Updater.csproj" (o destino "ResolveAssemblyReferences" depende dele):
       Usando a tarefa "ResolvePackageFileConflicts" do assembly "C:\Program Files\dotnet\sdk\9.0.304\Sdks\Microsoft.NET.Sdk\targets\..\tools\net9.0\Microsoft.NET.Build.Tasks.dll".
       Tarefa "ResolvePackageFileConflicts"
         Encontrado um conflito entre 'Reference:C:\Program Files\dotnet\packs\Microsoft.NETCore.App.Ref\9.0.8\ref/net9.0/Microsoft.VisualBasic.dll' e 'Reference:C:\Program Files\dotnet\packs\Microsoft.WindowsDesktop.App.Ref\9.0.8\ref/net9.0/Microsoft.VisualBasic.dll'. Escolhendo 'Reference:C:\Program Files\dotnet\packs\Microsoft.WindowsDesktop.App.Ref\9.0.8\ref/net9.0/Microsoft.VisualBasic.dll' porque AssemblyVersion '10.1.0.0' ├® maior que '10.0.0.0'.
         Encontrado um conflito entre 'Reference:C:\Program Files\dotnet\packs\Microsoft.NETCore.App.Ref\9.0.8\ref/net9.0/System.Drawing.dll' e 'Reference:C:\Program Files\dotnet\packs\Microsoft.WindowsDesktop.App.Ref\9.0.8\ref/net9.0/System.Drawing.dll'. Escolhendo 'Reference:C:\Program Files\dotnet\packs\Microsoft.WindowsDesktop.App.Ref\9.0.8\ref/net9.0/System.Drawing.dll' porque AssemblyVersion '9.0.0.0' ├® maior que '4.0.0.0'.
         Encontrado um conflito entre 'Reference:C:\Program Files\dotnet\packs\Microsoft.NETCore.App.Ref\9.0.8\ref/net9.0/WindowsBase.dll' e 'Reference:C:\Program Files\dotnet\packs\Microsoft.WindowsDesktop.App.Ref\9.0.8\ref/net9.0/WindowsBase.dll'. Escolhendo 'Reference:C:\Program Files\dotnet\packs\Microsoft.WindowsDesktop.App.Ref\9.0.8\ref/net9.0/WindowsBase.dll' porque AssemblyVersion '9.0.0.0' ├® maior que '4.0.0.0'.
         Encontrado um conflito entre 'Platform:Microsoft.VisualBasic.dll' e 'Platform:Microsoft.VisualBasic.dll'. Escolhendo 'Platform:Microsoft.VisualBasic.dll' porque AssemblyVersion '10.1.0.0' ├® maior que '10.0.0.0'.
         Encontrado um conflito entre 'Platform:Microsoft.VisualBasic.dll' e 'Platform:Microsoft.VisualBasic.dll'. Escolhendo 'Platform:Microsoft.VisualBasic.dll' porque AssemblyVersion '10.1.0.0' ├® maior que '10.0.0.0'.
         Encontrado um conflito entre 'Platform:System.Drawing.dll' e 'Platform:System.Drawing.dll'. Escolhendo 'Platform:System.Drawing.dll' porque AssemblyVersion '9.0.0.0' ├® maior que '4.0.0.0'.
         Encontrado um conflito entre 'Platform:System.Drawing.dll' e 'Platform:System.Drawing.dll'. Escolhendo 'Platform:System.Drawing.dll' porque AssemblyVersion '9.0.0.0' ├® maior que '4.0.0.0'.
         Encontrado um conflito entre 'Platform:WindowsBase.dll' e 'Platform:WindowsBase.dll'. Escolhendo 'Platform:WindowsBase.dll' porque AssemblyVersion '9.0.0.0' ├® maior que '4.0.0.0'.
         Encontrado um conflito entre 'Platform:WindowsBase.dll' e 'Platform:WindowsBase.dll'. Escolhendo 'Platform:WindowsBase.dll' porque AssemblyVersion '9.0.0.0' ├® maior que '4.0.0.0'.
         Encontrado um conflito entre 'Platform:mscorlib.dll' e 'Platform:mscorlib.dll'. N├úo foi poss├¡vel determinar o vencedor porque as vers├Áes de arquivo e de assembly s├úo iguais.
         Encontrado um conflito entre 'Platform:System.dll' e 'Platform:System.dll'. N├úo foi poss├¡vel determinar o vencedor porque as vers├Áes de arquivo e de assembly s├úo iguais.
         Encontrado um conflito entre 'Platform:System.ComponentModel.DataAnnotations.dll' e 'Platform:System.ComponentModel.DataAnnotations.dll'. N├úo foi poss├¡vel determinar o vencedor porque as vers├Áes de arquivo e de assembly s├úo iguais.
         Encontrado um conflito entre 'Platform:System.Configuration.dll' e 'Platform:System.Configuration.dll'. N├úo foi poss├¡vel determinar o vencedor porque as vers├Áes de arquivo e de assembly s├úo iguais.
         Encontrado um conflito entre 'Platform:System.Core.dll' e 'Platform:System.Core.dll'. N├úo foi poss├¡vel determinar o vencedor porque as vers├Áes de arquivo e de assembly s├úo iguais.
         Encontrado um conflito entre 'Platform:System.Data.dll' e 'Platform:System.Data.dll'. N├úo foi poss├¡vel determinar o vencedor porque as vers├Áes de arquivo e de assembly s├úo iguais.
         Encontrado um conflito entre 'Platform:System.IO.Compression.FileSystem.dll' e 'Platform:System.IO.Compression.FileSystem.dll'. N├úo foi poss├¡vel determinar o vencedor porque as vers├Áes de arquivo e de assembly s├úo iguais.
         Encontrado um conflito entre 'Platform:System.Net.dll' e 'Platform:System.Net.dll'. N├úo foi poss├¡vel determinar o vencedor porque as vers├Áes de arquivo e de assembly s├úo iguais.
         Encontrado um conflito entre 'Platform:System.Numerics.dll' e 'Platform:System.Numerics.dll'. N├úo foi poss├¡vel determinar o vencedor porque as vers├Áes de arquivo e de assembly s├úo iguais.
         Encontrado um conflito entre 'Platform:System.Runtime.Serialization.dll' e 'Platform:System.Runtime.Serialization.dll'. N├úo foi poss├¡vel determinar o vencedor porque as vers├Áes de arquivo e de assembly s├úo iguais.
         Encontrado um conflito entre 'Platform:System.Security.dll' e 'Platform:System.Security.dll'. N├úo foi poss├¡vel determinar o vencedor porque as vers├Áes de arquivo e de assembly s├úo iguais.
         Encontrado um conflito entre 'Platform:System.ServiceProcess.dll' e 'Platform:System.ServiceProcess.dll'. N├úo foi poss├¡vel determinar o vencedor porque as vers├Áes de arquivo e de assembly s├úo iguais.
         Encontrado um conflito entre 'Platform:System.ServiceModel.Web.dll' e 'Platform:System.ServiceModel.Web.dll'. N├úo foi poss├¡vel determinar o vencedor porque as vers├Áes de arquivo e de assembly s├úo iguais.
         Encontrado um conflito entre 'Platform:System.Transactions.dll' e 'Platform:System.Transactions.dll'. N├úo foi poss├¡vel determinar o vencedor porque as vers├Áes de arquivo e de assembly s├úo iguais.
         Encontrado um conflito entre 'Platform:System.Web.dll' e 'Platform:System.Web.dll'. N├úo foi poss├¡vel determinar o vencedor porque as vers├Áes de arquivo e de assembly s├úo iguais.
         Encontrado um conflito entre 'Platform:System.Windows.dll' e 'Platform:System.Windows.dll'. N├úo foi poss├¡vel determinar o vencedor porque as vers├Áes de arquivo e de assembly s├úo iguais.
         Encontrado um conflito entre 'Platform:System.Xml.dll' e 'Platform:System.Xml.dll'. N├úo foi poss├¡vel determinar o vencedor porque as vers├Áes de arquivo e de assembly s├úo iguais.
         Encontrado um conflito entre 'Platform:System.Xml.Serialization.dll' e 'Platform:System.Xml.Serialization.dll'. N├úo foi poss├¡vel determinar o vencedor porque as vers├Áes de arquivo e de assembly s├úo iguais.
         Encontrado um conflito entre 'Platform:System.Xml.Linq.dll' e 'Platform:System.Xml.Linq.dll'. N├úo foi poss├¡vel determinar o vencedor porque as vers├Áes de arquivo e de assembly s├úo iguais.
         Encontrado um conflito entre 'Platform:netstandard.dll' e 'Platform:netstandard.dll'. N├úo foi poss├¡vel determinar o vencedor porque as vers├Áes de arquivo e de assembly s├úo iguais.
         Encontrado um conflito entre 'Platform:System.Private.CoreLib.dll' e 'Platform:System.Private.CoreLib.dll'. N├úo foi poss├¡vel determinar o vencedor porque as vers├Áes de arquivo e de assembly s├úo iguais.
         Encontrado um conflito entre 'Platform:System.Private.DataContractSerialization.dll' e 'Platform:System.Private.DataContractSerialization.dll'. N├úo foi poss├¡vel determinar o vencedor porque as vers├Áes de arquivo e de assembly s├úo iguais.
         Encontrado um conflito entre 'Platform:System.Private.Uri.dll' e 'Platform:System.Private.Uri.dll'. N├úo foi poss├¡vel determinar o vencedor porque as vers├Áes de arquivo e de assembly s├úo iguais.
         Encontrado um conflito entre 'Platform:System.Private.Xml.dll' e 'Platform:System.Private.Xml.dll'. N├úo foi poss├¡vel determinar o vencedor porque as vers├Áes de arquivo e de assembly s├úo iguais.
         Encontrado um conflito entre 'Platform:System.Private.Xml.Linq.dll' e 'Platform:System.Private.Xml.Linq.dll'. N├úo foi poss├¡vel determinar o vencedor porque as vers├Áes de arquivo e de assembly s├úo iguais.
         Encontrado um conflito entre 'Platform:mscordaccore_amd64_amd64_9.0.825.36511.dll' e 'Platform:mscordaccore_amd64_amd64_9.0.825.36511.dll'. N├úo foi poss├¡vel determinar o vencedor porque as vers├Áes de arquivo e de assembly s├úo iguais.
       Tarefa em execu├º├úo pronta "ResolvePackageFileConflicts".
   2:6>Destino de compila├º├úo pronto"_HandlePackageFileConflicts" no projeto "L2Updater.csproj".
       Destino "ResolveTargetingPackAssets" ignorado. Compilado anteriormente com ├¬xito.
   2:6>Destino "ResolveAssemblyReferences" no arquivo "C:\Program Files\dotnet\sdk\9.0.304\Microsoft.Common.CurrentVersion.targets" do projeto "D:\PROJETOS\LAUNCHER C#\launcher\L2Updater.csproj" (o destino "ResolveReferences" depende dele):
       Usando a tarefa "ResolveAssemblyReference" do assembly "Microsoft.Build.Tasks.Core, Version=15.1.0.0, Culture=neutral, PublicKeyToken=b03f5f7f11d50a3a".
       Tarefa "ResolveAssemblyReference"
         TargetFrameworkMoniker:
             .NETCoreApp,Version=v9.0
         TargetFrameworkMonikerDisplayName:
             .NET 9.0
         TargetedRuntimeVersion:
             
         Assemblies:
             C:\Users\danie\.nuget\packages\communitytoolkit.mvvm\8.2.2\lib\net6.0\CommunityToolkit.Mvvm.dll
                 Private = "false"
                 HintPath = "C:\Users\danie\.nuget\packages\communitytoolkit.mvvm\8.2.2\lib\net6.0\CommunityToolkit.Mvvm.dll"
             C:\Users\danie\.nuget\packages\microsoft.extensions.configuration\9.0.0\lib\net9.0\Microsoft.Extensions.Configuration.dll
                 Private = "false"
                 HintPath = "C:\Users\danie\.nuget\packages\microsoft.extensions.configuration\9.0.0\lib\net9.0\Microsoft.Extensions.Configuration.dll"
             C:\Users\danie\.nuget\packages\microsoft.extensions.configuration.abstractions\9.0.0\lib\net9.0\Microsoft.Extensions.Configuration.Abstractions.dll
                 Private = "false"
                 HintPath = "C:\Users\danie\.nuget\packages\microsoft.extensions.configuration.abstractions\9.0.0\lib\net9.0\Microsoft.Extensions.Configuration.Abstractions.dll"
             C:\Users\danie\.nuget\packages\microsoft.extensions.configuration.binder\9.0.0\lib\net9.0\Microsoft.Extensions.Configuration.Binder.dll
                 Private = "false"
                 HintPath = "C:\Users\danie\.nuget\packages\microsoft.extensions.configuration.binder\9.0.0\lib\net9.0\Microsoft.Extensions.Configuration.Binder.dll"
             C:\Users\danie\.nuget\packages\microsoft.extensions.configuration.fileextensions\9.0.0\lib\net9.0\Microsoft.Extensions.Configuration.FileExtensions.dll
                 Private = "false"
                 HintPath = "C:\Users\danie\.nuget\packages\microsoft.extensions.configuration.fileextensions\9.0.0\lib\net9.0\Microsoft.Extensions.Configuration.FileExtensions.dll"
             C:\Users\danie\.nuget\packages\microsoft.extensions.configuration.json\9.0.0\lib\net9.0\Microsoft.Extensions.Configuration.Json.dll
                 Private = "false"
                 HintPath = "C:\Users\danie\.nuget\packages\microsoft.extensions.configuration.json\9.0.0\lib\net9.0\Microsoft.Extensions.Configuration.Json.dll"
             C:\Users\danie\.nuget\packages\microsoft.extensions.dependencyinjection\9.0.0\lib\net9.0\Microsoft.Extensions.DependencyInjection.dll
                 Private = "false"
                 HintPath = "C:\Users\danie\.nuget\packages\microsoft.extensions.dependencyinjection\9.0.0\lib\net9.0\Microsoft.Extensions.DependencyInjection.dll"
             C:\Users\danie\.nuget\packages\microsoft.extensions.dependencyinjection.abstractions\9.0.0\lib\net9.0\Microsoft.Extensions.DependencyInjection.Abstractions.dll
                 Private = "false"
                 HintPath = "C:\Users\danie\.nuget\packages\microsoft.extensions.dependencyinjection.abstractions\9.0.0\lib\net9.0\Microsoft.Extensions.DependencyInjection.Abstractions.dll"
             C:\Users\danie\.nuget\packages\microsoft.extensions.diagnostics\9.0.0\lib\net9.0\Microsoft.Extensions.Diagnostics.dll
                 Private = "false"
                 HintPath = "C:\Users\danie\.nuget\packages\microsoft.extensions.diagnostics\9.0.0\lib\net9.0\Microsoft.Extensions.Diagnostics.dll"
             C:\Users\danie\.nuget\packages\microsoft.extensions.diagnostics.abstractions\9.0.0\lib\net9.0\Microsoft.Extensions.Diagnostics.Abstractions.dll
                 Private = "false"
                 HintPath = "C:\Users\danie\.nuget\packages\microsoft.extensions.diagnostics.abstractions\9.0.0\lib\net9.0\Microsoft.Extensions.Diagnostics.Abstractions.dll"
             C:\Users\danie\.nuget\packages\microsoft.extensions.fileproviders.abstractions\9.0.0\lib\net9.0\Microsoft.Extensions.FileProviders.Abstractions.dll
                 Private = "false"
                 HintPath = "C:\Users\danie\.nuget\packages\microsoft.extensions.fileproviders.abstractions\9.0.0\lib\net9.0\Microsoft.Extensions.FileProviders.Abstractions.dll"
             C:\Users\danie\.nuget\packages\microsoft.extensions.fileproviders.physical\9.0.0\lib\net9.0\Microsoft.Extensions.FileProviders.Physical.dll
                 Private = "false"
                 HintPath = "C:\Users\danie\.nuget\packages\microsoft.extensions.fileproviders.physical\9.0.0\lib\net9.0\Microsoft.Extensions.FileProviders.Physical.dll"
             C:\Users\danie\.nuget\packages\microsoft.extensions.filesystemglobbing\9.0.0\lib\net9.0\Microsoft.Extensions.FileSystemGlobbing.dll
                 Private = "false"
                 HintPath = "C:\Users\danie\.nuget\packages\microsoft.extensions.filesystemglobbing\9.0.0\lib\net9.0\Microsoft.Extensions.FileSystemGlobbing.dll"
             C:\Users\danie\.nuget\packages\microsoft.extensions.http\9.0.0\lib\net9.0\Microsoft.Extensions.Http.dll
                 Private = "false"
                 HintPath = "C:\Users\danie\.nuget\packages\microsoft.extensions.http\9.0.0\lib\net9.0\Microsoft.Extensions.Http.dll"
             C:\Users\danie\.nuget\packages\microsoft.extensions.logging\9.0.0\lib\net9.0\Microsoft.Extensions.Logging.dll
                 Private = "false"
                 HintPath = "C:\Users\danie\.nuget\packages\microsoft.extensions.logging\9.0.0\lib\net9.0\Microsoft.Extensions.Logging.dll"
             C:\Users\danie\.nuget\packages\microsoft.extensions.logging.abstractions\9.0.0\lib\net9.0\Microsoft.Extensions.Logging.Abstractions.dll
                 Private = "false"
                 HintPath = "C:\Users\danie\.nuget\packages\microsoft.extensions.logging.abstractions\9.0.0\lib\net9.0\Microsoft.Extensions.Logging.Abstractions.dll"
             C:\Users\danie\.nuget\packages\microsoft.extensions.logging.configuration\9.0.0\lib\net9.0\Microsoft.Extensions.Logging.Configuration.dll
                 Private = "false"
                 HintPath = "C:\Users\danie\.nuget\packages\microsoft.extensions.logging.configuration\9.0.0\lib\net9.0\Microsoft.Extensions.Logging.Configuration.dll"
             C:\Users\danie\.nuget\packages\microsoft.extensions.logging.console\9.0.0\lib\net9.0\Microsoft.Extensions.Logging.Console.dll
                 Private = "false"
                 HintPath = "C:\Users\danie\.nuget\packages\microsoft.extensions.logging.console\9.0.0\lib\net9.0\Microsoft.Extensions.Logging.Console.dll"
             C:\Users\danie\.nuget\packages\microsoft.extensions.options\9.0.0\lib\net9.0\Microsoft.Extensions.Options.dll
                 Private = "false"
                 HintPath = "C:\Users\danie\.nuget\packages\microsoft.extensions.options\9.0.0\lib\net9.0\Microsoft.Extensions.Options.dll"
             C:\Users\danie\.nuget\packages\microsoft.extensions.options.configurationextensions\9.0.0\lib\net9.0\Microsoft.Extensions.Options.ConfigurationExtensions.dll
                 Private = "false"
                 HintPath = "C:\Users\danie\.nuget\packages\microsoft.extensions.options.configurationextensions\9.0.0\lib\net9.0\Microsoft.Extensions.Options.ConfigurationExtensions.dll"
             C:\Users\danie\.nuget\packages\microsoft.extensions.primitives\9.0.0\lib\net9.0\Microsoft.Extensions.Primitives.dll
                 Private = "false"
                 HintPath = "C:\Users\danie\.nuget\packages\microsoft.extensions.primitives\9.0.0\lib\net9.0\Microsoft.Extensions.Primitives.dll"
             C:\Users\danie\.nuget\packages\newtonsoft.json\13.0.3\lib\net6.0\Newtonsoft.Json.dll
                 Private = "false"
                 HintPath = "C:\Users\danie\.nuget\packages\newtonsoft.json\13.0.3\lib\net6.0\Newtonsoft.Json.dll"
             C:\Users\danie\.nuget\packages\serilog\4.0.0\lib\net8.0\Serilog.dll
                 Private = "false"
                 HintPath = "C:\Users\danie\.nuget\packages\serilog\4.0.0\lib\net8.0\Serilog.dll"
             C:\Users\danie\.nuget\packages\serilog.extensions.logging\8.0.0\lib\net8.0\Serilog.Extensions.Logging.dll
                 Private = "false"
                 HintPath = "C:\Users\danie\.nuget\packages\serilog.extensions.logging\8.0.0\lib\net8.0\Serilog.Extensions.Logging.dll"
             C:\Users\danie\.nuget\packages\serilog.sinks.console\6.0.0\lib\net8.0\Serilog.Sinks.Console.dll
                 Private = "false"
                 HintPath = "C:\Users\danie\.nuget\packages\serilog.sinks.console\6.0.0\lib\net8.0\Serilog.Sinks.Console.dll"
             C:\Users\danie\.nuget\packages\serilog.sinks.file\6.0.0\lib\net8.0\Serilog.Sinks.File.dll
                 Private = "false"
                 HintPath = "C:\Users\danie\.nuget\packages\serilog.sinks.file\6.0.0\lib\net8.0\Serilog.Sinks.File.dll"
             C:\Program Files\dotnet\packs\Microsoft.NETCore.App.Ref\9.0.8\ref/net9.0/Microsoft.CSharp.dll
                 Private = "false"
             C:\Program Files\dotnet\packs\Microsoft.NETCore.App.Ref\9.0.8\ref/net9.0/Microsoft.VisualBasic.Core.dll
                 Private = "false"
             C:\Program Files\dotnet\packs\Microsoft.NETCore.App.Ref\9.0.8\ref/net9.0/Microsoft.Win32.Primitives.dll
                 Private = "false"
             C:\Program Files\dotnet\packs\Microsoft.NETCore.App.Ref\9.0.8\ref/net9.0/Microsoft.Win32.Registry.dll
                 Private = "false"
             C:\Program Files\dotnet\packs\Microsoft.NETCore.App.Ref\9.0.8\ref/net9.0/System.AppContext.dll
                 Private = "false"
             C:\Program Files\dotnet\packs\Microsoft.NETCore.App.Ref\9.0.8\ref/net9.0/System.Buffers.dll
                 Private = "false"
             C:\Program Files\dotnet\packs\Microsoft.NETCore.App.Ref\9.0.8\ref/net9.0/System.Collections.Concurrent.dll
                 Private = "false"
             C:\Program Files\dotnet\packs\Microsoft.NETCore.App.Ref\9.0.8\ref/net9.0/System.Collections.Immutable.dll
                 Private = "false"
             C:\Program Files\dotnet\packs\Microsoft.NETCore.App.Ref\9.0.8\ref/net9.0/System.Collections.NonGeneric.dll
                 Private = "false"
             C:\Program Files\dotnet\packs\Microsoft.NETCore.App.Ref\9.0.8\ref/net9.0/System.Collections.Specialized.dll
                 Private = "false"
             C:\Program Files\dotnet\packs\Microsoft.NETCore.App.Ref\9.0.8\ref/net9.0/System.Collections.dll
                 Private = "false"
             C:\Program Files\dotnet\packs\Microsoft.NETCore.App.Ref\9.0.8\ref/net9.0/System.ComponentModel.Annotations.dll
                 Private = "false"
             C:\Program Files\dotnet\packs\Microsoft.NETCore.App.Ref\9.0.8\ref/net9.0/System.ComponentModel.DataAnnotations.dll
                 Private = "false"
             C:\Program Files\dotnet\packs\Microsoft.NETCore.App.Ref\9.0.8\ref/net9.0/System.ComponentModel.EventBasedAsync.dll
                 Private = "false"
             C:\Program Files\dotnet\packs\Microsoft.NETCore.App.Ref\9.0.8\ref/net9.0/System.ComponentModel.Primitives.dll
                 Private = "false"
             C:\Program Files\dotnet\packs\Microsoft.NETCore.App.Ref\9.0.8\ref/net9.0/System.ComponentModel.TypeConverter.dll
                 Private = "false"
             C:\Program Files\dotnet\packs\Microsoft.NETCore.App.Ref\9.0.8\ref/net9.0/System.ComponentModel.dll
                 Private = "false"
             C:\Program Files\dotnet\packs\Microsoft.NETCore.App.Ref\9.0.8\ref/net9.0/System.Configuration.dll
                 Private = "false"
             C:\Program Files\dotnet\packs\Microsoft.NETCore.App.Ref\9.0.8\ref/net9.0/System.Console.dll
                 Private = "false"
             C:\Program Files\dotnet\packs\Microsoft.NETCore.App.Ref\9.0.8\ref/net9.0/System.Core.dll
                 Private = "false"
             C:\Program Files\dotnet\packs\Microsoft.NETCore.App.Ref\9.0.8\ref/net9.0/System.Data.Common.dll
                 Private = "false"
             C:\Program Files\dotnet\packs\Microsoft.NETCore.App.Ref\9.0.8\ref/net9.0/System.Data.DataSetExtensions.dll
                 Private = "false"
             C:\Program Files\dotnet\packs\Microsoft.NETCore.App.Ref\9.0.8\ref/net9.0/System.Data.dll
                 Private = "false"
             C:\Program Files\dotnet\packs\Microsoft.NETCore.App.Ref\9.0.8\ref/net9.0/System.Diagnostics.Contracts.dll
                 Private = "false"
             C:\Program Files\dotnet\packs\Microsoft.NETCore.App.Ref\9.0.8\ref/net9.0/System.Diagnostics.Debug.dll
                 Private = "false"
             C:\Program Files\dotnet\packs\Microsoft.NETCore.App.Ref\9.0.8\ref/net9.0/System.Diagnostics.DiagnosticSource.dll
                 Private = "false"
             C:\Program Files\dotnet\packs\Microsoft.NETCore.App.Ref\9.0.8\ref/net9.0/System.Diagnostics.FileVersionInfo.dll
                 Private = "false"
             C:\Program Files\dotnet\packs\Microsoft.NETCore.App.Ref\9.0.8\ref/net9.0/System.Diagnostics.Process.dll
                 Private = "false"
             C:\Program Files\dotnet\packs\Microsoft.NETCore.App.Ref\9.0.8\ref/net9.0/System.Diagnostics.StackTrace.dll
                 Private = "false"
             C:\Program Files\dotnet\packs\Microsoft.NETCore.App.Ref\9.0.8\ref/net9.0/System.Diagnostics.TextWriterTraceListener.dll
                 Private = "false"
             C:\Program Files\dotnet\packs\Microsoft.NETCore.App.Ref\9.0.8\ref/net9.0/System.Diagnostics.Tools.dll
                 Private = "false"
             C:\Program Files\dotnet\packs\Microsoft.NETCore.App.Ref\9.0.8\ref/net9.0/System.Diagnostics.TraceSource.dll
                 Private = "false"
             C:\Program Files\dotnet\packs\Microsoft.NETCore.App.Ref\9.0.8\ref/net9.0/System.Diagnostics.Tracing.dll
                 Private = "false"
             C:\Program Files\dotnet\packs\Microsoft.NETCore.App.Ref\9.0.8\ref/net9.0/System.Drawing.Primitives.dll
                 Private = "false"
             C:\Program Files\dotnet\packs\Microsoft.NETCore.App.Ref\9.0.8\ref/net9.0/System.Dynamic.Runtime.dll
                 Private = "false"
             C:\Program Files\dotnet\packs\Microsoft.NETCore.App.Ref\9.0.8\ref/net9.0/System.Formats.Asn1.dll
                 Private = "false"
             C:\Program Files\dotnet\packs\Microsoft.NETCore.App.Ref\9.0.8\ref/net9.0/System.Formats.Tar.dll
                 Private = "false"
             C:\Program Files\dotnet\packs\Microsoft.NETCore.App.Ref\9.0.8\ref/net9.0/System.Globalization.Calendars.dll
                 Private = "false"
             C:\Program Files\dotnet\packs\Microsoft.NETCore.App.Ref\9.0.8\ref/net9.0/System.Globalization.Extensions.dll
                 Private = "false"
             C:\Program Files\dotnet\packs\Microsoft.NETCore.App.Ref\9.0.8\ref/net9.0/System.Globalization.dll
                 Private = "false"
             C:\Program Files\dotnet\packs\Microsoft.NETCore.App.Ref\9.0.8\ref/net9.0/System.IO.Compression.Brotli.dll
                 Private = "false"
             C:\Program Files\dotnet\packs\Microsoft.NETCore.App.Ref\9.0.8\ref/net9.0/System.IO.Compression.FileSystem.dll
                 Private = "false"
             C:\Program Files\dotnet\packs\Microsoft.NETCore.App.Ref\9.0.8\ref/net9.0/System.IO.Compression.ZipFile.dll
                 Private = "false"
             C:\Program Files\dotnet\packs\Microsoft.NETCore.App.Ref\9.0.8\ref/net9.0/System.IO.Compression.dll
                 Private = "false"
             C:\Program Files\dotnet\packs\Microsoft.NETCore.App.Ref\9.0.8\ref/net9.0/System.IO.FileSystem.AccessControl.dll
                 Private = "false"
             C:\Program Files\dotnet\packs\Microsoft.NETCore.App.Ref\9.0.8\ref/net9.0/System.IO.FileSystem.DriveInfo.dll
                 Private = "false"
             C:\Program Files\dotnet\packs\Microsoft.NETCore.App.Ref\9.0.8\ref/net9.0/System.IO.FileSystem.Primitives.dll
                 Private = "false"
             C:\Program Files\dotnet\packs\Microsoft.NETCore.App.Ref\9.0.8\ref/net9.0/System.IO.FileSystem.Watcher.dll
                 Private = "false"
             C:\Program Files\dotnet\packs\Microsoft.NETCore.App.Ref\9.0.8\ref/net9.0/System.IO.FileSystem.dll
                 Private = "false"
             C:\Program Files\dotnet\packs\Microsoft.NETCore.App.Ref\9.0.8\ref/net9.0/System.IO.IsolatedStorage.dll
                 Private = "false"
             C:\Program Files\dotnet\packs\Microsoft.NETCore.App.Ref\9.0.8\ref/net9.0/System.IO.MemoryMappedFiles.dll
                 Private = "false"
             C:\Program Files\dotnet\packs\Microsoft.NETCore.App.Ref\9.0.8\ref/net9.0/System.IO.Pipelines.dll
                 Private = "false"
             C:\Program Files\dotnet\packs\Microsoft.NETCore.App.Ref\9.0.8\ref/net9.0/System.IO.Pipes.AccessControl.dll
                 Private = "false"
             C:\Program Files\dotnet\packs\Microsoft.NETCore.App.Ref\9.0.8\ref/net9.0/System.IO.Pipes.dll
                 Private = "false"
             C:\Program Files\dotnet\packs\Microsoft.NETCore.App.Ref\9.0.8\ref/net9.0/System.IO.UnmanagedMemoryStream.dll
                 Private = "false"
             C:\Program Files\dotnet\packs\Microsoft.NETCore.App.Ref\9.0.8\ref/net9.0/System.IO.dll
                 Private = "false"
             C:\Program Files\dotnet\packs\Microsoft.NETCore.App.Ref\9.0.8\ref/net9.0/System.Linq.Expressions.dll
                 Private = "false"
             C:\Program Files\dotnet\packs\Microsoft.NETCore.App.Ref\9.0.8\ref/net9.0/System.Linq.Parallel.dll
                 Private = "false"
             C:\Program Files\dotnet\packs\Microsoft.NETCore.App.Ref\9.0.8\ref/net9.0/System.Linq.Queryable.dll
                 Private = "false"
             C:\Program Files\dotnet\packs\Microsoft.NETCore.App.Ref\9.0.8\ref/net9.0/System.Linq.dll
                 Private = "false"
             C:\Program Files\dotnet\packs\Microsoft.NETCore.App.Ref\9.0.8\ref/net9.0/System.Memory.dll
                 Private = "false"
             C:\Program Files\dotnet\packs\Microsoft.NETCore.App.Ref\9.0.8\ref/net9.0/System.Net.Http.Json.dll
                 Private = "false"
             C:\Program Files\dotnet\packs\Microsoft.NETCore.App.Ref\9.0.8\ref/net9.0/System.Net.Http.dll
                 Private = "false"
             C:\Program Files\dotnet\packs\Microsoft.NETCore.App.Ref\9.0.8\ref/net9.0/System.Net.HttpListener.dll
                 Private = "false"
             C:\Program Files\dotnet\packs\Microsoft.NETCore.App.Ref\9.0.8\ref/net9.0/System.Net.Mail.dll
                 Private = "false"
             C:\Program Files\dotnet\packs\Microsoft.NETCore.App.Ref\9.0.8\ref/net9.0/System.Net.NameResolution.dll
                 Private = "false"
             C:\Program Files\dotnet\packs\Microsoft.NETCore.App.Ref\9.0.8\ref/net9.0/System.Net.NetworkInformation.dll
                 Private = "false"
             C:\Program Files\dotnet\packs\Microsoft.NETCore.App.Ref\9.0.8\ref/net9.0/System.Net.Ping.dll
                 Private = "false"
             C:\Program Files\dotnet\packs\Microsoft.NETCore.App.Ref\9.0.8\ref/net9.0/System.Net.Primitives.dll
                 Private = "false"
             C:\Program Files\dotnet\packs\Microsoft.NETCore.App.Ref\9.0.8\ref/net9.0/System.Net.Quic.dll
                 Private = "false"
             C:\Program Files\dotnet\packs\Microsoft.NETCore.App.Ref\9.0.8\ref/net9.0/System.Net.Requests.dll
                 Private = "false"
             C:\Program Files\dotnet\packs\Microsoft.NETCore.App.Ref\9.0.8\ref/net9.0/System.Net.Security.dll
                 Private = "false"
             C:\Program Files\dotnet\packs\Microsoft.NETCore.App.Ref\9.0.8\ref/net9.0/System.Net.ServicePoint.dll
                 Private = "false"
             C:\Program Files\dotnet\packs\Microsoft.NETCore.App.Ref\9.0.8\ref/net9.0/System.Net.Sockets.dll
                 Private = "false"
             C:\Program Files\dotnet\packs\Microsoft.NETCore.App.Ref\9.0.8\ref/net9.0/System.Net.WebClient.dll
                 Private = "false"
             C:\Program Files\dotnet\packs\Microsoft.NETCore.App.Ref\9.0.8\ref/net9.0/System.Net.WebHeaderCollection.dll
                 Private = "false"
             C:\Program Files\dotnet\packs\Microsoft.NETCore.App.Ref\9.0.8\ref/net9.0/System.Net.WebProxy.dll
                 Private = "false"
             C:\Program Files\dotnet\packs\Microsoft.NETCore.App.Ref\9.0.8\ref/net9.0/System.Net.WebSockets.Client.dll
                 Private = "false"
             C:\Program Files\dotnet\packs\Microsoft.NETCore.App.Ref\9.0.8\ref/net9.0/System.Net.WebSockets.dll
                 Private = "false"
             C:\Program Files\dotnet\packs\Microsoft.NETCore.App.Ref\9.0.8\ref/net9.0/System.Net.dll
                 Private = "false"
             C:\Program Files\dotnet\packs\Microsoft.NETCore.App.Ref\9.0.8\ref/net9.0/System.Numerics.Vectors.dll
                 Private = "false"
             C:\Program Files\dotnet\packs\Microsoft.NETCore.App.Ref\9.0.8\ref/net9.0/System.Numerics.dll
                 Private = "false"
             C:\Program Files\dotnet\packs\Microsoft.NETCore.App.Ref\9.0.8\ref/net9.0/System.ObjectModel.dll
                 Private = "false"
             C:\Program Files\dotnet\packs\Microsoft.NETCore.App.Ref\9.0.8\ref/net9.0/System.Reflection.DispatchProxy.dll
                 Private = "false"
             C:\Program Files\dotnet\packs\Microsoft.NETCore.App.Ref\9.0.8\ref/net9.0/System.Reflection.Emit.ILGeneration.dll
                 Private = "false"
             C:\Program Files\dotnet\packs\Microsoft.NETCore.App.Ref\9.0.8\ref/net9.0/System.Reflection.Emit.Lightweight.dll
                 Private = "false"
             C:\Program Files\dotnet\packs\Microsoft.NETCore.App.Ref\9.0.8\ref/net9.0/System.Reflection.Emit.dll
                 Private = "false"
             C:\Program Files\dotnet\packs\Microsoft.NETCore.App.Ref\9.0.8\ref/net9.0/System.Reflection.Extensions.dll
                 Private = "false"
             C:\Program Files\dotnet\packs\Microsoft.NETCore.App.Ref\9.0.8\ref/net9.0/System.Reflection.Metadata.dll
                 Private = "false"
             C:\Program Files\dotnet\packs\Microsoft.NETCore.App.Ref\9.0.8\ref/net9.0/System.Reflection.Primitives.dll
                 Private = "false"
             C:\Program Files\dotnet\packs\Microsoft.NETCore.App.Ref\9.0.8\ref/net9.0/System.Reflection.TypeExtensions.dll
                 Private = "false"
             C:\Program Files\dotnet\packs\Microsoft.NETCore.App.Ref\9.0.8\ref/net9.0/System.Reflection.dll
                 Private = "false"
             C:\Program Files\dotnet\packs\Microsoft.NETCore.App.Ref\9.0.8\ref/net9.0/System.Resources.Reader.dll
                 Private = "false"
             C:\Program Files\dotnet\packs\Microsoft.NETCore.App.Ref\9.0.8\ref/net9.0/System.Resources.ResourceManager.dll
                 Private = "false"
             C:\Program Files\dotnet\packs\Microsoft.NETCore.App.Ref\9.0.8\ref/net9.0/System.Resources.Writer.dll
                 Private = "false"
             C:\Program Files\dotnet\packs\Microsoft.NETCore.App.Ref\9.0.8\ref/net9.0/System.Runtime.CompilerServices.Unsafe.dll
                 Private = "false"
             C:\Program Files\dotnet\packs\Microsoft.NETCore.App.Ref\9.0.8\ref/net9.0/System.Runtime.CompilerServices.VisualC.dll
                 Private = "false"
             C:\Program Files\dotnet\packs\Microsoft.NETCore.App.Ref\9.0.8\ref/net9.0/System.Runtime.Extensions.dll
                 Private = "false"
             C:\Program Files\dotnet\packs\Microsoft.NETCore.App.Ref\9.0.8\ref/net9.0/System.Runtime.Handles.dll
                 Private = "false"
             C:\Program Files\dotnet\packs\Microsoft.NETCore.App.Ref\9.0.8\ref/net9.0/System.Runtime.InteropServices.JavaScript.dll
                 Private = "false"
             C:\Program Files\dotnet\packs\Microsoft.NETCore.App.Ref\9.0.8\ref/net9.0/System.Runtime.InteropServices.RuntimeInformation.dll
                 Private = "false"
             C:\Program Files\dotnet\packs\Microsoft.NETCore.App.Ref\9.0.8\ref/net9.0/System.Runtime.InteropServices.dll
                 Private = "false"
             C:\Program Files\dotnet\packs\Microsoft.NETCore.App.Ref\9.0.8\ref/net9.0/System.Runtime.Intrinsics.dll
                 Private = "false"
             C:\Program Files\dotnet\packs\Microsoft.NETCore.App.Ref\9.0.8\ref/net9.0/System.Runtime.Loader.dll
                 Private = "false"
             C:\Program Files\dotnet\packs\Microsoft.NETCore.App.Ref\9.0.8\ref/net9.0/System.Runtime.Numerics.dll
                 Private = "false"
             C:\Program Files\dotnet\packs\Microsoft.NETCore.App.Ref\9.0.8\ref/net9.0/System.Runtime.Serialization.Formatters.dll
                 Private = "false"
             C:\Program Files\dotnet\packs\Microsoft.NETCore.App.Ref\9.0.8\ref/net9.0/System.Runtime.Serialization.Json.dll
                 Private = "false"
             C:\Program Files\dotnet\packs\Microsoft.NETCore.App.Ref\9.0.8\ref/net9.0/System.Runtime.Serialization.Primitives.dll
                 Private = "false"
             C:\Program Files\dotnet\packs\Microsoft.NETCore.App.Ref\9.0.8\ref/net9.0/System.Runtime.Serialization.Xml.dll
                 Private = "false"
             C:\Program Files\dotnet\packs\Microsoft.NETCore.App.Ref\9.0.8\ref/net9.0/System.Runtime.Serialization.dll
                 Private = "false"
             C:\Program Files\dotnet\packs\Microsoft.NETCore.App.Ref\9.0.8\ref/net9.0/System.Runtime.dll
                 Private = "false"
             C:\Program Files\dotnet\packs\Microsoft.NETCore.App.Ref\9.0.8\ref/net9.0/System.Security.AccessControl.dll
                 Private = "false"
             C:\Program Files\dotnet\packs\Microsoft.NETCore.App.Ref\9.0.8\ref/net9.0/System.Security.Claims.dll
                 Private = "false"
             C:\Program Files\dotnet\packs\Microsoft.NETCore.App.Ref\9.0.8\ref/net9.0/System.Security.Cryptography.Algorithms.dll
                 Private = "false"
             C:\Program Files\dotnet\packs\Microsoft.NETCore.App.Ref\9.0.8\ref/net9.0/System.Security.Cryptography.Cng.dll
                 Private = "false"
             C:\Program Files\dotnet\packs\Microsoft.NETCore.App.Ref\9.0.8\ref/net9.0/System.Security.Cryptography.Csp.dll
                 Private = "false"
             C:\Program Files\dotnet\packs\Microsoft.NETCore.App.Ref\9.0.8\ref/net9.0/System.Security.Cryptography.Encoding.dll
                 Private = "false"
             C:\Program Files\dotnet\packs\Microsoft.NETCore.App.Ref\9.0.8\ref/net9.0/System.Security.Cryptography.OpenSsl.dll
                 Private = "false"
             C:\Program Files\dotnet\packs\Microsoft.NETCore.App.Ref\9.0.8\ref/net9.0/System.Security.Cryptography.Primitives.dll
                 Private = "false"
             C:\Program Files\dotnet\packs\Microsoft.NETCore.App.Ref\9.0.8\ref/net9.0/System.Security.Cryptography.X509Certificates.dll
                 Private = "false"
             C:\Program Files\dotnet\packs\Microsoft.NETCore.App.Ref\9.0.8\ref/net9.0/System.Security.Cryptography.dll
                 Private = "false"
             C:\Program Files\dotnet\packs\Microsoft.NETCore.App.Ref\9.0.8\ref/net9.0/System.Security.Principal.Windows.dll
                 Private = "false"
             C:\Program Files\dotnet\packs\Microsoft.NETCore.App.Ref\9.0.8\ref/net9.0/System.Security.Principal.dll
                 Private = "false"
             C:\Program Files\dotnet\packs\Microsoft.NETCore.App.Ref\9.0.8\ref/net9.0/System.Security.SecureString.dll
                 Private = "false"
             C:\Program Files\dotnet\packs\Microsoft.NETCore.App.Ref\9.0.8\ref/net9.0/System.Security.dll
                 Private = "false"
             C:\Program Files\dotnet\packs\Microsoft.NETCore.App.Ref\9.0.8\ref/net9.0/System.ServiceModel.Web.dll
                 Private = "false"
             C:\Program Files\dotnet\packs\Microsoft.NETCore.App.Ref\9.0.8\ref/net9.0/System.ServiceProcess.dll
                 Private = "false"
             C:\Program Files\dotnet\packs\Microsoft.NETCore.App.Ref\9.0.8\ref/net9.0/System.Text.Encoding.CodePages.dll
                 Private = "false"
             C:\Program Files\dotnet\packs\Microsoft.NETCore.App.Ref\9.0.8\ref/net9.0/System.Text.Encoding.Extensions.dll
                 Private = "false"
             C:\Program Files\dotnet\packs\Microsoft.NETCore.App.Ref\9.0.8\ref/net9.0/System.Text.Encoding.dll
                 Private = "false"
             C:\Program Files\dotnet\packs\Microsoft.NETCore.App.Ref\9.0.8\ref/net9.0/System.Text.Encodings.Web.dll
                 Private = "false"
             C:\Program Files\dotnet\packs\Microsoft.NETCore.App.Ref\9.0.8\ref/net9.0/System.Text.Json.dll
                 Private = "false"
             C:\Program Files\dotnet\packs\Microsoft.NETCore.App.Ref\9.0.8\ref/net9.0/System.Text.RegularExpressions.dll
                 Private = "false"
             C:\Program Files\dotnet\packs\Microsoft.NETCore.App.Ref\9.0.8\ref/net9.0/System.Threading.Channels.dll
                 Private = "false"
             C:\Program Files\dotnet\packs\Microsoft.NETCore.App.Ref\9.0.8\ref/net9.0/System.Threading.Overlapped.dll
                 Private = "false"
             C:\Program Files\dotnet\packs\Microsoft.NETCore.App.Ref\9.0.8\ref/net9.0/System.Threading.Tasks.Dataflow.dll
                 Private = "false"
             C:\Program Files\dotnet\packs\Microsoft.NETCore.App.Ref\9.0.8\ref/net9.0/System.Threading.Tasks.Extensions.dll
                 Private = "false"
             C:\Program Files\dotnet\packs\Microsoft.NETCore.App.Ref\9.0.8\ref/net9.0/System.Threading.Tasks.Parallel.dll
                 Private = "false"
             C:\Program Files\dotnet\packs\Microsoft.NETCore.App.Ref\9.0.8\ref/net9.0/System.Threading.Tasks.dll
                 Private = "false"
             C:\Program Files\dotnet\packs\Microsoft.NETCore.App.Ref\9.0.8\ref/net9.0/System.Threading.Thread.dll
                 Private = "false"
             C:\Program Files\dotnet\packs\Microsoft.NETCore.App.Ref\9.0.8\ref/net9.0/System.Threading.ThreadPool.dll
                 Private = "false"
             C:\Program Files\dotnet\packs\Microsoft.NETCore.App.Ref\9.0.8\ref/net9.0/System.Threading.Timer.dll
                 Private = "false"
             C:\Program Files\dotnet\packs\Microsoft.NETCore.App.Ref\9.0.8\ref/net9.0/System.Threading.dll
                 Private = "false"
             C:\Program Files\dotnet\packs\Microsoft.NETCore.App.Ref\9.0.8\ref/net9.0/System.Transactions.Local.dll
                 Private = "false"
             C:\Program Files\dotnet\packs\Microsoft.NETCore.App.Ref\9.0.8\ref/net9.0/System.Transactions.dll
                 Private = "false"
             C:\Program Files\dotnet\packs\Microsoft.NETCore.App.Ref\9.0.8\ref/net9.0/System.ValueTuple.dll
                 Private = "false"
             C:\Program Files\dotnet\packs\Microsoft.NETCore.App.Ref\9.0.8\ref/net9.0/System.Web.HttpUtility.dll
                 Private = "false"
             C:\Program Files\dotnet\packs\Microsoft.NETCore.App.Ref\9.0.8\ref/net9.0/System.Web.dll
                 Private = "false"
             C:\Program Files\dotnet\packs\Microsoft.NETCore.App.Ref\9.0.8\ref/net9.0/System.Windows.dll
                 Private = "false"
             C:\Program Files\dotnet\packs\Microsoft.NETCore.App.Ref\9.0.8\ref/net9.0/System.Xml.Linq.dll
                 Private = "false"
             C:\Program Files\dotnet\packs\Microsoft.NETCore.App.Ref\9.0.8\ref/net9.0/System.Xml.ReaderWriter.dll
                 Private = "false"
             C:\Program Files\dotnet\packs\Microsoft.NETCore.App.Ref\9.0.8\ref/net9.0/System.Xml.Serialization.dll
                 Private = "false"
             C:\Program Files\dotnet\packs\Microsoft.NETCore.App.Ref\9.0.8\ref/net9.0/System.Xml.XDocument.dll
                 Private = "false"
             C:\Program Files\dotnet\packs\Microsoft.NETCore.App.Ref\9.0.8\ref/net9.0/System.Xml.XPath.XDocument.dll
                 Private = "false"
             C:\Program Files\dotnet\packs\Microsoft.NETCore.App.Ref\9.0.8\ref/net9.0/System.Xml.XPath.dll
                 Private = "false"
             C:\Program Files\dotnet\packs\Microsoft.NETCore.App.Ref\9.0.8\ref/net9.0/System.Xml.XmlDocument.dll
                 Private = "false"
             C:\Program Files\dotnet\packs\Microsoft.NETCore.App.Ref\9.0.8\ref/net9.0/System.Xml.XmlSerializer.dll
                 Private = "false"
             C:\Program Files\dotnet\packs\Microsoft.NETCore.App.Ref\9.0.8\ref/net9.0/System.Xml.dll
                 Private = "false"
             C:\Program Files\dotnet\packs\Microsoft.NETCore.App.Ref\9.0.8\ref/net9.0/System.dll
                 Private = "false"
             C:\Program Files\dotnet\packs\Microsoft.NETCore.App.Ref\9.0.8\ref/net9.0/mscorlib.dll
                 Private = "false"
             C:\Program Files\dotnet\packs\Microsoft.NETCore.App.Ref\9.0.8\ref/net9.0/netstandard.dll
                 Private = "false"
             C:\Program Files\dotnet\packs\Microsoft.WindowsDesktop.App.Ref\9.0.8\ref/net9.0/Accessibility.dll
                 Private = "false"
             C:\Program Files\dotnet\packs\Microsoft.WindowsDesktop.App.Ref\9.0.8\ref/net9.0/Microsoft.VisualBasic.Forms.dll
                 Private = "false"
             C:\Program Files\dotnet\packs\Microsoft.WindowsDesktop.App.Ref\9.0.8\ref/net9.0/Microsoft.VisualBasic.dll
                 Private = "false"
             C:\Program Files\dotnet\packs\Microsoft.WindowsDesktop.App.Ref\9.0.8\ref/net9.0/Microsoft.Win32.Registry.AccessControl.dll
                 Private = "false"
             C:\Program Files\dotnet\packs\Microsoft.WindowsDesktop.App.Ref\9.0.8\ref/net9.0/Microsoft.Win32.SystemEvents.dll
                 Private = "false"
             C:\Program Files\dotnet\packs\Microsoft.WindowsDesktop.App.Ref\9.0.8\ref/net9.0/PresentationCore.dll
                 Private = "false"
             C:\Program Files\dotnet\packs\Microsoft.WindowsDesktop.App.Ref\9.0.8\ref/net9.0/PresentationFramework.Aero.dll
                 Private = "false"
             C:\Program Files\dotnet\packs\Microsoft.WindowsDesktop.App.Ref\9.0.8\ref/net9.0/PresentationFramework.Aero2.dll
                 Private = "false"
             C:\Program Files\dotnet\packs\Microsoft.WindowsDesktop.App.Ref\9.0.8\ref/net9.0/PresentationFramework.AeroLite.dll
                 Private = "false"
             C:\Program Files\dotnet\packs\Microsoft.WindowsDesktop.App.Ref\9.0.8\ref/net9.0/PresentationFramework.Classic.dll
                 Private = "false"
             C:\Program Files\dotnet\packs\Microsoft.WindowsDesktop.App.Ref\9.0.8\ref/net9.0/PresentationFramework.Luna.dll
                 Private = "false"
             C:\Program Files\dotnet\packs\Microsoft.WindowsDesktop.App.Ref\9.0.8\ref/net9.0/PresentationFramework.Royale.dll
                 Private = "false"
             C:\Program Files\dotnet\packs\Microsoft.WindowsDesktop.App.Ref\9.0.8\ref/net9.0/PresentationFramework.dll
                 Private = "false"
             C:\Program Files\dotnet\packs\Microsoft.WindowsDesktop.App.Ref\9.0.8\ref/net9.0/PresentationUI.dll
                 Private = "false"
             C:\Program Files\dotnet\packs\Microsoft.WindowsDesktop.App.Ref\9.0.8\ref/net9.0/ReachFramework.dll
                 Private = "false"
             C:\Program Files\dotnet\packs\Microsoft.WindowsDesktop.App.Ref\9.0.8\ref/net9.0/System.CodeDom.dll
                 Private = "false"
             C:\Program Files\dotnet\packs\Microsoft.WindowsDesktop.App.Ref\9.0.8\ref/net9.0/System.Configuration.ConfigurationManager.dll
                 Private = "false"
             C:\Program Files\dotnet\packs\Microsoft.WindowsDesktop.App.Ref\9.0.8\ref/net9.0/System.Design.dll
                 Private = "false"
             C:\Program Files\dotnet\packs\Microsoft.WindowsDesktop.App.Ref\9.0.8\ref/net9.0/System.Diagnostics.EventLog.dll
                 Private = "false"
             C:\Program Files\dotnet\packs\Microsoft.WindowsDesktop.App.Ref\9.0.8\ref/net9.0/System.Diagnostics.PerformanceCounter.dll
                 Private = "false"
             C:\Program Files\dotnet\packs\Microsoft.WindowsDesktop.App.Ref\9.0.8\ref/net9.0/System.DirectoryServices.dll
                 Private = "false"
             C:\Program Files\dotnet\packs\Microsoft.WindowsDesktop.App.Ref\9.0.8\ref/net9.0/System.Drawing.Common.dll
                 Private = "false"
             C:\Program Files\dotnet\packs\Microsoft.WindowsDesktop.App.Ref\9.0.8\ref/net9.0/System.Drawing.Design.dll
                 Private = "false"
             C:\Program Files\dotnet\packs\Microsoft.WindowsDesktop.App.Ref\9.0.8\ref/net9.0/System.Drawing.dll
                 Private = "false"
             C:\Program Files\dotnet\packs\Microsoft.WindowsDesktop.App.Ref\9.0.8\ref/net9.0/System.Formats.Nrbf.dll
                 Private = "false"
             C:\Program Files\dotnet\packs\Microsoft.WindowsDesktop.App.Ref\9.0.8\ref/net9.0/System.IO.Packaging.dll
                 Private = "false"
             C:\Program Files\dotnet\packs\Microsoft.WindowsDesktop.App.Ref\9.0.8\ref/net9.0/System.Printing.dll
                 Private = "false"
             C:\Program Files\dotnet\packs\Microsoft.WindowsDesktop.App.Ref\9.0.8\ref/net9.0/System.Private.Windows.Core.dll
                 Private = "false"
             C:\Program Files\dotnet\packs\Microsoft.WindowsDesktop.App.Ref\9.0.8\ref/net9.0/System.Resources.Extensions.dll
                 Private = "false"
             C:\Program Files\dotnet\packs\Microsoft.WindowsDesktop.App.Ref\9.0.8\ref/net9.0/System.Security.Cryptography.Pkcs.dll
                 Private = "false"
             C:\Program Files\dotnet\packs\Microsoft.WindowsDesktop.App.Ref\9.0.8\ref/net9.0/System.Security.Cryptography.ProtectedData.dll
                 Private = "false"
             C:\Program Files\dotnet\packs\Microsoft.WindowsDesktop.App.Ref\9.0.8\ref/net9.0/System.Security.Cryptography.Xml.dll
                 Private = "false"
             C:\Program Files\dotnet\packs\Microsoft.WindowsDesktop.App.Ref\9.0.8\ref/net9.0/System.Security.Permissions.dll
                 Private = "false"
             C:\Program Files\dotnet\packs\Microsoft.WindowsDesktop.App.Ref\9.0.8\ref/net9.0/System.Threading.AccessControl.dll
                 Private = "false"
             C:\Program Files\dotnet\packs\Microsoft.WindowsDesktop.App.Ref\9.0.8\ref/net9.0/System.Windows.Controls.Ribbon.dll
                 Private = "false"
             C:\Program Files\dotnet\packs\Microsoft.WindowsDesktop.App.Ref\9.0.8\ref/net9.0/System.Windows.Extensions.dll
                 Private = "false"
             C:\Program Files\dotnet\packs\Microsoft.WindowsDesktop.App.Ref\9.0.8\ref/net9.0/System.Windows.Forms.Design.Editors.dll
                 Private = "false"
             C:\Program Files\dotnet\packs\Microsoft.WindowsDesktop.App.Ref\9.0.8\ref/net9.0/System.Windows.Forms.Design.dll
                 Private = "false"
             C:\Program Files\dotnet\packs\Microsoft.WindowsDesktop.App.Ref\9.0.8\ref/net9.0/System.Windows.Forms.Primitives.dll
                 Private = "false"
             C:\Program Files\dotnet\packs\Microsoft.WindowsDesktop.App.Ref\9.0.8\ref/net9.0/System.Windows.Forms.dll
                 Private = "false"
             C:\Program Files\dotnet\packs\Microsoft.WindowsDesktop.App.Ref\9.0.8\ref/net9.0/System.Windows.Input.Manipulations.dll
                 Private = "false"
             C:\Program Files\dotnet\packs\Microsoft.WindowsDesktop.App.Ref\9.0.8\ref/net9.0/System.Windows.Presentation.dll
                 Private = "false"
             C:\Program Files\dotnet\packs\Microsoft.WindowsDesktop.App.Ref\9.0.8\ref/net9.0/System.Xaml.dll
                 Private = "false"
             C:\Program Files\dotnet\packs\Microsoft.WindowsDesktop.App.Ref\9.0.8\ref/net9.0/UIAutomationClient.dll
                 Private = "false"
             C:\Program Files\dotnet\packs\Microsoft.WindowsDesktop.App.Ref\9.0.8\ref/net9.0/UIAutomationClientSideProviders.dll
                 Private = "false"
             C:\Program Files\dotnet\packs\Microsoft.WindowsDesktop.App.Ref\9.0.8\ref/net9.0/UIAutomationProvider.dll
                 Private = "false"
             C:\Program Files\dotnet\packs\Microsoft.WindowsDesktop.App.Ref\9.0.8\ref/net9.0/UIAutomationTypes.dll
                 Private = "false"
             C:\Program Files\dotnet\packs\Microsoft.WindowsDesktop.App.Ref\9.0.8\ref/net9.0/WindowsBase.dll
                 Private = "false"
             C:\Program Files\dotnet\packs\Microsoft.WindowsDesktop.App.Ref\9.0.8\ref/net9.0/WindowsFormsIntegration.dll
                 Private = "false"
         AssemblyFiles:
         CandidateAssemblyFiles:
             publish\L2Updater.exe
         TargetFrameworkDirectories:
             
         NonCultureResourceDirectories:
             
         InstalledAssemblyTables:
         IgnoreInstalledAssemblyTable:
             False
         SearchPaths:
             {CandidateAssemblyFiles}
             {HintPathFromItem}
             {TargetFrameworkDirectory}
             {RawFileName}
         AllowedAssemblyExtensions:
             .winmd
             .dll
             .exe
         AllowedRelatedFileExtensions:
             .pdb
             .xml
             .pri
             .dll.config
             .exe.config
         AppConfigFile:
             
         AutoUnify:
             True
         EnableCustomCulture:
             False
         CopyLocalDependenciesWhenParentReferenceInGac:
             True
         FindDependencies:
             True
         TargetProcessorArchitecture:
             amd64
         StateFile:
             obj\Debug\net9.0-windows\win-x64\L2Updater.csproj.AssemblyReference.cache
         InstalledAssemblySubsetTables:
         IgnoreInstalledAssemblySubsetTable:
             False
         TargetFrameworkSubsets:
         FullTargetFrameworkSubsetNames:
             Full
         ProfileName:
             
         FullFrameworkFolders:
         LatestTargetFrameworkDirectories:
         ProfileTablesLocation:
         Refer├¬ncia principal "CommunityToolkit.Mvvm, Version=8.2.0.0, Culture=neutral, PublicKeyToken=4aff67a105548ee2".
             O caminho do arquivo resolvido ├® "C:\Users\danie\.nuget\packages\communitytoolkit.mvvm\8.2.2\lib\net6.0\CommunityToolkit.Mvvm.dll".
             Refer├¬ncia encontrada no local do caminho de pesquisa "{HintPathFromItem}".
             Essa refer├¬ncia n├úo ├® "CopyLocal" porque pelo menos um item de origem tinha "Private" definido como "false" e nenhum item de origem tinha "Private" definido como "true".
         Refer├¬ncia principal "Microsoft.Extensions.Configuration, Version=9.0.0.0, Culture=neutral, PublicKeyToken=adb9793829ddae60".
             O caminho do arquivo resolvido ├® "C:\Users\danie\.nuget\packages\microsoft.extensions.configuration\9.0.0\lib\net9.0\Microsoft.Extensions.Configuration.dll".
             Refer├¬ncia encontrada no local do caminho de pesquisa "{HintPathFromItem}".
             Essa refer├¬ncia n├úo ├® "CopyLocal" porque pelo menos um item de origem tinha "Private" definido como "false" e nenhum item de origem tinha "Private" definido como "true".
         Refer├¬ncia principal "Microsoft.Extensions.Configuration.Abstractions, Version=9.0.0.0, Culture=neutral, PublicKeyToken=adb9793829ddae60".
             O caminho do arquivo resolvido ├® "C:\Users\danie\.nuget\packages\microsoft.extensions.configuration.abstractions\9.0.0\lib\net9.0\Microsoft.Extensions.Configuration.Abstractions.dll".
             Refer├¬ncia encontrada no local do caminho de pesquisa "{HintPathFromItem}".
             Essa refer├¬ncia n├úo ├® "CopyLocal" porque pelo menos um item de origem tinha "Private" definido como "false" e nenhum item de origem tinha "Private" definido como "true".
         Refer├¬ncia principal "Microsoft.Extensions.Configuration.Binder, Version=9.0.0.0, Culture=neutral, PublicKeyToken=adb9793829ddae60".
             O caminho do arquivo resolvido ├® "C:\Users\danie\.nuget\packages\microsoft.extensions.configuration.binder\9.0.0\lib\net9.0\Microsoft.Extensions.Configuration.Binder.dll".
             Refer├¬ncia encontrada no local do caminho de pesquisa "{HintPathFromItem}".
             Essa refer├¬ncia n├úo ├® "CopyLocal" porque pelo menos um item de origem tinha "Private" definido como "false" e nenhum item de origem tinha "Private" definido como "true".
         Refer├¬ncia principal "Microsoft.Extensions.Configuration.FileExtensions, Version=9.0.0.0, Culture=neutral, PublicKeyToken=adb9793829ddae60".
             O caminho do arquivo resolvido ├® "C:\Users\danie\.nuget\packages\microsoft.extensions.configuration.fileextensions\9.0.0\lib\net9.0\Microsoft.Extensions.Configuration.FileExtensions.dll".
             Refer├¬ncia encontrada no local do caminho de pesquisa "{HintPathFromItem}".
             Essa refer├¬ncia n├úo ├® "CopyLocal" porque pelo menos um item de origem tinha "Private" definido como "false" e nenhum item de origem tinha "Private" definido como "true".
         Refer├¬ncia principal "Microsoft.Extensions.Configuration.Json, Version=9.0.0.0, Culture=neutral, PublicKeyToken=adb9793829ddae60".
             O caminho do arquivo resolvido ├® "C:\Users\danie\.nuget\packages\microsoft.extensions.configuration.json\9.0.0\lib\net9.0\Microsoft.Extensions.Configuration.Json.dll".
             Refer├¬ncia encontrada no local do caminho de pesquisa "{HintPathFromItem}".
             Essa refer├¬ncia n├úo ├® "CopyLocal" porque pelo menos um item de origem tinha "Private" definido como "false" e nenhum item de origem tinha "Private" definido como "true".
         Refer├¬ncia principal "Microsoft.Extensions.DependencyInjection, Version=9.0.0.0, Culture=neutral, PublicKeyToken=adb9793829ddae60".
             O caminho do arquivo resolvido ├® "C:\Users\danie\.nuget\packages\microsoft.extensions.dependencyinjection\9.0.0\lib\net9.0\Microsoft.Extensions.DependencyInjection.dll".
             Refer├¬ncia encontrada no local do caminho de pesquisa "{HintPathFromItem}".
             Essa refer├¬ncia n├úo ├® "CopyLocal" porque pelo menos um item de origem tinha "Private" definido como "false" e nenhum item de origem tinha "Private" definido como "true".
         Refer├¬ncia principal "Microsoft.Extensions.DependencyInjection.Abstractions, Version=9.0.0.0, Culture=neutral, PublicKeyToken=adb9793829ddae60".
             O caminho do arquivo resolvido ├® "C:\Users\danie\.nuget\packages\microsoft.extensions.dependencyinjection.abstractions\9.0.0\lib\net9.0\Microsoft.Extensions.DependencyInjection.Abstractions.dll".
             Refer├¬ncia encontrada no local do caminho de pesquisa "{HintPathFromItem}".
             Essa refer├¬ncia n├úo ├® "CopyLocal" porque pelo menos um item de origem tinha "Private" definido como "false" e nenhum item de origem tinha "Private" definido como "true".
         Refer├¬ncia principal "Microsoft.Extensions.Diagnostics, Version=9.0.0.0, Culture=neutral, PublicKeyToken=adb9793829ddae60".
             O caminho do arquivo resolvido ├® "C:\Users\danie\.nuget\packages\microsoft.extensions.diagnostics\9.0.0\lib\net9.0\Microsoft.Extensions.Diagnostics.dll".
             Refer├¬ncia encontrada no local do caminho de pesquisa "{HintPathFromItem}".
             Essa refer├¬ncia n├úo ├® "CopyLocal" porque pelo menos um item de origem tinha "Private" definido como "false" e nenhum item de origem tinha "Private" definido como "true".
         Refer├¬ncia principal "Microsoft.Extensions.Diagnostics.Abstractions, Version=9.0.0.0, Culture=neutral, PublicKeyToken=adb9793829ddae60".
             O caminho do arquivo resolvido ├® "C:\Users\danie\.nuget\packages\microsoft.extensions.diagnostics.abstractions\9.0.0\lib\net9.0\Microsoft.Extensions.Diagnostics.Abstractions.dll".
             Refer├¬ncia encontrada no local do caminho de pesquisa "{HintPathFromItem}".
             Essa refer├¬ncia n├úo ├® "CopyLocal" porque pelo menos um item de origem tinha "Private" definido como "false" e nenhum item de origem tinha "Private" definido como "true".
         Refer├¬ncia principal "Microsoft.Extensions.FileProviders.Abstractions, Version=9.0.0.0, Culture=neutral, PublicKeyToken=adb9793829ddae60".
             O caminho do arquivo resolvido ├® "C:\Users\danie\.nuget\packages\microsoft.extensions.fileproviders.abstractions\9.0.0\lib\net9.0\Microsoft.Extensions.FileProviders.Abstractions.dll".
             Refer├¬ncia encontrada no local do caminho de pesquisa "{HintPathFromItem}".
             Essa refer├¬ncia n├úo ├® "CopyLocal" porque pelo menos um item de origem tinha "Private" definido como "false" e nenhum item de origem tinha "Private" definido como "true".
         Refer├¬ncia principal "Microsoft.Extensions.FileProviders.Physical, Version=9.0.0.0, Culture=neutral, PublicKeyToken=adb9793829ddae60".
             O caminho do arquivo resolvido ├® "C:\Users\danie\.nuget\packages\microsoft.extensions.fileproviders.physical\9.0.0\lib\net9.0\Microsoft.Extensions.FileProviders.Physical.dll".
             Refer├¬ncia encontrada no local do caminho de pesquisa "{HintPathFromItem}".
             Essa refer├¬ncia n├úo ├® "CopyLocal" porque pelo menos um item de origem tinha "Private" definido como "false" e nenhum item de origem tinha "Private" definido como "true".
         Refer├¬ncia principal "Microsoft.Extensions.FileSystemGlobbing, Version=9.0.0.0, Culture=neutral, PublicKeyToken=adb9793829ddae60".
             O caminho do arquivo resolvido ├® "C:\Users\danie\.nuget\packages\microsoft.extensions.filesystemglobbing\9.0.0\lib\net9.0\Microsoft.Extensions.FileSystemGlobbing.dll".
             Refer├¬ncia encontrada no local do caminho de pesquisa "{HintPathFromItem}".
             Essa refer├¬ncia n├úo ├® "CopyLocal" porque pelo menos um item de origem tinha "Private" definido como "false" e nenhum item de origem tinha "Private" definido como "true".
         Refer├¬ncia principal "Microsoft.Extensions.Http, Version=9.0.0.0, Culture=neutral, PublicKeyToken=adb9793829ddae60".
             O caminho do arquivo resolvido ├® "C:\Users\danie\.nuget\packages\microsoft.extensions.http\9.0.0\lib\net9.0\Microsoft.Extensions.Http.dll".
             Refer├¬ncia encontrada no local do caminho de pesquisa "{HintPathFromItem}".
             Essa refer├¬ncia n├úo ├® "CopyLocal" porque pelo menos um item de origem tinha "Private" definido como "false" e nenhum item de origem tinha "Private" definido como "true".
         Refer├¬ncia principal "Microsoft.Extensions.Logging, Version=9.0.0.0, Culture=neutral, PublicKeyToken=adb9793829ddae60".
             O caminho do arquivo resolvido ├® "C:\Users\danie\.nuget\packages\microsoft.extensions.logging\9.0.0\lib\net9.0\Microsoft.Extensions.Logging.dll".
             Refer├¬ncia encontrada no local do caminho de pesquisa "{HintPathFromItem}".
             Essa refer├¬ncia n├úo ├® "CopyLocal" porque pelo menos um item de origem tinha "Private" definido como "false" e nenhum item de origem tinha "Private" definido como "true".
         Refer├¬ncia principal "Microsoft.Extensions.Logging.Abstractions, Version=9.0.0.0, Culture=neutral, PublicKeyToken=adb9793829ddae60".
             O caminho do arquivo resolvido ├® "C:\Users\danie\.nuget\packages\microsoft.extensions.logging.abstractions\9.0.0\lib\net9.0\Microsoft.Extensions.Logging.Abstractions.dll".
             Refer├¬ncia encontrada no local do caminho de pesquisa "{HintPathFromItem}".
             Essa refer├¬ncia n├úo ├® "CopyLocal" porque pelo menos um item de origem tinha "Private" definido como "false" e nenhum item de origem tinha "Private" definido como "true".
         Refer├¬ncia principal "Microsoft.Extensions.Logging.Configuration, Version=9.0.0.0, Culture=neutral, PublicKeyToken=adb9793829ddae60".
             O caminho do arquivo resolvido ├® "C:\Users\danie\.nuget\packages\microsoft.extensions.logging.configuration\9.0.0\lib\net9.0\Microsoft.Extensions.Logging.Configuration.dll".
             Refer├¬ncia encontrada no local do caminho de pesquisa "{HintPathFromItem}".
             Essa refer├¬ncia n├úo ├® "CopyLocal" porque pelo menos um item de origem tinha "Private" definido como "false" e nenhum item de origem tinha "Private" definido como "true".
         Refer├¬ncia principal "Microsoft.Extensions.Logging.Console, Version=9.0.0.0, Culture=neutral, PublicKeyToken=adb9793829ddae60".
             O caminho do arquivo resolvido ├® "C:\Users\danie\.nuget\packages\microsoft.extensions.logging.console\9.0.0\lib\net9.0\Microsoft.Extensions.Logging.Console.dll".
             Refer├¬ncia encontrada no local do caminho de pesquisa "{HintPathFromItem}".
             Essa refer├¬ncia n├úo ├® "CopyLocal" porque pelo menos um item de origem tinha "Private" definido como "false" e nenhum item de origem tinha "Private" definido como "true".
         Refer├¬ncia principal "Microsoft.Extensions.Options, Version=9.0.0.0, Culture=neutral, PublicKeyToken=adb9793829ddae60".
             O caminho do arquivo resolvido ├® "C:\Users\danie\.nuget\packages\microsoft.extensions.options\9.0.0\lib\net9.0\Microsoft.Extensions.Options.dll".
             Refer├¬ncia encontrada no local do caminho de pesquisa "{HintPathFromItem}".
             Essa refer├¬ncia n├úo ├® "CopyLocal" porque pelo menos um item de origem tinha "Private" definido como "false" e nenhum item de origem tinha "Private" definido como "true".
         Refer├¬ncia principal "Microsoft.Extensions.Options.ConfigurationExtensions, Version=9.0.0.0, Culture=neutral, PublicKeyToken=adb9793829ddae60".
             O caminho do arquivo resolvido ├® "C:\Users\danie\.nuget\packages\microsoft.extensions.options.configurationextensions\9.0.0\lib\net9.0\Microsoft.Extensions.Options.ConfigurationExtensions.dll".
             Refer├¬ncia encontrada no local do caminho de pesquisa "{HintPathFromItem}".
             Essa refer├¬ncia n├úo ├® "CopyLocal" porque pelo menos um item de origem tinha "Private" definido como "false" e nenhum item de origem tinha "Private" definido como "true".
         Refer├¬ncia principal "Microsoft.Extensions.Primitives, Version=9.0.0.0, Culture=neutral, PublicKeyToken=adb9793829ddae60".
             O caminho do arquivo resolvido ├® "C:\Users\danie\.nuget\packages\microsoft.extensions.primitives\9.0.0\lib\net9.0\Microsoft.Extensions.Primitives.dll".
             Refer├¬ncia encontrada no local do caminho de pesquisa "{HintPathFromItem}".
             Essa refer├¬ncia n├úo ├® "CopyLocal" porque pelo menos um item de origem tinha "Private" definido como "false" e nenhum item de origem tinha "Private" definido como "true".
         Refer├¬ncia principal "Newtonsoft.Json, Version=13.0.0.0, Culture=neutral, PublicKeyToken=30ad4fe6b2a6aeed".
             O caminho do arquivo resolvido ├® "C:\Users\danie\.nuget\packages\newtonsoft.json\13.0.3\lib\net6.0\Newtonsoft.Json.dll".
             Refer├¬ncia encontrada no local do caminho de pesquisa "{HintPathFromItem}".
             Essa refer├¬ncia n├úo ├® "CopyLocal" porque pelo menos um item de origem tinha "Private" definido como "false" e nenhum item de origem tinha "Private" definido como "true".
         Refer├¬ncia principal "Serilog, Version=4.0.0.0, Culture=neutral, PublicKeyToken=24c2f752a8e58a10".
             O caminho do arquivo resolvido ├® "C:\Users\danie\.nuget\packages\serilog\4.0.0\lib\net8.0\Serilog.dll".
             Refer├¬ncia encontrada no local do caminho de pesquisa "{HintPathFromItem}".
             Essa refer├¬ncia n├úo ├® "CopyLocal" porque pelo menos um item de origem tinha "Private" definido como "false" e nenhum item de origem tinha "Private" definido como "true".
         Refer├¬ncia principal "Serilog.Extensions.Logging, Version=7.0.0.0, Culture=neutral, PublicKeyToken=24c2f752a8e58a10".
             O caminho do arquivo resolvido ├® "C:\Users\danie\.nuget\packages\serilog.extensions.logging\8.0.0\lib\net8.0\Serilog.Extensions.Logging.dll".
             Refer├¬ncia encontrada no local do caminho de pesquisa "{HintPathFromItem}".
             Essa refer├¬ncia n├úo ├® "CopyLocal" porque pelo menos um item de origem tinha "Private" definido como "false" e nenhum item de origem tinha "Private" definido como "true".
         Refer├¬ncia principal "Serilog.Sinks.Console, Version=6.0.0.0, Culture=neutral, PublicKeyToken=24c2f752a8e58a10".
             O caminho do arquivo resolvido ├® "C:\Users\danie\.nuget\packages\serilog.sinks.console\6.0.0\lib\net8.0\Serilog.Sinks.Console.dll".
             Refer├¬ncia encontrada no local do caminho de pesquisa "{HintPathFromItem}".
             Essa refer├¬ncia n├úo ├® "CopyLocal" porque pelo menos um item de origem tinha "Private" definido como "false" e nenhum item de origem tinha "Private" definido como "true".
         Refer├¬ncia principal "Serilog.Sinks.File, Version=6.0.0.0, Culture=neutral, PublicKeyToken=24c2f752a8e58a10".
             O caminho do arquivo resolvido ├® "C:\Users\danie\.nuget\packages\serilog.sinks.file\6.0.0\lib\net8.0\Serilog.Sinks.File.dll".
             Refer├¬ncia encontrada no local do caminho de pesquisa "{HintPathFromItem}".
             Essa refer├¬ncia n├úo ├® "CopyLocal" porque pelo menos um item de origem tinha "Private" definido como "false" e nenhum item de origem tinha "Private" definido como "true".
         Refer├¬ncia principal "Microsoft.CSharp, Version=9.0.0.0, Culture=neutral, PublicKeyToken=b03f5f7f11d50a3a".
             O caminho do arquivo resolvido ├® "C:\Program Files\dotnet\packs\Microsoft.NETCore.App.Ref\9.0.8\ref\net9.0\Microsoft.CSharp.dll".
             Refer├¬ncia encontrada no local do caminho de pesquisa "{RawFileName}".
             Essa refer├¬ncia n├úo ├® "CopyLocal" porque pelo menos um item de origem tinha "Private" definido como "false" e nenhum item de origem tinha "Private" definido como "true".
         Refer├¬ncia principal "Microsoft.VisualBasic.Core, Version=14.0.0.0, Culture=neutral, PublicKeyToken=b03f5f7f11d50a3a".
             O caminho do arquivo resolvido ├® "C:\Program Files\dotnet\packs\Microsoft.NETCore.App.Ref\9.0.8\ref\net9.0\Microsoft.VisualBasic.Core.dll".
             Refer├¬ncia encontrada no local do caminho de pesquisa "{RawFileName}".
             Essa refer├¬ncia n├úo ├® "CopyLocal" porque pelo menos um item de origem tinha "Private" definido como "false" e nenhum item de origem tinha "Private" definido como "true".
         Refer├¬ncia principal "Microsoft.Win32.Primitives, Version=9.0.0.0, Culture=neutral, PublicKeyToken=b03f5f7f11d50a3a".
             O caminho do arquivo resolvido ├® "C:\Program Files\dotnet\packs\Microsoft.NETCore.App.Ref\9.0.8\ref\net9.0\Microsoft.Win32.Primitives.dll".
             Refer├¬ncia encontrada no local do caminho de pesquisa "{RawFileName}".
             Essa refer├¬ncia n├úo ├® "CopyLocal" porque pelo menos um item de origem tinha "Private" definido como "false" e nenhum item de origem tinha "Private" definido como "true".
         Refer├¬ncia principal "Microsoft.Win32.Registry, Version=9.0.0.0, Culture=neutral, PublicKeyToken=b03f5f7f11d50a3a".
             O caminho do arquivo resolvido ├® "C:\Program Files\dotnet\packs\Microsoft.NETCore.App.Ref\9.0.8\ref\net9.0\Microsoft.Win32.Registry.dll".
             Refer├¬ncia encontrada no local do caminho de pesquisa "{RawFileName}".
             Essa refer├¬ncia n├úo ├® "CopyLocal" porque pelo menos um item de origem tinha "Private" definido como "false" e nenhum item de origem tinha "Private" definido como "true".
         Refer├¬ncia principal "System.AppContext, Version=9.0.0.0, Culture=neutral, PublicKeyToken=b03f5f7f11d50a3a".
             O caminho do arquivo resolvido ├® "C:\Program Files\dotnet\packs\Microsoft.NETCore.App.Ref\9.0.8\ref\net9.0\System.AppContext.dll".
             Refer├¬ncia encontrada no local do caminho de pesquisa "{RawFileName}".
             Essa refer├¬ncia n├úo ├® "CopyLocal" porque pelo menos um item de origem tinha "Private" definido como "false" e nenhum item de origem tinha "Private" definido como "true".
         Refer├¬ncia principal "System.Buffers, Version=9.0.0.0, Culture=neutral, PublicKeyToken=cc7b13ffcd2ddd51".
             O caminho do arquivo resolvido ├® "C:\Program Files\dotnet\packs\Microsoft.NETCore.App.Ref\9.0.8\ref\net9.0\System.Buffers.dll".
             Refer├¬ncia encontrada no local do caminho de pesquisa "{RawFileName}".
             Essa refer├¬ncia n├úo ├® "CopyLocal" porque pelo menos um item de origem tinha "Private" definido como "false" e nenhum item de origem tinha "Private" definido como "true".
         Refer├¬ncia principal "System.Collections.Concurrent, Version=9.0.0.0, Culture=neutral, PublicKeyToken=b03f5f7f11d50a3a".
             O caminho do arquivo resolvido ├® "C:\Program Files\dotnet\packs\Microsoft.NETCore.App.Ref\9.0.8\ref\net9.0\System.Collections.Concurrent.dll".
             Refer├¬ncia encontrada no local do caminho de pesquisa "{RawFileName}".
             Essa refer├¬ncia n├úo ├® "CopyLocal" porque pelo menos um item de origem tinha "Private" definido como "false" e nenhum item de origem tinha "Private" definido como "true".
         Refer├¬ncia principal "System.Collections.Immutable, Version=9.0.0.0, Culture=neutral, PublicKeyToken=b03f5f7f11d50a3a".
             O caminho do arquivo resolvido ├® "C:\Program Files\dotnet\packs\Microsoft.NETCore.App.Ref\9.0.8\ref\net9.0\System.Collections.Immutable.dll".
             Refer├¬ncia encontrada no local do caminho de pesquisa "{RawFileName}".
             Essa refer├¬ncia n├úo ├® "CopyLocal" porque pelo menos um item de origem tinha "Private" definido como "false" e nenhum item de origem tinha "Private" definido como "true".
         Refer├¬ncia principal "System.Collections.NonGeneric, Version=9.0.0.0, Culture=neutral, PublicKeyToken=b03f5f7f11d50a3a".
             O caminho do arquivo resolvido ├® "C:\Program Files\dotnet\packs\Microsoft.NETCore.App.Ref\9.0.8\ref\net9.0\System.Collections.NonGeneric.dll".
             Refer├¬ncia encontrada no local do caminho de pesquisa "{RawFileName}".
             Essa refer├¬ncia n├úo ├® "CopyLocal" porque pelo menos um item de origem tinha "Private" definido como "false" e nenhum item de origem tinha "Private" definido como "true".
         Refer├¬ncia principal "System.Collections.Specialized, Version=9.0.0.0, Culture=neutral, PublicKeyToken=b03f5f7f11d50a3a".
             O caminho do arquivo resolvido ├® "C:\Program Files\dotnet\packs\Microsoft.NETCore.App.Ref\9.0.8\ref\net9.0\System.Collections.Specialized.dll".
             Refer├¬ncia encontrada no local do caminho de pesquisa "{RawFileName}".
             Essa refer├¬ncia n├úo ├® "CopyLocal" porque pelo menos um item de origem tinha "Private" definido como "false" e nenhum item de origem tinha "Private" definido como "true".
         Refer├¬ncia principal "System.Collections, Version=9.0.0.0, Culture=neutral, PublicKeyToken=b03f5f7f11d50a3a".
             O caminho do arquivo resolvido ├® "C:\Program Files\dotnet\packs\Microsoft.NETCore.App.Ref\9.0.8\ref\net9.0\System.Collections.dll".
             Refer├¬ncia encontrada no local do caminho de pesquisa "{RawFileName}".
             Essa refer├¬ncia n├úo ├® "CopyLocal" porque pelo menos um item de origem tinha "Private" definido como "false" e nenhum item de origem tinha "Private" definido como "true".
         Refer├¬ncia principal "System.ComponentModel.Annotations, Version=9.0.0.0, Culture=neutral, PublicKeyToken=b03f5f7f11d50a3a".
             O caminho do arquivo resolvido ├® "C:\Program Files\dotnet\packs\Microsoft.NETCore.App.Ref\9.0.8\ref\net9.0\System.ComponentModel.Annotations.dll".
             Refer├¬ncia encontrada no local do caminho de pesquisa "{RawFileName}".
             Essa refer├¬ncia n├úo ├® "CopyLocal" porque pelo menos um item de origem tinha "Private" definido como "false" e nenhum item de origem tinha "Private" definido como "true".
         Refer├¬ncia principal "System.ComponentModel.DataAnnotations, Version=4.0.0.0, Culture=neutral, PublicKeyToken=31bf3856ad364e35".
             O caminho do arquivo resolvido ├® "C:\Program Files\dotnet\packs\Microsoft.NETCore.App.Ref\9.0.8\ref\net9.0\System.ComponentModel.DataAnnotations.dll".
             Refer├¬ncia encontrada no local do caminho de pesquisa "{RawFileName}".
             Essa refer├¬ncia n├úo ├® "CopyLocal" porque pelo menos um item de origem tinha "Private" definido como "false" e nenhum item de origem tinha "Private" definido como "true".
         Refer├¬ncia principal "System.ComponentModel.EventBasedAsync, Version=9.0.0.0, Culture=neutral, PublicKeyToken=b03f5f7f11d50a3a".
             O caminho do arquivo resolvido ├® "C:\Program Files\dotnet\packs\Microsoft.NETCore.App.Ref\9.0.8\ref\net9.0\System.ComponentModel.EventBasedAsync.dll".
             Refer├¬ncia encontrada no local do caminho de pesquisa "{RawFileName}".
             Essa refer├¬ncia n├úo ├® "CopyLocal" porque pelo menos um item de origem tinha "Private" definido como "false" e nenhum item de origem tinha "Private" definido como "true".
         Refer├¬ncia principal "System.ComponentModel.Primitives, Version=9.0.0.0, Culture=neutral, PublicKeyToken=b03f5f7f11d50a3a".
             O caminho do arquivo resolvido ├® "C:\Program Files\dotnet\packs\Microsoft.NETCore.App.Ref\9.0.8\ref\net9.0\System.ComponentModel.Primitives.dll".
             Refer├¬ncia encontrada no local do caminho de pesquisa "{RawFileName}".
             Essa refer├¬ncia n├úo ├® "CopyLocal" porque pelo menos um item de origem tinha "Private" definido como "false" e nenhum item de origem tinha "Private" definido como "true".
         Refer├¬ncia principal "System.ComponentModel.TypeConverter, Version=9.0.0.0, Culture=neutral, PublicKeyToken=b03f5f7f11d50a3a".
             O caminho do arquivo resolvido ├® "C:\Program Files\dotnet\packs\Microsoft.NETCore.App.Ref\9.0.8\ref\net9.0\System.ComponentModel.TypeConverter.dll".
             Refer├¬ncia encontrada no local do caminho de pesquisa "{RawFileName}".
             Essa refer├¬ncia n├úo ├® "CopyLocal" porque pelo menos um item de origem tinha "Private" definido como "false" e nenhum item de origem tinha "Private" definido como "true".
         Refer├¬ncia principal "System.ComponentModel, Version=9.0.0.0, Culture=neutral, PublicKeyToken=b03f5f7f11d50a3a".
             O caminho do arquivo resolvido ├® "C:\Program Files\dotnet\packs\Microsoft.NETCore.App.Ref\9.0.8\ref\net9.0\System.ComponentModel.dll".
             Refer├¬ncia encontrada no local do caminho de pesquisa "{RawFileName}".
             Essa refer├¬ncia n├úo ├® "CopyLocal" porque pelo menos um item de origem tinha "Private" definido como "false" e nenhum item de origem tinha "Private" definido como "true".
         Refer├¬ncia principal "System.Configuration, Version=4.0.0.0, Culture=neutral, PublicKeyToken=b03f5f7f11d50a3a".
             O caminho do arquivo resolvido ├® "C:\Program Files\dotnet\packs\Microsoft.NETCore.App.Ref\9.0.8\ref\net9.0\System.Configuration.dll".
             Refer├¬ncia encontrada no local do caminho de pesquisa "{RawFileName}".
             Essa refer├¬ncia n├úo ├® "CopyLocal" porque pelo menos um item de origem tinha "Private" definido como "false" e nenhum item de origem tinha "Private" definido como "true".
         Refer├¬ncia principal "System.Console, Version=9.0.0.0, Culture=neutral, PublicKeyToken=b03f5f7f11d50a3a".
             O caminho do arquivo resolvido ├® "C:\Program Files\dotnet\packs\Microsoft.NETCore.App.Ref\9.0.8\ref\net9.0\System.Console.dll".
             Refer├¬ncia encontrada no local do caminho de pesquisa "{RawFileName}".
             Essa refer├¬ncia n├úo ├® "CopyLocal" porque pelo menos um item de origem tinha "Private" definido como "false" e nenhum item de origem tinha "Private" definido como "true".
         Refer├¬ncia principal "System.Core, Version=4.0.0.0, Culture=neutral, PublicKeyToken=b77a5c561934e089".
             O caminho do arquivo resolvido ├® "C:\Program Files\dotnet\packs\Microsoft.NETCore.App.Ref\9.0.8\ref\net9.0\System.Core.dll".
             Refer├¬ncia encontrada no local do caminho de pesquisa "{RawFileName}".
             Essa refer├¬ncia n├úo ├® "CopyLocal" porque pelo menos um item de origem tinha "Private" definido como "false" e nenhum item de origem tinha "Private" definido como "true".
         Refer├¬ncia principal "System.Data.Common, Version=9.0.0.0, Culture=neutral, PublicKeyToken=b03f5f7f11d50a3a".
             O caminho do arquivo resolvido ├® "C:\Program Files\dotnet\packs\Microsoft.NETCore.App.Ref\9.0.8\ref\net9.0\System.Data.Common.dll".
             Refer├¬ncia encontrada no local do caminho de pesquisa "{RawFileName}".
             Essa refer├¬ncia n├úo ├® "CopyLocal" porque pelo menos um item de origem tinha "Private" definido como "false" e nenhum item de origem tinha "Private" definido como "true".
         Refer├¬ncia principal "System.Data.DataSetExtensions, Version=9.0.0.0, Culture=neutral, PublicKeyToken=b77a5c561934e089".
             O caminho do arquivo resolvido ├® "C:\Program Files\dotnet\packs\Microsoft.NETCore.App.Ref\9.0.8\ref\net9.0\System.Data.DataSetExtensions.dll".
             Refer├¬ncia encontrada no local do caminho de pesquisa "{RawFileName}".
             Essa refer├¬ncia n├úo ├® "CopyLocal" porque pelo menos um item de origem tinha "Private" definido como "false" e nenhum item de origem tinha "Private" definido como "true".
         Refer├¬ncia principal "System.Data, Version=4.0.0.0, Culture=neutral, PublicKeyToken=b77a5c561934e089".
             O caminho do arquivo resolvido ├® "C:\Program Files\dotnet\packs\Microsoft.NETCore.App.Ref\9.0.8\ref\net9.0\System.Data.dll".
             Refer├¬ncia encontrada no local do caminho de pesquisa "{RawFileName}".
             Essa refer├¬ncia n├úo ├® "CopyLocal" porque pelo menos um item de origem tinha "Private" definido como "false" e nenhum item de origem tinha "Private" definido como "true".
         Refer├¬ncia principal "System.Diagnostics.Contracts, Version=9.0.0.0, Culture=neutral, PublicKeyToken=b03f5f7f11d50a3a".
             O caminho do arquivo resolvido ├® "C:\Program Files\dotnet\packs\Microsoft.NETCore.App.Ref\9.0.8\ref\net9.0\System.Diagnostics.Contracts.dll".
             Refer├¬ncia encontrada no local do caminho de pesquisa "{RawFileName}".
             Essa refer├¬ncia n├úo ├® "CopyLocal" porque pelo menos um item de origem tinha "Private" definido como "false" e nenhum item de origem tinha "Private" definido como "true".
         Refer├¬ncia principal "System.Diagnostics.Debug, Version=9.0.0.0, Culture=neutral, PublicKeyToken=b03f5f7f11d50a3a".
             O caminho do arquivo resolvido ├® "C:\Program Files\dotnet\packs\Microsoft.NETCore.App.Ref\9.0.8\ref\net9.0\System.Diagnostics.Debug.dll".
             Refer├¬ncia encontrada no local do caminho de pesquisa "{RawFileName}".
             Essa refer├¬ncia n├úo ├® "CopyLocal" porque pelo menos um item de origem tinha "Private" definido como "false" e nenhum item de origem tinha "Private" definido como "true".
         Refer├¬ncia principal "System.Diagnostics.DiagnosticSource, Version=9.0.0.0, Culture=neutral, PublicKeyToken=cc7b13ffcd2ddd51".
             O caminho do arquivo resolvido ├® "C:\Program Files\dotnet\packs\Microsoft.NETCore.App.Ref\9.0.8\ref\net9.0\System.Diagnostics.DiagnosticSource.dll".
             Refer├¬ncia encontrada no local do caminho de pesquisa "{RawFileName}".
             Essa refer├¬ncia n├úo ├® "CopyLocal" porque pelo menos um item de origem tinha "Private" definido como "false" e nenhum item de origem tinha "Private" definido como "true".
         Refer├¬ncia principal "System.Diagnostics.FileVersionInfo, Version=9.0.0.0, Culture=neutral, PublicKeyToken=b03f5f7f11d50a3a".
             O caminho do arquivo resolvido ├® "C:\Program Files\dotnet\packs\Microsoft.NETCore.App.Ref\9.0.8\ref\net9.0\System.Diagnostics.FileVersionInfo.dll".
             Refer├¬ncia encontrada no local do caminho de pesquisa "{RawFileName}".
             Essa refer├¬ncia n├úo ├® "CopyLocal" porque pelo menos um item de origem tinha "Private" definido como "false" e nenhum item de origem tinha "Private" definido como "true".
         Refer├¬ncia principal "System.Diagnostics.Process, Version=9.0.0.0, Culture=neutral, PublicKeyToken=b03f5f7f11d50a3a".
             O caminho do arquivo resolvido ├® "C:\Program Files\dotnet\packs\Microsoft.NETCore.App.Ref\9.0.8\ref\net9.0\System.Diagnostics.Process.dll".
             Refer├¬ncia encontrada no local do caminho de pesquisa "{RawFileName}".
             Essa refer├¬ncia n├úo ├® "CopyLocal" porque pelo menos um item de origem tinha "Private" definido como "false" e nenhum item de origem tinha "Private" definido como "true".
         Refer├¬ncia principal "System.Diagnostics.StackTrace, Version=9.0.0.0, Culture=neutral, PublicKeyToken=b03f5f7f11d50a3a".
             O caminho do arquivo resolvido ├® "C:\Program Files\dotnet\packs\Microsoft.NETCore.App.Ref\9.0.8\ref\net9.0\System.Diagnostics.StackTrace.dll".
             Refer├¬ncia encontrada no local do caminho de pesquisa "{RawFileName}".
             Essa refer├¬ncia n├úo ├® "CopyLocal" porque pelo menos um item de origem tinha "Private" definido como "false" e nenhum item de origem tinha "Private" definido como "true".
         Refer├¬ncia principal "System.Diagnostics.TextWriterTraceListener, Version=9.0.0.0, Culture=neutral, PublicKeyToken=b03f5f7f11d50a3a".
             O caminho do arquivo resolvido ├® "C:\Program Files\dotnet\packs\Microsoft.NETCore.App.Ref\9.0.8\ref\net9.0\System.Diagnostics.TextWriterTraceListener.dll".
             Refer├¬ncia encontrada no local do caminho de pesquisa "{RawFileName}".
             Essa refer├¬ncia n├úo ├® "CopyLocal" porque pelo menos um item de origem tinha "Private" definido como "false" e nenhum item de origem tinha "Private" definido como "true".
         Refer├¬ncia principal "System.Diagnostics.Tools, Version=9.0.0.0, Culture=neutral, PublicKeyToken=b03f5f7f11d50a3a".
             O caminho do arquivo resolvido ├® "C:\Program Files\dotnet\packs\Microsoft.NETCore.App.Ref\9.0.8\ref\net9.0\System.Diagnostics.Tools.dll".
             Refer├¬ncia encontrada no local do caminho de pesquisa "{RawFileName}".
             Essa refer├¬ncia n├úo ├® "CopyLocal" porque pelo menos um item de origem tinha "Private" definido como "false" e nenhum item de origem tinha "Private" definido como "true".
         Refer├¬ncia principal "System.Diagnostics.TraceSource, Version=9.0.0.0, Culture=neutral, PublicKeyToken=b03f5f7f11d50a3a".
             O caminho do arquivo resolvido ├® "C:\Program Files\dotnet\packs\Microsoft.NETCore.App.Ref\9.0.8\ref\net9.0\System.Diagnostics.TraceSource.dll".
             Refer├¬ncia encontrada no local do caminho de pesquisa "{RawFileName}".
             Essa refer├¬ncia n├úo ├® "CopyLocal" porque pelo menos um item de origem tinha "Private" definido como "false" e nenhum item de origem tinha "Private" definido como "true".
         Refer├¬ncia principal "System.Diagnostics.Tracing, Version=9.0.0.0, Culture=neutral, PublicKeyToken=b03f5f7f11d50a3a".
             O caminho do arquivo resolvido ├® "C:\Program Files\dotnet\packs\Microsoft.NETCore.App.Ref\9.0.8\ref\net9.0\System.Diagnostics.Tracing.dll".
             Refer├¬ncia encontrada no local do caminho de pesquisa "{RawFileName}".
             Essa refer├¬ncia n├úo ├® "CopyLocal" porque pelo menos um item de origem tinha "Private" definido como "false" e nenhum item de origem tinha "Private" definido como "true".
         Refer├¬ncia principal "System.Drawing.Primitives, Version=9.0.0.0, Culture=neutral, PublicKeyToken=b03f5f7f11d50a3a".
             O caminho do arquivo resolvido ├® "C:\Program Files\dotnet\packs\Microsoft.NETCore.App.Ref\9.0.8\ref\net9.0\System.Drawing.Primitives.dll".
             Refer├¬ncia encontrada no local do caminho de pesquisa "{RawFileName}".
             Essa refer├¬ncia n├úo ├® "CopyLocal" porque pelo menos um item de origem tinha "Private" definido como "false" e nenhum item de origem tinha "Private" definido como "true".
         Refer├¬ncia principal "System.Dynamic.Runtime, Version=9.0.0.0, Culture=neutral, PublicKeyToken=b03f5f7f11d50a3a".
             O caminho do arquivo resolvido ├® "C:\Program Files\dotnet\packs\Microsoft.NETCore.App.Ref\9.0.8\ref\net9.0\System.Dynamic.Runtime.dll".
             Refer├¬ncia encontrada no local do caminho de pesquisa "{RawFileName}".
             Essa refer├¬ncia n├úo ├® "CopyLocal" porque pelo menos um item de origem tinha "Private" definido como "false" e nenhum item de origem tinha "Private" definido como "true".
         Refer├¬ncia principal "System.Formats.Asn1, Version=9.0.0.0, Culture=neutral, PublicKeyToken=cc7b13ffcd2ddd51".
             O caminho do arquivo resolvido ├® "C:\Program Files\dotnet\packs\Microsoft.NETCore.App.Ref\9.0.8\ref\net9.0\System.Formats.Asn1.dll".
             Refer├¬ncia encontrada no local do caminho de pesquisa "{RawFileName}".
             Essa refer├¬ncia n├úo ├® "CopyLocal" porque pelo menos um item de origem tinha "Private" definido como "false" e nenhum item de origem tinha "Private" definido como "true".
         Refer├¬ncia principal "System.Formats.Tar, Version=9.0.0.0, Culture=neutral, PublicKeyToken=cc7b13ffcd2ddd51".
             O caminho do arquivo resolvido ├® "C:\Program Files\dotnet\packs\Microsoft.NETCore.App.Ref\9.0.8\ref\net9.0\System.Formats.Tar.dll".
             Refer├¬ncia encontrada no local do caminho de pesquisa "{RawFileName}".
             Essa refer├¬ncia n├úo ├® "CopyLocal" porque pelo menos um item de origem tinha "Private" definido como "false" e nenhum item de origem tinha "Private" definido como "true".
         Refer├¬ncia principal "System.Globalization.Calendars, Version=9.0.0.0, Culture=neutral, PublicKeyToken=b03f5f7f11d50a3a".
             O caminho do arquivo resolvido ├® "C:\Program Files\dotnet\packs\Microsoft.NETCore.App.Ref\9.0.8\ref\net9.0\System.Globalization.Calendars.dll".
             Refer├¬ncia encontrada no local do caminho de pesquisa "{RawFileName}".
             Essa refer├¬ncia n├úo ├® "CopyLocal" porque pelo menos um item de origem tinha "Private" definido como "false" e nenhum item de origem tinha "Private" definido como "true".
         Refer├¬ncia principal "System.Globalization.Extensions, Version=9.0.0.0, Culture=neutral, PublicKeyToken=b03f5f7f11d50a3a".
             O caminho do arquivo resolvido ├® "C:\Program Files\dotnet\packs\Microsoft.NETCore.App.Ref\9.0.8\ref\net9.0\System.Globalization.Extensions.dll".
             Refer├¬ncia encontrada no local do caminho de pesquisa "{RawFileName}".
             Essa refer├¬ncia n├úo ├® "CopyLocal" porque pelo menos um item de origem tinha "Private" definido como "false" e nenhum item de origem tinha "Private" definido como "true".
         Refer├¬ncia principal "System.Globalization, Version=9.0.0.0, Culture=neutral, PublicKeyToken=b03f5f7f11d50a3a".
             O caminho do arquivo resolvido ├® "C:\Program Files\dotnet\packs\Microsoft.NETCore.App.Ref\9.0.8\ref\net9.0\System.Globalization.dll".
             Refer├¬ncia encontrada no local do caminho de pesquisa "{RawFileName}".
             Essa refer├¬ncia n├úo ├® "CopyLocal" porque pelo menos um item de origem tinha "Private" definido como "false" e nenhum item de origem tinha "Private" definido como "true".
         Refer├¬ncia principal "System.IO.Compression.Brotli, Version=9.0.0.0, Culture=neutral, PublicKeyToken=b77a5c561934e089".
             O caminho do arquivo resolvido ├® "C:\Program Files\dotnet\packs\Microsoft.NETCore.App.Ref\9.0.8\ref\net9.0\System.IO.Compression.Brotli.dll".
             Refer├¬ncia encontrada no local do caminho de pesquisa "{RawFileName}".
             Essa refer├¬ncia n├úo ├® "CopyLocal" porque pelo menos um item de origem tinha "Private" definido como "false" e nenhum item de origem tinha "Private" definido como "true".
         Refer├¬ncia principal "System.IO.Compression.FileSystem, Version=4.0.0.0, Culture=neutral, PublicKeyToken=b77a5c561934e089".
             O caminho do arquivo resolvido ├® "C:\Program Files\dotnet\packs\Microsoft.NETCore.App.Ref\9.0.8\ref\net9.0\System.IO.Compression.FileSystem.dll".
             Refer├¬ncia encontrada no local do caminho de pesquisa "{RawFileName}".
             Essa refer├¬ncia n├úo ├® "CopyLocal" porque pelo menos um item de origem tinha "Private" definido como "false" e nenhum item de origem tinha "Private" definido como "true".
         Refer├¬ncia principal "System.IO.Compression.ZipFile, Version=9.0.0.0, Culture=neutral, PublicKeyToken=b77a5c561934e089".
             O caminho do arquivo resolvido ├® "C:\Program Files\dotnet\packs\Microsoft.NETCore.App.Ref\9.0.8\ref\net9.0\System.IO.Compression.ZipFile.dll".
             Refer├¬ncia encontrada no local do caminho de pesquisa "{RawFileName}".
             Essa refer├¬ncia n├úo ├® "CopyLocal" porque pelo menos um item de origem tinha "Private" definido como "false" e nenhum item de origem tinha "Private" definido como "true".
         Refer├¬ncia principal "System.IO.Compression, Version=9.0.0.0, Culture=neutral, PublicKeyToken=b77a5c561934e089".
             O caminho do arquivo resolvido ├® "C:\Program Files\dotnet\packs\Microsoft.NETCore.App.Ref\9.0.8\ref\net9.0\System.IO.Compression.dll".
             Refer├¬ncia encontrada no local do caminho de pesquisa "{RawFileName}".
             Essa refer├¬ncia n├úo ├® "CopyLocal" porque pelo menos um item de origem tinha "Private" definido como "false" e nenhum item de origem tinha "Private" definido como "true".
         Refer├¬ncia principal "System.IO.FileSystem.AccessControl, Version=9.0.0.0, Culture=neutral, PublicKeyToken=b03f5f7f11d50a3a".
             O caminho do arquivo resolvido ├® "C:\Program Files\dotnet\packs\Microsoft.NETCore.App.Ref\9.0.8\ref\net9.0\System.IO.FileSystem.AccessControl.dll".
             Refer├¬ncia encontrada no local do caminho de pesquisa "{RawFileName}".
             Essa refer├¬ncia n├úo ├® "CopyLocal" porque pelo menos um item de origem tinha "Private" definido como "false" e nenhum item de origem tinha "Private" definido como "true".
         Refer├¬ncia principal "System.IO.FileSystem.DriveInfo, Version=9.0.0.0, Culture=neutral, PublicKeyToken=b03f5f7f11d50a3a".
             O caminho do arquivo resolvido ├® "C:\Program Files\dotnet\packs\Microsoft.NETCore.App.Ref\9.0.8\ref\net9.0\System.IO.FileSystem.DriveInfo.dll".
             Refer├¬ncia encontrada no local do caminho de pesquisa "{RawFileName}".
             Essa refer├¬ncia n├úo ├® "CopyLocal" porque pelo menos um item de origem tinha "Private" definido como "false" e nenhum item de origem tinha "Private" definido como "true".
         Refer├¬ncia principal "System.IO.FileSystem.Primitives, Version=9.0.0.0, Culture=neutral, PublicKeyToken=b03f5f7f11d50a3a".
             O caminho do arquivo resolvido ├® "C:\Program Files\dotnet\packs\Microsoft.NETCore.App.Ref\9.0.8\ref\net9.0\System.IO.FileSystem.Primitives.dll".
             Refer├¬ncia encontrada no local do caminho de pesquisa "{RawFileName}".
             Essa refer├¬ncia n├úo ├® "CopyLocal" porque pelo menos um item de origem tinha "Private" definido como "false" e nenhum item de origem tinha "Private" definido como "true".
         Refer├¬ncia principal "System.IO.FileSystem.Watcher, Version=9.0.0.0, Culture=neutral, PublicKeyToken=b03f5f7f11d50a3a".
             O caminho do arquivo resolvido ├® "C:\Program Files\dotnet\packs\Microsoft.NETCore.App.Ref\9.0.8\ref\net9.0\System.IO.FileSystem.Watcher.dll".
             Refer├¬ncia encontrada no local do caminho de pesquisa "{RawFileName}".
             Essa refer├¬ncia n├úo ├® "CopyLocal" porque pelo menos um item de origem tinha "Private" definido como "false" e nenhum item de origem tinha "Private" definido como "true".
         Refer├¬ncia principal "System.IO.FileSystem, Version=9.0.0.0, Culture=neutral, PublicKeyToken=b03f5f7f11d50a3a".
             O caminho do arquivo resolvido ├® "C:\Program Files\dotnet\packs\Microsoft.NETCore.App.Ref\9.0.8\ref\net9.0\System.IO.FileSystem.dll".
             Refer├¬ncia encontrada no local do caminho de pesquisa "{RawFileName}".
             Essa refer├¬ncia n├úo ├® "CopyLocal" porque pelo menos um item de origem tinha "Private" definido como "false" e nenhum item de origem tinha "Private" definido como "true".
         Refer├¬ncia principal "System.IO.IsolatedStorage, Version=9.0.0.0, Culture=neutral, PublicKeyToken=b03f5f7f11d50a3a".
             O caminho do arquivo resolvido ├® "C:\Program Files\dotnet\packs\Microsoft.NETCore.App.Ref\9.0.8\ref\net9.0\System.IO.IsolatedStorage.dll".
             Refer├¬ncia encontrada no local do caminho de pesquisa "{RawFileName}".
             Essa refer├¬ncia n├úo ├® "CopyLocal" porque pelo menos um item de origem tinha "Private" definido como "false" e nenhum item de origem tinha "Private" definido como "true".
         Refer├¬ncia principal "System.IO.MemoryMappedFiles, Version=9.0.0.0, Culture=neutral, PublicKeyToken=b03f5f7f11d50a3a".
             O caminho do arquivo resolvido ├® "C:\Program Files\dotnet\packs\Microsoft.NETCore.App.Ref\9.0.8\ref\net9.0\System.IO.MemoryMappedFiles.dll".
             Refer├¬ncia encontrada no local do caminho de pesquisa "{RawFileName}".
             Essa refer├¬ncia n├úo ├® "CopyLocal" porque pelo menos um item de origem tinha "Private" definido como "false" e nenhum item de origem tinha "Private" definido como "true".
         Refer├¬ncia principal "System.IO.Pipelines, Version=9.0.0.0, Culture=neutral, PublicKeyToken=cc7b13ffcd2ddd51".
             O caminho do arquivo resolvido ├® "C:\Program Files\dotnet\packs\Microsoft.NETCore.App.Ref\9.0.8\ref\net9.0\System.IO.Pipelines.dll".
             Refer├¬ncia encontrada no local do caminho de pesquisa "{RawFileName}".
             Essa refer├¬ncia n├úo ├® "CopyLocal" porque pelo menos um item de origem tinha "Private" definido como "false" e nenhum item de origem tinha "Private" definido como "true".
         Refer├¬ncia principal "System.IO.Pipes.AccessControl, Version=9.0.0.0, Culture=neutral, PublicKeyToken=b03f5f7f11d50a3a".
             O caminho do arquivo resolvido ├® "C:\Program Files\dotnet\packs\Microsoft.NETCore.App.Ref\9.0.8\ref\net9.0\System.IO.Pipes.AccessControl.dll".
             Refer├¬ncia encontrada no local do caminho de pesquisa "{RawFileName}".
             Essa refer├¬ncia n├úo ├® "CopyLocal" porque pelo menos um item de origem tinha "Private" definido como "false" e nenhum item de origem tinha "Private" definido como "true".
         Refer├¬ncia principal "System.IO.Pipes, Version=9.0.0.0, Culture=neutral, PublicKeyToken=b03f5f7f11d50a3a".
             O caminho do arquivo resolvido ├® "C:\Program Files\dotnet\packs\Microsoft.NETCore.App.Ref\9.0.8\ref\net9.0\System.IO.Pipes.dll".
             Refer├¬ncia encontrada no local do caminho de pesquisa "{RawFileName}".
             Essa refer├¬ncia n├úo ├® "CopyLocal" porque pelo menos um item de origem tinha "Private" definido como "false" e nenhum item de origem tinha "Private" definido como "true".
         Refer├¬ncia principal "System.IO.UnmanagedMemoryStream, Version=9.0.0.0, Culture=neutral, PublicKeyToken=b03f5f7f11d50a3a".
             O caminho do arquivo resolvido ├® "C:\Program Files\dotnet\packs\Microsoft.NETCore.App.Ref\9.0.8\ref\net9.0\System.IO.UnmanagedMemoryStream.dll".
             Refer├¬ncia encontrada no local do caminho de pesquisa "{RawFileName}".
             Essa refer├¬ncia n├úo ├® "CopyLocal" porque pelo menos um item de origem tinha "Private" definido como "false" e nenhum item de origem tinha "Private" definido como "true".
         Refer├¬ncia principal "System.IO, Version=9.0.0.0, Culture=neutral, PublicKeyToken=b03f5f7f11d50a3a".
             O caminho do arquivo resolvido ├® "C:\Program Files\dotnet\packs\Microsoft.NETCore.App.Ref\9.0.8\ref\net9.0\System.IO.dll".
             Refer├¬ncia encontrada no local do caminho de pesquisa "{RawFileName}".
             Essa refer├¬ncia n├úo ├® "CopyLocal" porque pelo menos um item de origem tinha "Private" definido como "false" e nenhum item de origem tinha "Private" definido como "true".
         Refer├¬ncia principal "System.Linq.Expressions, Version=9.0.0.0, Culture=neutral, PublicKeyToken=b03f5f7f11d50a3a".
             O caminho do arquivo resolvido ├® "C:\Program Files\dotnet\packs\Microsoft.NETCore.App.Ref\9.0.8\ref\net9.0\System.Linq.Expressions.dll".
             Refer├¬ncia encontrada no local do caminho de pesquisa "{RawFileName}".
             Essa refer├¬ncia n├úo ├® "CopyLocal" porque pelo menos um item de origem tinha "Private" definido como "false" e nenhum item de origem tinha "Private" definido como "true".
         Refer├¬ncia principal "System.Linq.Parallel, Version=9.0.0.0, Culture=neutral, PublicKeyToken=b03f5f7f11d50a3a".
             O caminho do arquivo resolvido ├® "C:\Program Files\dotnet\packs\Microsoft.NETCore.App.Ref\9.0.8\ref\net9.0\System.Linq.Parallel.dll".
             Refer├¬ncia encontrada no local do caminho de pesquisa "{RawFileName}".
             Essa refer├¬ncia n├úo ├® "CopyLocal" porque pelo menos um item de origem tinha "Private" definido como "false" e nenhum item de origem tinha "Private" definido como "true".
         Refer├¬ncia principal "System.Linq.Queryable, Version=9.0.0.0, Culture=neutral, PublicKeyToken=b03f5f7f11d50a3a".
             O caminho do arquivo resolvido ├® "C:\Program Files\dotnet\packs\Microsoft.NETCore.App.Ref\9.0.8\ref\net9.0\System.Linq.Queryable.dll".
             Refer├¬ncia encontrada no local do caminho de pesquisa "{RawFileName}".
             Essa refer├¬ncia n├úo ├® "CopyLocal" porque pelo menos um item de origem tinha "Private" definido como "false" e nenhum item de origem tinha "Private" definido como "true".
         Refer├¬ncia principal "System.Linq, Version=9.0.0.0, Culture=neutral, PublicKeyToken=b03f5f7f11d50a3a".
             O caminho do arquivo resolvido ├® "C:\Program Files\dotnet\packs\Microsoft.NETCore.App.Ref\9.0.8\ref\net9.0\System.Linq.dll".
             Refer├¬ncia encontrada no local do caminho de pesquisa "{RawFileName}".
             Essa refer├¬ncia n├úo ├® "CopyLocal" porque pelo menos um item de origem tinha "Private" definido como "false" e nenhum item de origem tinha "Private" definido como "true".
         Refer├¬ncia principal "System.Memory, Version=9.0.0.0, Culture=neutral, PublicKeyToken=cc7b13ffcd2ddd51".
             O caminho do arquivo resolvido ├® "C:\Program Files\dotnet\packs\Microsoft.NETCore.App.Ref\9.0.8\ref\net9.0\System.Memory.dll".
             Refer├¬ncia encontrada no local do caminho de pesquisa "{RawFileName}".
             Essa refer├¬ncia n├úo ├® "CopyLocal" porque pelo menos um item de origem tinha "Private" definido como "false" e nenhum item de origem tinha "Private" definido como "true".
         Refer├¬ncia principal "System.Net.Http.Json, Version=9.0.0.0, Culture=neutral, PublicKeyToken=cc7b13ffcd2ddd51".
             O caminho do arquivo resolvido ├® "C:\Program Files\dotnet\packs\Microsoft.NETCore.App.Ref\9.0.8\ref\net9.0\System.Net.Http.Json.dll".
             Refer├¬ncia encontrada no local do caminho de pesquisa "{RawFileName}".
             Essa refer├¬ncia n├úo ├® "CopyLocal" porque pelo menos um item de origem tinha "Private" definido como "false" e nenhum item de origem tinha "Private" definido como "true".
         Refer├¬ncia principal "System.Net.Http, Version=9.0.0.0, Culture=neutral, PublicKeyToken=b03f5f7f11d50a3a".
             O caminho do arquivo resolvido ├® "C:\Program Files\dotnet\packs\Microsoft.NETCore.App.Ref\9.0.8\ref\net9.0\System.Net.Http.dll".
             Refer├¬ncia encontrada no local do caminho de pesquisa "{RawFileName}".
             Essa refer├¬ncia n├úo ├® "CopyLocal" porque pelo menos um item de origem tinha "Private" definido como "false" e nenhum item de origem tinha "Private" definido como "true".
         Refer├¬ncia principal "System.Net.HttpListener, Version=9.0.0.0, Culture=neutral, PublicKeyToken=cc7b13ffcd2ddd51".
             O caminho do arquivo resolvido ├® "C:\Program Files\dotnet\packs\Microsoft.NETCore.App.Ref\9.0.8\ref\net9.0\System.Net.HttpListener.dll".
             Refer├¬ncia encontrada no local do caminho de pesquisa "{RawFileName}".
             Essa refer├¬ncia n├úo ├® "CopyLocal" porque pelo menos um item de origem tinha "Private" definido como "false" e nenhum item de origem tinha "Private" definido como "true".
         Refer├¬ncia principal "System.Net.Mail, Version=9.0.0.0, Culture=neutral, PublicKeyToken=cc7b13ffcd2ddd51".
             O caminho do arquivo resolvido ├® "C:\Program Files\dotnet\packs\Microsoft.NETCore.App.Ref\9.0.8\ref\net9.0\System.Net.Mail.dll".
             Refer├¬ncia encontrada no local do caminho de pesquisa "{RawFileName}".
             Essa refer├¬ncia n├úo ├® "CopyLocal" porque pelo menos um item de origem tinha "Private" definido como "false" e nenhum item de origem tinha "Private" definido como "true".
         Refer├¬ncia principal "System.Net.NameResolution, Version=9.0.0.0, Culture=neutral, PublicKeyToken=b03f5f7f11d50a3a".
             O caminho do arquivo resolvido ├® "C:\Program Files\dotnet\packs\Microsoft.NETCore.App.Ref\9.0.8\ref\net9.0\System.Net.NameResolution.dll".
             Refer├¬ncia encontrada no local do caminho de pesquisa "{RawFileName}".
             Essa refer├¬ncia n├úo ├® "CopyLocal" porque pelo menos um item de origem tinha "Private" definido como "false" e nenhum item de origem tinha "Private" definido como "true".
         Refer├¬ncia principal "System.Net.NetworkInformation, Version=9.0.0.0, Culture=neutral, PublicKeyToken=b03f5f7f11d50a3a".
             O caminho do arquivo resolvido ├® "C:\Program Files\dotnet\packs\Microsoft.NETCore.App.Ref\9.0.8\ref\net9.0\System.Net.NetworkInformation.dll".
             Refer├¬ncia encontrada no local do caminho de pesquisa "{RawFileName}".
             Essa refer├¬ncia n├úo ├® "CopyLocal" porque pelo menos um item de origem tinha "Private" definido como "false" e nenhum item de origem tinha "Private" definido como "true".
         Refer├¬ncia principal "System.Net.Ping, Version=9.0.0.0, Culture=neutral, PublicKeyToken=b03f5f7f11d50a3a".
             O caminho do arquivo resolvido ├® "C:\Program Files\dotnet\packs\Microsoft.NETCore.App.Ref\9.0.8\ref\net9.0\System.Net.Ping.dll".
             Refer├¬ncia encontrada no local do caminho de pesquisa "{RawFileName}".
             Essa refer├¬ncia n├úo ├® "CopyLocal" porque pelo menos um item de origem tinha "Private" definido como "false" e nenhum item de origem tinha "Private" definido como "true".
         Refer├¬ncia principal "System.Net.Primitives, Version=9.0.0.0, Culture=neutral, PublicKeyToken=b03f5f7f11d50a3a".
             O caminho do arquivo resolvido ├® "C:\Program Files\dotnet\packs\Microsoft.NETCore.App.Ref\9.0.8\ref\net9.0\System.Net.Primitives.dll".
             Refer├¬ncia encontrada no local do caminho de pesquisa "{RawFileName}".
             Essa refer├¬ncia n├úo ├® "CopyLocal" porque pelo menos um item de origem tinha "Private" definido como "false" e nenhum item de origem tinha "Private" definido como "true".
         Refer├¬ncia principal "System.Net.Quic, Version=9.0.0.0, Culture=neutral, PublicKeyToken=b03f5f7f11d50a3a".
             O caminho do arquivo resolvido ├® "C:\Program Files\dotnet\packs\Microsoft.NETCore.App.Ref\9.0.8\ref\net9.0\System.Net.Quic.dll".
             Refer├¬ncia encontrada no local do caminho de pesquisa "{RawFileName}".
             Essa refer├¬ncia n├úo ├® "CopyLocal" porque pelo menos um item de origem tinha "Private" definido como "false" e nenhum item de origem tinha "Private" definido como "true".
         Refer├¬ncia principal "System.Net.Requests, Version=9.0.0.0, Culture=neutral, PublicKeyToken=b03f5f7f11d50a3a".
             O caminho do arquivo resolvido ├® "C:\Program Files\dotnet\packs\Microsoft.NETCore.App.Ref\9.0.8\ref\net9.0\System.Net.Requests.dll".
             Refer├¬ncia encontrada no local do caminho de pesquisa "{RawFileName}".
             Essa refer├¬ncia n├úo ├® "CopyLocal" porque pelo menos um item de origem tinha "Private" definido como "false" e nenhum item de origem tinha "Private" definido como "true".
         Refer├¬ncia principal "System.Net.Security, Version=9.0.0.0, Culture=neutral, PublicKeyToken=b03f5f7f11d50a3a".
             O caminho do arquivo resolvido ├® "C:\Program Files\dotnet\packs\Microsoft.NETCore.App.Ref\9.0.8\ref\net9.0\System.Net.Security.dll".
             Refer├¬ncia encontrada no local do caminho de pesquisa "{RawFileName}".
             Essa refer├¬ncia n├úo ├® "CopyLocal" porque pelo menos um item de origem tinha "Private" definido como "false" e nenhum item de origem tinha "Private" definido como "true".
         Refer├¬ncia principal "System.Net.ServicePoint, Version=9.0.0.0, Culture=neutral, PublicKeyToken=cc7b13ffcd2ddd51".
             O caminho do arquivo resolvido ├® "C:\Program Files\dotnet\packs\Microsoft.NETCore.App.Ref\9.0.8\ref\net9.0\System.Net.ServicePoint.dll".
             Refer├¬ncia encontrada no local do caminho de pesquisa "{RawFileName}".
             Essa refer├¬ncia n├úo ├® "CopyLocal" porque pelo menos um item de origem tinha "Private" definido como "false" e nenhum item de origem tinha "Private" definido como "true".
         Refer├¬ncia principal "System.Net.Sockets, Version=9.0.0.0, Culture=neutral, PublicKeyToken=b03f5f7f11d50a3a".
             O caminho do arquivo resolvido ├® "C:\Program Files\dotnet\packs\Microsoft.NETCore.App.Ref\9.0.8\ref\net9.0\System.Net.Sockets.dll".
             Refer├¬ncia encontrada no local do caminho de pesquisa "{RawFileName}".
             Essa refer├¬ncia n├úo ├® "CopyLocal" porque pelo menos um item de origem tinha "Private" definido como "false" e nenhum item de origem tinha "Private" definido como "true".
         Refer├¬ncia principal "System.Net.WebClient, Version=9.0.0.0, Culture=neutral, PublicKeyToken=cc7b13ffcd2ddd51".
             O caminho do arquivo resolvido ├® "C:\Program Files\dotnet\packs\Microsoft.NETCore.App.Ref\9.0.8\ref\net9.0\System.Net.WebClient.dll".
             Refer├¬ncia encontrada no local do caminho de pesquisa "{RawFileName}".
             Essa refer├¬ncia n├úo ├® "CopyLocal" porque pelo menos um item de origem tinha "Private" definido como "false" e nenhum item de origem tinha "Private" definido como "true".
         Refer├¬ncia principal "System.Net.WebHeaderCollection, Version=9.0.0.0, Culture=neutral, PublicKeyToken=b03f5f7f11d50a3a".
             O caminho do arquivo resolvido ├® "C:\Program Files\dotnet\packs\Microsoft.NETCore.App.Ref\9.0.8\ref\net9.0\System.Net.WebHeaderCollection.dll".
             Refer├¬ncia encontrada no local do caminho de pesquisa "{RawFileName}".
             Essa refer├¬ncia n├úo ├® "CopyLocal" porque pelo menos um item de origem tinha "Private" definido como "false" e nenhum item de origem tinha "Private" definido como "true".
         Refer├¬ncia principal "System.Net.WebProxy, Version=9.0.0.0, Culture=neutral, PublicKeyToken=cc7b13ffcd2ddd51".
             O caminho do arquivo resolvido ├® "C:\Program Files\dotnet\packs\Microsoft.NETCore.App.Ref\9.0.8\ref\net9.0\System.Net.WebProxy.dll".
             Refer├¬ncia encontrada no local do caminho de pesquisa "{RawFileName}".
             Essa refer├¬ncia n├úo ├® "CopyLocal" porque pelo menos um item de origem tinha "Private" definido como "false" e nenhum item de origem tinha "Private" definido como "true".
         Refer├¬ncia principal "System.Net.WebSockets.Client, Version=9.0.0.0, Culture=neutral, PublicKeyToken=b03f5f7f11d50a3a".
             O caminho do arquivo resolvido ├® "C:\Program Files\dotnet\packs\Microsoft.NETCore.App.Ref\9.0.8\ref\net9.0\System.Net.WebSockets.Client.dll".
             Refer├¬ncia encontrada no local do caminho de pesquisa "{RawFileName}".
             Essa refer├¬ncia n├úo ├® "CopyLocal" porque pelo menos um item de origem tinha "Private" definido como "false" e nenhum item de origem tinha "Private" definido como "true".
         Refer├¬ncia principal "System.Net.WebSockets, Version=9.0.0.0, Culture=neutral, PublicKeyToken=b03f5f7f11d50a3a".
             O caminho do arquivo resolvido ├® "C:\Program Files\dotnet\packs\Microsoft.NETCore.App.Ref\9.0.8\ref\net9.0\System.Net.WebSockets.dll".
             Refer├¬ncia encontrada no local do caminho de pesquisa "{RawFileName}".
             Essa refer├¬ncia n├úo ├® "CopyLocal" porque pelo menos um item de origem tinha "Private" definido como "false" e nenhum item de origem tinha "Private" definido como "true".
         Refer├¬ncia principal "System.Net, Version=4.0.0.0, Culture=neutral, PublicKeyToken=b03f5f7f11d50a3a".
             O caminho do arquivo resolvido ├® "C:\Program Files\dotnet\packs\Microsoft.NETCore.App.Ref\9.0.8\ref\net9.0\System.Net.dll".
             Refer├¬ncia encontrada no local do caminho de pesquisa "{RawFileName}".
             Essa refer├¬ncia n├úo ├® "CopyLocal" porque pelo menos um item de origem tinha "Private" definido como "false" e nenhum item de origem tinha "Private" definido como "true".
         Refer├¬ncia principal "System.Numerics.Vectors, Version=9.0.0.0, Culture=neutral, PublicKeyToken=b03f5f7f11d50a3a".
             O caminho do arquivo resolvido ├® "C:\Program Files\dotnet\packs\Microsoft.NETCore.App.Ref\9.0.8\ref\net9.0\System.Numerics.Vectors.dll".
             Refer├¬ncia encontrada no local do caminho de pesquisa "{RawFileName}".
             Essa refer├¬ncia n├úo ├® "CopyLocal" porque pelo menos um item de origem tinha "Private" definido como "false" e nenhum item de origem tinha "Private" definido como "true".
         Refer├¬ncia principal "System.Numerics, Version=4.0.0.0, Culture=neutral, PublicKeyToken=b77a5c561934e089".
             O caminho do arquivo resolvido ├® "C:\Program Files\dotnet\packs\Microsoft.NETCore.App.Ref\9.0.8\ref\net9.0\System.Numerics.dll".
             Refer├¬ncia encontrada no local do caminho de pesquisa "{RawFileName}".
             Essa refer├¬ncia n├úo ├® "CopyLocal" porque pelo menos um item de origem tinha "Private" definido como "false" e nenhum item de origem tinha "Private" definido como "true".
         Refer├¬ncia principal "System.ObjectModel, Version=9.0.0.0, Culture=neutral, PublicKeyToken=b03f5f7f11d50a3a".
             O caminho do arquivo resolvido ├® "C:\Program Files\dotnet\packs\Microsoft.NETCore.App.Ref\9.0.8\ref\net9.0\System.ObjectModel.dll".
             Refer├¬ncia encontrada no local do caminho de pesquisa "{RawFileName}".
             Essa refer├¬ncia n├úo ├® "CopyLocal" porque pelo menos um item de origem tinha "Private" definido como "false" e nenhum item de origem tinha "Private" definido como "true".
         Refer├¬ncia principal "System.Reflection.DispatchProxy, Version=9.0.0.0, Culture=neutral, PublicKeyToken=b03f5f7f11d50a3a".
             O caminho do arquivo resolvido ├® "C:\Program Files\dotnet\packs\Microsoft.NETCore.App.Ref\9.0.8\ref\net9.0\System.Reflection.DispatchProxy.dll".
             Refer├¬ncia encontrada no local do caminho de pesquisa "{RawFileName}".
             Essa refer├¬ncia n├úo ├® "CopyLocal" porque pelo menos um item de origem tinha "Private" definido como "false" e nenhum item de origem tinha "Private" definido como "true".
         Refer├¬ncia principal "System.Reflection.Emit.ILGeneration, Version=9.0.0.0, Culture=neutral, PublicKeyToken=b03f5f7f11d50a3a".
             O caminho do arquivo resolvido ├® "C:\Program Files\dotnet\packs\Microsoft.NETCore.App.Ref\9.0.8\ref\net9.0\System.Reflection.Emit.ILGeneration.dll".
             Refer├¬ncia encontrada no local do caminho de pesquisa "{RawFileName}".
             Essa refer├¬ncia n├úo ├® "CopyLocal" porque pelo menos um item de origem tinha "Private" definido como "false" e nenhum item de origem tinha "Private" definido como "true".
         Refer├¬ncia principal "System.Reflection.Emit.Lightweight, Version=9.0.0.0, Culture=neutral, PublicKeyToken=b03f5f7f11d50a3a".
             O caminho do arquivo resolvido ├® "C:\Program Files\dotnet\packs\Microsoft.NETCore.App.Ref\9.0.8\ref\net9.0\System.Reflection.Emit.Lightweight.dll".
             Refer├¬ncia encontrada no local do caminho de pesquisa "{RawFileName}".
             Essa refer├¬ncia n├úo ├® "CopyLocal" porque pelo menos um item de origem tinha "Private" definido como "false" e nenhum item de origem tinha "Private" definido como "true".
         Refer├¬ncia principal "System.Reflection.Emit, Version=9.0.0.0, Culture=neutral, PublicKeyToken=b03f5f7f11d50a3a".
             O caminho do arquivo resolvido ├® "C:\Program Files\dotnet\packs\Microsoft.NETCore.App.Ref\9.0.8\ref\net9.0\System.Reflection.Emit.dll".
             Refer├¬ncia encontrada no local do caminho de pesquisa "{RawFileName}".
             Essa refer├¬ncia n├úo ├® "CopyLocal" porque pelo menos um item de origem tinha "Private" definido como "false" e nenhum item de origem tinha "Private" definido como "true".
         Refer├¬ncia principal "System.Reflection.Extensions, Version=9.0.0.0, Culture=neutral, PublicKeyToken=b03f5f7f11d50a3a".
             O caminho do arquivo resolvido ├® "C:\Program Files\dotnet\packs\Microsoft.NETCore.App.Ref\9.0.8\ref\net9.0\System.Reflection.Extensions.dll".
             Refer├¬ncia encontrada no local do caminho de pesquisa "{RawFileName}".
             Essa refer├¬ncia n├úo ├® "CopyLocal" porque pelo menos um item de origem tinha "Private" definido como "false" e nenhum item de origem tinha "Private" definido como "true".
         Refer├¬ncia principal "System.Reflection.Metadata, Version=9.0.0.0, Culture=neutral, PublicKeyToken=b03f5f7f11d50a3a".
             O caminho do arquivo resolvido ├® "C:\Program Files\dotnet\packs\Microsoft.NETCore.App.Ref\9.0.8\ref\net9.0\System.Reflection.Metadata.dll".
             Refer├¬ncia encontrada no local do caminho de pesquisa "{RawFileName}".
             Essa refer├¬ncia n├úo ├® "CopyLocal" porque pelo menos um item de origem tinha "Private" definido como "false" e nenhum item de origem tinha "Private" definido como "true".
         Refer├¬ncia principal "System.Reflection.Primitives, Version=9.0.0.0, Culture=neutral, PublicKeyToken=b03f5f7f11d50a3a".
             O caminho do arquivo resolvido ├® "C:\Program Files\dotnet\packs\Microsoft.NETCore.App.Ref\9.0.8\ref\net9.0\System.Reflection.Primitives.dll".
             Refer├¬ncia encontrada no local do caminho de pesquisa "{RawFileName}".
             Essa refer├¬ncia n├úo ├® "CopyLocal" porque pelo menos um item de origem tinha "Private" definido como "false" e nenhum item de origem tinha "Private" definido como "true".
         Refer├¬ncia principal "System.Reflection.TypeExtensions, Version=9.0.0.0, Culture=neutral, PublicKeyToken=b03f5f7f11d50a3a".
             O caminho do arquivo resolvido ├® "C:\Program Files\dotnet\packs\Microsoft.NETCore.App.Ref\9.0.8\ref\net9.0\System.Reflection.TypeExtensions.dll".
             Refer├¬ncia encontrada no local do caminho de pesquisa "{RawFileName}".
             Essa refer├¬ncia n├úo ├® "CopyLocal" porque pelo menos um item de origem tinha "Private" definido como "false" e nenhum item de origem tinha "Private" definido como "true".
         Refer├¬ncia principal "System.Reflection, Version=9.0.0.0, Culture=neutral, PublicKeyToken=b03f5f7f11d50a3a".
             O caminho do arquivo resolvido ├® "C:\Program Files\dotnet\packs\Microsoft.NETCore.App.Ref\9.0.8\ref\net9.0\System.Reflection.dll".
             Refer├¬ncia encontrada no local do caminho de pesquisa "{RawFileName}".
             Essa refer├¬ncia n├úo ├® "CopyLocal" porque pelo menos um item de origem tinha "Private" definido como "false" e nenhum item de origem tinha "Private" definido como "true".
         Refer├¬ncia principal "System.Resources.Reader, Version=9.0.0.0, Culture=neutral, PublicKeyToken=b03f5f7f11d50a3a".
             O caminho do arquivo resolvido ├® "C:\Program Files\dotnet\packs\Microsoft.NETCore.App.Ref\9.0.8\ref\net9.0\System.Resources.Reader.dll".
             Refer├¬ncia encontrada no local do caminho de pesquisa "{RawFileName}".
             Essa refer├¬ncia n├úo ├® "CopyLocal" porque pelo menos um item de origem tinha "Private" definido como "false" e nenhum item de origem tinha "Private" definido como "true".
         Refer├¬ncia principal "System.Resources.ResourceManager, Version=9.0.0.0, Culture=neutral, PublicKeyToken=b03f5f7f11d50a3a".
             O caminho do arquivo resolvido ├® "C:\Program Files\dotnet\packs\Microsoft.NETCore.App.Ref\9.0.8\ref\net9.0\System.Resources.ResourceManager.dll".
             Refer├¬ncia encontrada no local do caminho de pesquisa "{RawFileName}".
             Essa refer├¬ncia n├úo ├® "CopyLocal" porque pelo menos um item de origem tinha "Private" definido como "false" e nenhum item de origem tinha "Private" definido como "true".
         Refer├¬ncia principal "System.Resources.Writer, Version=9.0.0.0, Culture=neutral, PublicKeyToken=b03f5f7f11d50a3a".
             O caminho do arquivo resolvido ├® "C:\Program Files\dotnet\packs\Microsoft.NETCore.App.Ref\9.0.8\ref\net9.0\System.Resources.Writer.dll".
             Refer├¬ncia encontrada no local do caminho de pesquisa "{RawFileName}".
             Essa refer├¬ncia n├úo ├® "CopyLocal" porque pelo menos um item de origem tinha "Private" definido como "false" e nenhum item de origem tinha "Private" definido como "true".
         Refer├¬ncia principal "System.Runtime.CompilerServices.Unsafe, Version=9.0.0.0, Culture=neutral, PublicKeyToken=b03f5f7f11d50a3a".
             O caminho do arquivo resolvido ├® "C:\Program Files\dotnet\packs\Microsoft.NETCore.App.Ref\9.0.8\ref\net9.0\System.Runtime.CompilerServices.Unsafe.dll".
             Refer├¬ncia encontrada no local do caminho de pesquisa "{RawFileName}".
             Essa refer├¬ncia n├úo ├® "CopyLocal" porque pelo menos um item de origem tinha "Private" definido como "false" e nenhum item de origem tinha "Private" definido como "true".
         Refer├¬ncia principal "System.Runtime.CompilerServices.VisualC, Version=9.0.0.0, Culture=neutral, PublicKeyToken=b03f5f7f11d50a3a".
             O caminho do arquivo resolvido ├® "C:\Program Files\dotnet\packs\Microsoft.NETCore.App.Ref\9.0.8\ref\net9.0\System.Runtime.CompilerServices.VisualC.dll".
             Refer├¬ncia encontrada no local do caminho de pesquisa "{RawFileName}".
             Essa refer├¬ncia n├úo ├® "CopyLocal" porque pelo menos um item de origem tinha "Private" definido como "false" e nenhum item de origem tinha "Private" definido como "true".
         Refer├¬ncia principal "System.Runtime.Extensions, Version=9.0.0.0, Culture=neutral, PublicKeyToken=b03f5f7f11d50a3a".
             O caminho do arquivo resolvido ├® "C:\Program Files\dotnet\packs\Microsoft.NETCore.App.Ref\9.0.8\ref\net9.0\System.Runtime.Extensions.dll".
             Refer├¬ncia encontrada no local do caminho de pesquisa "{RawFileName}".
             Essa refer├¬ncia n├úo ├® "CopyLocal" porque pelo menos um item de origem tinha "Private" definido como "false" e nenhum item de origem tinha "Private" definido como "true".
         Refer├¬ncia principal "System.Runtime.Handles, Version=9.0.0.0, Culture=neutral, PublicKeyToken=b03f5f7f11d50a3a".
             O caminho do arquivo resolvido ├® "C:\Program Files\dotnet\packs\Microsoft.NETCore.App.Ref\9.0.8\ref\net9.0\System.Runtime.Handles.dll".
             Refer├¬ncia encontrada no local do caminho de pesquisa "{RawFileName}".
             Essa refer├¬ncia n├úo ├® "CopyLocal" porque pelo menos um item de origem tinha "Private" definido como "false" e nenhum item de origem tinha "Private" definido como "true".
         Refer├¬ncia principal "System.Runtime.InteropServices.JavaScript, Version=9.0.0.0, Culture=neutral, PublicKeyToken=b03f5f7f11d50a3a".
             O caminho do arquivo resolvido ├® "C:\Program Files\dotnet\packs\Microsoft.NETCore.App.Ref\9.0.8\ref\net9.0\System.Runtime.InteropServices.JavaScript.dll".
             Refer├¬ncia encontrada no local do caminho de pesquisa "{RawFileName}".
             Essa refer├¬ncia n├úo ├® "CopyLocal" porque pelo menos um item de origem tinha "Private" definido como "false" e nenhum item de origem tinha "Private" definido como "true".
         Refer├¬ncia principal "System.Runtime.InteropServices.RuntimeInformation, Version=9.0.0.0, Culture=neutral, PublicKeyToken=b03f5f7f11d50a3a".
             O caminho do arquivo resolvido ├® "C:\Program Files\dotnet\packs\Microsoft.NETCore.App.Ref\9.0.8\ref\net9.0\System.Runtime.InteropServices.RuntimeInformation.dll".
             Refer├¬ncia encontrada no local do caminho de pesquisa "{RawFileName}".
             Essa refer├¬ncia n├úo ├® "CopyLocal" porque pelo menos um item de origem tinha "Private" definido como "false" e nenhum item de origem tinha "Private" definido como "true".
         Refer├¬ncia principal "System.Runtime.InteropServices, Version=9.0.0.0, Culture=neutral, PublicKeyToken=b03f5f7f11d50a3a".
             O caminho do arquivo resolvido ├® "C:\Program Files\dotnet\packs\Microsoft.NETCore.App.Ref\9.0.8\ref\net9.0\System.Runtime.InteropServices.dll".
             Refer├¬ncia encontrada no local do caminho de pesquisa "{RawFileName}".
             Essa refer├¬ncia n├úo ├® "CopyLocal" porque pelo menos um item de origem tinha "Private" definido como "false" e nenhum item de origem tinha "Private" definido como "true".
         Refer├¬ncia principal "System.Runtime.Intrinsics, Version=9.0.0.0, Culture=neutral, PublicKeyToken=cc7b13ffcd2ddd51".
             O caminho do arquivo resolvido ├® "C:\Program Files\dotnet\packs\Microsoft.NETCore.App.Ref\9.0.8\ref\net9.0\System.Runtime.Intrinsics.dll".
             Refer├¬ncia encontrada no local do caminho de pesquisa "{RawFileName}".
             Essa refer├¬ncia n├úo ├® "CopyLocal" porque pelo menos um item de origem tinha "Private" definido como "false" e nenhum item de origem tinha "Private" definido como "true".
         Refer├¬ncia principal "System.Runtime.Loader, Version=9.0.0.0, Culture=neutral, PublicKeyToken=b03f5f7f11d50a3a".
             O caminho do arquivo resolvido ├® "C:\Program Files\dotnet\packs\Microsoft.NETCore.App.Ref\9.0.8\ref\net9.0\System.Runtime.Loader.dll".
             Refer├¬ncia encontrada no local do caminho de pesquisa "{RawFileName}".
             Essa refer├¬ncia n├úo ├® "CopyLocal" porque pelo menos um item de origem tinha "Private" definido como "false" e nenhum item de origem tinha "Private" definido como "true".
         Refer├¬ncia principal "System.Runtime.Numerics, Version=9.0.0.0, Culture=neutral, PublicKeyToken=b03f5f7f11d50a3a".
             O caminho do arquivo resolvido ├® "C:\Program Files\dotnet\packs\Microsoft.NETCore.App.Ref\9.0.8\ref\net9.0\System.Runtime.Numerics.dll".
             Refer├¬ncia encontrada no local do caminho de pesquisa "{RawFileName}".
             Essa refer├¬ncia n├úo ├® "CopyLocal" porque pelo menos um item de origem tinha "Private" definido como "false" e nenhum item de origem tinha "Private" definido como "true".
         Refer├¬ncia principal "System.Runtime.Serialization.Formatters, Version=8.1.0.0, Culture=neutral, PublicKeyToken=b03f5f7f11d50a3a".
             O caminho do arquivo resolvido ├® "C:\Program Files\dotnet\packs\Microsoft.NETCore.App.Ref\9.0.8\ref\net9.0\System.Runtime.Serialization.Formatters.dll".
             Refer├¬ncia encontrada no local do caminho de pesquisa "{RawFileName}".
             Essa refer├¬ncia n├úo ├® "CopyLocal" porque pelo menos um item de origem tinha "Private" definido como "false" e nenhum item de origem tinha "Private" definido como "true".
         Refer├¬ncia principal "System.Runtime.Serialization.Json, Version=9.0.0.0, Culture=neutral, PublicKeyToken=b03f5f7f11d50a3a".
             O caminho do arquivo resolvido ├® "C:\Program Files\dotnet\packs\Microsoft.NETCore.App.Ref\9.0.8\ref\net9.0\System.Runtime.Serialization.Json.dll".
             Refer├¬ncia encontrada no local do caminho de pesquisa "{RawFileName}".
             Essa refer├¬ncia n├úo ├® "CopyLocal" porque pelo menos um item de origem tinha "Private" definido como "false" e nenhum item de origem tinha "Private" definido como "true".
         Refer├¬ncia principal "System.Runtime.Serialization.Primitives, Version=9.0.0.0, Culture=neutral, PublicKeyToken=b03f5f7f11d50a3a".
             O caminho do arquivo resolvido ├® "C:\Program Files\dotnet\packs\Microsoft.NETCore.App.Ref\9.0.8\ref\net9.0\System.Runtime.Serialization.Primitives.dll".
             Refer├¬ncia encontrada no local do caminho de pesquisa "{RawFileName}".
             Essa refer├¬ncia n├úo ├® "CopyLocal" porque pelo menos um item de origem tinha "Private" definido como "false" e nenhum item de origem tinha "Private" definido como "true".
         Refer├¬ncia principal "System.Runtime.Serialization.Xml, Version=9.0.0.0, Culture=neutral, PublicKeyToken=b03f5f7f11d50a3a".
             O caminho do arquivo resolvido ├® "C:\Program Files\dotnet\packs\Microsoft.NETCore.App.Ref\9.0.8\ref\net9.0\System.Runtime.Serialization.Xml.dll".
             Refer├¬ncia encontrada no local do caminho de pesquisa "{RawFileName}".
             Essa refer├¬ncia n├úo ├® "CopyLocal" porque pelo menos um item de origem tinha "Private" definido como "false" e nenhum item de origem tinha "Private" definido como "true".
         Refer├¬ncia principal "System.Runtime.Serialization, Version=4.0.0.0, Culture=neutral, PublicKeyToken=b77a5c561934e089".
             O caminho do arquivo resolvido ├® "C:\Program Files\dotnet\packs\Microsoft.NETCore.App.Ref\9.0.8\ref\net9.0\System.Runtime.Serialization.dll".
             Refer├¬ncia encontrada no local do caminho de pesquisa "{RawFileName}".
             Essa refer├¬ncia n├úo ├® "CopyLocal" porque pelo menos um item de origem tinha "Private" definido como "false" e nenhum item de origem tinha "Private" definido como "true".
         Refer├¬ncia principal "System.Runtime, Version=9.0.0.0, Culture=neutral, PublicKeyToken=b03f5f7f11d50a3a".
             O caminho do arquivo resolvido ├® "C:\Program Files\dotnet\packs\Microsoft.NETCore.App.Ref\9.0.8\ref\net9.0\System.Runtime.dll".
             Refer├¬ncia encontrada no local do caminho de pesquisa "{RawFileName}".
             Essa refer├¬ncia n├úo ├® "CopyLocal" porque pelo menos um item de origem tinha "Private" definido como "false" e nenhum item de origem tinha "Private" definido como "true".
         Refer├¬ncia principal "System.Security.AccessControl, Version=9.0.0.0, Culture=neutral, PublicKeyToken=b03f5f7f11d50a3a".
             O caminho do arquivo resolvido ├® "C:\Program Files\dotnet\packs\Microsoft.NETCore.App.Ref\9.0.8\ref\net9.0\System.Security.AccessControl.dll".
             Refer├¬ncia encontrada no local do caminho de pesquisa "{RawFileName}".
             Essa refer├¬ncia n├úo ├® "CopyLocal" porque pelo menos um item de origem tinha "Private" definido como "false" e nenhum item de origem tinha "Private" definido como "true".
         Refer├¬ncia principal "System.Security.Claims, Version=9.0.0.0, Culture=neutral, PublicKeyToken=b03f5f7f11d50a3a".
             O caminho do arquivo resolvido ├® "C:\Program Files\dotnet\packs\Microsoft.NETCore.App.Ref\9.0.8\ref\net9.0\System.Security.Claims.dll".
             Refer├¬ncia encontrada no local do caminho de pesquisa "{RawFileName}".
             Essa refer├¬ncia n├úo ├® "CopyLocal" porque pelo menos um item de origem tinha "Private" definido como "false" e nenhum item de origem tinha "Private" definido como "true".
         Refer├¬ncia principal "System.Security.Cryptography.Algorithms, Version=9.0.0.0, Culture=neutral, PublicKeyToken=b03f5f7f11d50a3a".
             O caminho do arquivo resolvido ├® "C:\Program Files\dotnet\packs\Microsoft.NETCore.App.Ref\9.0.8\ref\net9.0\System.Security.Cryptography.Algorithms.dll".
             Refer├¬ncia encontrada no local do caminho de pesquisa "{RawFileName}".
             Essa refer├¬ncia n├úo ├® "CopyLocal" porque pelo menos um item de origem tinha "Private" definido como "false" e nenhum item de origem tinha "Private" definido como "true".
         Refer├¬ncia principal "System.Security.Cryptography.Cng, Version=9.0.0.0, Culture=neutral, PublicKeyToken=b03f5f7f11d50a3a".
             O caminho do arquivo resolvido ├® "C:\Program Files\dotnet\packs\Microsoft.NETCore.App.Ref\9.0.8\ref\net9.0\System.Security.Cryptography.Cng.dll".
             Refer├¬ncia encontrada no local do caminho de pesquisa "{RawFileName}".
             Essa refer├¬ncia n├úo ├® "CopyLocal" porque pelo menos um item de origem tinha "Private" definido como "false" e nenhum item de origem tinha "Private" definido como "true".
         Refer├¬ncia principal "System.Security.Cryptography.Csp, Version=9.0.0.0, Culture=neutral, PublicKeyToken=b03f5f7f11d50a3a".
             O caminho do arquivo resolvido ├® "C:\Program Files\dotnet\packs\Microsoft.NETCore.App.Ref\9.0.8\ref\net9.0\System.Security.Cryptography.Csp.dll".
             Refer├¬ncia encontrada no local do caminho de pesquisa "{RawFileName}".
             Essa refer├¬ncia n├úo ├® "CopyLocal" porque pelo menos um item de origem tinha "Private" definido como "false" e nenhum item de origem tinha "Private" definido como "true".
         Refer├¬ncia principal "System.Security.Cryptography.Encoding, Version=9.0.0.0, Culture=neutral, PublicKeyToken=b03f5f7f11d50a3a".
             O caminho do arquivo resolvido ├® "C:\Program Files\dotnet\packs\Microsoft.NETCore.App.Ref\9.0.8\ref\net9.0\System.Security.Cryptography.Encoding.dll".
             Refer├¬ncia encontrada no local do caminho de pesquisa "{RawFileName}".
             Essa refer├¬ncia n├úo ├® "CopyLocal" porque pelo menos um item de origem tinha "Private" definido como "false" e nenhum item de origem tinha "Private" definido como "true".
         Refer├¬ncia principal "System.Security.Cryptography.OpenSsl, Version=9.0.0.0, Culture=neutral, PublicKeyToken=b03f5f7f11d50a3a".
             O caminho do arquivo resolvido ├® "C:\Program Files\dotnet\packs\Microsoft.NETCore.App.Ref\9.0.8\ref\net9.0\System.Security.Cryptography.OpenSsl.dll".
             Refer├¬ncia encontrada no local do caminho de pesquisa "{RawFileName}".
             Essa refer├¬ncia n├úo ├® "CopyLocal" porque pelo menos um item de origem tinha "Private" definido como "false" e nenhum item de origem tinha "Private" definido como "true".
         Refer├¬ncia principal "System.Security.Cryptography.Primitives, Version=9.0.0.0, Culture=neutral, PublicKeyToken=b03f5f7f11d50a3a".
             O caminho do arquivo resolvido ├® "C:\Program Files\dotnet\packs\Microsoft.NETCore.App.Ref\9.0.8\ref\net9.0\System.Security.Cryptography.Primitives.dll".
             Refer├¬ncia encontrada no local do caminho de pesquisa "{RawFileName}".
             Essa refer├¬ncia n├úo ├® "CopyLocal" porque pelo menos um item de origem tinha "Private" definido como "false" e nenhum item de origem tinha "Private" definido como "true".
         Refer├¬ncia principal "System.Security.Cryptography.X509Certificates, Version=9.0.0.0, Culture=neutral, PublicKeyToken=b03f5f7f11d50a3a".
             O caminho do arquivo resolvido ├® "C:\Program Files\dotnet\packs\Microsoft.NETCore.App.Ref\9.0.8\ref\net9.0\System.Security.Cryptography.X509Certificates.dll".
             Refer├¬ncia encontrada no local do caminho de pesquisa "{RawFileName}".
             Essa refer├¬ncia n├úo ├® "CopyLocal" porque pelo menos um item de origem tinha "Private" definido como "false" e nenhum item de origem tinha "Private" definido como "true".
         Refer├¬ncia principal "System.Security.Cryptography, Version=9.0.0.0, Culture=neutral, PublicKeyToken=b03f5f7f11d50a3a".
             O caminho do arquivo resolvido ├® "C:\Program Files\dotnet\packs\Microsoft.NETCore.App.Ref\9.0.8\ref\net9.0\System.Security.Cryptography.dll".
             Refer├¬ncia encontrada no local do caminho de pesquisa "{RawFileName}".
             Essa refer├¬ncia n├úo ├® "CopyLocal" porque pelo menos um item de origem tinha "Private" definido como "false" e nenhum item de origem tinha "Private" definido como "true".
         Refer├¬ncia principal "System.Security.Principal.Windows, Version=9.0.0.0, Culture=neutral, PublicKeyToken=b03f5f7f11d50a3a".
             O caminho do arquivo resolvido ├® "C:\Program Files\dotnet\packs\Microsoft.NETCore.App.Ref\9.0.8\ref\net9.0\System.Security.Principal.Windows.dll".
             Refer├¬ncia encontrada no local do caminho de pesquisa "{RawFileName}".
             Essa refer├¬ncia n├úo ├® "CopyLocal" porque pelo menos um item de origem tinha "Private" definido como "false" e nenhum item de origem tinha "Private" definido como "true".
         Refer├¬ncia principal "System.Security.Principal, Version=9.0.0.0, Culture=neutral, PublicKeyToken=b03f5f7f11d50a3a".
             O caminho do arquivo resolvido ├® "C:\Program Files\dotnet\packs\Microsoft.NETCore.App.Ref\9.0.8\ref\net9.0\System.Security.Principal.dll".
             Refer├¬ncia encontrada no local do caminho de pesquisa "{RawFileName}".
             Essa refer├¬ncia n├úo ├® "CopyLocal" porque pelo menos um item de origem tinha "Private" definido como "false" e nenhum item de origem tinha "Private" definido como "true".
         Refer├¬ncia principal "System.Security.SecureString, Version=9.0.0.0, Culture=neutral, PublicKeyToken=b03f5f7f11d50a3a".
             O caminho do arquivo resolvido ├® "C:\Program Files\dotnet\packs\Microsoft.NETCore.App.Ref\9.0.8\ref\net9.0\System.Security.SecureString.dll".
             Refer├¬ncia encontrada no local do caminho de pesquisa "{RawFileName}".
             Essa refer├¬ncia n├úo ├® "CopyLocal" porque pelo menos um item de origem tinha "Private" definido como "false" e nenhum item de origem tinha "Private" definido como "true".
         Refer├¬ncia principal "System.Security, Version=4.0.0.0, Culture=neutral, PublicKeyToken=b03f5f7f11d50a3a".
             O caminho do arquivo resolvido ├® "C:\Program Files\dotnet\packs\Microsoft.NETCore.App.Ref\9.0.8\ref\net9.0\System.Security.dll".
             Refer├¬ncia encontrada no local do caminho de pesquisa "{RawFileName}".
             Essa refer├¬ncia n├úo ├® "CopyLocal" porque pelo menos um item de origem tinha "Private" definido como "false" e nenhum item de origem tinha "Private" definido como "true".
         Refer├¬ncia principal "System.ServiceModel.Web, Version=4.0.0.0, Culture=neutral, PublicKeyToken=31bf3856ad364e35".
             O caminho do arquivo resolvido ├® "C:\Program Files\dotnet\packs\Microsoft.NETCore.App.Ref\9.0.8\ref\net9.0\System.ServiceModel.Web.dll".
             Refer├¬ncia encontrada no local do caminho de pesquisa "{RawFileName}".
             Essa refer├¬ncia n├úo ├® "CopyLocal" porque pelo menos um item de origem tinha "Private" definido como "false" e nenhum item de origem tinha "Private" definido como "true".
         Refer├¬ncia principal "System.ServiceProcess, Version=4.0.0.0, Culture=neutral, PublicKeyToken=b03f5f7f11d50a3a".
             O caminho do arquivo resolvido ├® "C:\Program Files\dotnet\packs\Microsoft.NETCore.App.Ref\9.0.8\ref\net9.0\System.ServiceProcess.dll".
             Refer├¬ncia encontrada no local do caminho de pesquisa "{RawFileName}".
             Essa refer├¬ncia n├úo ├® "CopyLocal" porque pelo menos um item de origem tinha "Private" definido como "false" e nenhum item de origem tinha "Private" definido como "true".
         Refer├¬ncia principal "System.Text.Encoding.CodePages, Version=9.0.0.0, Culture=neutral, PublicKeyToken=b03f5f7f11d50a3a".
             O caminho do arquivo resolvido ├® "C:\Program Files\dotnet\packs\Microsoft.NETCore.App.Ref\9.0.8\ref\net9.0\System.Text.Encoding.CodePages.dll".
             Refer├¬ncia encontrada no local do caminho de pesquisa "{RawFileName}".
             Essa refer├¬ncia n├úo ├® "CopyLocal" porque pelo menos um item de origem tinha "Private" definido como "false" e nenhum item de origem tinha "Private" definido como "true".
         Refer├¬ncia principal "System.Text.Encoding.Extensions, Version=9.0.0.0, Culture=neutral, PublicKeyToken=b03f5f7f11d50a3a".
             O caminho do arquivo resolvido ├® "C:\Program Files\dotnet\packs\Microsoft.NETCore.App.Ref\9.0.8\ref\net9.0\System.Text.Encoding.Extensions.dll".
             Refer├¬ncia encontrada no local do caminho de pesquisa "{RawFileName}".
             Essa refer├¬ncia n├úo ├® "CopyLocal" porque pelo menos um item de origem tinha "Private" definido como "false" e nenhum item de origem tinha "Private" definido como "true".
         Refer├¬ncia principal "System.Text.Encoding, Version=9.0.0.0, Culture=neutral, PublicKeyToken=b03f5f7f11d50a3a".
             O caminho do arquivo resolvido ├® "C:\Program Files\dotnet\packs\Microsoft.NETCore.App.Ref\9.0.8\ref\net9.0\System.Text.Encoding.dll".
             Refer├¬ncia encontrada no local do caminho de pesquisa "{RawFileName}".
             Essa refer├¬ncia n├úo ├® "CopyLocal" porque pelo menos um item de origem tinha "Private" definido como "false" e nenhum item de origem tinha "Private" definido como "true".
         Refer├¬ncia principal "System.Text.Encodings.Web, Version=9.0.0.0, Culture=neutral, PublicKeyToken=cc7b13ffcd2ddd51".
             O caminho do arquivo resolvido ├® "C:\Program Files\dotnet\packs\Microsoft.NETCore.App.Ref\9.0.8\ref\net9.0\System.Text.Encodings.Web.dll".
             Refer├¬ncia encontrada no local do caminho de pesquisa "{RawFileName}".
             Essa refer├¬ncia n├úo ├® "CopyLocal" porque pelo menos um item de origem tinha "Private" definido como "false" e nenhum item de origem tinha "Private" definido como "true".
         Refer├¬ncia principal "System.Text.Json, Version=9.0.0.0, Culture=neutral, PublicKeyToken=cc7b13ffcd2ddd51".
             O caminho do arquivo resolvido ├® "C:\Program Files\dotnet\packs\Microsoft.NETCore.App.Ref\9.0.8\ref\net9.0\System.Text.Json.dll".
             Refer├¬ncia encontrada no local do caminho de pesquisa "{RawFileName}".
             Essa refer├¬ncia n├úo ├® "CopyLocal" porque pelo menos um item de origem tinha "Private" definido como "false" e nenhum item de origem tinha "Private" definido como "true".
         Refer├¬ncia principal "System.Text.RegularExpressions, Version=9.0.0.0, Culture=neutral, PublicKeyToken=b03f5f7f11d50a3a".
             O caminho do arquivo resolvido ├® "C:\Program Files\dotnet\packs\Microsoft.NETCore.App.Ref\9.0.8\ref\net9.0\System.Text.RegularExpressions.dll".
             Refer├¬ncia encontrada no local do caminho de pesquisa "{RawFileName}".
             Essa refer├¬ncia n├úo ├® "CopyLocal" porque pelo menos um item de origem tinha "Private" definido como "false" e nenhum item de origem tinha "Private" definido como "true".
         Refer├¬ncia principal "System.Threading.Channels, Version=9.0.0.0, Culture=neutral, PublicKeyToken=cc7b13ffcd2ddd51".
             O caminho do arquivo resolvido ├® "C:\Program Files\dotnet\packs\Microsoft.NETCore.App.Ref\9.0.8\ref\net9.0\System.Threading.Channels.dll".
             Refer├¬ncia encontrada no local do caminho de pesquisa "{RawFileName}".
             Essa refer├¬ncia n├úo ├® "CopyLocal" porque pelo menos um item de origem tinha "Private" definido como "false" e nenhum item de origem tinha "Private" definido como "true".
         Refer├¬ncia principal "System.Threading.Overlapped, Version=9.0.0.0, Culture=neutral, PublicKeyToken=b03f5f7f11d50a3a".
             O caminho do arquivo resolvido ├® "C:\Program Files\dotnet\packs\Microsoft.NETCore.App.Ref\9.0.8\ref\net9.0\System.Threading.Overlapped.dll".
             Refer├¬ncia encontrada no local do caminho de pesquisa "{RawFileName}".
             Essa refer├¬ncia n├úo ├® "CopyLocal" porque pelo menos um item de origem tinha "Private" definido como "false" e nenhum item de origem tinha "Private" definido como "true".
         Refer├¬ncia principal "System.Threading.Tasks.Dataflow, Version=9.0.0.0, Culture=neutral, PublicKeyToken=b03f5f7f11d50a3a".
             O caminho do arquivo resolvido ├® "C:\Program Files\dotnet\packs\Microsoft.NETCore.App.Ref\9.0.8\ref\net9.0\System.Threading.Tasks.Dataflow.dll".
             Refer├¬ncia encontrada no local do caminho de pesquisa "{RawFileName}".
             Essa refer├¬ncia n├úo ├® "CopyLocal" porque pelo menos um item de origem tinha "Private" definido como "false" e nenhum item de origem tinha "Private" definido como "true".
         Refer├¬ncia principal "System.Threading.Tasks.Extensions, Version=9.0.0.0, Culture=neutral, PublicKeyToken=cc7b13ffcd2ddd51".
             O caminho do arquivo resolvido ├® "C:\Program Files\dotnet\packs\Microsoft.NETCore.App.Ref\9.0.8\ref\net9.0\System.Threading.Tasks.Extensions.dll".
             Refer├¬ncia encontrada no local do caminho de pesquisa "{RawFileName}".
             Essa refer├¬ncia n├úo ├® "CopyLocal" porque pelo menos um item de origem tinha "Private" definido como "false" e nenhum item de origem tinha "Private" definido como "true".
         Refer├¬ncia principal "System.Threading.Tasks.Parallel, Version=9.0.0.0, Culture=neutral, PublicKeyToken=b03f5f7f11d50a3a".
             O caminho do arquivo resolvido ├® "C:\Program Files\dotnet\packs\Microsoft.NETCore.App.Ref\9.0.8\ref\net9.0\System.Threading.Tasks.Parallel.dll".
             Refer├¬ncia encontrada no local do caminho de pesquisa "{RawFileName}".
             Essa refer├¬ncia n├úo ├® "CopyLocal" porque pelo menos um item de origem tinha "Private" definido como "false" e nenhum item de origem tinha "Private" definido como "true".
         Refer├¬ncia principal "System.Threading.Tasks, Version=9.0.0.0, Culture=neutral, PublicKeyToken=b03f5f7f11d50a3a".
             O caminho do arquivo resolvido ├® "C:\Program Files\dotnet\packs\Microsoft.NETCore.App.Ref\9.0.8\ref\net9.0\System.Threading.Tasks.dll".
             Refer├¬ncia encontrada no local do caminho de pesquisa "{RawFileName}".
             Essa refer├¬ncia n├úo ├® "CopyLocal" porque pelo menos um item de origem tinha "Private" definido como "false" e nenhum item de origem tinha "Private" definido como "true".
         Refer├¬ncia principal "System.Threading.Thread, Version=9.0.0.0, Culture=neutral, PublicKeyToken=b03f5f7f11d50a3a".
             O caminho do arquivo resolvido ├® "C:\Program Files\dotnet\packs\Microsoft.NETCore.App.Ref\9.0.8\ref\net9.0\System.Threading.Thread.dll".
             Refer├¬ncia encontrada no local do caminho de pesquisa "{RawFileName}".
             Essa refer├¬ncia n├úo ├® "CopyLocal" porque pelo menos um item de origem tinha "Private" definido como "false" e nenhum item de origem tinha "Private" definido como "true".
         Refer├¬ncia principal "System.Threading.ThreadPool, Version=9.0.0.0, Culture=neutral, PublicKeyToken=b03f5f7f11d50a3a".
             O caminho do arquivo resolvido ├® "C:\Program Files\dotnet\packs\Microsoft.NETCore.App.Ref\9.0.8\ref\net9.0\System.Threading.ThreadPool.dll".
             Refer├¬ncia encontrada no local do caminho de pesquisa "{RawFileName}".
             Essa refer├¬ncia n├úo ├® "CopyLocal" porque pelo menos um item de origem tinha "Private" definido como "false" e nenhum item de origem tinha "Private" definido como "true".
         Refer├¬ncia principal "System.Threading.Timer, Version=9.0.0.0, Culture=neutral, PublicKeyToken=b03f5f7f11d50a3a".
             O caminho do arquivo resolvido ├® "C:\Program Files\dotnet\packs\Microsoft.NETCore.App.Ref\9.0.8\ref\net9.0\System.Threading.Timer.dll".
             Refer├¬ncia encontrada no local do caminho de pesquisa "{RawFileName}".
             Essa refer├¬ncia n├úo ├® "CopyLocal" porque pelo menos um item de origem tinha "Private" definido como "false" e nenhum item de origem tinha "Private" definido como "true".
         Refer├¬ncia principal "System.Threading, Version=9.0.0.0, Culture=neutral, PublicKeyToken=b03f5f7f11d50a3a".
             O caminho do arquivo resolvido ├® "C:\Program Files\dotnet\packs\Microsoft.NETCore.App.Ref\9.0.8\ref\net9.0\System.Threading.dll".
             Refer├¬ncia encontrada no local do caminho de pesquisa "{RawFileName}".
             Essa refer├¬ncia n├úo ├® "CopyLocal" porque pelo menos um item de origem tinha "Private" definido como "false" e nenhum item de origem tinha "Private" definido como "true".
         Refer├¬ncia principal "System.Transactions.Local, Version=9.0.0.0, Culture=neutral, PublicKeyToken=cc7b13ffcd2ddd51".
             O caminho do arquivo resolvido ├® "C:\Program Files\dotnet\packs\Microsoft.NETCore.App.Ref\9.0.8\ref\net9.0\System.Transactions.Local.dll".
             Refer├¬ncia encontrada no local do caminho de pesquisa "{RawFileName}".
             Essa refer├¬ncia n├úo ├® "CopyLocal" porque pelo menos um item de origem tinha "Private" definido como "false" e nenhum item de origem tinha "Private" definido como "true".
         Refer├¬ncia principal "System.Transactions, Version=4.0.0.0, Culture=neutral, PublicKeyToken=b77a5c561934e089".
             O caminho do arquivo resolvido ├® "C:\Program Files\dotnet\packs\Microsoft.NETCore.App.Ref\9.0.8\ref\net9.0\System.Transactions.dll".
             Refer├¬ncia encontrada no local do caminho de pesquisa "{RawFileName}".
             Essa refer├¬ncia n├úo ├® "CopyLocal" porque pelo menos um item de origem tinha "Private" definido como "false" e nenhum item de origem tinha "Private" definido como "true".
         Refer├¬ncia principal "System.ValueTuple, Version=9.0.0.0, Culture=neutral, PublicKeyToken=cc7b13ffcd2ddd51".
             O caminho do arquivo resolvido ├® "C:\Program Files\dotnet\packs\Microsoft.NETCore.App.Ref\9.0.8\ref\net9.0\System.ValueTuple.dll".
             Refer├¬ncia encontrada no local do caminho de pesquisa "{RawFileName}".
             Essa refer├¬ncia n├úo ├® "CopyLocal" porque pelo menos um item de origem tinha "Private" definido como "false" e nenhum item de origem tinha "Private" definido como "true".
         Refer├¬ncia principal "System.Web.HttpUtility, Version=9.0.0.0, Culture=neutral, PublicKeyToken=cc7b13ffcd2ddd51".
             O caminho do arquivo resolvido ├® "C:\Program Files\dotnet\packs\Microsoft.NETCore.App.Ref\9.0.8\ref\net9.0\System.Web.HttpUtility.dll".
             Refer├¬ncia encontrada no local do caminho de pesquisa "{RawFileName}".
             Essa refer├¬ncia n├úo ├® "CopyLocal" porque pelo menos um item de origem tinha "Private" definido como "false" e nenhum item de origem tinha "Private" definido como "true".
         Refer├¬ncia principal "System.Web, Version=4.0.0.0, Culture=neutral, PublicKeyToken=b03f5f7f11d50a3a".
             O caminho do arquivo resolvido ├® "C:\Program Files\dotnet\packs\Microsoft.NETCore.App.Ref\9.0.8\ref\net9.0\System.Web.dll".
             Refer├¬ncia encontrada no local do caminho de pesquisa "{RawFileName}".
             Essa refer├¬ncia n├úo ├® "CopyLocal" porque pelo menos um item de origem tinha "Private" definido como "false" e nenhum item de origem tinha "Private" definido como "true".
         Refer├¬ncia principal "System.Windows, Version=4.0.0.0, Culture=neutral, PublicKeyToken=b03f5f7f11d50a3a".
             O caminho do arquivo resolvido ├® "C:\Program Files\dotnet\packs\Microsoft.NETCore.App.Ref\9.0.8\ref\net9.0\System.Windows.dll".
             Refer├¬ncia encontrada no local do caminho de pesquisa "{RawFileName}".
             Essa refer├¬ncia n├úo ├® "CopyLocal" porque pelo menos um item de origem tinha "Private" definido como "false" e nenhum item de origem tinha "Private" definido como "true".
         Refer├¬ncia principal "System.Xml.Linq, Version=4.0.0.0, Culture=neutral, PublicKeyToken=b77a5c561934e089".
             O caminho do arquivo resolvido ├® "C:\Program Files\dotnet\packs\Microsoft.NETCore.App.Ref\9.0.8\ref\net9.0\System.Xml.Linq.dll".
             Refer├¬ncia encontrada no local do caminho de pesquisa "{RawFileName}".
             Essa refer├¬ncia n├úo ├® "CopyLocal" porque pelo menos um item de origem tinha "Private" definido como "false" e nenhum item de origem tinha "Private" definido como "true".
         Refer├¬ncia principal "System.Xml.ReaderWriter, Version=9.0.0.0, Culture=neutral, PublicKeyToken=b03f5f7f11d50a3a".
             O caminho do arquivo resolvido ├® "C:\Program Files\dotnet\packs\Microsoft.NETCore.App.Ref\9.0.8\ref\net9.0\System.Xml.ReaderWriter.dll".
             Refer├¬ncia encontrada no local do caminho de pesquisa "{RawFileName}".
             Essa refer├¬ncia n├úo ├® "CopyLocal" porque pelo menos um item de origem tinha "Private" definido como "false" e nenhum item de origem tinha "Private" definido como "true".
         Refer├¬ncia principal "System.Xml.Serialization, Version=4.0.0.0, Culture=neutral, PublicKeyToken=b77a5c561934e089".
             O caminho do arquivo resolvido ├® "C:\Program Files\dotnet\packs\Microsoft.NETCore.App.Ref\9.0.8\ref\net9.0\System.Xml.Serialization.dll".
             Refer├¬ncia encontrada no local do caminho de pesquisa "{RawFileName}".
             Essa refer├¬ncia n├úo ├® "CopyLocal" porque pelo menos um item de origem tinha "Private" definido como "false" e nenhum item de origem tinha "Private" definido como "true".
         Refer├¬ncia principal "System.Xml.XDocument, Version=9.0.0.0, Culture=neutral, PublicKeyToken=b03f5f7f11d50a3a".
             O caminho do arquivo resolvido ├® "C:\Program Files\dotnet\packs\Microsoft.NETCore.App.Ref\9.0.8\ref\net9.0\System.Xml.XDocument.dll".
             Refer├¬ncia encontrada no local do caminho de pesquisa "{RawFileName}".
             Essa refer├¬ncia n├úo ├® "CopyLocal" porque pelo menos um item de origem tinha "Private" definido como "false" e nenhum item de origem tinha "Private" definido como "true".
         Refer├¬ncia principal "System.Xml.XPath.XDocument, Version=9.0.0.0, Culture=neutral, PublicKeyToken=b03f5f7f11d50a3a".
             O caminho do arquivo resolvido ├® "C:\Program Files\dotnet\packs\Microsoft.NETCore.App.Ref\9.0.8\ref\net9.0\System.Xml.XPath.XDocument.dll".
             Refer├¬ncia encontrada no local do caminho de pesquisa "{RawFileName}".
             Essa refer├¬ncia n├úo ├® "CopyLocal" porque pelo menos um item de origem tinha "Private" definido como "false" e nenhum item de origem tinha "Private" definido como "true".
         Refer├¬ncia principal "System.Xml.XPath, Version=9.0.0.0, Culture=neutral, PublicKeyToken=b03f5f7f11d50a3a".
             O caminho do arquivo resolvido ├® "C:\Program Files\dotnet\packs\Microsoft.NETCore.App.Ref\9.0.8\ref\net9.0\System.Xml.XPath.dll".
             Refer├¬ncia encontrada no local do caminho de pesquisa "{RawFileName}".
             Essa refer├¬ncia n├úo ├® "CopyLocal" porque pelo menos um item de origem tinha "Private" definido como "false" e nenhum item de origem tinha "Private" definido como "true".
         Refer├¬ncia principal "System.Xml.XmlDocument, Version=9.0.0.0, Culture=neutral, PublicKeyToken=b03f5f7f11d50a3a".
             O caminho do arquivo resolvido ├® "C:\Program Files\dotnet\packs\Microsoft.NETCore.App.Ref\9.0.8\ref\net9.0\System.Xml.XmlDocument.dll".
             Refer├¬ncia encontrada no local do caminho de pesquisa "{RawFileName}".
             Essa refer├¬ncia n├úo ├® "CopyLocal" porque pelo menos um item de origem tinha "Private" definido como "false" e nenhum item de origem tinha "Private" definido como "true".
         Refer├¬ncia principal "System.Xml.XmlSerializer, Version=9.0.0.0, Culture=neutral, PublicKeyToken=b03f5f7f11d50a3a".
             O caminho do arquivo resolvido ├® "C:\Program Files\dotnet\packs\Microsoft.NETCore.App.Ref\9.0.8\ref\net9.0\System.Xml.XmlSerializer.dll".
             Refer├¬ncia encontrada no local do caminho de pesquisa "{RawFileName}".
             Essa refer├¬ncia n├úo ├® "CopyLocal" porque pelo menos um item de origem tinha "Private" definido como "false" e nenhum item de origem tinha "Private" definido como "true".
         Refer├¬ncia principal "System.Xml, Version=4.0.0.0, Culture=neutral, PublicKeyToken=b77a5c561934e089".
             O caminho do arquivo resolvido ├® "C:\Program Files\dotnet\packs\Microsoft.NETCore.App.Ref\9.0.8\ref\net9.0\System.Xml.dll".
             Refer├¬ncia encontrada no local do caminho de pesquisa "{RawFileName}".
             Essa refer├¬ncia n├úo ├® "CopyLocal" porque pelo menos um item de origem tinha "Private" definido como "false" e nenhum item de origem tinha "Private" definido como "true".
         Refer├¬ncia principal "System, Version=4.0.0.0, Culture=neutral, PublicKeyToken=b77a5c561934e089".
             O caminho do arquivo resolvido ├® "C:\Program Files\dotnet\packs\Microsoft.NETCore.App.Ref\9.0.8\ref\net9.0\System.dll".
             Refer├¬ncia encontrada no local do caminho de pesquisa "{RawFileName}".
             Essa refer├¬ncia n├úo ├® "CopyLocal" porque pelo menos um item de origem tinha "Private" definido como "false" e nenhum item de origem tinha "Private" definido como "true".
         Refer├¬ncia principal "mscorlib, Version=4.0.0.0, Culture=neutral, PublicKeyToken=b77a5c561934e089".
             O caminho do arquivo resolvido ├® "C:\Program Files\dotnet\packs\Microsoft.NETCore.App.Ref\9.0.8\ref\net9.0\mscorlib.dll".
             Refer├¬ncia encontrada no local do caminho de pesquisa "{RawFileName}".
             Essa refer├¬ncia n├úo ├® "CopyLocal" porque pelo menos um item de origem tinha "Private" definido como "false" e nenhum item de origem tinha "Private" definido como "true".
         Refer├¬ncia principal "netstandard, Version=2.1.0.0, Culture=neutral, PublicKeyToken=cc7b13ffcd2ddd51".
             O caminho do arquivo resolvido ├® "C:\Program Files\dotnet\packs\Microsoft.NETCore.App.Ref\9.0.8\ref\net9.0\netstandard.dll".
             Refer├¬ncia encontrada no local do caminho de pesquisa "{RawFileName}".
             Essa refer├¬ncia n├úo ├® "CopyLocal" porque pelo menos um item de origem tinha "Private" definido como "false" e nenhum item de origem tinha "Private" definido como "true".
         Refer├¬ncia principal "Accessibility, Version=4.0.0.0, Culture=neutral, PublicKeyToken=31bf3856ad364e35".
             O caminho do arquivo resolvido ├® "C:\Program Files\dotnet\packs\Microsoft.WindowsDesktop.App.Ref\9.0.8\ref\net9.0\Accessibility.dll".
             Refer├¬ncia encontrada no local do caminho de pesquisa "{RawFileName}".
             Essa refer├¬ncia n├úo ├® "CopyLocal" porque pelo menos um item de origem tinha "Private" definido como "false" e nenhum item de origem tinha "Private" definido como "true".
         Refer├¬ncia principal "Microsoft.VisualBasic.Forms, Version=9.0.0.0, Culture=neutral, PublicKeyToken=b03f5f7f11d50a3a".
             O caminho do arquivo resolvido ├® "C:\Program Files\dotnet\packs\Microsoft.WindowsDesktop.App.Ref\9.0.8\ref\net9.0\Microsoft.VisualBasic.Forms.dll".
             Refer├¬ncia encontrada no local do caminho de pesquisa "{RawFileName}".
             Essa refer├¬ncia n├úo ├® "CopyLocal" porque pelo menos um item de origem tinha "Private" definido como "false" e nenhum item de origem tinha "Private" definido como "true".
         Refer├¬ncia principal "Microsoft.VisualBasic, Version=10.1.0.0, Culture=neutral, PublicKeyToken=b03f5f7f11d50a3a".
             O caminho do arquivo resolvido ├® "C:\Program Files\dotnet\packs\Microsoft.WindowsDesktop.App.Ref\9.0.8\ref\net9.0\Microsoft.VisualBasic.dll".
             Refer├¬ncia encontrada no local do caminho de pesquisa "{RawFileName}".
             Essa refer├¬ncia n├úo ├® "CopyLocal" porque pelo menos um item de origem tinha "Private" definido como "false" e nenhum item de origem tinha "Private" definido como "true".
         Refer├¬ncia principal "Microsoft.Win32.Registry.AccessControl, Version=9.0.0.0, Culture=neutral, PublicKeyToken=b03f5f7f11d50a3a".
             O caminho do arquivo resolvido ├® "C:\Program Files\dotnet\packs\Microsoft.WindowsDesktop.App.Ref\9.0.8\ref\net9.0\Microsoft.Win32.Registry.AccessControl.dll".
             Refer├¬ncia encontrada no local do caminho de pesquisa "{RawFileName}".
             Essa refer├¬ncia n├úo ├® "CopyLocal" porque pelo menos um item de origem tinha "Private" definido como "false" e nenhum item de origem tinha "Private" definido como "true".
         Refer├¬ncia principal "Microsoft.Win32.SystemEvents, Version=9.0.0.0, Culture=neutral, PublicKeyToken=cc7b13ffcd2ddd51".
             O caminho do arquivo resolvido ├® "C:\Program Files\dotnet\packs\Microsoft.WindowsDesktop.App.Ref\9.0.8\ref\net9.0\Microsoft.Win32.SystemEvents.dll".
             Refer├¬ncia encontrada no local do caminho de pesquisa "{RawFileName}".
             Essa refer├¬ncia n├úo ├® "CopyLocal" porque pelo menos um item de origem tinha "Private" definido como "false" e nenhum item de origem tinha "Private" definido como "true".
         Refer├¬ncia principal "PresentationCore, Version=9.0.0.0, Culture=neutral, PublicKeyToken=31bf3856ad364e35".
             O caminho do arquivo resolvido ├® "C:\Program Files\dotnet\packs\Microsoft.WindowsDesktop.App.Ref\9.0.8\ref\net9.0\PresentationCore.dll".
             Refer├¬ncia encontrada no local do caminho de pesquisa "{RawFileName}".
             Essa refer├¬ncia n├úo ├® "CopyLocal" porque pelo menos um item de origem tinha "Private" definido como "false" e nenhum item de origem tinha "Private" definido como "true".
         Refer├¬ncia principal "PresentationFramework.Aero, Version=9.0.0.0, Culture=neutral, PublicKeyToken=31bf3856ad364e35".
             O caminho do arquivo resolvido ├® "C:\Program Files\dotnet\packs\Microsoft.WindowsDesktop.App.Ref\9.0.8\ref\net9.0\PresentationFramework.Aero.dll".
             Refer├¬ncia encontrada no local do caminho de pesquisa "{RawFileName}".
             Essa refer├¬ncia n├úo ├® "CopyLocal" porque pelo menos um item de origem tinha "Private" definido como "false" e nenhum item de origem tinha "Private" definido como "true".
         Refer├¬ncia principal "PresentationFramework.Aero2, Version=9.0.0.0, Culture=neutral, PublicKeyToken=31bf3856ad364e35".
             O caminho do arquivo resolvido ├® "C:\Program Files\dotnet\packs\Microsoft.WindowsDesktop.App.Ref\9.0.8\ref\net9.0\PresentationFramework.Aero2.dll".
             Refer├¬ncia encontrada no local do caminho de pesquisa "{RawFileName}".
             Essa refer├¬ncia n├úo ├® "CopyLocal" porque pelo menos um item de origem tinha "Private" definido como "false" e nenhum item de origem tinha "Private" definido como "true".
         Refer├¬ncia principal "PresentationFramework.AeroLite, Version=9.0.0.0, Culture=neutral, PublicKeyToken=31bf3856ad364e35".
             O caminho do arquivo resolvido ├® "C:\Program Files\dotnet\packs\Microsoft.WindowsDesktop.App.Ref\9.0.8\ref\net9.0\PresentationFramework.AeroLite.dll".
             Refer├¬ncia encontrada no local do caminho de pesquisa "{RawFileName}".
             Essa refer├¬ncia n├úo ├® "CopyLocal" porque pelo menos um item de origem tinha "Private" definido como "false" e nenhum item de origem tinha "Private" definido como "true".
         Refer├¬ncia principal "PresentationFramework.Classic, Version=9.0.0.0, Culture=neutral, PublicKeyToken=31bf3856ad364e35".
             O caminho do arquivo resolvido ├® "C:\Program Files\dotnet\packs\Microsoft.WindowsDesktop.App.Ref\9.0.8\ref\net9.0\PresentationFramework.Classic.dll".
             Refer├¬ncia encontrada no local do caminho de pesquisa "{RawFileName}".
             Essa refer├¬ncia n├úo ├® "CopyLocal" porque pelo menos um item de origem tinha "Private" definido como "false" e nenhum item de origem tinha "Private" definido como "true".
         Refer├¬ncia principal "PresentationFramework.Luna, Version=9.0.0.0, Culture=neutral, PublicKeyToken=31bf3856ad364e35".
             O caminho do arquivo resolvido ├® "C:\Program Files\dotnet\packs\Microsoft.WindowsDesktop.App.Ref\9.0.8\ref\net9.0\PresentationFramework.Luna.dll".
             Refer├¬ncia encontrada no local do caminho de pesquisa "{RawFileName}".
             Essa refer├¬ncia n├úo ├® "CopyLocal" porque pelo menos um item de origem tinha "Private" definido como "false" e nenhum item de origem tinha "Private" definido como "true".
         Refer├¬ncia principal "PresentationFramework.Royale, Version=9.0.0.0, Culture=neutral, PublicKeyToken=31bf3856ad364e35".
             O caminho do arquivo resolvido ├® "C:\Program Files\dotnet\packs\Microsoft.WindowsDesktop.App.Ref\9.0.8\ref\net9.0\PresentationFramework.Royale.dll".
             Refer├¬ncia encontrada no local do caminho de pesquisa "{RawFileName}".
             Essa refer├¬ncia n├úo ├® "CopyLocal" porque pelo menos um item de origem tinha "Private" definido como "false" e nenhum item de origem tinha "Private" definido como "true".
         Refer├¬ncia principal "PresentationFramework, Version=9.0.0.0, Culture=neutral, PublicKeyToken=31bf3856ad364e35".
             O caminho do arquivo resolvido ├® "C:\Program Files\dotnet\packs\Microsoft.WindowsDesktop.App.Ref\9.0.8\ref\net9.0\PresentationFramework.dll".
             Refer├¬ncia encontrada no local do caminho de pesquisa "{RawFileName}".
             Essa refer├¬ncia n├úo ├® "CopyLocal" porque pelo menos um item de origem tinha "Private" definido como "false" e nenhum item de origem tinha "Private" definido como "true".
         Refer├¬ncia principal "PresentationUI, Version=9.0.0.0, Culture=neutral, PublicKeyToken=b77a5c561934e089".
             O caminho do arquivo resolvido ├® "C:\Program Files\dotnet\packs\Microsoft.WindowsDesktop.App.Ref\9.0.8\ref\net9.0\PresentationUI.dll".
             Refer├¬ncia encontrada no local do caminho de pesquisa "{RawFileName}".
             Essa refer├¬ncia n├úo ├® "CopyLocal" porque pelo menos um item de origem tinha "Private" definido como "false" e nenhum item de origem tinha "Private" definido como "true".
         Refer├¬ncia principal "ReachFramework, Version=9.0.0.0, Culture=neutral, PublicKeyToken=31bf3856ad364e35".
             O caminho do arquivo resolvido ├® "C:\Program Files\dotnet\packs\Microsoft.WindowsDesktop.App.Ref\9.0.8\ref\net9.0\ReachFramework.dll".
             Refer├¬ncia encontrada no local do caminho de pesquisa "{RawFileName}".
             Essa refer├¬ncia n├úo ├® "CopyLocal" porque pelo menos um item de origem tinha "Private" definido como "false" e nenhum item de origem tinha "Private" definido como "true".
         Refer├¬ncia principal "System.CodeDom, Version=9.0.0.0, Culture=neutral, PublicKeyToken=cc7b13ffcd2ddd51".
             O caminho do arquivo resolvido ├® "C:\Program Files\dotnet\packs\Microsoft.WindowsDesktop.App.Ref\9.0.8\ref\net9.0\System.CodeDom.dll".
             Refer├¬ncia encontrada no local do caminho de pesquisa "{RawFileName}".
             Essa refer├¬ncia n├úo ├® "CopyLocal" porque pelo menos um item de origem tinha "Private" definido como "false" e nenhum item de origem tinha "Private" definido como "true".
         Refer├¬ncia principal "System.Configuration.ConfigurationManager, Version=9.0.0.0, Culture=neutral, PublicKeyToken=cc7b13ffcd2ddd51".
             O caminho do arquivo resolvido ├® "C:\Program Files\dotnet\packs\Microsoft.WindowsDesktop.App.Ref\9.0.8\ref\net9.0\System.Configuration.ConfigurationManager.dll".
             Refer├¬ncia encontrada no local do caminho de pesquisa "{RawFileName}".
             Essa refer├¬ncia n├úo ├® "CopyLocal" porque pelo menos um item de origem tinha "Private" definido como "false" e nenhum item de origem tinha "Private" definido como "true".
         Refer├¬ncia principal "System.Design, Version=9.0.0.0, Culture=neutral, PublicKeyToken=b03f5f7f11d50a3a".
             O caminho do arquivo resolvido ├® "C:\Program Files\dotnet\packs\Microsoft.WindowsDesktop.App.Ref\9.0.8\ref\net9.0\System.Design.dll".
             Refer├¬ncia encontrada no local do caminho de pesquisa "{RawFileName}".
             Essa refer├¬ncia n├úo ├® "CopyLocal" porque pelo menos um item de origem tinha "Private" definido como "false" e nenhum item de origem tinha "Private" definido como "true".
         Refer├¬ncia principal "System.Diagnostics.EventLog, Version=9.0.0.0, Culture=neutral, PublicKeyToken=cc7b13ffcd2ddd51".
             O caminho do arquivo resolvido ├® "C:\Program Files\dotnet\packs\Microsoft.WindowsDesktop.App.Ref\9.0.8\ref\net9.0\System.Diagnostics.EventLog.dll".
             Refer├¬ncia encontrada no local do caminho de pesquisa "{RawFileName}".
             Essa refer├¬ncia n├úo ├® "CopyLocal" porque pelo menos um item de origem tinha "Private" definido como "false" e nenhum item de origem tinha "Private" definido como "true".
         Refer├¬ncia principal "System.Diagnostics.PerformanceCounter, Version=9.0.0.0, Culture=neutral, PublicKeyToken=cc7b13ffcd2ddd51".
             O caminho do arquivo resolvido ├® "C:\Program Files\dotnet\packs\Microsoft.WindowsDesktop.App.Ref\9.0.8\ref\net9.0\System.Diagnostics.PerformanceCounter.dll".
             Refer├¬ncia encontrada no local do caminho de pesquisa "{RawFileName}".
             Essa refer├¬ncia n├úo ├® "CopyLocal" porque pelo menos um item de origem tinha "Private" definido como "false" e nenhum item de origem tinha "Private" definido como "true".
         Refer├¬ncia principal "System.DirectoryServices, Version=9.0.0.0, Culture=neutral, PublicKeyToken=b03f5f7f11d50a3a".
             O caminho do arquivo resolvido ├® "C:\Program Files\dotnet\packs\Microsoft.WindowsDesktop.App.Ref\9.0.8\ref\net9.0\System.DirectoryServices.dll".
             Refer├¬ncia encontrada no local do caminho de pesquisa "{RawFileName}".
             Essa refer├¬ncia n├úo ├® "CopyLocal" porque pelo menos um item de origem tinha "Private" definido como "false" e nenhum item de origem tinha "Private" definido como "true".
         Refer├¬ncia principal "System.Drawing.Common, Version=9.0.0.0, Culture=neutral, PublicKeyToken=cc7b13ffcd2ddd51".
             O caminho do arquivo resolvido ├® "C:\Program Files\dotnet\packs\Microsoft.WindowsDesktop.App.Ref\9.0.8\ref\net9.0\System.Drawing.Common.dll".
             Refer├¬ncia encontrada no local do caminho de pesquisa "{RawFileName}".
             Essa refer├¬ncia n├úo ├® "CopyLocal" porque pelo menos um item de origem tinha "Private" definido como "false" e nenhum item de origem tinha "Private" definido como "true".
         Refer├¬ncia principal "System.Drawing.Design, Version=9.0.0.0, Culture=neutral, PublicKeyToken=b03f5f7f11d50a3a".
             O caminho do arquivo resolvido ├® "C:\Program Files\dotnet\packs\Microsoft.WindowsDesktop.App.Ref\9.0.8\ref\net9.0\System.Drawing.Design.dll".
             Refer├¬ncia encontrada no local do caminho de pesquisa "{RawFileName}".
             Essa refer├¬ncia n├úo ├® "CopyLocal" porque pelo menos um item de origem tinha "Private" definido como "false" e nenhum item de origem tinha "Private" definido como "true".
         Refer├¬ncia principal "System.Drawing, Version=9.0.0.0, Culture=neutral, PublicKeyToken=b03f5f7f11d50a3a".
             O caminho do arquivo resolvido ├® "C:\Program Files\dotnet\packs\Microsoft.WindowsDesktop.App.Ref\9.0.8\ref\net9.0\System.Drawing.dll".
             Refer├¬ncia encontrada no local do caminho de pesquisa "{RawFileName}".
             Essa refer├¬ncia n├úo ├® "CopyLocal" porque pelo menos um item de origem tinha "Private" definido como "false" e nenhum item de origem tinha "Private" definido como "true".
         Refer├¬ncia principal "System.Formats.Nrbf, Version=9.0.0.0, Culture=neutral, PublicKeyToken=cc7b13ffcd2ddd51".
             O caminho do arquivo resolvido ├® "C:\Program Files\dotnet\packs\Microsoft.WindowsDesktop.App.Ref\9.0.8\ref\net9.0\System.Formats.Nrbf.dll".
             Refer├¬ncia encontrada no local do caminho de pesquisa "{RawFileName}".
             Essa refer├¬ncia n├úo ├® "CopyLocal" porque pelo menos um item de origem tinha "Private" definido como "false" e nenhum item de origem tinha "Private" definido como "true".
         Refer├¬ncia principal "System.IO.Packaging, Version=9.0.0.0, Culture=neutral, PublicKeyToken=b03f5f7f11d50a3a".
             O caminho do arquivo resolvido ├® "C:\Program Files\dotnet\packs\Microsoft.WindowsDesktop.App.Ref\9.0.8\ref\net9.0\System.IO.Packaging.dll".
             Refer├¬ncia encontrada no local do caminho de pesquisa "{RawFileName}".
             Essa refer├¬ncia n├úo ├® "CopyLocal" porque pelo menos um item de origem tinha "Private" definido como "false" e nenhum item de origem tinha "Private" definido como "true".
         Refer├¬ncia principal "System.Printing, Version=9.0.0.0, Culture=neutral, PublicKeyToken=31bf3856ad364e35".
             O caminho do arquivo resolvido ├® "C:\Program Files\dotnet\packs\Microsoft.WindowsDesktop.App.Ref\9.0.8\ref\net9.0\System.Printing.dll".
             Refer├¬ncia encontrada no local do caminho de pesquisa "{RawFileName}".
             Essa refer├¬ncia n├úo ├® "CopyLocal" porque pelo menos um item de origem tinha "Private" definido como "false" e nenhum item de origem tinha "Private" definido como "true".
         Refer├¬ncia principal "System.Private.Windows.Core, Version=9.0.0.0, Culture=neutral, PublicKeyToken=b77a5c561934e089".
             O caminho do arquivo resolvido ├® "C:\Program Files\dotnet\packs\Microsoft.WindowsDesktop.App.Ref\9.0.8\ref\net9.0\System.Private.Windows.Core.dll".
             Refer├¬ncia encontrada no local do caminho de pesquisa "{RawFileName}".
             Essa refer├¬ncia n├úo ├® "CopyLocal" porque pelo menos um item de origem tinha "Private" definido como "false" e nenhum item de origem tinha "Private" definido como "true".
         Refer├¬ncia principal "System.Resources.Extensions, Version=9.0.0.0, Culture=neutral, PublicKeyToken=cc7b13ffcd2ddd51".
             O caminho do arquivo resolvido ├® "C:\Program Files\dotnet\packs\Microsoft.WindowsDesktop.App.Ref\9.0.8\ref\net9.0\System.Resources.Extensions.dll".
             Refer├¬ncia encontrada no local do caminho de pesquisa "{RawFileName}".
             Essa refer├¬ncia n├úo ├® "CopyLocal" porque pelo menos um item de origem tinha "Private" definido como "false" e nenhum item de origem tinha "Private" definido como "true".
         Refer├¬ncia principal "System.Security.Cryptography.Pkcs, Version=9.0.0.0, Culture=neutral, PublicKeyToken=b03f5f7f11d50a3a".
             O caminho do arquivo resolvido ├® "C:\Program Files\dotnet\packs\Microsoft.WindowsDesktop.App.Ref\9.0.8\ref\net9.0\System.Security.Cryptography.Pkcs.dll".
             Refer├¬ncia encontrada no local do caminho de pesquisa "{RawFileName}".
             Essa refer├¬ncia n├úo ├® "CopyLocal" porque pelo menos um item de origem tinha "Private" definido como "false" e nenhum item de origem tinha "Private" definido como "true".
         Refer├¬ncia principal "System.Security.Cryptography.ProtectedData, Version=9.0.0.0, Culture=neutral, PublicKeyToken=b03f5f7f11d50a3a".
             O caminho do arquivo resolvido ├® "C:\Program Files\dotnet\packs\Microsoft.WindowsDesktop.App.Ref\9.0.8\ref\net9.0\System.Security.Cryptography.ProtectedData.dll".
             Refer├¬ncia encontrada no local do caminho de pesquisa "{RawFileName}".
             Essa refer├¬ncia n├úo ├® "CopyLocal" porque pelo menos um item de origem tinha "Private" definido como "false" e nenhum item de origem tinha "Private" definido como "true".
         Refer├¬ncia principal "System.Security.Cryptography.Xml, Version=9.0.0.0, Culture=neutral, PublicKeyToken=cc7b13ffcd2ddd51".
             O caminho do arquivo resolvido ├® "C:\Program Files\dotnet\packs\Microsoft.WindowsDesktop.App.Ref\9.0.8\ref\net9.0\System.Security.Cryptography.Xml.dll".
             Refer├¬ncia encontrada no local do caminho de pesquisa "{RawFileName}".
             Essa refer├¬ncia n├úo ├® "CopyLocal" porque pelo menos um item de origem tinha "Private" definido como "false" e nenhum item de origem tinha "Private" definido como "true".
         Refer├¬ncia principal "System.Security.Permissions, Version=9.0.0.0, Culture=neutral, PublicKeyToken=cc7b13ffcd2ddd51".
             O caminho do arquivo resolvido ├® "C:\Program Files\dotnet\packs\Microsoft.WindowsDesktop.App.Ref\9.0.8\ref\net9.0\System.Security.Permissions.dll".
             Refer├¬ncia encontrada no local do caminho de pesquisa "{RawFileName}".
             Essa refer├¬ncia n├úo ├® "CopyLocal" porque pelo menos um item de origem tinha "Private" definido como "false" e nenhum item de origem tinha "Private" definido como "true".
         Refer├¬ncia principal "System.Threading.AccessControl, Version=9.0.0.0, Culture=neutral, PublicKeyToken=b03f5f7f11d50a3a".
             O caminho do arquivo resolvido ├® "C:\Program Files\dotnet\packs\Microsoft.WindowsDesktop.App.Ref\9.0.8\ref\net9.0\System.Threading.AccessControl.dll".
             Refer├¬ncia encontrada no local do caminho de pesquisa "{RawFileName}".
             Essa refer├¬ncia n├úo ├® "CopyLocal" porque pelo menos um item de origem tinha "Private" definido como "false" e nenhum item de origem tinha "Private" definido como "true".
         Refer├¬ncia principal "System.Windows.Controls.Ribbon, Version=9.0.0.0, Culture=neutral, PublicKeyToken=b77a5c561934e089".
             O caminho do arquivo resolvido ├® "C:\Program Files\dotnet\packs\Microsoft.WindowsDesktop.App.Ref\9.0.8\ref\net9.0\System.Windows.Controls.Ribbon.dll".
             Refer├¬ncia encontrada no local do caminho de pesquisa "{RawFileName}".
             Essa refer├¬ncia n├úo ├® "CopyLocal" porque pelo menos um item de origem tinha "Private" definido como "false" e nenhum item de origem tinha "Private" definido como "true".
         Refer├¬ncia principal "System.Windows.Extensions, Version=9.0.0.0, Culture=neutral, PublicKeyToken=cc7b13ffcd2ddd51".
             O caminho do arquivo resolvido ├® "C:\Program Files\dotnet\packs\Microsoft.WindowsDesktop.App.Ref\9.0.8\ref\net9.0\System.Windows.Extensions.dll".
             Refer├¬ncia encontrada no local do caminho de pesquisa "{RawFileName}".
             Essa refer├¬ncia n├úo ├® "CopyLocal" porque pelo menos um item de origem tinha "Private" definido como "false" e nenhum item de origem tinha "Private" definido como "true".
         Refer├¬ncia principal "System.Windows.Forms.Design.Editors, Version=9.0.0.0, Culture=neutral, PublicKeyToken=b03f5f7f11d50a3a".
             O caminho do arquivo resolvido ├® "C:\Program Files\dotnet\packs\Microsoft.WindowsDesktop.App.Ref\9.0.8\ref\net9.0\System.Windows.Forms.Design.Editors.dll".
             Refer├¬ncia encontrada no local do caminho de pesquisa "{RawFileName}".
             Essa refer├¬ncia n├úo ├® "CopyLocal" porque pelo menos um item de origem tinha "Private" definido como "false" e nenhum item de origem tinha "Private" definido como "true".
         Refer├¬ncia principal "System.Windows.Forms.Design, Version=9.0.0.0, Culture=neutral, PublicKeyToken=b77a5c561934e089".
             O caminho do arquivo resolvido ├® "C:\Program Files\dotnet\packs\Microsoft.WindowsDesktop.App.Ref\9.0.8\ref\net9.0\System.Windows.Forms.Design.dll".
             Refer├¬ncia encontrada no local do caminho de pesquisa "{RawFileName}".
             Essa refer├¬ncia n├úo ├® "CopyLocal" porque pelo menos um item de origem tinha "Private" definido como "false" e nenhum item de origem tinha "Private" definido como "true".
         Refer├¬ncia principal "System.Windows.Forms.Primitives, Version=9.0.0.0, Culture=neutral, PublicKeyToken=b77a5c561934e089".
             O caminho do arquivo resolvido ├® "C:\Program Files\dotnet\packs\Microsoft.WindowsDesktop.App.Ref\9.0.8\ref\net9.0\System.Windows.Forms.Primitives.dll".
             Refer├¬ncia encontrada no local do caminho de pesquisa "{RawFileName}".
             Essa refer├¬ncia n├úo ├® "CopyLocal" porque pelo menos um item de origem tinha "Private" definido como "false" e nenhum item de origem tinha "Private" definido como "true".
         Refer├¬ncia principal "System.Windows.Forms, Version=9.0.0.0, Culture=neutral, PublicKeyToken=b77a5c561934e089".
             O caminho do arquivo resolvido ├® "C:\Program Files\dotnet\packs\Microsoft.WindowsDesktop.App.Ref\9.0.8\ref\net9.0\System.Windows.Forms.dll".
             Refer├¬ncia encontrada no local do caminho de pesquisa "{RawFileName}".
             Essa refer├¬ncia n├úo ├® "CopyLocal" porque pelo menos um item de origem tinha "Private" definido como "false" e nenhum item de origem tinha "Private" definido como "true".
         Refer├¬ncia principal "System.Windows.Input.Manipulations, Version=9.0.0.0, Culture=neutral, PublicKeyToken=b77a5c561934e089".
             O caminho do arquivo resolvido ├® "C:\Program Files\dotnet\packs\Microsoft.WindowsDesktop.App.Ref\9.0.8\ref\net9.0\System.Windows.Input.Manipulations.dll".
             Refer├¬ncia encontrada no local do caminho de pesquisa "{RawFileName}".
             Essa refer├¬ncia n├úo ├® "CopyLocal" porque pelo menos um item de origem tinha "Private" definido como "false" e nenhum item de origem tinha "Private" definido como "true".
         Refer├¬ncia principal "System.Windows.Presentation, Version=9.0.0.0, Culture=neutral, PublicKeyToken=b77a5c561934e089".
             O caminho do arquivo resolvido ├® "C:\Program Files\dotnet\packs\Microsoft.WindowsDesktop.App.Ref\9.0.8\ref\net9.0\System.Windows.Presentation.dll".
             Refer├¬ncia encontrada no local do caminho de pesquisa "{RawFileName}".
             Essa refer├¬ncia n├úo ├® "CopyLocal" porque pelo menos um item de origem tinha "Private" definido como "false" e nenhum item de origem tinha "Private" definido como "true".
         Refer├¬ncia principal "System.Xaml, Version=9.0.0.0, Culture=neutral, PublicKeyToken=b77a5c561934e089".
             O caminho do arquivo resolvido ├® "C:\Program Files\dotnet\packs\Microsoft.WindowsDesktop.App.Ref\9.0.8\ref\net9.0\System.Xaml.dll".
             Refer├¬ncia encontrada no local do caminho de pesquisa "{RawFileName}".
             Essa refer├¬ncia n├úo ├® "CopyLocal" porque pelo menos um item de origem tinha "Private" definido como "false" e nenhum item de origem tinha "Private" definido como "true".
         Refer├¬ncia principal "UIAutomationClient, Version=9.0.0.0, Culture=neutral, PublicKeyToken=31bf3856ad364e35".
             O caminho do arquivo resolvido ├® "C:\Program Files\dotnet\packs\Microsoft.WindowsDesktop.App.Ref\9.0.8\ref\net9.0\UIAutomationClient.dll".
             Refer├¬ncia encontrada no local do caminho de pesquisa "{RawFileName}".
             Essa refer├¬ncia n├úo ├® "CopyLocal" porque pelo menos um item de origem tinha "Private" definido como "false" e nenhum item de origem tinha "Private" definido como "true".
         Refer├¬ncia principal "UIAutomationClientSideProviders, Version=9.0.0.0, Culture=neutral, PublicKeyToken=b77a5c561934e089".
             O caminho do arquivo resolvido ├® "C:\Program Files\dotnet\packs\Microsoft.WindowsDesktop.App.Ref\9.0.8\ref\net9.0\UIAutomationClientSideProviders.dll".
             Refer├¬ncia encontrada no local do caminho de pesquisa "{RawFileName}".
             Essa refer├¬ncia n├úo ├® "CopyLocal" porque pelo menos um item de origem tinha "Private" definido como "false" e nenhum item de origem tinha "Private" definido como "true".
         Refer├¬ncia principal "UIAutomationProvider, Version=9.0.0.0, Culture=neutral, PublicKeyToken=31bf3856ad364e35".
             O caminho do arquivo resolvido ├® "C:\Program Files\dotnet\packs\Microsoft.WindowsDesktop.App.Ref\9.0.8\ref\net9.0\UIAutomationProvider.dll".
             Refer├¬ncia encontrada no local do caminho de pesquisa "{RawFileName}".
             Essa refer├¬ncia n├úo ├® "CopyLocal" porque pelo menos um item de origem tinha "Private" definido como "false" e nenhum item de origem tinha "Private" definido como "true".
         Refer├¬ncia principal "UIAutomationTypes, Version=9.0.0.0, Culture=neutral, PublicKeyToken=31bf3856ad364e35".
             O caminho do arquivo resolvido ├® "C:\Program Files\dotnet\packs\Microsoft.WindowsDesktop.App.Ref\9.0.8\ref\net9.0\UIAutomationTypes.dll".
             Refer├¬ncia encontrada no local do caminho de pesquisa "{RawFileName}".
             Essa refer├¬ncia n├úo ├® "CopyLocal" porque pelo menos um item de origem tinha "Private" definido como "false" e nenhum item de origem tinha "Private" definido como "true".
         Refer├¬ncia principal "WindowsBase, Version=9.0.0.0, Culture=neutral, PublicKeyToken=31bf3856ad364e35".
             O caminho do arquivo resolvido ├® "C:\Program Files\dotnet\packs\Microsoft.WindowsDesktop.App.Ref\9.0.8\ref\net9.0\WindowsBase.dll".
             Refer├¬ncia encontrada no local do caminho de pesquisa "{RawFileName}".
             Essa refer├¬ncia n├úo ├® "CopyLocal" porque pelo menos um item de origem tinha "Private" definido como "false" e nenhum item de origem tinha "Private" definido como "true".
         Refer├¬ncia principal "WindowsFormsIntegration, Version=9.0.0.0, Culture=neutral, PublicKeyToken=31bf3856ad364e35".
             O caminho do arquivo resolvido ├® "C:\Program Files\dotnet\packs\Microsoft.WindowsDesktop.App.Ref\9.0.8\ref\net9.0\WindowsFormsIntegration.dll".
             Refer├¬ncia encontrada no local do caminho de pesquisa "{RawFileName}".
             Essa refer├¬ncia n├úo ├® "CopyLocal" porque pelo menos um item de origem tinha "Private" definido como "false" e nenhum item de origem tinha "Private" definido como "true".
       Tarefa em execu├º├úo pronta "ResolveAssemblyReference".
   2:6>Destino de compila├º├úo pronto"ResolveAssemblyReferences" no projeto "L2Updater.csproj".
       Destino "_ErrorOnUnresolvedWindowsSDKAssemblyConflict" ignorado devido ├á condi├º├úo falsa; ( '@(ResolveAssemblyReferenceUnresolvedAssemblyConflicts)' != '' ) foi avaliado como ( '' != '' ).
       Destino "GenerateBindingRedirects" ignorado devido ├á condi├º├úo falsa; ('$(AutoGenerateBindingRedirects)' == 'true' and '$(GenerateBindingRedirectsOutputType)' == 'true' and '@(SuggestedBindingRedirects)' != '' and '$(DesignTimeBuild)' != 'true' and '$(BuildingProject)' == 'true') foi avaliado como ('' == 'true' and 'true' == 'true' and '' != '' and '' != 'true' and 'true' == 'true').
       Destino "GenerateSupportedRuntime" ignorado devido ├á condi├º├úo falsa; ('$(GenerateSupportedRuntime)' != 'false' and '$(TargetFrameworkIdentifier)' == '.NETFramework' and '$(HasRuntimeOutput)' == 'true') foi avaliado como ('' != 'false' and '.NETCoreApp' == '.NETFramework' and 'true' == 'true').
       Destino "GenerateBindingRedirectsUpdateAppConfig" ignorado devido ├á condi├º├úo falsa; ('$(AutoGenerateBindingRedirects)' == 'true' and '$(GenerateBindingRedirectsOutputType)' == 'true') foi avaliado como ('' == 'true' and 'true' == 'true').
       Destino "ResolveComReferences" ignorado devido ├á condi├º├úo falsa; ('@(COMReference)'!='' or '@(COMFileReference)'!='') foi avaliado como (''!='' or ''!='').
   2:6>Destino "AfterResolveReferences" no arquivo "C:\Program Files\dotnet\sdk\9.0.304\Microsoft.Common.CurrentVersion.targets" do projeto "D:\PROJETOS\LAUNCHER C#\launcher\L2Updater.csproj" (o destino "ResolveReferences" depende dele):
   2:6>Destino de compila├º├úo pronto"AfterResolveReferences" no projeto "L2Updater.csproj".
   2:6>Destino "ResolveReferences" no arquivo "C:\Program Files\dotnet\sdk\9.0.304\Microsoft.Common.CurrentVersion.targets" do projeto "D:\PROJETOS\LAUNCHER C#\launcher\L2Updater.csproj" (o destino "_BlockWinMDsOnUnsupportedTFMs" depende dele):
   2:6>Destino de compila├º├úo pronto"ResolveReferences" no projeto "L2Updater.csproj".
   2:6>Destino "_BlockWinMDsOnUnsupportedTFMs" no arquivo "C:\Program Files\dotnet\sdk\9.0.304\Sdks\Microsoft.NET.Sdk\targets\Microsoft.NET.Sdk.targets" do projeto "D:\PROJETOS\LAUNCHER C#\launcher\L2Updater.csproj" (o destino "CoreBuild" depende dele):
       Usando a tarefa "CheckForUnsupportedWinMDReferences" do assembly "C:\Program Files\dotnet\sdk\9.0.304\Sdks\Microsoft.NET.Sdk\targets\..\tools\net9.0\Microsoft.NET.Build.Tasks.dll".
       Tarefa "CheckForUnsupportedWinMDReferences"
       Tarefa em execu├º├úo pronta "CheckForUnsupportedWinMDReferences".
       A tarefa "NETSdkError" foi ignorada devido a condi├º├úo falsa; ('$(OutputType)' == 'winmdobj') foi avaliado como ('WinExe' == 'winmdobj').
   2:6>Destino de compila├º├úo pronto"_BlockWinMDsOnUnsupportedTFMs" no projeto "L2Updater.csproj".
       Destino "ResolveReferences" ignorado. Compilado anteriormente com ├¬xito.
       Destino "SplashScreenValidation" ignorado devido ├á condi├º├úo falsa; ('@(SplashScreen)' != '') foi avaliado como ('' != '').
   2:6>Destino "MarkupCompilePass1" no arquivo "C:\Program Files\dotnet\sdk\9.0.304\Sdks\Microsoft.NET.Sdk.WindowsDesktop\targets\Microsoft.WinFX.targets" do projeto "D:\PROJETOS\LAUNCHER C#\launcher\L2Updater.csproj" (o destino "PrepareResources" depende dele):
       A tarefa "Message" foi ignorada devido a condi├º├úo falsa; ('$(MSBuildTargetsVerbose)'=='true') foi avaliado como (''=='true').
       A tarefa "Message" foi ignorada devido a condi├º├úo falsa; ('$(MSBuildTargetsVerbose)'=='true') foi avaliado como (''=='true').
       A tarefa "Message" foi ignorada devido a condi├º├úo falsa; ('$(MSBuildTargetsVerbose)'=='true') foi avaliado como (''=='true').
       A tarefa "Message" foi ignorada devido a condi├º├úo falsa; ('$(MSBuildTargetsVerbose)'=='true') foi avaliado como (''=='true').
       Assembly carregado durante TaskRun: PresentationBuildTasks, Version=9.0.8.0, Culture=neutral, PublicKeyToken=31bf3856ad364e35 (local: C:\Program Files\dotnet\sdk\9.0.304\Sdks\Microsoft.NET.Sdk.WindowsDesktop\tools\net9.0\PresentationBuildTasks.dll, MVID: 1b1e270d-62f0-49c2-80ab-47dd842dd4e2, AssemblyLoadContext: MSBuild plugin C:\Program Files\dotnet\sdk\9.0.304\Sdks\Microsoft.NET.Sdk.WindowsDesktop\tools\net9.0\PresentationBuildTasks.dll)
       Usando a tarefa "MarkupCompilePass1" do assembly "C:\Program Files\dotnet\sdk\9.0.304\Sdks\Microsoft.NET.Sdk.WindowsDesktop\tools\net9.0\PresentationBuildTasks.dll".
       Tarefa "MarkupCompilePass1"
         
         
         Microsoft (R) Build Task 'MarkupCompilePass1' Vers├úo '9.0.825.36809'.
         Copyright (C) Microsoft Corporation 2005. Todos os direitos reservados.
         
         
         Entrada: arquivo de marca├º├úo ApplicationDefinition: 'D:\PROJETOS\LAUNCHER C#\launcher\App.xaml'.
         O diret├│rio atual do projeto ├® 'D:\PROJETOS\LAUNCHER C#\launcher\'.
         Resultado da an├ílise : 'All'.
         Arquivo XAML recompilado : 'D:\PROJETOS\LAUNCHER C#\launcher\Updater\MainStyleDict.xaml'.
         Arquivo XAML recompilado : 'D:\PROJETOS\LAUNCHER C#\launcher\Updater\MainWindow.xaml'.
         Arquivo XAML recompilado : 'D:\PROJETOS\LAUNCHER C#\launcher\Updater\NotificationWindow.xaml'.
         Arquivo XAML recompilado : 'D:\PROJETOS\LAUNCHER C#\launcher\Updater\Properties\designtimeresources.xaml'.
         Iniciada a compila├º├úo da marca├º├úo.
         OutputType ├® 'winexe'.
         Entrada: arquivo Reference do assembly: 'C:\Program Files\dotnet\packs\Microsoft.WindowsDesktop.App.Ref\9.0.8\ref\net9.0\Accessibility.dll'.
         Entrada: arquivo Reference do assembly: 'C:\Users\danie\.nuget\packages\communitytoolkit.mvvm\8.2.2\lib\net6.0\CommunityToolkit.Mvvm.dll'.
         Entrada: arquivo Reference do assembly: 'C:\Program Files\dotnet\packs\Microsoft.NETCore.App.Ref\9.0.8\ref\net9.0\Microsoft.CSharp.dll'.
         Entrada: arquivo Reference do assembly: 'C:\Users\danie\.nuget\packages\microsoft.extensions.configuration.abstractions\9.0.0\lib\net9.0\Microsoft.Extensions.Configuration.Abstractions.dll'.
         Entrada: arquivo Reference do assembly: 'C:\Users\danie\.nuget\packages\microsoft.extensions.configuration.binder\9.0.0\lib\net9.0\Microsoft.Extensions.Configuration.Binder.dll'.
         Entrada: arquivo Reference do assembly: 'C:\Users\danie\.nuget\packages\microsoft.extensions.configuration\9.0.0\lib\net9.0\Microsoft.Extensions.Configuration.dll'.
         Entrada: arquivo Reference do assembly: 'C:\Users\danie\.nuget\packages\microsoft.extensions.configuration.fileextensions\9.0.0\lib\net9.0\Microsoft.Extensions.Configuration.FileExtensions.dll'.
         Entrada: arquivo Reference do assembly: 'C:\Users\danie\.nuget\packages\microsoft.extensions.configuration.json\9.0.0\lib\net9.0\Microsoft.Extensions.Configuration.Json.dll'.
         Entrada: arquivo Reference do assembly: 'C:\Users\danie\.nuget\packages\microsoft.extensions.dependencyinjection.abstractions\9.0.0\lib\net9.0\Microsoft.Extensions.DependencyInjection.Abstractions.dll'.
         Entrada: arquivo Reference do assembly: 'C:\Users\danie\.nuget\packages\microsoft.extensions.dependencyinjection\9.0.0\lib\net9.0\Microsoft.Extensions.DependencyInjection.dll'.
         Entrada: arquivo Reference do assembly: 'C:\Users\danie\.nuget\packages\microsoft.extensions.diagnostics.abstractions\9.0.0\lib\net9.0\Microsoft.Extensions.Diagnostics.Abstractions.dll'.
         Entrada: arquivo Reference do assembly: 'C:\Users\danie\.nuget\packages\microsoft.extensions.diagnostics\9.0.0\lib\net9.0\Microsoft.Extensions.Diagnostics.dll'.
         Entrada: arquivo Reference do assembly: 'C:\Users\danie\.nuget\packages\microsoft.extensions.fileproviders.abstractions\9.0.0\lib\net9.0\Microsoft.Extensions.FileProviders.Abstractions.dll'.
         Entrada: arquivo Reference do assembly: 'C:\Users\danie\.nuget\packages\microsoft.extensions.fileproviders.physical\9.0.0\lib\net9.0\Microsoft.Extensions.FileProviders.Physical.dll'.
         Entrada: arquivo Reference do assembly: 'C:\Users\danie\.nuget\packages\microsoft.extensions.filesystemglobbing\9.0.0\lib\net9.0\Microsoft.Extensions.FileSystemGlobbing.dll'.
         Entrada: arquivo Reference do assembly: 'C:\Users\danie\.nuget\packages\microsoft.extensions.http\9.0.0\lib\net9.0\Microsoft.Extensions.Http.dll'.
         Entrada: arquivo Reference do assembly: 'C:\Users\danie\.nuget\packages\microsoft.extensions.logging.abstractions\9.0.0\lib\net9.0\Microsoft.Extensions.Logging.Abstractions.dll'.
         Entrada: arquivo Reference do assembly: 'C:\Users\danie\.nuget\packages\microsoft.extensions.logging.configuration\9.0.0\lib\net9.0\Microsoft.Extensions.Logging.Configuration.dll'.
         Entrada: arquivo Reference do assembly: 'C:\Users\danie\.nuget\packages\microsoft.extensions.logging.console\9.0.0\lib\net9.0\Microsoft.Extensions.Logging.Console.dll'.
         Entrada: arquivo Reference do assembly: 'C:\Users\danie\.nuget\packages\microsoft.extensions.logging\9.0.0\lib\net9.0\Microsoft.Extensions.Logging.dll'.
         Entrada: arquivo Reference do assembly: 'C:\Users\danie\.nuget\packages\microsoft.extensions.options.configurationextensions\9.0.0\lib\net9.0\Microsoft.Extensions.Options.ConfigurationExtensions.dll'.
         Entrada: arquivo Reference do assembly: 'C:\Users\danie\.nuget\packages\microsoft.extensions.options\9.0.0\lib\net9.0\Microsoft.Extensions.Options.dll'.
         Entrada: arquivo Reference do assembly: 'C:\Users\danie\.nuget\packages\microsoft.extensions.primitives\9.0.0\lib\net9.0\Microsoft.Extensions.Primitives.dll'.
         Entrada: arquivo Reference do assembly: 'C:\Program Files\dotnet\packs\Microsoft.NETCore.App.Ref\9.0.8\ref\net9.0\Microsoft.VisualBasic.Core.dll'.
         Entrada: arquivo Reference do assembly: 'C:\Program Files\dotnet\packs\Microsoft.WindowsDesktop.App.Ref\9.0.8\ref\net9.0\Microsoft.VisualBasic.dll'.
         Entrada: arquivo Reference do assembly: 'C:\Program Files\dotnet\packs\Microsoft.WindowsDesktop.App.Ref\9.0.8\ref\net9.0\Microsoft.VisualBasic.Forms.dll'.
         Entrada: arquivo Reference do assembly: 'C:\Program Files\dotnet\packs\Microsoft.NETCore.App.Ref\9.0.8\ref\net9.0\Microsoft.Win32.Primitives.dll'.
         Entrada: arquivo Reference do assembly: 'C:\Program Files\dotnet\packs\Microsoft.WindowsDesktop.App.Ref\9.0.8\ref\net9.0\Microsoft.Win32.Registry.AccessControl.dll'.
         Entrada: arquivo Reference do assembly: 'C:\Program Files\dotnet\packs\Microsoft.NETCore.App.Ref\9.0.8\ref\net9.0\Microsoft.Win32.Registry.dll'.
         Entrada: arquivo Reference do assembly: 'C:\Program Files\dotnet\packs\Microsoft.WindowsDesktop.App.Ref\9.0.8\ref\net9.0\Microsoft.Win32.SystemEvents.dll'.
         Entrada: arquivo Reference do assembly: 'C:\Program Files\dotnet\packs\Microsoft.NETCore.App.Ref\9.0.8\ref\net9.0\mscorlib.dll'.
         Entrada: arquivo Reference do assembly: 'C:\Program Files\dotnet\packs\Microsoft.NETCore.App.Ref\9.0.8\ref\net9.0\netstandard.dll'.
         Entrada: arquivo Reference do assembly: 'C:\Users\danie\.nuget\packages\newtonsoft.json\13.0.3\lib\net6.0\Newtonsoft.Json.dll'.
         Entrada: arquivo Reference do assembly: 'C:\Program Files\dotnet\packs\Microsoft.WindowsDesktop.App.Ref\9.0.8\ref\net9.0\PresentationCore.dll'.
         Entrada: arquivo Reference do assembly: 'C:\Program Files\dotnet\packs\Microsoft.WindowsDesktop.App.Ref\9.0.8\ref\net9.0\PresentationFramework.Aero.dll'.
         Entrada: arquivo Reference do assembly: 'C:\Program Files\dotnet\packs\Microsoft.WindowsDesktop.App.Ref\9.0.8\ref\net9.0\PresentationFramework.Aero2.dll'.
         Entrada: arquivo Reference do assembly: 'C:\Program Files\dotnet\packs\Microsoft.WindowsDesktop.App.Ref\9.0.8\ref\net9.0\PresentationFramework.AeroLite.dll'.
         Entrada: arquivo Reference do assembly: 'C:\Program Files\dotnet\packs\Microsoft.WindowsDesktop.App.Ref\9.0.8\ref\net9.0\PresentationFramework.Classic.dll'.
         Entrada: arquivo Reference do assembly: 'C:\Program Files\dotnet\packs\Microsoft.WindowsDesktop.App.Ref\9.0.8\ref\net9.0\PresentationFramework.dll'.
         Entrada: arquivo Reference do assembly: 'C:\Program Files\dotnet\packs\Microsoft.WindowsDesktop.App.Ref\9.0.8\ref\net9.0\PresentationFramework.Luna.dll'.
         Entrada: arquivo Reference do assembly: 'C:\Program Files\dotnet\packs\Microsoft.WindowsDesktop.App.Ref\9.0.8\ref\net9.0\PresentationFramework.Royale.dll'.
         Entrada: arquivo Reference do assembly: 'C:\Program Files\dotnet\packs\Microsoft.WindowsDesktop.App.Ref\9.0.8\ref\net9.0\PresentationUI.dll'.
         Entrada: arquivo Reference do assembly: 'C:\Program Files\dotnet\packs\Microsoft.WindowsDesktop.App.Ref\9.0.8\ref\net9.0\ReachFramework.dll'.
         Entrada: arquivo Reference do assembly: 'C:\Users\danie\.nuget\packages\serilog\4.0.0\lib\net8.0\Serilog.dll'.
         Entrada: arquivo Reference do assembly: 'C:\Users\danie\.nuget\packages\serilog.extensions.logging\8.0.0\lib\net8.0\Serilog.Extensions.Logging.dll'.
         Entrada: arquivo Reference do assembly: 'C:\Users\danie\.nuget\packages\serilog.sinks.console\6.0.0\lib\net8.0\Serilog.Sinks.Console.dll'.
         Entrada: arquivo Reference do assembly: 'C:\Users\danie\.nuget\packages\serilog.sinks.file\6.0.0\lib\net8.0\Serilog.Sinks.File.dll'.
         Entrada: arquivo Reference do assembly: 'C:\Program Files\dotnet\packs\Microsoft.NETCore.App.Ref\9.0.8\ref\net9.0\System.AppContext.dll'.
         Entrada: arquivo Reference do assembly: 'C:\Program Files\dotnet\packs\Microsoft.NETCore.App.Ref\9.0.8\ref\net9.0\System.Buffers.dll'.
         Entrada: arquivo Reference do assembly: 'C:\Program Files\dotnet\packs\Microsoft.WindowsDesktop.App.Ref\9.0.8\ref\net9.0\System.CodeDom.dll'.
         Entrada: arquivo Reference do assembly: 'C:\Program Files\dotnet\packs\Microsoft.NETCore.App.Ref\9.0.8\ref\net9.0\System.Collections.Concurrent.dll'.
         Entrada: arquivo Reference do assembly: 'C:\Program Files\dotnet\packs\Microsoft.NETCore.App.Ref\9.0.8\ref\net9.0\System.Collections.dll'.
         Entrada: arquivo Reference do assembly: 'C:\Program Files\dotnet\packs\Microsoft.NETCore.App.Ref\9.0.8\ref\net9.0\System.Collections.Immutable.dll'.
         Entrada: arquivo Reference do assembly: 'C:\Program Files\dotnet\packs\Microsoft.NETCore.App.Ref\9.0.8\ref\net9.0\System.Collections.NonGeneric.dll'.
         Entrada: arquivo Reference do assembly: 'C:\Program Files\dotnet\packs\Microsoft.NETCore.App.Ref\9.0.8\ref\net9.0\System.Collections.Specialized.dll'.
         Entrada: arquivo Reference do assembly: 'C:\Program Files\dotnet\packs\Microsoft.NETCore.App.Ref\9.0.8\ref\net9.0\System.ComponentModel.Annotations.dll'.
         Entrada: arquivo Reference do assembly: 'C:\Program Files\dotnet\packs\Microsoft.NETCore.App.Ref\9.0.8\ref\net9.0\System.ComponentModel.DataAnnotations.dll'.
         Entrada: arquivo Reference do assembly: 'C:\Program Files\dotnet\packs\Microsoft.NETCore.App.Ref\9.0.8\ref\net9.0\System.ComponentModel.dll'.
         Entrada: arquivo Reference do assembly: 'C:\Program Files\dotnet\packs\Microsoft.NETCore.App.Ref\9.0.8\ref\net9.0\System.ComponentModel.EventBasedAsync.dll'.
         Entrada: arquivo Reference do assembly: 'C:\Program Files\dotnet\packs\Microsoft.NETCore.App.Ref\9.0.8\ref\net9.0\System.ComponentModel.Primitives.dll'.
         Entrada: arquivo Reference do assembly: 'C:\Program Files\dotnet\packs\Microsoft.NETCore.App.Ref\9.0.8\ref\net9.0\System.ComponentModel.TypeConverter.dll'.
         Entrada: arquivo Reference do assembly: 'C:\Program Files\dotnet\packs\Microsoft.WindowsDesktop.App.Ref\9.0.8\ref\net9.0\System.Configuration.ConfigurationManager.dll'.
         Entrada: arquivo Reference do assembly: 'C:\Program Files\dotnet\packs\Microsoft.NETCore.App.Ref\9.0.8\ref\net9.0\System.Configuration.dll'.
         Entrada: arquivo Reference do assembly: 'C:\Program Files\dotnet\packs\Microsoft.NETCore.App.Ref\9.0.8\ref\net9.0\System.Console.dll'.
         Entrada: arquivo Reference do assembly: 'C:\Program Files\dotnet\packs\Microsoft.NETCore.App.Ref\9.0.8\ref\net9.0\System.Core.dll'.
         Entrada: arquivo Reference do assembly: 'C:\Program Files\dotnet\packs\Microsoft.NETCore.App.Ref\9.0.8\ref\net9.0\System.Data.Common.dll'.
         Entrada: arquivo Reference do assembly: 'C:\Program Files\dotnet\packs\Microsoft.NETCore.App.Ref\9.0.8\ref\net9.0\System.Data.DataSetExtensions.dll'.
         Entrada: arquivo Reference do assembly: 'C:\Program Files\dotnet\packs\Microsoft.NETCore.App.Ref\9.0.8\ref\net9.0\System.Data.dll'.
         Entrada: arquivo Reference do assembly: 'C:\Program Files\dotnet\packs\Microsoft.WindowsDesktop.App.Ref\9.0.8\ref\net9.0\System.Design.dll'.
         Entrada: arquivo Reference do assembly: 'C:\Program Files\dotnet\packs\Microsoft.NETCore.App.Ref\9.0.8\ref\net9.0\System.Diagnostics.Contracts.dll'.
         Entrada: arquivo Reference do assembly: 'C:\Program Files\dotnet\packs\Microsoft.NETCore.App.Ref\9.0.8\ref\net9.0\System.Diagnostics.Debug.dll'.
         Entrada: arquivo Reference do assembly: 'C:\Program Files\dotnet\packs\Microsoft.NETCore.App.Ref\9.0.8\ref\net9.0\System.Diagnostics.DiagnosticSource.dll'.
         Entrada: arquivo Reference do assembly: 'C:\Program Files\dotnet\packs\Microsoft.WindowsDesktop.App.Ref\9.0.8\ref\net9.0\System.Diagnostics.EventLog.dll'.
         Entrada: arquivo Reference do assembly: 'C:\Program Files\dotnet\packs\Microsoft.NETCore.App.Ref\9.0.8\ref\net9.0\System.Diagnostics.FileVersionInfo.dll'.
         Entrada: arquivo Reference do assembly: 'C:\Program Files\dotnet\packs\Microsoft.WindowsDesktop.App.Ref\9.0.8\ref\net9.0\System.Diagnostics.PerformanceCounter.dll'.
         Entrada: arquivo Reference do assembly: 'C:\Program Files\dotnet\packs\Microsoft.NETCore.App.Ref\9.0.8\ref\net9.0\System.Diagnostics.Process.dll'.
         Entrada: arquivo Reference do assembly: 'C:\Program Files\dotnet\packs\Microsoft.NETCore.App.Ref\9.0.8\ref\net9.0\System.Diagnostics.StackTrace.dll'.
         Entrada: arquivo Reference do assembly: 'C:\Program Files\dotnet\packs\Microsoft.NETCore.App.Ref\9.0.8\ref\net9.0\System.Diagnostics.TextWriterTraceListener.dll'.
         Entrada: arquivo Reference do assembly: 'C:\Program Files\dotnet\packs\Microsoft.NETCore.App.Ref\9.0.8\ref\net9.0\System.Diagnostics.Tools.dll'.
         Entrada: arquivo Reference do assembly: 'C:\Program Files\dotnet\packs\Microsoft.NETCore.App.Ref\9.0.8\ref\net9.0\System.Diagnostics.TraceSource.dll'.
         Entrada: arquivo Reference do assembly: 'C:\Program Files\dotnet\packs\Microsoft.NETCore.App.Ref\9.0.8\ref\net9.0\System.Diagnostics.Tracing.dll'.
         Entrada: arquivo Reference do assembly: 'C:\Program Files\dotnet\packs\Microsoft.WindowsDesktop.App.Ref\9.0.8\ref\net9.0\System.DirectoryServices.dll'.
         Entrada: arquivo Reference do assembly: 'C:\Program Files\dotnet\packs\Microsoft.NETCore.App.Ref\9.0.8\ref\net9.0\System.dll'.
         Entrada: arquivo Reference do assembly: 'C:\Program Files\dotnet\packs\Microsoft.WindowsDesktop.App.Ref\9.0.8\ref\net9.0\System.Drawing.Common.dll'.
         Entrada: arquivo Reference do assembly: 'C:\Program Files\dotnet\packs\Microsoft.WindowsDesktop.App.Ref\9.0.8\ref\net9.0\System.Drawing.Design.dll'.
         Entrada: arquivo Reference do assembly: 'C:\Program Files\dotnet\packs\Microsoft.WindowsDesktop.App.Ref\9.0.8\ref\net9.0\System.Drawing.dll'.
         Entrada: arquivo Reference do assembly: 'C:\Program Files\dotnet\packs\Microsoft.NETCore.App.Ref\9.0.8\ref\net9.0\System.Drawing.Primitives.dll'.
         Entrada: arquivo Reference do assembly: 'C:\Program Files\dotnet\packs\Microsoft.NETCore.App.Ref\9.0.8\ref\net9.0\System.Dynamic.Runtime.dll'.
         Entrada: arquivo Reference do assembly: 'C:\Program Files\dotnet\packs\Microsoft.NETCore.App.Ref\9.0.8\ref\net9.0\System.Formats.Asn1.dll'.
         Entrada: arquivo Reference do assembly: 'C:\Program Files\dotnet\packs\Microsoft.WindowsDesktop.App.Ref\9.0.8\ref\net9.0\System.Formats.Nrbf.dll'.
         Entrada: arquivo Reference do assembly: 'C:\Program Files\dotnet\packs\Microsoft.NETCore.App.Ref\9.0.8\ref\net9.0\System.Formats.Tar.dll'.
         Entrada: arquivo Reference do assembly: 'C:\Program Files\dotnet\packs\Microsoft.NETCore.App.Ref\9.0.8\ref\net9.0\System.Globalization.Calendars.dll'.
         Entrada: arquivo Reference do assembly: 'C:\Program Files\dotnet\packs\Microsoft.NETCore.App.Ref\9.0.8\ref\net9.0\System.Globalization.dll'.
         Entrada: arquivo Reference do assembly: 'C:\Program Files\dotnet\packs\Microsoft.NETCore.App.Ref\9.0.8\ref\net9.0\System.Globalization.Extensions.dll'.
         Entrada: arquivo Reference do assembly: 'C:\Program Files\dotnet\packs\Microsoft.NETCore.App.Ref\9.0.8\ref\net9.0\System.IO.Compression.Brotli.dll'.
         Entrada: arquivo Reference do assembly: 'C:\Program Files\dotnet\packs\Microsoft.NETCore.App.Ref\9.0.8\ref\net9.0\System.IO.Compression.dll'.
         Entrada: arquivo Reference do assembly: 'C:\Program Files\dotnet\packs\Microsoft.NETCore.App.Ref\9.0.8\ref\net9.0\System.IO.Compression.FileSystem.dll'.
         Entrada: arquivo Reference do assembly: 'C:\Program Files\dotnet\packs\Microsoft.NETCore.App.Ref\9.0.8\ref\net9.0\System.IO.Compression.ZipFile.dll'.
         Entrada: arquivo Reference do assembly: 'C:\Program Files\dotnet\packs\Microsoft.NETCore.App.Ref\9.0.8\ref\net9.0\System.IO.dll'.
         Entrada: arquivo Reference do assembly: 'C:\Program Files\dotnet\packs\Microsoft.NETCore.App.Ref\9.0.8\ref\net9.0\System.IO.FileSystem.AccessControl.dll'.
         Entrada: arquivo Reference do assembly: 'C:\Program Files\dotnet\packs\Microsoft.NETCore.App.Ref\9.0.8\ref\net9.0\System.IO.FileSystem.dll'.
         Entrada: arquivo Reference do assembly: 'C:\Program Files\dotnet\packs\Microsoft.NETCore.App.Ref\9.0.8\ref\net9.0\System.IO.FileSystem.DriveInfo.dll'.
         Entrada: arquivo Reference do assembly: 'C:\Program Files\dotnet\packs\Microsoft.NETCore.App.Ref\9.0.8\ref\net9.0\System.IO.FileSystem.Primitives.dll'.
         Entrada: arquivo Reference do assembly: 'C:\Program Files\dotnet\packs\Microsoft.NETCore.App.Ref\9.0.8\ref\net9.0\System.IO.FileSystem.Watcher.dll'.
         Entrada: arquivo Reference do assembly: 'C:\Program Files\dotnet\packs\Microsoft.NETCore.App.Ref\9.0.8\ref\net9.0\System.IO.IsolatedStorage.dll'.
         Entrada: arquivo Reference do assembly: 'C:\Program Files\dotnet\packs\Microsoft.NETCore.App.Ref\9.0.8\ref\net9.0\System.IO.MemoryMappedFiles.dll'.
         Entrada: arquivo Reference do assembly: 'C:\Program Files\dotnet\packs\Microsoft.WindowsDesktop.App.Ref\9.0.8\ref\net9.0\System.IO.Packaging.dll'.
         Entrada: arquivo Reference do assembly: 'C:\Program Files\dotnet\packs\Microsoft.NETCore.App.Ref\9.0.8\ref\net9.0\System.IO.Pipelines.dll'.
         Entrada: arquivo Reference do assembly: 'C:\Program Files\dotnet\packs\Microsoft.NETCore.App.Ref\9.0.8\ref\net9.0\System.IO.Pipes.AccessControl.dll'.
         Entrada: arquivo Reference do assembly: 'C:\Program Files\dotnet\packs\Microsoft.NETCore.App.Ref\9.0.8\ref\net9.0\System.IO.Pipes.dll'.
         Entrada: arquivo Reference do assembly: 'C:\Program Files\dotnet\packs\Microsoft.NETCore.App.Ref\9.0.8\ref\net9.0\System.IO.UnmanagedMemoryStream.dll'.
         Entrada: arquivo Reference do assembly: 'C:\Program Files\dotnet\packs\Microsoft.NETCore.App.Ref\9.0.8\ref\net9.0\System.Linq.dll'.
         Entrada: arquivo Reference do assembly: 'C:\Program Files\dotnet\packs\Microsoft.NETCore.App.Ref\9.0.8\ref\net9.0\System.Linq.Expressions.dll'.
         Entrada: arquivo Reference do assembly: 'C:\Program Files\dotnet\packs\Microsoft.NETCore.App.Ref\9.0.8\ref\net9.0\System.Linq.Parallel.dll'.
         Entrada: arquivo Reference do assembly: 'C:\Program Files\dotnet\packs\Microsoft.NETCore.App.Ref\9.0.8\ref\net9.0\System.Linq.Queryable.dll'.
         Entrada: arquivo Reference do assembly: 'C:\Program Files\dotnet\packs\Microsoft.NETCore.App.Ref\9.0.8\ref\net9.0\System.Memory.dll'.
         Entrada: arquivo Reference do assembly: 'C:\Program Files\dotnet\packs\Microsoft.NETCore.App.Ref\9.0.8\ref\net9.0\System.Net.dll'.
         Entrada: arquivo Reference do assembly: 'C:\Program Files\dotnet\packs\Microsoft.NETCore.App.Ref\9.0.8\ref\net9.0\System.Net.Http.dll'.
         Entrada: arquivo Reference do assembly: 'C:\Program Files\dotnet\packs\Microsoft.NETCore.App.Ref\9.0.8\ref\net9.0\System.Net.Http.Json.dll'.
         Entrada: arquivo Reference do assembly: 'C:\Program Files\dotnet\packs\Microsoft.NETCore.App.Ref\9.0.8\ref\net9.0\System.Net.HttpListener.dll'.
         Entrada: arquivo Reference do assembly: 'C:\Program Files\dotnet\packs\Microsoft.NETCore.App.Ref\9.0.8\ref\net9.0\System.Net.Mail.dll'.
         Entrada: arquivo Reference do assembly: 'C:\Program Files\dotnet\packs\Microsoft.NETCore.App.Ref\9.0.8\ref\net9.0\System.Net.NameResolution.dll'.
         Entrada: arquivo Reference do assembly: 'C:\Program Files\dotnet\packs\Microsoft.NETCore.App.Ref\9.0.8\ref\net9.0\System.Net.NetworkInformation.dll'.
         Entrada: arquivo Reference do assembly: 'C:\Program Files\dotnet\packs\Microsoft.NETCore.App.Ref\9.0.8\ref\net9.0\System.Net.Ping.dll'.
         Entrada: arquivo Reference do assembly: 'C:\Program Files\dotnet\packs\Microsoft.NETCore.App.Ref\9.0.8\ref\net9.0\System.Net.Primitives.dll'.
         Entrada: arquivo Reference do assembly: 'C:\Program Files\dotnet\packs\Microsoft.NETCore.App.Ref\9.0.8\ref\net9.0\System.Net.Quic.dll'.
         Entrada: arquivo Reference do assembly: 'C:\Program Files\dotnet\packs\Microsoft.NETCore.App.Ref\9.0.8\ref\net9.0\System.Net.Requests.dll'.
         Entrada: arquivo Reference do assembly: 'C:\Program Files\dotnet\packs\Microsoft.NETCore.App.Ref\9.0.8\ref\net9.0\System.Net.Security.dll'.
         Entrada: arquivo Reference do assembly: 'C:\Program Files\dotnet\packs\Microsoft.NETCore.App.Ref\9.0.8\ref\net9.0\System.Net.ServicePoint.dll'.
         Entrada: arquivo Reference do assembly: 'C:\Program Files\dotnet\packs\Microsoft.NETCore.App.Ref\9.0.8\ref\net9.0\System.Net.Sockets.dll'.
         Entrada: arquivo Reference do assembly: 'C:\Program Files\dotnet\packs\Microsoft.NETCore.App.Ref\9.0.8\ref\net9.0\System.Net.WebClient.dll'.
         Entrada: arquivo Reference do assembly: 'C:\Program Files\dotnet\packs\Microsoft.NETCore.App.Ref\9.0.8\ref\net9.0\System.Net.WebHeaderCollection.dll'.
         Entrada: arquivo Reference do assembly: 'C:\Program Files\dotnet\packs\Microsoft.NETCore.App.Ref\9.0.8\ref\net9.0\System.Net.WebProxy.dll'.
         Entrada: arquivo Reference do assembly: 'C:\Program Files\dotnet\packs\Microsoft.NETCore.App.Ref\9.0.8\ref\net9.0\System.Net.WebSockets.Client.dll'.
         Entrada: arquivo Reference do assembly: 'C:\Program Files\dotnet\packs\Microsoft.NETCore.App.Ref\9.0.8\ref\net9.0\System.Net.WebSockets.dll'.
         Entrada: arquivo Reference do assembly: 'C:\Program Files\dotnet\packs\Microsoft.NETCore.App.Ref\9.0.8\ref\net9.0\System.Numerics.dll'.
         Entrada: arquivo Reference do assembly: 'C:\Program Files\dotnet\packs\Microsoft.NETCore.App.Ref\9.0.8\ref\net9.0\System.Numerics.Vectors.dll'.
         Entrada: arquivo Reference do assembly: 'C:\Program Files\dotnet\packs\Microsoft.NETCore.App.Ref\9.0.8\ref\net9.0\System.ObjectModel.dll'.
         Entrada: arquivo Reference do assembly: 'C:\Program Files\dotnet\packs\Microsoft.WindowsDesktop.App.Ref\9.0.8\ref\net9.0\System.Printing.dll'.
         Entrada: arquivo Reference do assembly: 'C:\Program Files\dotnet\packs\Microsoft.WindowsDesktop.App.Ref\9.0.8\ref\net9.0\System.Private.Windows.Core.dll'.
         Entrada: arquivo Reference do assembly: 'C:\Program Files\dotnet\packs\Microsoft.NETCore.App.Ref\9.0.8\ref\net9.0\System.Reflection.DispatchProxy.dll'.
         Entrada: arquivo Reference do assembly: 'C:\Program Files\dotnet\packs\Microsoft.NETCore.App.Ref\9.0.8\ref\net9.0\System.Reflection.dll'.
         Entrada: arquivo Reference do assembly: 'C:\Program Files\dotnet\packs\Microsoft.NETCore.App.Ref\9.0.8\ref\net9.0\System.Reflection.Emit.dll'.
         Entrada: arquivo Reference do assembly: 'C:\Program Files\dotnet\packs\Microsoft.NETCore.App.Ref\9.0.8\ref\net9.0\System.Reflection.Emit.ILGeneration.dll'.
         Entrada: arquivo Reference do assembly: 'C:\Program Files\dotnet\packs\Microsoft.NETCore.App.Ref\9.0.8\ref\net9.0\System.Reflection.Emit.Lightweight.dll'.
         Entrada: arquivo Reference do assembly: 'C:\Program Files\dotnet\packs\Microsoft.NETCore.App.Ref\9.0.8\ref\net9.0\System.Reflection.Extensions.dll'.
         Entrada: arquivo Reference do assembly: 'C:\Program Files\dotnet\packs\Microsoft.NETCore.App.Ref\9.0.8\ref\net9.0\System.Reflection.Metadata.dll'.
         Entrada: arquivo Reference do assembly: 'C:\Program Files\dotnet\packs\Microsoft.NETCore.App.Ref\9.0.8\ref\net9.0\System.Reflection.Primitives.dll'.
         Entrada: arquivo Reference do assembly: 'C:\Program Files\dotnet\packs\Microsoft.NETCore.App.Ref\9.0.8\ref\net9.0\System.Reflection.TypeExtensions.dll'.
         Entrada: arquivo Reference do assembly: 'C:\Program Files\dotnet\packs\Microsoft.WindowsDesktop.App.Ref\9.0.8\ref\net9.0\System.Resources.Extensions.dll'.
         Entrada: arquivo Reference do assembly: 'C:\Program Files\dotnet\packs\Microsoft.NETCore.App.Ref\9.0.8\ref\net9.0\System.Resources.Reader.dll'.
         Entrada: arquivo Reference do assembly: 'C:\Program Files\dotnet\packs\Microsoft.NETCore.App.Ref\9.0.8\ref\net9.0\System.Resources.ResourceManager.dll'.
         Entrada: arquivo Reference do assembly: 'C:\Program Files\dotnet\packs\Microsoft.NETCore.App.Ref\9.0.8\ref\net9.0\System.Resources.Writer.dll'.
         Entrada: arquivo Reference do assembly: 'C:\Program Files\dotnet\packs\Microsoft.NETCore.App.Ref\9.0.8\ref\net9.0\System.Runtime.CompilerServices.Unsafe.dll'.
         Entrada: arquivo Reference do assembly: 'C:\Program Files\dotnet\packs\Microsoft.NETCore.App.Ref\9.0.8\ref\net9.0\System.Runtime.CompilerServices.VisualC.dll'.
         Entrada: arquivo Reference do assembly: 'C:\Program Files\dotnet\packs\Microsoft.NETCore.App.Ref\9.0.8\ref\net9.0\System.Runtime.dll'.
         Entrada: arquivo Reference do assembly: 'C:\Program Files\dotnet\packs\Microsoft.NETCore.App.Ref\9.0.8\ref\net9.0\System.Runtime.Extensions.dll'.
         Entrada: arquivo Reference do assembly: 'C:\Program Files\dotnet\packs\Microsoft.NETCore.App.Ref\9.0.8\ref\net9.0\System.Runtime.Handles.dll'.
         Entrada: arquivo Reference do assembly: 'C:\Program Files\dotnet\packs\Microsoft.NETCore.App.Ref\9.0.8\ref\net9.0\System.Runtime.InteropServices.dll'.
         Entrada: arquivo Reference do assembly: 'C:\Program Files\dotnet\packs\Microsoft.NETCore.App.Ref\9.0.8\ref\net9.0\System.Runtime.InteropServices.JavaScript.dll'.
         Entrada: arquivo Reference do assembly: 'C:\Program Files\dotnet\packs\Microsoft.NETCore.App.Ref\9.0.8\ref\net9.0\System.Runtime.InteropServices.RuntimeInformation.dll'.
         Entrada: arquivo Reference do assembly: 'C:\Program Files\dotnet\packs\Microsoft.NETCore.App.Ref\9.0.8\ref\net9.0\System.Runtime.Intrinsics.dll'.
         Entrada: arquivo Reference do assembly: 'C:\Program Files\dotnet\packs\Microsoft.NETCore.App.Ref\9.0.8\ref\net9.0\System.Runtime.Loader.dll'.
         Entrada: arquivo Reference do assembly: 'C:\Program Files\dotnet\packs\Microsoft.NETCore.App.Ref\9.0.8\ref\net9.0\System.Runtime.Numerics.dll'.
         Entrada: arquivo Reference do assembly: 'C:\Program Files\dotnet\packs\Microsoft.NETCore.App.Ref\9.0.8\ref\net9.0\System.Runtime.Serialization.dll'.
         Entrada: arquivo Reference do assembly: 'C:\Program Files\dotnet\packs\Microsoft.NETCore.App.Ref\9.0.8\ref\net9.0\System.Runtime.Serialization.Formatters.dll'.
         Entrada: arquivo Reference do assembly: 'C:\Program Files\dotnet\packs\Microsoft.NETCore.App.Ref\9.0.8\ref\net9.0\System.Runtime.Serialization.Json.dll'.
         Entrada: arquivo Reference do assembly: 'C:\Program Files\dotnet\packs\Microsoft.NETCore.App.Ref\9.0.8\ref\net9.0\System.Runtime.Serialization.Primitives.dll'.
         Entrada: arquivo Reference do assembly: 'C:\Program Files\dotnet\packs\Microsoft.NETCore.App.Ref\9.0.8\ref\net9.0\System.Runtime.Serialization.Xml.dll'.
         Entrada: arquivo Reference do assembly: 'C:\Program Files\dotnet\packs\Microsoft.NETCore.App.Ref\9.0.8\ref\net9.0\System.Security.AccessControl.dll'.
         Entrada: arquivo Reference do assembly: 'C:\Program Files\dotnet\packs\Microsoft.NETCore.App.Ref\9.0.8\ref\net9.0\System.Security.Claims.dll'.
         Entrada: arquivo Reference do assembly: 'C:\Program Files\dotnet\packs\Microsoft.NETCore.App.Ref\9.0.8\ref\net9.0\System.Security.Cryptography.Algorithms.dll'.
         Entrada: arquivo Reference do assembly: 'C:\Program Files\dotnet\packs\Microsoft.NETCore.App.Ref\9.0.8\ref\net9.0\System.Security.Cryptography.Cng.dll'.
         Entrada: arquivo Reference do assembly: 'C:\Program Files\dotnet\packs\Microsoft.NETCore.App.Ref\9.0.8\ref\net9.0\System.Security.Cryptography.Csp.dll'.
         Entrada: arquivo Reference do assembly: 'C:\Program Files\dotnet\packs\Microsoft.NETCore.App.Ref\9.0.8\ref\net9.0\System.Security.Cryptography.dll'.
         Entrada: arquivo Reference do assembly: 'C:\Program Files\dotnet\packs\Microsoft.NETCore.App.Ref\9.0.8\ref\net9.0\System.Security.Cryptography.Encoding.dll'.
         Entrada: arquivo Reference do assembly: 'C:\Program Files\dotnet\packs\Microsoft.NETCore.App.Ref\9.0.8\ref\net9.0\System.Security.Cryptography.OpenSsl.dll'.
         Entrada: arquivo Reference do assembly: 'C:\Program Files\dotnet\packs\Microsoft.WindowsDesktop.App.Ref\9.0.8\ref\net9.0\System.Security.Cryptography.Pkcs.dll'.
         Entrada: arquivo Reference do assembly: 'C:\Program Files\dotnet\packs\Microsoft.NETCore.App.Ref\9.0.8\ref\net9.0\System.Security.Cryptography.Primitives.dll'.
         Entrada: arquivo Reference do assembly: 'C:\Program Files\dotnet\packs\Microsoft.WindowsDesktop.App.Ref\9.0.8\ref\net9.0\System.Security.Cryptography.ProtectedData.dll'.
         Entrada: arquivo Reference do assembly: 'C:\Program Files\dotnet\packs\Microsoft.NETCore.App.Ref\9.0.8\ref\net9.0\System.Security.Cryptography.X509Certificates.dll'.
         Entrada: arquivo Reference do assembly: 'C:\Program Files\dotnet\packs\Microsoft.WindowsDesktop.App.Ref\9.0.8\ref\net9.0\System.Security.Cryptography.Xml.dll'.
         Entrada: arquivo Reference do assembly: 'C:\Program Files\dotnet\packs\Microsoft.NETCore.App.Ref\9.0.8\ref\net9.0\System.Security.dll'.
         Entrada: arquivo Reference do assembly: 'C:\Program Files\dotnet\packs\Microsoft.WindowsDesktop.App.Ref\9.0.8\ref\net9.0\System.Security.Permissions.dll'.
         Entrada: arquivo Reference do assembly: 'C:\Program Files\dotnet\packs\Microsoft.NETCore.App.Ref\9.0.8\ref\net9.0\System.Security.Principal.dll'.
         Entrada: arquivo Reference do assembly: 'C:\Program Files\dotnet\packs\Microsoft.NETCore.App.Ref\9.0.8\ref\net9.0\System.Security.Principal.Windows.dll'.
         Entrada: arquivo Reference do assembly: 'C:\Program Files\dotnet\packs\Microsoft.NETCore.App.Ref\9.0.8\ref\net9.0\System.Security.SecureString.dll'.
         Entrada: arquivo Reference do assembly: 'C:\Program Files\dotnet\packs\Microsoft.NETCore.App.Ref\9.0.8\ref\net9.0\System.ServiceModel.Web.dll'.
         Entrada: arquivo Reference do assembly: 'C:\Program Files\dotnet\packs\Microsoft.NETCore.App.Ref\9.0.8\ref\net9.0\System.ServiceProcess.dll'.
         Entrada: arquivo Reference do assembly: 'C:\Program Files\dotnet\packs\Microsoft.NETCore.App.Ref\9.0.8\ref\net9.0\System.Text.Encoding.CodePages.dll'.
         Entrada: arquivo Reference do assembly: 'C:\Program Files\dotnet\packs\Microsoft.NETCore.App.Ref\9.0.8\ref\net9.0\System.Text.Encoding.dll'.
         Entrada: arquivo Reference do assembly: 'C:\Program Files\dotnet\packs\Microsoft.NETCore.App.Ref\9.0.8\ref\net9.0\System.Text.Encoding.Extensions.dll'.
         Entrada: arquivo Reference do assembly: 'C:\Program Files\dotnet\packs\Microsoft.NETCore.App.Ref\9.0.8\ref\net9.0\System.Text.Encodings.Web.dll'.
         Entrada: arquivo Reference do assembly: 'C:\Program Files\dotnet\packs\Microsoft.NETCore.App.Ref\9.0.8\ref\net9.0\System.Text.Json.dll'.
         Entrada: arquivo Reference do assembly: 'C:\Program Files\dotnet\packs\Microsoft.NETCore.App.Ref\9.0.8\ref\net9.0\System.Text.RegularExpressions.dll'.
         Entrada: arquivo Reference do assembly: 'C:\Program Files\dotnet\packs\Microsoft.WindowsDesktop.App.Ref\9.0.8\ref\net9.0\System.Threading.AccessControl.dll'.
         Entrada: arquivo Reference do assembly: 'C:\Program Files\dotnet\packs\Microsoft.NETCore.App.Ref\9.0.8\ref\net9.0\System.Threading.Channels.dll'.
         Entrada: arquivo Reference do assembly: 'C:\Program Files\dotnet\packs\Microsoft.NETCore.App.Ref\9.0.8\ref\net9.0\System.Threading.dll'.
         Entrada: arquivo Reference do assembly: 'C:\Program Files\dotnet\packs\Microsoft.NETCore.App.Ref\9.0.8\ref\net9.0\System.Threading.Overlapped.dll'.
         Entrada: arquivo Reference do assembly: 'C:\Program Files\dotnet\packs\Microsoft.NETCore.App.Ref\9.0.8\ref\net9.0\System.Threading.Tasks.Dataflow.dll'.
         Entrada: arquivo Reference do assembly: 'C:\Program Files\dotnet\packs\Microsoft.NETCore.App.Ref\9.0.8\ref\net9.0\System.Threading.Tasks.dll'.
         Entrada: arquivo Reference do assembly: 'C:\Program Files\dotnet\packs\Microsoft.NETCore.App.Ref\9.0.8\ref\net9.0\System.Threading.Tasks.Extensions.dll'.
         Entrada: arquivo Reference do assembly: 'C:\Program Files\dotnet\packs\Microsoft.NETCore.App.Ref\9.0.8\ref\net9.0\System.Threading.Tasks.Parallel.dll'.
         Entrada: arquivo Reference do assembly: 'C:\Program Files\dotnet\packs\Microsoft.NETCore.App.Ref\9.0.8\ref\net9.0\System.Threading.Thread.dll'.
         Entrada: arquivo Reference do assembly: 'C:\Program Files\dotnet\packs\Microsoft.NETCore.App.Ref\9.0.8\ref\net9.0\System.Threading.ThreadPool.dll'.
         Entrada: arquivo Reference do assembly: 'C:\Program Files\dotnet\packs\Microsoft.NETCore.App.Ref\9.0.8\ref\net9.0\System.Threading.Timer.dll'.
         Entrada: arquivo Reference do assembly: 'C:\Program Files\dotnet\packs\Microsoft.NETCore.App.Ref\9.0.8\ref\net9.0\System.Transactions.dll'.
         Entrada: arquivo Reference do assembly: 'C:\Program Files\dotnet\packs\Microsoft.NETCore.App.Ref\9.0.8\ref\net9.0\System.Transactions.Local.dll'.
         Entrada: arquivo Reference do assembly: 'C:\Program Files\dotnet\packs\Microsoft.NETCore.App.Ref\9.0.8\ref\net9.0\System.ValueTuple.dll'.
         Entrada: arquivo Reference do assembly: 'C:\Program Files\dotnet\packs\Microsoft.NETCore.App.Ref\9.0.8\ref\net9.0\System.Web.dll'.
         Entrada: arquivo Reference do assembly: 'C:\Program Files\dotnet\packs\Microsoft.NETCore.App.Ref\9.0.8\ref\net9.0\System.Web.HttpUtility.dll'.
         Entrada: arquivo Reference do assembly: 'C:\Program Files\dotnet\packs\Microsoft.WindowsDesktop.App.Ref\9.0.8\ref\net9.0\System.Windows.Controls.Ribbon.dll'.
         Entrada: arquivo Reference do assembly: 'C:\Program Files\dotnet\packs\Microsoft.NETCore.App.Ref\9.0.8\ref\net9.0\System.Windows.dll'.
         Entrada: arquivo Reference do assembly: 'C:\Program Files\dotnet\packs\Microsoft.WindowsDesktop.App.Ref\9.0.8\ref\net9.0\System.Windows.Extensions.dll'.
         Entrada: arquivo Reference do assembly: 'C:\Program Files\dotnet\packs\Microsoft.WindowsDesktop.App.Ref\9.0.8\ref\net9.0\System.Windows.Forms.Design.dll'.
         Entrada: arquivo Reference do assembly: 'C:\Program Files\dotnet\packs\Microsoft.WindowsDesktop.App.Ref\9.0.8\ref\net9.0\System.Windows.Forms.Design.Editors.dll'.
         Entrada: arquivo Reference do assembly: 'C:\Program Files\dotnet\packs\Microsoft.WindowsDesktop.App.Ref\9.0.8\ref\net9.0\System.Windows.Forms.dll'.
         Entrada: arquivo Reference do assembly: 'C:\Program Files\dotnet\packs\Microsoft.WindowsDesktop.App.Ref\9.0.8\ref\net9.0\System.Windows.Forms.Primitives.dll'.
         Entrada: arquivo Reference do assembly: 'C:\Program Files\dotnet\packs\Microsoft.WindowsDesktop.App.Ref\9.0.8\ref\net9.0\System.Windows.Input.Manipulations.dll'.
         Entrada: arquivo Reference do assembly: 'C:\Program Files\dotnet\packs\Microsoft.WindowsDesktop.App.Ref\9.0.8\ref\net9.0\System.Windows.Presentation.dll'.
         Entrada: arquivo Reference do assembly: 'C:\Program Files\dotnet\packs\Microsoft.WindowsDesktop.App.Ref\9.0.8\ref\net9.0\System.Xaml.dll'.
         Entrada: arquivo Reference do assembly: 'C:\Program Files\dotnet\packs\Microsoft.NETCore.App.Ref\9.0.8\ref\net9.0\System.Xml.dll'.
         Entrada: arquivo Reference do assembly: 'C:\Program Files\dotnet\packs\Microsoft.NETCore.App.Ref\9.0.8\ref\net9.0\System.Xml.Linq.dll'.
         Entrada: arquivo Reference do assembly: 'C:\Program Files\dotnet\packs\Microsoft.NETCore.App.Ref\9.0.8\ref\net9.0\System.Xml.ReaderWriter.dll'.
         Entrada: arquivo Reference do assembly: 'C:\Program Files\dotnet\packs\Microsoft.NETCore.App.Ref\9.0.8\ref\net9.0\System.Xml.Serialization.dll'.
         Entrada: arquivo Reference do assembly: 'C:\Program Files\dotnet\packs\Microsoft.NETCore.App.Ref\9.0.8\ref\net9.0\System.Xml.XDocument.dll'.
         Entrada: arquivo Reference do assembly: 'C:\Program Files\dotnet\packs\Microsoft.NETCore.App.Ref\9.0.8\ref\net9.0\System.Xml.XmlDocument.dll'.
         Entrada: arquivo Reference do assembly: 'C:\Program Files\dotnet\packs\Microsoft.NETCore.App.Ref\9.0.8\ref\net9.0\System.Xml.XmlSerializer.dll'.
         Entrada: arquivo Reference do assembly: 'C:\Program Files\dotnet\packs\Microsoft.NETCore.App.Ref\9.0.8\ref\net9.0\System.Xml.XPath.dll'.
         Entrada: arquivo Reference do assembly: 'C:\Program Files\dotnet\packs\Microsoft.NETCore.App.Ref\9.0.8\ref\net9.0\System.Xml.XPath.XDocument.dll'.
         Entrada: arquivo Reference do assembly: 'C:\Program Files\dotnet\packs\Microsoft.WindowsDesktop.App.Ref\9.0.8\ref\net9.0\UIAutomationClient.dll'.
         Entrada: arquivo Reference do assembly: 'C:\Program Files\dotnet\packs\Microsoft.WindowsDesktop.App.Ref\9.0.8\ref\net9.0\UIAutomationClientSideProviders.dll'.
         Entrada: arquivo Reference do assembly: 'C:\Program Files\dotnet\packs\Microsoft.WindowsDesktop.App.Ref\9.0.8\ref\net9.0\UIAutomationProvider.dll'.
         Entrada: arquivo Reference do assembly: 'C:\Program Files\dotnet\packs\Microsoft.WindowsDesktop.App.Ref\9.0.8\ref\net9.0\UIAutomationTypes.dll'.
         Entrada: arquivo Reference do assembly: 'C:\Program Files\dotnet\packs\Microsoft.WindowsDesktop.App.Ref\9.0.8\ref\net9.0\WindowsBase.dll'.
         Entrada: arquivo Reference do assembly: 'C:\Program Files\dotnet\packs\Microsoft.WindowsDesktop.App.Ref\9.0.8\ref\net9.0\WindowsFormsIntegration.dll'.
         O arquivo de entrada 'D:\PROJETOS\LAUNCHER C#\launcher\App.xaml' est├í resolvido para o novo caminho relativo 'App.xaml' no diret├│rio 'D:\PROJETOS\LAUNCHER C#\launcher\'.
         O arquivo de entrada 'D:\PROJETOS\LAUNCHER C#\launcher\Updater\MainStyleDict.xaml' est├í resolvido para o novo caminho relativo 'Updater\MainStyleDict.xaml' no diret├│rio 'D:\PROJETOS\LAUNCHER C#\launcher\'.
         O arquivo de entrada 'D:\PROJETOS\LAUNCHER C#\launcher\Updater\MainWindow.xaml' est├í resolvido para o novo caminho relativo 'Updater\MainWindow.xaml' no diret├│rio 'D:\PROJETOS\LAUNCHER C#\launcher\'.
         O arquivo de entrada 'D:\PROJETOS\LAUNCHER C#\launcher\Updater\NotificationWindow.xaml' est├í resolvido para o novo caminho relativo 'Updater\NotificationWindow.xaml' no diret├│rio 'D:\PROJETOS\LAUNCHER C#\launcher\'.
         O arquivo de entrada 'D:\PROJETOS\LAUNCHER C#\launcher\Updater\Properties\designtimeresources.xaml' est├í resolvido para o novo caminho relativo 'Updater\Properties\designtimeresources.xaml' no diret├│rio 'D:\PROJETOS\LAUNCHER C#\launcher\'.
         Arquivo de c├│digo gerado: 'D:\PROJETOS\LAUNCHER C#\launcher\obj\Debug\net9.0-windows\win-x64\Updater\MainWindow.g.cs'.
         Arquivo de c├│digo gerado: 'D:\PROJETOS\LAUNCHER C#\launcher\obj\Debug\net9.0-windows\win-x64\Updater\NotificationWindow.g.cs'.
         Arquivo de c├│digo gerado: 'D:\PROJETOS\LAUNCHER C#\launcher\obj\Debug\net9.0-windows\win-x64\App.g.cs'.
         Compila├º├úo da marca├º├úo conclu├¡da.
         MarkupCompilePass1 gerou arquivos BAML ou de c├│digo-fonte com ├¬xito.
       C:\Program Files\dotnet\sdk\9.0.304\Sdks\Microsoft.NET.Sdk.WindowsDesktop\targets\Microsoft.WinFX.targets(242,15): message : Reatribui├º├úo de propriedade: $(_RequireMCPass2ForMainAssembly)="True" (valor anterior: "false") em C:\Program Files\dotnet\sdk\9.0.304\Sdks\Microsoft.NET.Sdk.WindowsDesktop\targets\Microsoft.WinFX.targets (242,15) [D:\PROJETOS\LAUNCHER C#\launcher\L2Updater.csproj]
       C:\Program Files\dotnet\sdk\9.0.304\Sdks\Microsoft.NET.Sdk.WindowsDesktop\targets\Microsoft.WinFX.targets(243,15): message : Reatribui├º├úo de propriedade: $(_RequireMCPass2ForSatelliteAssemblyOnly)="False" (valor anterior: "false") em C:\Program Files\dotnet\sdk\9.0.304\Sdks\Microsoft.NET.Sdk.WindowsDesktop\targets\Microsoft.WinFX.targets (243,15) [D:\PROJETOS\LAUNCHER C#\launcher\L2Updater.csproj]
       Tarefa em execu├º├úo pronta "MarkupCompilePass1".
       A tarefa "Message" foi ignorada devido a condi├º├úo falsa; ('$(MSBuildTargetsVerbose)'=='true') foi avaliado como (''=='true').
       A tarefa "Message" foi ignorada devido a condi├º├úo falsa; ('$(MSBuildTargetsVerbose)'=='true') foi avaliado como (''=='true').
       A tarefa "Message" foi ignorada devido a condi├º├úo falsa; ('$(MSBuildTargetsVerbose)'=='true') foi avaliado como (''=='true').
       A tarefa "Message" foi ignorada devido a condi├º├úo falsa; ('$(MSBuildTargetsVerbose)'=='true') foi avaliado como (''=='true').
       A tarefa "Message" foi ignorada devido a condi├º├úo falsa; ('$(MSBuildTargetsVerbose)'=='true') foi avaliado como (''=='true').
       A tarefa "Message" foi ignorada devido a condi├º├úo falsa; ('$(MSBuildTargetsVerbose)'=='true') foi avaliado como (''=='true').
   2:6>Destino de compila├º├úo pronto"MarkupCompilePass1" no projeto "L2Updater.csproj".
   2:6>Destino "AfterMarkupCompilePass1" no arquivo "C:\Program Files\dotnet\sdk\9.0.304\Sdks\Microsoft.NET.Sdk.WindowsDesktop\targets\Microsoft.WinFX.targets" do projeto "D:\PROJETOS\LAUNCHER C#\launcher\L2Updater.csproj" (o destino "PrepareResources" depende dele):
   2:6>Destino de compila├º├úo pronto"AfterMarkupCompilePass1" no projeto "L2Updater.csproj".
   2:6>Destino "GenerateTemporaryTargetAssembly" no arquivo "C:\Program Files\dotnet\sdk\9.0.304\Sdks\Microsoft.NET.Sdk.WindowsDesktop\targets\Microsoft.WinFX.targets" do projeto "D:\PROJETOS\LAUNCHER C#\launcher\L2Updater.csproj" (o destino "MarkupCompilePass2ForMainAssembly" depende dele):
       A tarefa "Message" foi ignorada devido a condi├º├úo falsa; ('$(MSBuildTargetsVerbose)' == 'true') foi avaliado como ('' == 'true').
       Usando a tarefa "Copy" do assembly "Microsoft.Build.Tasks.Core, Version=15.1.0.0, Culture=neutral, PublicKeyToken=b03f5f7f11d50a3a".
       Tarefa "Copy"
         Copiando o arquivo de "D:\PROJETOS\LAUNCHER C#\launcher\obj\L2Updater.csproj.nuget.g.targets" para "D:\PROJETOS\LAUNCHER C#\launcher\obj\L2Updater_g4gic3ee_wpftmp.csproj.nuget.g.targets".
         Copiando o arquivo de "D:\PROJETOS\LAUNCHER C#\launcher\obj\L2Updater.csproj.nuget.dgspec.json" para "D:\PROJETOS\LAUNCHER C#\launcher\obj\L2Updater_g4gic3ee_wpftmp.csproj.nuget.dgspec.json".
         Copiando o arquivo de "D:\PROJETOS\LAUNCHER C#\launcher\obj\L2Updater.csproj.nuget.g.props" para "D:\PROJETOS\LAUNCHER C#\launcher\obj\L2Updater_g4gic3ee_wpftmp.csproj.nuget.g.props".
       Tarefa em execu├º├úo pronta "Copy".
       Usando a tarefa "GenerateTemporaryTargetAssembly" do assembly "C:\Program Files\dotnet\sdk\9.0.304\Sdks\Microsoft.NET.Sdk.WindowsDesktop\tools\net9.0\PresentationBuildTasks.dll".
       Tarefa "GenerateTemporaryTargetAssembly"
     0>C:\Program Files\dotnet\sdk\9.0.304\Sdks\Microsoft.NET.Sdk\Sdk\Sdk.props(49,11): message : Im├│vel 'MSBuildExtensionsPath' com valor 'C:\Program Files\dotnet\sdk\9.0.304\' expandido do ambiente.
       D:\PROJETOS\LAUNCHER C#\launcher\obj\L2Updater_g4gic3ee_wpftmp.csproj.nuget.g.props(7,5): message : Im├│vel 'USERPROFILE' com valor 'C:\Users\danie' expandido do ambiente.
       C:\Program Files\dotnet\sdk\9.0.304\Current\Microsoft.Common.props(84,119): message : Im├│vel 'MSBuildUserExtensionsPath' com valor 'C:\Users\danie\AppData\Local\Microsoft\MSBuild' expandido do ambiente.
       A propriedade "Configuration" ├® global e n├úo pode ser modificada.
       A propriedade "Platform" ├® global e n├úo pode ser modificada.
       A propriedade "Configuration" ├® global e n├úo pode ser modificada.
       A propriedade "Platform" ├® global e n├úo pode ser modificada.
       C:\Program Files\dotnet\sdk\9.0.304\Sdks\Microsoft.NET.Sdk\targets\Microsoft.NET.Sdk.props(90,5): message : Reatribui├º├úo de propriedade: $(AssemblySearchPaths)="{CandidateAssemblyFiles};{HintPathFromItem}" (valor anterior: "{CandidateAssemblyFiles}") em C:\Program Files\dotnet\sdk\9.0.304\Sdks\Microsoft.NET.Sdk\targets\Microsoft.NET.Sdk.props (90,5)
       C:\Program Files\dotnet\sdk\9.0.304\Sdks\Microsoft.NET.Sdk\targets\Microsoft.NET.Sdk.props(91,5): message : Reatribui├º├úo de propriedade: $(AssemblySearchPaths)="{CandidateAssemblyFiles};{HintPathFromItem};{TargetFrameworkDirectory}" (valor anterior: "{CandidateAssemblyFiles};{HintPathFromItem}") em C:\Program Files\dotnet\sdk\9.0.304\Sdks\Microsoft.NET.Sdk\targets\Microsoft.NET.Sdk.props (91,5)
       C:\Program Files\dotnet\sdk\9.0.304\Sdks\Microsoft.NET.Sdk\targets\Microsoft.NET.Sdk.props(92,5): message : Reatribui├º├úo de propriedade: $(AssemblySearchPaths)="{CandidateAssemblyFiles};{HintPathFromItem};{TargetFrameworkDirectory};{RawFileName}" (valor anterior: "{CandidateAssemblyFiles};{HintPathFromItem};{TargetFrameworkDirectory}") em C:\Program Files\dotnet\sdk\9.0.304\Sdks\Microsoft.NET.Sdk\targets\Microsoft.NET.Sdk.props (92,5)
       C:\Program Files\dotnet\sdk\9.0.304\Sdks\Microsoft.NET.Sdk\targets\Microsoft.NET.PackProjectTool.props(15,5): message : Reatribui├º├úo de propriedade: $(TargetsForTfmSpecificContentInPackage)=";PackTool;_PackProjectToolValidation" (valor anterior: ";PackTool") em C:\Program Files\dotnet\sdk\9.0.304\Sdks\Microsoft.NET.Sdk\targets\Microsoft.NET.PackProjectTool.props (15,5)
       D:\PROJETOS\LAUNCHER C#\launcher\L2Updater_g4gic3ee_wpftmp.csproj(12,5): message : Reatribui├º├úo de propriedade: $(OutputType)="WinExe" (valor anterior: "Library") em D:\PROJETOS\LAUNCHER C#\launcher\L2Updater_g4gic3ee_wpftmp.csproj (12,5)
       A propriedade "Configuration" ├® global e n├úo pode ser modificada.
       A propriedade "Platform" ├® global e n├úo pode ser modificada.
       C:\Program Files\dotnet\sdk\9.0.304\Sdks\Microsoft.NET.Sdk\targets\Microsoft.NET.Sdk.ImportPublishProfile.targets(28,5): message : Reatribui├º├úo de propriedade: $(PublishProfileImported)="false" (valor anterior: "true") em C:\Program Files\dotnet\sdk\9.0.304\Sdks\Microsoft.NET.Sdk\targets\Microsoft.NET.Sdk.ImportPublishProfile.targets (28,5)
       C:\Program Files\dotnet\sdk\9.0.304\Sdks\Microsoft.NET.Sdk\targets\Microsoft.NET.TargetFrameworkInference.targets(68,5): message : Reatribui├º├úo de propriedade: $(TargetPlatformVersion)="0.0" (valor anterior: "0.0.0.0") em C:\Program Files\dotnet\sdk\9.0.304\Sdks\Microsoft.NET.Sdk\targets\Microsoft.NET.TargetFrameworkInference.targets (68,5)
       C:\Program Files\dotnet\sdk\9.0.304\Sdks\Microsoft.NET.Sdk\targets\Microsoft.NET.TargetFrameworkInference.targets(69,5): message : Reatribui├º├úo de propriedade: $(TargetPlatformVersion)="" (valor anterior: "0.0") em C:\Program Files\dotnet\sdk\9.0.304\Sdks\Microsoft.NET.Sdk\targets\Microsoft.NET.TargetFrameworkInference.targets (69,5)
       C:\Program Files\dotnet\sdk\9.0.304\Sdks\Microsoft.NET.Sdk\targets\Microsoft.NET.TargetFrameworkInference.targets(71,5): message : Reatribui├º├úo de propriedade: $(TargetPlatformIdentifier)="Windows" (valor anterior: "windows") em C:\Program Files\dotnet\sdk\9.0.304\Sdks\Microsoft.NET.Sdk\targets\Microsoft.NET.TargetFrameworkInference.targets (71,5)
       C:\Program Files\dotnet\sdk\9.0.304\Sdks\Microsoft.NET.Sdk\targets\Microsoft.NET.DefaultOutputPaths.targets(122,5): message : Reatribui├º├úo de propriedade: $(DefaultItemExcludes)=";bin\Debug\/**;obj\Debug\/**" (valor anterior: ";bin\Debug\/**") em C:\Program Files\dotnet\sdk\9.0.304\Sdks\Microsoft.NET.Sdk\targets\Microsoft.NET.DefaultOutputPaths.targets (122,5)
       C:\Program Files\dotnet\sdk\9.0.304\Sdks\Microsoft.NET.Sdk\targets\Microsoft.NET.DefaultOutputPaths.targets(137,5): message : Reatribui├º├úo de propriedade: $(OutputPath)="bin\Debug\net9.0-windows\" (valor anterior: "bin\Debug\") em C:\Program Files\dotnet\sdk\9.0.304\Sdks\Microsoft.NET.Sdk\targets\Microsoft.NET.DefaultOutputPaths.targets (137,5)
       C:\Program Files\dotnet\sdk\9.0.304\Sdks\Microsoft.NET.Sdk\targets\Microsoft.NET.DefaultOutputPaths.targets(142,5): message : Reatribui├º├úo de propriedade: $(IntermediateOutputPath)="obj\Debug\net9.0-windows\" (valor anterior: "obj\Debug\") em C:\Program Files\dotnet\sdk\9.0.304\Sdks\Microsoft.NET.Sdk\targets\Microsoft.NET.DefaultOutputPaths.targets (142,5)
       C:\Program Files\dotnet\sdk\9.0.304\Sdks\Microsoft.NET.Sdk\targets\Microsoft.NET.RuntimeIdentifierInference.targets(344,5): message : Reatribui├º├úo de propriedade: $(IntermediateOutputPath)="obj\Debug\net9.0-windows\win-x64\" (valor anterior: "obj\Debug\net9.0-windows\") em C:\Program Files\dotnet\sdk\9.0.304\Sdks\Microsoft.NET.Sdk\targets\Microsoft.NET.RuntimeIdentifierInference.targets (344,5)
       C:\Program Files\dotnet\sdk\9.0.304\Sdks\Microsoft.NET.Sdk\targets\Microsoft.NET.RuntimeIdentifierInference.targets(345,5): message : Reatribui├º├úo de propriedade: $(OutputPath)="bin\Debug\net9.0-windows\win-x64\" (valor anterior: "bin\Debug\net9.0-windows\") em C:\Program Files\dotnet\sdk\9.0.304\Sdks\Microsoft.NET.Sdk\targets\Microsoft.NET.RuntimeIdentifierInference.targets (345,5)
       C:\Program Files\dotnet\sdk\9.0.304\Sdks\Microsoft.NET.Sdk\targets\Microsoft.NET.Sdk.BeforeCommon.targets(187,5): message : Reatribui├º├úo de propriedade: $(_FrameworkIdentifierForImplicitDefine)="NET" (valor anterior: "NETCOREAPP") em C:\Program Files\dotnet\sdk\9.0.304\Sdks\Microsoft.NET.Sdk\targets\Microsoft.NET.Sdk.BeforeCommon.targets (187,5)
       C:\Program Files\dotnet\sdk\9.0.304\Sdks\Microsoft.NET.Sdk\targets\Microsoft.NET.Sdk.BeforeCommon.targets(192,5): message : Reatribui├º├úo de propriedade: $(_FrameworkVersionForImplicitDefine)="9_0" (valor anterior: "9.0") em C:\Program Files\dotnet\sdk\9.0.304\Sdks\Microsoft.NET.Sdk\targets\Microsoft.NET.Sdk.BeforeCommon.targets (192,5)
       C:\Program Files\dotnet\sdk\9.0.304\Roslyn\Microsoft.CSharp.Core.targets(200,5): message : Reatribui├º├úo de propriedade: $(CommandLineArgsForDesignTimeEvaluation)="-langversion:latest -define:TRACE" (valor anterior: "-langversion:latest") em C:\Program Files\dotnet\sdk\9.0.304\Roslyn\Microsoft.CSharp.Core.targets (200,5)
       A propriedade "Platform" ├® global e n├úo pode ser modificada.
       A propriedade "Configuration" ├® global e n├úo pode ser modificada.
       C:\Program Files\dotnet\sdk\9.0.304\Microsoft.Common.CurrentVersion.targets(175,5): message : Reatribui├º├úo de propriedade: $(_DebugSymbolsProduced)="true" (valor anterior: "false") em C:\Program Files\dotnet\sdk\9.0.304\Microsoft.Common.CurrentVersion.targets (175,5)
       C:\Program Files\dotnet\sdk\9.0.304\Microsoft.Common.CurrentVersion.targets(185,5): message : Reatribui├º├úo de propriedade: $(_DocumentationFileProduced)="false" (valor anterior: "true") em C:\Program Files\dotnet\sdk\9.0.304\Microsoft.Common.CurrentVersion.targets (185,5)
       A propriedade "SolutionName" ├® global e n├úo pode ser modificada.
       A propriedade "SolutionFileName" ├® global e n├úo pode ser modificada.
       A propriedade "SolutionPath" ├® global e n├úo pode ser modificada.
       A propriedade "SolutionDir" ├® global e n├úo pode ser modificada.
       A propriedade "SolutionExt" ├® global e n├úo pode ser modificada.
       C:\Program Files\dotnet\sdk\9.0.304\Microsoft.Common.CurrentVersion.targets(392,5): message : Reatribui├º├úo de propriedade: $(MSBuildCopyMarkerName)="L2Update.2BE0A8A7" (valor anterior: "L2Updater_g4gic3ee_wpftmp.csproj") em C:\Program Files\dotnet\sdk\9.0.304\Microsoft.Common.CurrentVersion.targets (392,5)
       C:\Program Files\dotnet\sdk\9.0.304\Microsoft.Common.CurrentVersion.targets(393,5): message : Reatribui├º├úo de propriedade: $(MSBuildCopyMarkerName)="L2Update.2BE0A8A7.Up2Date" (valor anterior: "L2Update.2BE0A8A7") em C:\Program Files\dotnet\sdk\9.0.304\Microsoft.Common.CurrentVersion.targets (393,5)
       C:\Program Files\dotnet\sdk\9.0.304\Microsoft.Common.CurrentVersion.targets(528,5): message : Reatribui├º├úo de propriedade: $(ProcessorArchitecture)="amd64" (valor anterior: "x64") em C:\Program Files\dotnet\sdk\9.0.304\Microsoft.Common.CurrentVersion.targets (528,5)
       C:\Program Files\dotnet\sdk\9.0.304\Microsoft.Common.CurrentVersion.targets(580,5): message : Reatribui├º├úo de propriedade: $(DelaySign)="" (valor anterior: "false") em C:\Program Files\dotnet\sdk\9.0.304\Microsoft.Common.CurrentVersion.targets (580,5)
       C:\Program Files\dotnet\sdk\9.0.304\Microsoft.Common.CurrentVersion.targets(2619,5): message : Im├│vel 'LOCALAPPDATA' com valor 'C:\Users\danie\AppData\Local' expandido do ambiente.
       C:\Program Files\dotnet\sdk\9.0.304\Microsoft.Common.CurrentVersion.targets(3947,5): message : Reatribui├º├úo de propriedade: $(_SGenGenerateSerializationAssembliesConfig)="Auto" (valor anterior: "") em C:\Program Files\dotnet\sdk\9.0.304\Microsoft.Common.CurrentVersion.targets (3947,5)
       C:\Program Files\dotnet\sdk\9.0.304\Microsoft.Common.CurrentVersion.targets(3948,5): message : Reatribui├º├úo de propriedade: $(_SGenGenerateSerializationAssembliesConfig)="Off" (valor anterior: "Auto") em C:\Program Files\dotnet\sdk\9.0.304\Microsoft.Common.CurrentVersion.targets (3948,5)
       C:\Program Files\dotnet\sdk\9.0.304\Microsoft.Common.CurrentVersion.targets(5159,5): message : Reatribui├º├úo de propriedade: $(_TargetsThatPrepareProjectReferences)="
       C:\Program Files\dotnet\sdk\9.0.304\Microsoft.Common.CurrentVersion.targets(5159,5): message :       AssignProjectConfiguration;
       C:\Program Files\dotnet\sdk\9.0.304\Microsoft.Common.CurrentVersion.targets(5159,5): message :       _SplitProjectReferencesByFileExistence
       C:\Program Files\dotnet\sdk\9.0.304\Microsoft.Common.CurrentVersion.targets(5159,5): message :     " (valor anterior: "_SplitProjectReferencesByFileExistence") em C:\Program Files\dotnet\sdk\9.0.304\Microsoft.Common.CurrentVersion.targets (5159,5)
       C:\Program Files\dotnet\sdk\9.0.304\Microsoft.Common.CurrentVersion.targets(6954,5): message : Im├│vel 'MSBuildExtensionsPath32' com valor 'C:\Program Files\dotnet\sdk\9.0.304' expandido do ambiente.
       C:\Program Files\dotnet\sdk\9.0.304\Sdks\Microsoft.NET.Sdk\targets\Microsoft.PackageDependencyResolution.targets(29,5): message : Reatribui├º├úo de propriedade: $(ProjectAssetsCacheFile)="D:\PROJETOS\LAUNCHER C#\launcher\obj\Debug\net9.0-windows\win-x64\L2Updater_g4gic3ee_wpftmp.assets.cache" (valor anterior: "obj\Debug\net9.0-windows\win-x64\L2Updater_g4gic3ee_wpftmp.assets.cache") em C:\Program Files\dotnet\sdk\9.0.304\Sdks\Microsoft.NET.Sdk\targets\Microsoft.PackageDependencyResolution.targets (29,5)
       C:\Program Files\dotnet\sdk\9.0.304\Sdks\Microsoft.NET.Sdk\targets\Microsoft.PackageDependencyResolution.targets(80,5): message : Reatribui├º├úo de propriedade: $(ResolveAssemblyReferencesDependsOn)="
       C:\Program Files\dotnet\sdk\9.0.304\Sdks\Microsoft.NET.Sdk\targets\Microsoft.PackageDependencyResolution.targets(80,5): message :       
       C:\Program Files\dotnet\sdk\9.0.304\Sdks\Microsoft.NET.Sdk\targets\Microsoft.PackageDependencyResolution.targets(80,5): message :       ResolveProjectReferences;
       C:\Program Files\dotnet\sdk\9.0.304\Sdks\Microsoft.NET.Sdk\targets\Microsoft.PackageDependencyResolution.targets(80,5): message :       FindInvalidProjectReferences;
       C:\Program Files\dotnet\sdk\9.0.304\Sdks\Microsoft.NET.Sdk\targets\Microsoft.PackageDependencyResolution.targets(80,5): message :       GetFrameworkPaths;
       C:\Program Files\dotnet\sdk\9.0.304\Sdks\Microsoft.NET.Sdk\targets\Microsoft.PackageDependencyResolution.targets(80,5): message :       GetReferenceAssemblyPaths;
       C:\Program Files\dotnet\sdk\9.0.304\Sdks\Microsoft.NET.Sdk\targets\Microsoft.PackageDependencyResolution.targets(80,5): message :       PrepareForBuild;
       C:\Program Files\dotnet\sdk\9.0.304\Sdks\Microsoft.NET.Sdk\targets\Microsoft.PackageDependencyResolution.targets(80,5): message :       ResolveSDKReferences;
       C:\Program Files\dotnet\sdk\9.0.304\Sdks\Microsoft.NET.Sdk\targets\Microsoft.PackageDependencyResolution.targets(80,5): message :       ExpandSDKReferences;
       C:\Program Files\dotnet\sdk\9.0.304\Sdks\Microsoft.NET.Sdk\targets\Microsoft.PackageDependencyResolution.targets(80,5): message :     ;
       C:\Program Files\dotnet\sdk\9.0.304\Sdks\Microsoft.NET.Sdk\targets\Microsoft.PackageDependencyResolution.targets(80,5): message :       ResolvePackageDependenciesForBuild;
       C:\Program Files\dotnet\sdk\9.0.304\Sdks\Microsoft.NET.Sdk\targets\Microsoft.PackageDependencyResolution.targets(80,5): message :       _HandlePackageFileConflicts;
       C:\Program Files\dotnet\sdk\9.0.304\Sdks\Microsoft.NET.Sdk\targets\Microsoft.PackageDependencyResolution.targets(80,5): message :     " (valor anterior: "
       C:\Program Files\dotnet\sdk\9.0.304\Sdks\Microsoft.NET.Sdk\targets\Microsoft.PackageDependencyResolution.targets(80,5): message :       ResolveProjectReferences;
       C:\Program Files\dotnet\sdk\9.0.304\Sdks\Microsoft.NET.Sdk\targets\Microsoft.PackageDependencyResolution.targets(80,5): message :       FindInvalidProjectReferences;
       C:\Program Files\dotnet\sdk\9.0.304\Sdks\Microsoft.NET.Sdk\targets\Microsoft.PackageDependencyResolution.targets(80,5): message :       GetFrameworkPaths;
       C:\Program Files\dotnet\sdk\9.0.304\Sdks\Microsoft.NET.Sdk\targets\Microsoft.PackageDependencyResolution.targets(80,5): message :       GetReferenceAssemblyPaths;
       C:\Program Files\dotnet\sdk\9.0.304\Sdks\Microsoft.NET.Sdk\targets\Microsoft.PackageDependencyResolution.targets(80,5): message :       PrepareForBuild;
       C:\Program Files\dotnet\sdk\9.0.304\Sdks\Microsoft.NET.Sdk\targets\Microsoft.PackageDependencyResolution.targets(80,5): message :       ResolveSDKReferences;
       C:\Program Files\dotnet\sdk\9.0.304\Sdks\Microsoft.NET.Sdk\targets\Microsoft.PackageDependencyResolution.targets(80,5): message :       ExpandSDKReferences;
       C:\Program Files\dotnet\sdk\9.0.304\Sdks\Microsoft.NET.Sdk\targets\Microsoft.PackageDependencyResolution.targets(80,5): message :     ") em C:\Program Files\dotnet\sdk\9.0.304\Sdks\Microsoft.NET.Sdk\targets\Microsoft.PackageDependencyResolution.targets (80,5)
       C:\Program Files\dotnet\sdk\9.0.304\Sdks\Microsoft.NET.Sdk\targets\Microsoft.PackageDependencyResolution.targets(86,5): message : Reatribui├º├úo de propriedade: $(PrepareResourcesDependsOn)="
       C:\Program Files\dotnet\sdk\9.0.304\Sdks\Microsoft.NET.Sdk\targets\Microsoft.PackageDependencyResolution.targets(86,5): message :       ResolvePackageDependenciesForBuild;
       C:\Program Files\dotnet\sdk\9.0.304\Sdks\Microsoft.NET.Sdk\targets\Microsoft.PackageDependencyResolution.targets(86,5): message :       _HandlePackageFileConflicts;
       C:\Program Files\dotnet\sdk\9.0.304\Sdks\Microsoft.NET.Sdk\targets\Microsoft.PackageDependencyResolution.targets(86,5): message :       
       C:\Program Files\dotnet\sdk\9.0.304\Sdks\Microsoft.NET.Sdk\targets\Microsoft.PackageDependencyResolution.targets(86,5): message :       ;
       C:\Program Files\dotnet\sdk\9.0.304\Sdks\Microsoft.NET.Sdk\targets\Microsoft.PackageDependencyResolution.targets(86,5): message :       PrepareResourceNames;
       C:\Program Files\dotnet\sdk\9.0.304\Sdks\Microsoft.NET.Sdk\targets\Microsoft.PackageDependencyResolution.targets(86,5): message :       ResGen;
       C:\Program Files\dotnet\sdk\9.0.304\Sdks\Microsoft.NET.Sdk\targets\Microsoft.PackageDependencyResolution.targets(86,5): message :       CompileLicxFiles
       C:\Program Files\dotnet\sdk\9.0.304\Sdks\Microsoft.NET.Sdk\targets\Microsoft.PackageDependencyResolution.targets(86,5): message :     
       C:\Program Files\dotnet\sdk\9.0.304\Sdks\Microsoft.NET.Sdk\targets\Microsoft.PackageDependencyResolution.targets(86,5): message :     " (valor anterior: "
       C:\Program Files\dotnet\sdk\9.0.304\Sdks\Microsoft.NET.Sdk\targets\Microsoft.PackageDependencyResolution.targets(86,5): message :       ;
       C:\Program Files\dotnet\sdk\9.0.304\Sdks\Microsoft.NET.Sdk\targets\Microsoft.PackageDependencyResolution.targets(86,5): message :       PrepareResourceNames;
       C:\Program Files\dotnet\sdk\9.0.304\Sdks\Microsoft.NET.Sdk\targets\Microsoft.PackageDependencyResolution.targets(86,5): message :       ResGen;
       C:\Program Files\dotnet\sdk\9.0.304\Sdks\Microsoft.NET.Sdk\targets\Microsoft.PackageDependencyResolution.targets(86,5): message :       CompileLicxFiles
       C:\Program Files\dotnet\sdk\9.0.304\Sdks\Microsoft.NET.Sdk\targets\Microsoft.PackageDependencyResolution.targets(86,5): message :     ") em C:\Program Files\dotnet\sdk\9.0.304\Sdks\Microsoft.NET.Sdk\targets\Microsoft.PackageDependencyResolution.targets (86,5)
       C:\Program Files\dotnet\sdk\9.0.304\Sdks\Microsoft.NET.Sdk\targets\Microsoft.NET.Sdk.DefaultItems.targets(27,5): message : Reatribui├º├úo de propriedade: $(DefaultItemExcludes)=";bin\Debug\/**;obj\Debug\/**;bin\/**" (valor anterior: ";bin\Debug\/**;obj\Debug\/**") em C:\Program Files\dotnet\sdk\9.0.304\Sdks\Microsoft.NET.Sdk\targets\Microsoft.NET.Sdk.DefaultItems.targets (27,5)
       C:\Program Files\dotnet\sdk\9.0.304\Sdks\Microsoft.NET.Sdk\targets\Microsoft.NET.Sdk.DefaultItems.targets(29,5): message : Reatribui├º├úo de propriedade: $(DefaultItemExcludes)=";bin\Debug\/**;obj\Debug\/**;bin\/**;obj\/**" (valor anterior: ";bin\Debug\/**;obj\Debug\/**;bin\/**") em C:\Program Files\dotnet\sdk\9.0.304\Sdks\Microsoft.NET.Sdk\targets\Microsoft.NET.Sdk.DefaultItems.targets (29,5)
       C:\Program Files\dotnet\sdk\9.0.304\Sdks\Microsoft.NET.Sdk\targets\Microsoft.NET.Sdk.DefaultItems.targets(32,5): message : Reatribui├º├úo de propriedade: $(DefaultItemExcludes)=";bin\Debug\/**;obj\Debug\/**;bin\/**;obj\/**;**/*.user" (valor anterior: ";bin\Debug\/**;obj\Debug\/**;bin\/**;obj\/**") em C:\Program Files\dotnet\sdk\9.0.304\Sdks\Microsoft.NET.Sdk\targets\Microsoft.NET.Sdk.DefaultItems.targets (32,5)
       C:\Program Files\dotnet\sdk\9.0.304\Sdks\Microsoft.NET.Sdk\targets\Microsoft.NET.Sdk.DefaultItems.targets(33,5): message : Reatribui├º├úo de propriedade: $(DefaultItemExcludes)=";bin\Debug\/**;obj\Debug\/**;bin\/**;obj\/**;**/*.user;**/*.*proj" (valor anterior: ";bin\Debug\/**;obj\Debug\/**;bin\/**;obj\/**;**/*.user") em C:\Program Files\dotnet\sdk\9.0.304\Sdks\Microsoft.NET.Sdk\targets\Microsoft.NET.Sdk.DefaultItems.targets (33,5)
       C:\Program Files\dotnet\sdk\9.0.304\Sdks\Microsoft.NET.Sdk\targets\Microsoft.NET.Sdk.DefaultItems.targets(34,5): message : Reatribui├º├úo de propriedade: $(DefaultItemExcludes)=";bin\Debug\/**;obj\Debug\/**;bin\/**;obj\/**;**/*.user;**/*.*proj;**/*.sln" (valor anterior: ";bin\Debug\/**;obj\Debug\/**;bin\/**;obj\/**;**/*.user;**/*.*proj") em C:\Program Files\dotnet\sdk\9.0.304\Sdks\Microsoft.NET.Sdk\targets\Microsoft.NET.Sdk.DefaultItems.targets (34,5)
       C:\Program Files\dotnet\sdk\9.0.304\Sdks\Microsoft.NET.Sdk\targets\Microsoft.NET.Sdk.DefaultItems.targets(35,5): message : Reatribui├º├úo de propriedade: $(DefaultItemExcludes)=";bin\Debug\/**;obj\Debug\/**;bin\/**;obj\/**;**/*.user;**/*.*proj;**/*.sln;**/*.slnx" (valor anterior: ";bin\Debug\/**;obj\Debug\/**;bin\/**;obj\/**;**/*.user;**/*.*proj;**/*.sln") em C:\Program Files\dotnet\sdk\9.0.304\Sdks\Microsoft.NET.Sdk\targets\Microsoft.NET.Sdk.DefaultItems.targets (35,5)
       C:\Program Files\dotnet\sdk\9.0.304\Sdks\Microsoft.NET.Sdk\targets\Microsoft.NET.Sdk.DefaultItems.targets(36,5): message : Reatribui├º├úo de propriedade: $(DefaultItemExcludes)=";bin\Debug\/**;obj\Debug\/**;bin\/**;obj\/**;**/*.user;**/*.*proj;**/*.sln;**/*.slnx;**/*.vssscc" (valor anterior: ";bin\Debug\/**;obj\Debug\/**;bin\/**;obj\/**;**/*.user;**/*.*proj;**/*.sln;**/*.slnx") em C:\Program Files\dotnet\sdk\9.0.304\Sdks\Microsoft.NET.Sdk\targets\Microsoft.NET.Sdk.DefaultItems.targets (36,5)
       C:\Program Files\dotnet\sdk\9.0.304\Sdks\Microsoft.NET.Sdk\targets\Microsoft.NET.Sdk.DefaultItems.targets(37,5): message : Reatribui├º├úo de propriedade: $(DefaultItemExcludes)=";bin\Debug\/**;obj\Debug\/**;bin\/**;obj\/**;**/*.user;**/*.*proj;**/*.sln;**/*.slnx;**/*.vssscc;**/.DS_Store" (valor anterior: ";bin\Debug\/**;obj\Debug\/**;bin\/**;obj\/**;**/*.user;**/*.*proj;**/*.sln;**/*.slnx;**/*.vssscc") em C:\Program Files\dotnet\sdk\9.0.304\Sdks\Microsoft.NET.Sdk\targets\Microsoft.NET.Sdk.DefaultItems.targets (37,5)
       C:\Program Files\dotnet\sdk\9.0.304\Sdks\Microsoft.NET.Sdk\targets\Microsoft.NET.Sdk.FrameworkReferenceResolution.targets(14,5): message : Reatribui├º├úo de propriedade: $(ResolveAssemblyReferencesDependsOn)="
       C:\Program Files\dotnet\sdk\9.0.304\Sdks\Microsoft.NET.Sdk\targets\Microsoft.NET.Sdk.FrameworkReferenceResolution.targets(14,5): message :       
       C:\Program Files\dotnet\sdk\9.0.304\Sdks\Microsoft.NET.Sdk\targets\Microsoft.NET.Sdk.FrameworkReferenceResolution.targets(14,5): message :       
       C:\Program Files\dotnet\sdk\9.0.304\Sdks\Microsoft.NET.Sdk\targets\Microsoft.NET.Sdk.FrameworkReferenceResolution.targets(14,5): message :       ResolveProjectReferences;
       C:\Program Files\dotnet\sdk\9.0.304\Sdks\Microsoft.NET.Sdk\targets\Microsoft.NET.Sdk.FrameworkReferenceResolution.targets(14,5): message :       FindInvalidProjectReferences;
       C:\Program Files\dotnet\sdk\9.0.304\Sdks\Microsoft.NET.Sdk\targets\Microsoft.NET.Sdk.FrameworkReferenceResolution.targets(14,5): message :       GetFrameworkPaths;
       C:\Program Files\dotnet\sdk\9.0.304\Sdks\Microsoft.NET.Sdk\targets\Microsoft.NET.Sdk.FrameworkReferenceResolution.targets(14,5): message :       GetReferenceAssemblyPaths;
       C:\Program Files\dotnet\sdk\9.0.304\Sdks\Microsoft.NET.Sdk\targets\Microsoft.NET.Sdk.FrameworkReferenceResolution.targets(14,5): message :       PrepareForBuild;
       C:\Program Files\dotnet\sdk\9.0.304\Sdks\Microsoft.NET.Sdk\targets\Microsoft.NET.Sdk.FrameworkReferenceResolution.targets(14,5): message :       ResolveSDKReferences;
       C:\Program Files\dotnet\sdk\9.0.304\Sdks\Microsoft.NET.Sdk\targets\Microsoft.NET.Sdk.FrameworkReferenceResolution.targets(14,5): message :       ExpandSDKReferences;
       C:\Program Files\dotnet\sdk\9.0.304\Sdks\Microsoft.NET.Sdk\targets\Microsoft.NET.Sdk.FrameworkReferenceResolution.targets(14,5): message :     ;
       C:\Program Files\dotnet\sdk\9.0.304\Sdks\Microsoft.NET.Sdk\targets\Microsoft.NET.Sdk.FrameworkReferenceResolution.targets(14,5): message :       ResolvePackageDependenciesForBuild;
       C:\Program Files\dotnet\sdk\9.0.304\Sdks\Microsoft.NET.Sdk\targets\Microsoft.NET.Sdk.FrameworkReferenceResolution.targets(14,5): message :       _HandlePackageFileConflicts;
       C:\Program Files\dotnet\sdk\9.0.304\Sdks\Microsoft.NET.Sdk\targets\Microsoft.NET.Sdk.FrameworkReferenceResolution.targets(14,5): message :     ;
       C:\Program Files\dotnet\sdk\9.0.304\Sdks\Microsoft.NET.Sdk\targets\Microsoft.NET.Sdk.FrameworkReferenceResolution.targets(14,5): message :       ResolveTargetingPackAssets;
       C:\Program Files\dotnet\sdk\9.0.304\Sdks\Microsoft.NET.Sdk\targets\Microsoft.NET.Sdk.FrameworkReferenceResolution.targets(14,5): message :     " (valor anterior: "
       C:\Program Files\dotnet\sdk\9.0.304\Sdks\Microsoft.NET.Sdk\targets\Microsoft.NET.Sdk.FrameworkReferenceResolution.targets(14,5): message :       
       C:\Program Files\dotnet\sdk\9.0.304\Sdks\Microsoft.NET.Sdk\targets\Microsoft.NET.Sdk.FrameworkReferenceResolution.targets(14,5): message :       ResolveProjectReferences;
       C:\Program Files\dotnet\sdk\9.0.304\Sdks\Microsoft.NET.Sdk\targets\Microsoft.NET.Sdk.FrameworkReferenceResolution.targets(14,5): message :       FindInvalidProjectReferences;
       C:\Program Files\dotnet\sdk\9.0.304\Sdks\Microsoft.NET.Sdk\targets\Microsoft.NET.Sdk.FrameworkReferenceResolution.targets(14,5): message :       GetFrameworkPaths;
       C:\Program Files\dotnet\sdk\9.0.304\Sdks\Microsoft.NET.Sdk\targets\Microsoft.NET.Sdk.FrameworkReferenceResolution.targets(14,5): message :       GetReferenceAssemblyPaths;
       C:\Program Files\dotnet\sdk\9.0.304\Sdks\Microsoft.NET.Sdk\targets\Microsoft.NET.Sdk.FrameworkReferenceResolution.targets(14,5): message :       PrepareForBuild;
       C:\Program Files\dotnet\sdk\9.0.304\Sdks\Microsoft.NET.Sdk\targets\Microsoft.NET.Sdk.FrameworkReferenceResolution.targets(14,5): message :       ResolveSDKReferences;
       C:\Program Files\dotnet\sdk\9.0.304\Sdks\Microsoft.NET.Sdk\targets\Microsoft.NET.Sdk.FrameworkReferenceResolution.targets(14,5): message :       ExpandSDKReferences;
       C:\Program Files\dotnet\sdk\9.0.304\Sdks\Microsoft.NET.Sdk\targets\Microsoft.NET.Sdk.FrameworkReferenceResolution.targets(14,5): message :     ;
       C:\Program Files\dotnet\sdk\9.0.304\Sdks\Microsoft.NET.Sdk\targets\Microsoft.NET.Sdk.FrameworkReferenceResolution.targets(14,5): message :       ResolvePackageDependenciesForBuild;
       C:\Program Files\dotnet\sdk\9.0.304\Sdks\Microsoft.NET.Sdk\targets\Microsoft.NET.Sdk.FrameworkReferenceResolution.targets(14,5): message :       _HandlePackageFileConflicts;
       C:\Program Files\dotnet\sdk\9.0.304\Sdks\Microsoft.NET.Sdk\targets\Microsoft.NET.Sdk.FrameworkReferenceResolution.targets(14,5): message :     ") em C:\Program Files\dotnet\sdk\9.0.304\Sdks\Microsoft.NET.Sdk\targets\Microsoft.NET.Sdk.FrameworkReferenceResolution.targets (14,5)
       C:\Program Files\dotnet\sdk\9.0.304\Sdks\Microsoft.NET.Sdk\targets\Microsoft.NET.Sdk.targets(44,5): message : Reatribui├º├úo de propriedade: $(_GenerateRuntimeConfigurationPropertyInputsCache)="D:\PROJETOS\LAUNCHER C#\launcher\obj\Debug\net9.0-windows\win-x64\L2Updater_g4gic3ee_wpftmp.genruntimeconfig.cache" (valor anterior: "obj\Debug\net9.0-windows\win-x64\L2Updater_g4gic3ee_wpftmp.genruntimeconfig.cache") em C:\Program Files\dotnet\sdk\9.0.304\Sdks\Microsoft.NET.Sdk\targets\Microsoft.NET.Sdk.targets (44,5)
       C:\Program Files\dotnet\sdk\9.0.304\Sdks\Microsoft.NET.Sdk\targets\Microsoft.NET.Sdk.targets(46,5): message : Reatribui├º├úo de propriedade: $(_GeneratePublishDependencyFilePropertyInputsCache)="D:\PROJETOS\LAUNCHER C#\launcher\obj\Debug\net9.0-windows\win-x64\L2Updater_g4gic3ee_wpftmp.genpublishdeps.cache" (valor anterior: "obj\Debug\net9.0-windows\win-x64\L2Updater_g4gic3ee_wpftmp.genpublishdeps.cache") em C:\Program Files\dotnet\sdk\9.0.304\Sdks\Microsoft.NET.Sdk\targets\Microsoft.NET.Sdk.targets (46,5)
       C:\Program Files\dotnet\sdk\9.0.304\Sdks\Microsoft.NET.Sdk\targets\Microsoft.NET.Sdk.targets(48,5): message : Reatribui├º├úo de propriedade: $(_GenerateSingleFileBundlePropertyInputsCache)="D:\PROJETOS\LAUNCHER C#\launcher\obj\Debug\net9.0-windows\win-x64\L2Updater_g4gic3ee_wpftmp.genbundle.cache" (valor anterior: "obj\Debug\net9.0-windows\win-x64\L2Updater_g4gic3ee_wpftmp.genbundle.cache") em C:\Program Files\dotnet\sdk\9.0.304\Sdks\Microsoft.NET.Sdk\targets\Microsoft.NET.Sdk.targets (48,5)
       C:\Program Files\dotnet\sdk\9.0.304\Sdks\Microsoft.NET.Sdk\targets\Microsoft.NET.Sdk.targets(81,5): message : Reatribui├º├úo de propriedade: $(GenerateRuntimeConfigDevFile)="false" (valor anterior: "true") em C:\Program Files\dotnet\sdk\9.0.304\Sdks\Microsoft.NET.Sdk\targets\Microsoft.NET.Sdk.targets (81,5)
       C:\Program Files\dotnet\sdk\9.0.304\Sdks\Microsoft.NET.Sdk\targets\Microsoft.NET.Sdk.targets(97,5): message : Reatribui├º├úo de propriedade: $(_DefaultUserProfileRuntimeStorePath)="C:\Users\danie" (valor anterior: "") em C:\Program Files\dotnet\sdk\9.0.304\Sdks\Microsoft.NET.Sdk\targets\Microsoft.NET.Sdk.targets (97,5)
       C:\Program Files\dotnet\sdk\9.0.304\Sdks\Microsoft.NET.Sdk\targets\Microsoft.NET.Sdk.targets(98,5): message : Reatribui├º├úo de propriedade: $(_DefaultUserProfileRuntimeStorePath)="C:\Users\danie\.dotnet\store" (valor anterior: "C:\Users\danie") em C:\Program Files\dotnet\sdk\9.0.304\Sdks\Microsoft.NET.Sdk\targets\Microsoft.NET.Sdk.targets (98,5)
       C:\Program Files\dotnet\sdk\9.0.304\Sdks\Microsoft.NET.Sdk\targets\Microsoft.NET.Sdk.targets(140,5): message : Reatribui├º├úo de propriedade: $(AvailablePlatforms)="Any CPU,x86,x64,ARM32" (valor anterior: "Any CPU,x86,x64") em C:\Program Files\dotnet\sdk\9.0.304\Sdks\Microsoft.NET.Sdk\targets\Microsoft.NET.Sdk.targets (140,5)
       C:\Program Files\dotnet\sdk\9.0.304\Sdks\Microsoft.NET.Sdk\targets\Microsoft.NET.Sdk.targets(144,5): message : Reatribui├º├úo de propriedade: $(AvailablePlatforms)="Any CPU,x86,x64,ARM32,ARM64" (valor anterior: "Any CPU,x86,x64,ARM32") em C:\Program Files\dotnet\sdk\9.0.304\Sdks\Microsoft.NET.Sdk\targets\Microsoft.NET.Sdk.targets (144,5)
       C:\Program Files\dotnet\sdk\9.0.304\Sdks\Microsoft.NET.Sdk\targets\Microsoft.NET.Sdk.targets(201,5): message : Reatribui├º├úo de propriedade: $(CoreBuildDependsOn)="
       C:\Program Files\dotnet\sdk\9.0.304\Sdks\Microsoft.NET.Sdk\targets\Microsoft.NET.Sdk.targets(201,5): message :       _CheckForBuildWithNoBuild;
       C:\Program Files\dotnet\sdk\9.0.304\Sdks\Microsoft.NET.Sdk\targets\Microsoft.NET.Sdk.targets(201,5): message :       
       C:\Program Files\dotnet\sdk\9.0.304\Sdks\Microsoft.NET.Sdk\targets\Microsoft.NET.Sdk.targets(201,5): message :       BuildOnlySettings;
       C:\Program Files\dotnet\sdk\9.0.304\Sdks\Microsoft.NET.Sdk\targets\Microsoft.NET.Sdk.targets(201,5): message :       PrepareForBuild;
       C:\Program Files\dotnet\sdk\9.0.304\Sdks\Microsoft.NET.Sdk\targets\Microsoft.NET.Sdk.targets(201,5): message :       PreBuildEvent;
       C:\Program Files\dotnet\sdk\9.0.304\Sdks\Microsoft.NET.Sdk\targets\Microsoft.NET.Sdk.targets(201,5): message :       ResolveReferences;
       C:\Program Files\dotnet\sdk\9.0.304\Sdks\Microsoft.NET.Sdk\targets\Microsoft.NET.Sdk.targets(201,5): message :       PrepareResources;
       C:\Program Files\dotnet\sdk\9.0.304\Sdks\Microsoft.NET.Sdk\targets\Microsoft.NET.Sdk.targets(201,5): message :       ResolveKeySource;
       C:\Program Files\dotnet\sdk\9.0.304\Sdks\Microsoft.NET.Sdk\targets\Microsoft.NET.Sdk.targets(201,5): message :       Compile;
       C:\Program Files\dotnet\sdk\9.0.304\Sdks\Microsoft.NET.Sdk\targets\Microsoft.NET.Sdk.targets(201,5): message :       ExportWindowsMDFile;
       C:\Program Files\dotnet\sdk\9.0.304\Sdks\Microsoft.NET.Sdk\targets\Microsoft.NET.Sdk.targets(201,5): message :       UnmanagedUnregistration;
       C:\Program Files\dotnet\sdk\9.0.304\Sdks\Microsoft.NET.Sdk\targets\Microsoft.NET.Sdk.targets(201,5): message :       GenerateSerializationAssemblies;
       C:\Program Files\dotnet\sdk\9.0.304\Sdks\Microsoft.NET.Sdk\targets\Microsoft.NET.Sdk.targets(201,5): message :       CreateSatelliteAssemblies;
       C:\Program Files\dotnet\sdk\9.0.304\Sdks\Microsoft.NET.Sdk\targets\Microsoft.NET.Sdk.targets(201,5): message :       GenerateManifests;
       C:\Program Files\dotnet\sdk\9.0.304\Sdks\Microsoft.NET.Sdk\targets\Microsoft.NET.Sdk.targets(201,5): message :       GetTargetPath;
       C:\Program Files\dotnet\sdk\9.0.304\Sdks\Microsoft.NET.Sdk\targets\Microsoft.NET.Sdk.targets(201,5): message :       PrepareForRun;
       C:\Program Files\dotnet\sdk\9.0.304\Sdks\Microsoft.NET.Sdk\targets\Microsoft.NET.Sdk.targets(201,5): message :       UnmanagedRegistration;
       C:\Program Files\dotnet\sdk\9.0.304\Sdks\Microsoft.NET.Sdk\targets\Microsoft.NET.Sdk.targets(201,5): message :       IncrementalClean;
       C:\Program Files\dotnet\sdk\9.0.304\Sdks\Microsoft.NET.Sdk\targets\Microsoft.NET.Sdk.targets(201,5): message :       PostBuildEvent
       C:\Program Files\dotnet\sdk\9.0.304\Sdks\Microsoft.NET.Sdk\targets\Microsoft.NET.Sdk.targets(201,5): message :     ;
       C:\Program Files\dotnet\sdk\9.0.304\Sdks\Microsoft.NET.Sdk\targets\Microsoft.NET.Sdk.targets(201,5): message :       GenerateBuildDependencyFile;
       C:\Program Files\dotnet\sdk\9.0.304\Sdks\Microsoft.NET.Sdk\targets\Microsoft.NET.Sdk.targets(201,5): message :       GenerateBuildRuntimeConfigurationFiles
       C:\Program Files\dotnet\sdk\9.0.304\Sdks\Microsoft.NET.Sdk\targets\Microsoft.NET.Sdk.targets(201,5): message :     " (valor anterior: "
       C:\Program Files\dotnet\sdk\9.0.304\Sdks\Microsoft.NET.Sdk\targets\Microsoft.NET.Sdk.targets(201,5): message :       BuildOnlySettings;
       C:\Program Files\dotnet\sdk\9.0.304\Sdks\Microsoft.NET.Sdk\targets\Microsoft.NET.Sdk.targets(201,5): message :       PrepareForBuild;
       C:\Program Files\dotnet\sdk\9.0.304\Sdks\Microsoft.NET.Sdk\targets\Microsoft.NET.Sdk.targets(201,5): message :       PreBuildEvent;
       C:\Program Files\dotnet\sdk\9.0.304\Sdks\Microsoft.NET.Sdk\targets\Microsoft.NET.Sdk.targets(201,5): message :       ResolveReferences;
       C:\Program Files\dotnet\sdk\9.0.304\Sdks\Microsoft.NET.Sdk\targets\Microsoft.NET.Sdk.targets(201,5): message :       PrepareResources;
       C:\Program Files\dotnet\sdk\9.0.304\Sdks\Microsoft.NET.Sdk\targets\Microsoft.NET.Sdk.targets(201,5): message :       ResolveKeySource;
       C:\Program Files\dotnet\sdk\9.0.304\Sdks\Microsoft.NET.Sdk\targets\Microsoft.NET.Sdk.targets(201,5): message :       Compile;
       C:\Program Files\dotnet\sdk\9.0.304\Sdks\Microsoft.NET.Sdk\targets\Microsoft.NET.Sdk.targets(201,5): message :       ExportWindowsMDFile;
       C:\Program Files\dotnet\sdk\9.0.304\Sdks\Microsoft.NET.Sdk\targets\Microsoft.NET.Sdk.targets(201,5): message :       UnmanagedUnregistration;
       C:\Program Files\dotnet\sdk\9.0.304\Sdks\Microsoft.NET.Sdk\targets\Microsoft.NET.Sdk.targets(201,5): message :       GenerateSerializationAssemblies;
       C:\Program Files\dotnet\sdk\9.0.304\Sdks\Microsoft.NET.Sdk\targets\Microsoft.NET.Sdk.targets(201,5): message :       CreateSatelliteAssemblies;
       C:\Program Files\dotnet\sdk\9.0.304\Sdks\Microsoft.NET.Sdk\targets\Microsoft.NET.Sdk.targets(201,5): message :       GenerateManifests;
       C:\Program Files\dotnet\sdk\9.0.304\Sdks\Microsoft.NET.Sdk\targets\Microsoft.NET.Sdk.targets(201,5): message :       GetTargetPath;
       C:\Program Files\dotnet\sdk\9.0.304\Sdks\Microsoft.NET.Sdk\targets\Microsoft.NET.Sdk.targets(201,5): message :       PrepareForRun;
       C:\Program Files\dotnet\sdk\9.0.304\Sdks\Microsoft.NET.Sdk\targets\Microsoft.NET.Sdk.targets(201,5): message :       UnmanagedRegistration;
       C:\Program Files\dotnet\sdk\9.0.304\Sdks\Microsoft.NET.Sdk\targets\Microsoft.NET.Sdk.targets(201,5): message :       IncrementalClean;
       C:\Program Files\dotnet\sdk\9.0.304\Sdks\Microsoft.NET.Sdk\targets\Microsoft.NET.Sdk.targets(201,5): message :       PostBuildEvent
       C:\Program Files\dotnet\sdk\9.0.304\Sdks\Microsoft.NET.Sdk\targets\Microsoft.NET.Sdk.targets(201,5): message :     ") em C:\Program Files\dotnet\sdk\9.0.304\Sdks\Microsoft.NET.Sdk\targets\Microsoft.NET.Sdk.targets (201,5)
       C:\Program Files\dotnet\sdk\9.0.304\Sdks\Microsoft.NET.Sdk\targets\Microsoft.NET.Sdk.targets(210,5): message : Reatribui├º├úo de propriedade: $(CoreCleanDependsOn)="
       C:\Program Files\dotnet\sdk\9.0.304\Sdks\Microsoft.NET.Sdk\targets\Microsoft.NET.Sdk.targets(210,5): message :       _SdkBeforeClean;
       C:\Program Files\dotnet\sdk\9.0.304\Sdks\Microsoft.NET.Sdk\targets\Microsoft.NET.Sdk.targets(210,5): message :       
       C:\Program Files\dotnet\sdk\9.0.304\Sdks\Microsoft.NET.Sdk\targets\Microsoft.NET.Sdk.targets(210,5): message :     " (valor anterior: "") em C:\Program Files\dotnet\sdk\9.0.304\Sdks\Microsoft.NET.Sdk\targets\Microsoft.NET.Sdk.targets (210,5)
       C:\Program Files\dotnet\sdk\9.0.304\Sdks\Microsoft.NET.Sdk\targets\Microsoft.NET.Sdk.targets(217,5): message : Reatribui├º├úo de propriedade: $(RebuildDependsOn)="
       C:\Program Files\dotnet\sdk\9.0.304\Sdks\Microsoft.NET.Sdk\targets\Microsoft.NET.Sdk.targets(217,5): message :       _SdkBeforeRebuild;
       C:\Program Files\dotnet\sdk\9.0.304\Sdks\Microsoft.NET.Sdk\targets\Microsoft.NET.Sdk.targets(217,5): message :       
       C:\Program Files\dotnet\sdk\9.0.304\Sdks\Microsoft.NET.Sdk\targets\Microsoft.NET.Sdk.targets(217,5): message :       BeforeRebuild;
       C:\Program Files\dotnet\sdk\9.0.304\Sdks\Microsoft.NET.Sdk\targets\Microsoft.NET.Sdk.targets(217,5): message :       Clean;
       C:\Program Files\dotnet\sdk\9.0.304\Sdks\Microsoft.NET.Sdk\targets\Microsoft.NET.Sdk.targets(217,5): message :       Build;
       C:\Program Files\dotnet\sdk\9.0.304\Sdks\Microsoft.NET.Sdk\targets\Microsoft.NET.Sdk.targets(217,5): message :       AfterRebuild;
       C:\Program Files\dotnet\sdk\9.0.304\Sdks\Microsoft.NET.Sdk\targets\Microsoft.NET.Sdk.targets(217,5): message :     
       C:\Program Files\dotnet\sdk\9.0.304\Sdks\Microsoft.NET.Sdk\targets\Microsoft.NET.Sdk.targets(217,5): message :     " (valor anterior: "
       C:\Program Files\dotnet\sdk\9.0.304\Sdks\Microsoft.NET.Sdk\targets\Microsoft.NET.Sdk.targets(217,5): message :       BeforeRebuild;
       C:\Program Files\dotnet\sdk\9.0.304\Sdks\Microsoft.NET.Sdk\targets\Microsoft.NET.Sdk.targets(217,5): message :       Clean;
       C:\Program Files\dotnet\sdk\9.0.304\Sdks\Microsoft.NET.Sdk\targets\Microsoft.NET.Sdk.targets(217,5): message :       Build;
       C:\Program Files\dotnet\sdk\9.0.304\Sdks\Microsoft.NET.Sdk\targets\Microsoft.NET.Sdk.targets(217,5): message :       AfterRebuild;
       C:\Program Files\dotnet\sdk\9.0.304\Sdks\Microsoft.NET.Sdk\targets\Microsoft.NET.Sdk.targets(217,5): message :     ") em C:\Program Files\dotnet\sdk\9.0.304\Sdks\Microsoft.NET.Sdk\targets\Microsoft.NET.Sdk.targets (217,5)
       C:\Program Files\dotnet\sdk\9.0.304\Sdks\Microsoft.NET.Sdk\targets\Microsoft.NET.Sdk.targets(784,5): message : Reatribui├º├úo de propriedade: $(CompileDependsOn)="
       C:\Program Files\dotnet\sdk\9.0.304\Sdks\Microsoft.NET.Sdk\targets\Microsoft.NET.Sdk.targets(784,5): message :       
       C:\Program Files\dotnet\sdk\9.0.304\Sdks\Microsoft.NET.Sdk\targets\Microsoft.NET.Sdk.targets(784,5): message :       ResolveReferences;
       C:\Program Files\dotnet\sdk\9.0.304\Sdks\Microsoft.NET.Sdk\targets\Microsoft.NET.Sdk.targets(784,5): message :       ResolveKeySource;
       C:\Program Files\dotnet\sdk\9.0.304\Sdks\Microsoft.NET.Sdk\targets\Microsoft.NET.Sdk.targets(784,5): message :       SetWin32ManifestProperties;
       C:\Program Files\dotnet\sdk\9.0.304\Sdks\Microsoft.NET.Sdk\targets\Microsoft.NET.Sdk.targets(784,5): message :       _SetPreferNativeArm64Win32ManifestProperties;
       C:\Program Files\dotnet\sdk\9.0.304\Sdks\Microsoft.NET.Sdk\targets\Microsoft.NET.Sdk.targets(784,5): message :       FindReferenceAssembliesForReferences;
       C:\Program Files\dotnet\sdk\9.0.304\Sdks\Microsoft.NET.Sdk\targets\Microsoft.NET.Sdk.targets(784,5): message :       _GenerateCompileInputs;
       C:\Program Files\dotnet\sdk\9.0.304\Sdks\Microsoft.NET.Sdk\targets\Microsoft.NET.Sdk.targets(784,5): message :       BeforeCompile;
       C:\Program Files\dotnet\sdk\9.0.304\Sdks\Microsoft.NET.Sdk\targets\Microsoft.NET.Sdk.targets(784,5): message :       _TimeStampBeforeCompile;
       C:\Program Files\dotnet\sdk\9.0.304\Sdks\Microsoft.NET.Sdk\targets\Microsoft.NET.Sdk.targets(784,5): message :       _GenerateCompileDependencyCache;
       C:\Program Files\dotnet\sdk\9.0.304\Sdks\Microsoft.NET.Sdk\targets\Microsoft.NET.Sdk.targets(784,5): message :       CoreCompile;
       C:\Program Files\dotnet\sdk\9.0.304\Sdks\Microsoft.NET.Sdk\targets\Microsoft.NET.Sdk.targets(784,5): message :       _TimeStampAfterCompile;
       C:\Program Files\dotnet\sdk\9.0.304\Sdks\Microsoft.NET.Sdk\targets\Microsoft.NET.Sdk.targets(784,5): message :       AfterCompile;
       C:\Program Files\dotnet\sdk\9.0.304\Sdks\Microsoft.NET.Sdk\targets\Microsoft.NET.Sdk.targets(784,5): message :     ;
       C:\Program Files\dotnet\sdk\9.0.304\Sdks\Microsoft.NET.Sdk\targets\Microsoft.NET.Sdk.targets(784,5): message :       _CreateAppHost;
       C:\Program Files\dotnet\sdk\9.0.304\Sdks\Microsoft.NET.Sdk\targets\Microsoft.NET.Sdk.targets(784,5): message :       _CreateComHost;
       C:\Program Files\dotnet\sdk\9.0.304\Sdks\Microsoft.NET.Sdk\targets\Microsoft.NET.Sdk.targets(784,5): message :       _GetIjwHostPaths;
       C:\Program Files\dotnet\sdk\9.0.304\Sdks\Microsoft.NET.Sdk\targets\Microsoft.NET.Sdk.targets(784,5): message :     " (valor anterior: "
       C:\Program Files\dotnet\sdk\9.0.304\Sdks\Microsoft.NET.Sdk\targets\Microsoft.NET.Sdk.targets(784,5): message :       ResolveReferences;
       C:\Program Files\dotnet\sdk\9.0.304\Sdks\Microsoft.NET.Sdk\targets\Microsoft.NET.Sdk.targets(784,5): message :       ResolveKeySource;
       C:\Program Files\dotnet\sdk\9.0.304\Sdks\Microsoft.NET.Sdk\targets\Microsoft.NET.Sdk.targets(784,5): message :       SetWin32ManifestProperties;
       C:\Program Files\dotnet\sdk\9.0.304\Sdks\Microsoft.NET.Sdk\targets\Microsoft.NET.Sdk.targets(784,5): message :       _SetPreferNativeArm64Win32ManifestProperties;
       C:\Program Files\dotnet\sdk\9.0.304\Sdks\Microsoft.NET.Sdk\targets\Microsoft.NET.Sdk.targets(784,5): message :       FindReferenceAssembliesForReferences;
       C:\Program Files\dotnet\sdk\9.0.304\Sdks\Microsoft.NET.Sdk\targets\Microsoft.NET.Sdk.targets(784,5): message :       _GenerateCompileInputs;
       C:\Program Files\dotnet\sdk\9.0.304\Sdks\Microsoft.NET.Sdk\targets\Microsoft.NET.Sdk.targets(784,5): message :       BeforeCompile;
       C:\Program Files\dotnet\sdk\9.0.304\Sdks\Microsoft.NET.Sdk\targets\Microsoft.NET.Sdk.targets(784,5): message :       _TimeStampBeforeCompile;
       C:\Program Files\dotnet\sdk\9.0.304\Sdks\Microsoft.NET.Sdk\targets\Microsoft.NET.Sdk.targets(784,5): message :       _GenerateCompileDependencyCache;
       C:\Program Files\dotnet\sdk\9.0.304\Sdks\Microsoft.NET.Sdk\targets\Microsoft.NET.Sdk.targets(784,5): message :       CoreCompile;
       C:\Program Files\dotnet\sdk\9.0.304\Sdks\Microsoft.NET.Sdk\targets\Microsoft.NET.Sdk.targets(784,5): message :       _TimeStampAfterCompile;
       C:\Program Files\dotnet\sdk\9.0.304\Sdks\Microsoft.NET.Sdk\targets\Microsoft.NET.Sdk.targets(784,5): message :       AfterCompile;
       C:\Program Files\dotnet\sdk\9.0.304\Sdks\Microsoft.NET.Sdk\targets\Microsoft.NET.Sdk.targets(784,5): message :     ") em C:\Program Files\dotnet\sdk\9.0.304\Sdks\Microsoft.NET.Sdk\targets\Microsoft.NET.Sdk.targets (784,5)
       C:\Program Files\dotnet\sdk\9.0.304\Sdks\Microsoft.NET.Sdk\targets\Microsoft.NET.Sdk.targets(1184,5): message : Reatribui├º├úo de propriedade: $(CreateSatelliteAssembliesDependsOn)="
       C:\Program Files\dotnet\sdk\9.0.304\Sdks\Microsoft.NET.Sdk\targets\Microsoft.NET.Sdk.targets(1184,5): message :       
       C:\Program Files\dotnet\sdk\9.0.304\Sdks\Microsoft.NET.Sdk\targets\Microsoft.NET.Sdk.targets(1184,5): message :       ;
       C:\Program Files\dotnet\sdk\9.0.304\Sdks\Microsoft.NET.Sdk\targets\Microsoft.NET.Sdk.targets(1184,5): message :       _GenerateSatelliteAssemblyInputs;
       C:\Program Files\dotnet\sdk\9.0.304\Sdks\Microsoft.NET.Sdk\targets\Microsoft.NET.Sdk.targets(1184,5): message :       ComputeIntermediateSatelliteAssemblies;
       C:\Program Files\dotnet\sdk\9.0.304\Sdks\Microsoft.NET.Sdk\targets\Microsoft.NET.Sdk.targets(1184,5): message :       GenerateSatelliteAssemblies
       C:\Program Files\dotnet\sdk\9.0.304\Sdks\Microsoft.NET.Sdk\targets\Microsoft.NET.Sdk.targets(1184,5): message :     ;
       C:\Program Files\dotnet\sdk\9.0.304\Sdks\Microsoft.NET.Sdk\targets\Microsoft.NET.Sdk.targets(1184,5): message :       CoreGenerateSatelliteAssemblies
       C:\Program Files\dotnet\sdk\9.0.304\Sdks\Microsoft.NET.Sdk\targets\Microsoft.NET.Sdk.targets(1184,5): message :     " (valor anterior: "
       C:\Program Files\dotnet\sdk\9.0.304\Sdks\Microsoft.NET.Sdk\targets\Microsoft.NET.Sdk.targets(1184,5): message :       ;
       C:\Program Files\dotnet\sdk\9.0.304\Sdks\Microsoft.NET.Sdk\targets\Microsoft.NET.Sdk.targets(1184,5): message :       _GenerateSatelliteAssemblyInputs;
       C:\Program Files\dotnet\sdk\9.0.304\Sdks\Microsoft.NET.Sdk\targets\Microsoft.NET.Sdk.targets(1184,5): message :       ComputeIntermediateSatelliteAssemblies;
       C:\Program Files\dotnet\sdk\9.0.304\Sdks\Microsoft.NET.Sdk\targets\Microsoft.NET.Sdk.targets(1184,5): message :       GenerateSatelliteAssemblies
       C:\Program Files\dotnet\sdk\9.0.304\Sdks\Microsoft.NET.Sdk\targets\Microsoft.NET.Sdk.targets(1184,5): message :     ") em C:\Program Files\dotnet\sdk\9.0.304\Sdks\Microsoft.NET.Sdk\targets\Microsoft.NET.Sdk.targets (1184,5)
       C:\Program Files\dotnet\sdk\9.0.304\Sdks\Microsoft.SourceLink.GitLab\build\Microsoft.SourceLink.GitLab.targets(12,5): message : Reatribui├º├úo de propriedade: $(SourceLinkUrlInitializerTargets)=";_InitializeGitHubSourceLinkUrl;_InitializeGitLabSourceLinkUrl" (valor anterior: ";_InitializeGitHubSourceLinkUrl") em C:\Program Files\dotnet\sdk\9.0.304\Sdks\Microsoft.SourceLink.GitLab\build\Microsoft.SourceLink.GitLab.targets (12,5)
       C:\Program Files\dotnet\sdk\9.0.304\Sdks\Microsoft.SourceLink.GitLab\build\Microsoft.SourceLink.GitLab.targets(13,5): message : Reatribui├º├úo de propriedade: $(SourceControlManagerUrlTranslationTargets)=";TranslateGitHubUrlsInSourceControlInformation;TranslateGitLabUrlsInSourceControlInformation" (valor anterior: ";TranslateGitHubUrlsInSourceControlInformation") em C:\Program Files\dotnet\sdk\9.0.304\Sdks\Microsoft.SourceLink.GitLab\build\Microsoft.SourceLink.GitLab.targets (13,5)
       C:\Program Files\dotnet\sdk\9.0.304\Sdks\Microsoft.SourceLink.AzureRepos.Git\build\Microsoft.SourceLink.AzureRepos.Git.targets(12,5): message : Reatribui├º├úo de propriedade: $(SourceLinkUrlInitializerTargets)=";_InitializeGitHubSourceLinkUrl;_InitializeGitLabSourceLinkUrl;_InitializeAzureReposGitSourceLinkUrl" (valor anterior: ";_InitializeGitHubSourceLinkUrl;_InitializeGitLabSourceLinkUrl") em C:\Program Files\dotnet\sdk\9.0.304\Sdks\Microsoft.SourceLink.AzureRepos.Git\build\Microsoft.SourceLink.AzureRepos.Git.targets (12,5)
       C:\Program Files\dotnet\sdk\9.0.304\Sdks\Microsoft.SourceLink.AzureRepos.Git\build\Microsoft.SourceLink.AzureRepos.Git.targets(13,5): message : Reatribui├º├úo de propriedade: $(SourceControlManagerUrlTranslationTargets)=";TranslateGitHubUrlsInSourceControlInformation;TranslateGitLabUrlsInSourceControlInformation;TranslateAzureReposGitUrlsInSourceControlInformation" (valor anterior: ";TranslateGitHubUrlsInSourceControlInformation;TranslateGitLabUrlsInSourceControlInformation") em C:\Program Files\dotnet\sdk\9.0.304\Sdks\Microsoft.SourceLink.AzureRepos.Git\build\Microsoft.SourceLink.AzureRepos.Git.targets (13,5)
       C:\Program Files\dotnet\sdk\9.0.304\Sdks\Microsoft.SourceLink.Bitbucket.Git\build\Microsoft.SourceLink.Bitbucket.Git.targets(12,5): message : Reatribui├º├úo de propriedade: $(SourceLinkUrlInitializerTargets)=";_InitializeGitHubSourceLinkUrl;_InitializeGitLabSourceLinkUrl;_InitializeAzureReposGitSourceLinkUrl;_InitializeBitbucketGitSourceLinkUrl" (valor anterior: ";_InitializeGitHubSourceLinkUrl;_InitializeGitLabSourceLinkUrl;_InitializeAzureReposGitSourceLinkUrl") em C:\Program Files\dotnet\sdk\9.0.304\Sdks\Microsoft.SourceLink.Bitbucket.Git\build\Microsoft.SourceLink.Bitbucket.Git.targets (12,5)
       C:\Program Files\dotnet\sdk\9.0.304\Sdks\Microsoft.SourceLink.Bitbucket.Git\build\Microsoft.SourceLink.Bitbucket.Git.targets(13,5): message : Reatribui├º├úo de propriedade: $(SourceControlManagerUrlTranslationTargets)=";TranslateGitHubUrlsInSourceControlInformation;TranslateGitLabUrlsInSourceControlInformation;TranslateAzureReposGitUrlsInSourceControlInformation;TranslateBitbucketGitUrlsInSourceControlInformation" (valor anterior: ";TranslateGitHubUrlsInSourceControlInformation;TranslateGitLabUrlsInSourceControlInformation;TranslateAzureReposGitUrlsInSourceControlInformation") em C:\Program Files\dotnet\sdk\9.0.304\Sdks\Microsoft.SourceLink.Bitbucket.Git\build\Microsoft.SourceLink.Bitbucket.Git.targets (13,5)
       C:\Program Files\dotnet\sdk\9.0.304\Sdks\Microsoft.NET.Sdk\targets\Microsoft.NET.DesignerSupport.targets(21,5): message : Reatribui├º├úo de propriedade: $(DesignerRuntimeImplementationProjectOutputGroupDependsOn)="
       C:\Program Files\dotnet\sdk\9.0.304\Sdks\Microsoft.NET.Sdk\targets\Microsoft.NET.DesignerSupport.targets(21,5): message :       
       C:\Program Files\dotnet\sdk\9.0.304\Sdks\Microsoft.NET.Sdk\targets\Microsoft.NET.DesignerSupport.targets(21,5): message :       ;
       C:\Program Files\dotnet\sdk\9.0.304\Sdks\Microsoft.NET.Sdk\targets\Microsoft.NET.DesignerSupport.targets(21,5): message :       
       C:\Program Files\dotnet\sdk\9.0.304\Sdks\Microsoft.NET.Sdk\targets\Microsoft.NET.DesignerSupport.targets(21,5): message :       ;
       C:\Program Files\dotnet\sdk\9.0.304\Sdks\Microsoft.NET.Sdk\targets\Microsoft.NET.DesignerSupport.targets(21,5): message :       BuildOnlySettings;
       C:\Program Files\dotnet\sdk\9.0.304\Sdks\Microsoft.NET.Sdk\targets\Microsoft.NET.DesignerSupport.targets(21,5): message :       PrepareForBuild;
       C:\Program Files\dotnet\sdk\9.0.304\Sdks\Microsoft.NET.Sdk\targets\Microsoft.NET.DesignerSupport.targets(21,5): message :       AssignTargetPaths;
       C:\Program Files\dotnet\sdk\9.0.304\Sdks\Microsoft.NET.Sdk\targets\Microsoft.NET.DesignerSupport.targets(21,5): message :       ResolveReferences
       C:\Program Files\dotnet\sdk\9.0.304\Sdks\Microsoft.NET.Sdk\targets\Microsoft.NET.DesignerSupport.targets(21,5): message :     
       C:\Program Files\dotnet\sdk\9.0.304\Sdks\Microsoft.NET.Sdk\targets\Microsoft.NET.DesignerSupport.targets(21,5): message :     ;
       C:\Program Files\dotnet\sdk\9.0.304\Sdks\Microsoft.NET.Sdk\targets\Microsoft.NET.DesignerSupport.targets(21,5): message :       _GenerateDesignerDepsFile;
       C:\Program Files\dotnet\sdk\9.0.304\Sdks\Microsoft.NET.Sdk\targets\Microsoft.NET.DesignerSupport.targets(21,5): message :       _GenerateDesignerRuntimeConfigFile;
       C:\Program Files\dotnet\sdk\9.0.304\Sdks\Microsoft.NET.Sdk\targets\Microsoft.NET.DesignerSupport.targets(21,5): message :       GetCopyToOutputDirectoryItems;
       C:\Program Files\dotnet\sdk\9.0.304\Sdks\Microsoft.NET.Sdk\targets\Microsoft.NET.DesignerSupport.targets(21,5): message :       _GatherDesignerShadowCopyFiles;
       C:\Program Files\dotnet\sdk\9.0.304\Sdks\Microsoft.NET.Sdk\targets\Microsoft.NET.DesignerSupport.targets(21,5): message :     " (valor anterior: "
       C:\Program Files\dotnet\sdk\9.0.304\Sdks\Microsoft.NET.Sdk\targets\Microsoft.NET.DesignerSupport.targets(21,5): message :       ;
       C:\Program Files\dotnet\sdk\9.0.304\Sdks\Microsoft.NET.Sdk\targets\Microsoft.NET.DesignerSupport.targets(21,5): message :       
       C:\Program Files\dotnet\sdk\9.0.304\Sdks\Microsoft.NET.Sdk\targets\Microsoft.NET.DesignerSupport.targets(21,5): message :       ;
       C:\Program Files\dotnet\sdk\9.0.304\Sdks\Microsoft.NET.Sdk\targets\Microsoft.NET.DesignerSupport.targets(21,5): message :       BuildOnlySettings;
       C:\Program Files\dotnet\sdk\9.0.304\Sdks\Microsoft.NET.Sdk\targets\Microsoft.NET.DesignerSupport.targets(21,5): message :       PrepareForBuild;
       C:\Program Files\dotnet\sdk\9.0.304\Sdks\Microsoft.NET.Sdk\targets\Microsoft.NET.DesignerSupport.targets(21,5): message :       AssignTargetPaths;
       C:\Program Files\dotnet\sdk\9.0.304\Sdks\Microsoft.NET.Sdk\targets\Microsoft.NET.DesignerSupport.targets(21,5): message :       ResolveReferences
       C:\Program Files\dotnet\sdk\9.0.304\Sdks\Microsoft.NET.Sdk\targets\Microsoft.NET.DesignerSupport.targets(21,5): message :     
       C:\Program Files\dotnet\sdk\9.0.304\Sdks\Microsoft.NET.Sdk\targets\Microsoft.NET.DesignerSupport.targets(21,5): message :     ") em C:\Program Files\dotnet\sdk\9.0.304\Sdks\Microsoft.NET.Sdk\targets\Microsoft.NET.DesignerSupport.targets (21,5)
       C:\Program Files\dotnet\sdk\9.0.304\Sdks\Microsoft.NET.Sdk\targets\Microsoft.NET.PackTool.targets(68,5): message : Reatribui├º├úo de propriedade: $(_GenerateToolsSettingsFileCacheFile)="D:\PROJETOS\LAUNCHER C#\launcher\obj\Debug\net9.0-windows\win-x64\L2Updater_g4gic3ee_wpftmp.toolssettingsinput.cache" (valor anterior: "obj\Debug\net9.0-windows\win-x64\L2Updater_g4gic3ee_wpftmp.toolssettingsinput.cache") em C:\Program Files\dotnet\sdk\9.0.304\Sdks\Microsoft.NET.Sdk\targets\Microsoft.NET.PackTool.targets (68,5)
       C:\Program Files\dotnet\sdk\9.0.304\Sdks\Microsoft.NET.Sdk\targets\Microsoft.NET.PackTool.targets(137,5): message : Reatribui├º├úo de propriedade: $(_ShimInputCacheFile)="D:\PROJETOS\LAUNCHER C#\launcher\obj\Debug\net9.0-windows\win-x64\L2Updater_g4gic3ee_wpftmp.shiminput.cache" (valor anterior: "obj\Debug\net9.0-windows\win-x64\L2Updater_g4gic3ee_wpftmp.shiminput.cache") em C:\Program Files\dotnet\sdk\9.0.304\Sdks\Microsoft.NET.Sdk\targets\Microsoft.NET.PackTool.targets (137,5)
       C:\Program Files\dotnet\sdk\9.0.304\Sdks\Microsoft.NET.Sdk\targets\Microsoft.NET.PackTool.targets(139,5): message : Reatribui├º├úo de propriedade: $(_ShimCreatedSentinelFile)="D:\PROJETOS\LAUNCHER C#\launcher\obj\Debug\net9.0-windows\win-x64\L2Updater_g4gic3ee_wpftmp.shimcreated.sentinel" (valor anterior: "obj\Debug\net9.0-windows\win-x64\L2Updater_g4gic3ee_wpftmp.shimcreated.sentinel") em C:\Program Files\dotnet\sdk\9.0.304\Sdks\Microsoft.NET.Sdk\targets\Microsoft.NET.PackTool.targets (139,5)
       C:\Program Files\dotnet\sdk\9.0.304\Sdks\Microsoft.NET.Sdk\targets\Microsoft.NET.Sdk.CSharp.targets(31,5): message : Reatribui├º├úo de propriedade: $(DefineConstants)="TRACE;DEBUG" (valor anterior: "TRACE") em C:\Program Files\dotnet\sdk\9.0.304\Sdks\Microsoft.NET.Sdk\targets\Microsoft.NET.Sdk.CSharp.targets (31,5)
       C:\Program Files\dotnet\sdk\9.0.304\Sdks\Microsoft.NET.Sdk\targets\Microsoft.NET.Sdk.CSharp.targets(34,5): message : Reatribui├º├úo de propriedade: $(DefineConstants)="TRACE;DEBUG;NET;NET9_0;NETCOREAPP" (valor anterior: "TRACE;DEBUG") em C:\Program Files\dotnet\sdk\9.0.304\Sdks\Microsoft.NET.Sdk\targets\Microsoft.NET.Sdk.CSharp.targets (34,5)
       C:\Program Files\dotnet\sdk\9.0.304\Sdks\Microsoft.NET.Sdk\targets\Microsoft.NET.Sdk.CSharp.targets(48,5): message : Reatribui├º├úo de propriedade: $(WarningsAsErrors)=";NU1605;SYSLIB0011" (valor anterior: ";NU1605") em C:\Program Files\dotnet\sdk\9.0.304\Sdks\Microsoft.NET.Sdk\targets\Microsoft.NET.Sdk.CSharp.targets (48,5)
       C:\Program Files\dotnet\sdk\9.0.304\Sdks\Microsoft.NET.Sdk\targets\Microsoft.NET.Windows.targets(34,5): message : Reatribui├º├úo de propriedade: $(TargetPlatformVersion)="7.0" (valor anterior: "") em C:\Program Files\dotnet\sdk\9.0.304\Sdks\Microsoft.NET.Sdk\targets\Microsoft.NET.Windows.targets (34,5)
       C:\Program Files\dotnet\sdk\9.0.304\Sdks\Microsoft.NET.Sdk\targets\Microsoft.NET.Windows.targets(44,5): message : Reatribui├º├úo de propriedade: $(SupportedOSPlatformVersion)="7.0" (valor anterior: "") em C:\Program Files\dotnet\sdk\9.0.304\Sdks\Microsoft.NET.Sdk\targets\Microsoft.NET.Windows.targets (44,5)
       C:\Program Files\dotnet\sdk\9.0.304\Sdks\Microsoft.NET.Sdk\targets\Microsoft.NET.Windows.targets(45,5): message : Reatribui├º├úo de propriedade: $(TargetPlatformMinVersion)="7.0" (valor anterior: "") em C:\Program Files\dotnet\sdk\9.0.304\Sdks\Microsoft.NET.Sdk\targets\Microsoft.NET.Windows.targets (45,5)
       C:\Program Files\dotnet\sdk\9.0.304\Sdks\Microsoft.NET.Sdk\targets\Microsoft.NET.Sdk.targets(1473,5): message : Reatribui├º├úo de propriedade: $(TargetPlatformDisplayName)="Windows 7.0" (valor anterior: "Windows ") em C:\Program Files\dotnet\sdk\9.0.304\Sdks\Microsoft.NET.Sdk\targets\Microsoft.NET.Sdk.targets (1473,5)
       C:\Program Files\dotnet\sdk\9.0.304\Sdks\Microsoft.NET.Sdk.WindowsDesktop\targets\Microsoft.NET.Sdk.WindowsDesktop.targets(51,5): message : Reatribui├º├úo de propriedade: $(_TargetFrameworkVersionValue)="9.0" (valor anterior: "0.0") em C:\Program Files\dotnet\sdk\9.0.304\Sdks\Microsoft.NET.Sdk.WindowsDesktop\targets\Microsoft.NET.Sdk.WindowsDesktop.targets (51,5)
       C:\Program Files\dotnet\sdk\9.0.304\Sdks\Microsoft.NET.Sdk.WindowsDesktop\targets\Microsoft.WinFX.targets(61,7): message : Reatribui├º├úo de propriedade: $(PrepareResourceNamesDependsOn)="
       C:\Program Files\dotnet\sdk\9.0.304\Sdks\Microsoft.NET.Sdk.WindowsDesktop\targets\Microsoft.WinFX.targets(61,7): message :                     AssignWinFXEmbeddedResource;
       C:\Program Files\dotnet\sdk\9.0.304\Sdks\Microsoft.NET.Sdk.WindowsDesktop\targets\Microsoft.WinFX.targets(61,7): message :                     
       C:\Program Files\dotnet\sdk\9.0.304\Sdks\Microsoft.NET.Sdk.WindowsDesktop\targets\Microsoft.WinFX.targets(61,7): message :       AssignTargetPaths;
       C:\Program Files\dotnet\sdk\9.0.304\Sdks\Microsoft.NET.Sdk.WindowsDesktop\targets\Microsoft.WinFX.targets(61,7): message :       SplitResourcesByCulture;
       C:\Program Files\dotnet\sdk\9.0.304\Sdks\Microsoft.NET.Sdk.WindowsDesktop\targets\Microsoft.WinFX.targets(61,7): message :       CreateManifestResourceNames;
       C:\Program Files\dotnet\sdk\9.0.304\Sdks\Microsoft.NET.Sdk.WindowsDesktop\targets\Microsoft.WinFX.targets(61,7): message :       CreateCustomManifestResourceNames
       C:\Program Files\dotnet\sdk\9.0.304\Sdks\Microsoft.NET.Sdk.WindowsDesktop\targets\Microsoft.WinFX.targets(61,7): message :     
       C:\Program Files\dotnet\sdk\9.0.304\Sdks\Microsoft.NET.Sdk.WindowsDesktop\targets\Microsoft.WinFX.targets(61,7): message :       " (valor anterior: "
       C:\Program Files\dotnet\sdk\9.0.304\Sdks\Microsoft.NET.Sdk.WindowsDesktop\targets\Microsoft.WinFX.targets(61,7): message :       AssignTargetPaths;
       C:\Program Files\dotnet\sdk\9.0.304\Sdks\Microsoft.NET.Sdk.WindowsDesktop\targets\Microsoft.WinFX.targets(61,7): message :       SplitResourcesByCulture;
       C:\Program Files\dotnet\sdk\9.0.304\Sdks\Microsoft.NET.Sdk.WindowsDesktop\targets\Microsoft.WinFX.targets(61,7): message :       CreateManifestResourceNames;
       C:\Program Files\dotnet\sdk\9.0.304\Sdks\Microsoft.NET.Sdk.WindowsDesktop\targets\Microsoft.WinFX.targets(61,7): message :       CreateCustomManifestResourceNames
       C:\Program Files\dotnet\sdk\9.0.304\Sdks\Microsoft.NET.Sdk.WindowsDesktop\targets\Microsoft.WinFX.targets(61,7): message :     ") em C:\Program Files\dotnet\sdk\9.0.304\Sdks\Microsoft.NET.Sdk.WindowsDesktop\targets\Microsoft.WinFX.targets (61,7)
       C:\Program Files\dotnet\sdk\9.0.304\Sdks\Microsoft.NET.Sdk.WindowsDesktop\targets\Microsoft.WinFX.targets(69,7): message : Reatribui├º├úo de propriedade: $(PrepareResourcesDependsOn)="
       C:\Program Files\dotnet\sdk\9.0.304\Sdks\Microsoft.NET.Sdk.WindowsDesktop\targets\Microsoft.WinFX.targets(69,7): message :                 MarkupCompilePass1;
       C:\Program Files\dotnet\sdk\9.0.304\Sdks\Microsoft.NET.Sdk.WindowsDesktop\targets\Microsoft.WinFX.targets(69,7): message :                 AfterMarkupCompilePass1;
       C:\Program Files\dotnet\sdk\9.0.304\Sdks\Microsoft.NET.Sdk.WindowsDesktop\targets\Microsoft.WinFX.targets(69,7): message :                 MarkupCompilePass2ForMainAssembly;
       C:\Program Files\dotnet\sdk\9.0.304\Sdks\Microsoft.NET.Sdk.WindowsDesktop\targets\Microsoft.WinFX.targets(69,7): message :                 FileClassification;
       C:\Program Files\dotnet\sdk\9.0.304\Sdks\Microsoft.NET.Sdk.WindowsDesktop\targets\Microsoft.WinFX.targets(69,7): message :                 MainResourcesGeneration;
       C:\Program Files\dotnet\sdk\9.0.304\Sdks\Microsoft.NET.Sdk.WindowsDesktop\targets\Microsoft.WinFX.targets(69,7): message :                 
       C:\Program Files\dotnet\sdk\9.0.304\Sdks\Microsoft.NET.Sdk.WindowsDesktop\targets\Microsoft.WinFX.targets(69,7): message :       ResolvePackageDependenciesForBuild;
       C:\Program Files\dotnet\sdk\9.0.304\Sdks\Microsoft.NET.Sdk.WindowsDesktop\targets\Microsoft.WinFX.targets(69,7): message :       _HandlePackageFileConflicts;
       C:\Program Files\dotnet\sdk\9.0.304\Sdks\Microsoft.NET.Sdk.WindowsDesktop\targets\Microsoft.WinFX.targets(69,7): message :       
       C:\Program Files\dotnet\sdk\9.0.304\Sdks\Microsoft.NET.Sdk.WindowsDesktop\targets\Microsoft.WinFX.targets(69,7): message :       ;
       C:\Program Files\dotnet\sdk\9.0.304\Sdks\Microsoft.NET.Sdk.WindowsDesktop\targets\Microsoft.WinFX.targets(69,7): message :       PrepareResourceNames;
       C:\Program Files\dotnet\sdk\9.0.304\Sdks\Microsoft.NET.Sdk.WindowsDesktop\targets\Microsoft.WinFX.targets(69,7): message :       ResGen;
       C:\Program Files\dotnet\sdk\9.0.304\Sdks\Microsoft.NET.Sdk.WindowsDesktop\targets\Microsoft.WinFX.targets(69,7): message :       CompileLicxFiles
       C:\Program Files\dotnet\sdk\9.0.304\Sdks\Microsoft.NET.Sdk.WindowsDesktop\targets\Microsoft.WinFX.targets(69,7): message :     
       C:\Program Files\dotnet\sdk\9.0.304\Sdks\Microsoft.NET.Sdk.WindowsDesktop\targets\Microsoft.WinFX.targets(69,7): message :     
       C:\Program Files\dotnet\sdk\9.0.304\Sdks\Microsoft.NET.Sdk.WindowsDesktop\targets\Microsoft.WinFX.targets(69,7): message :       " (valor anterior: "
       C:\Program Files\dotnet\sdk\9.0.304\Sdks\Microsoft.NET.Sdk.WindowsDesktop\targets\Microsoft.WinFX.targets(69,7): message :       ResolvePackageDependenciesForBuild;
       C:\Program Files\dotnet\sdk\9.0.304\Sdks\Microsoft.NET.Sdk.WindowsDesktop\targets\Microsoft.WinFX.targets(69,7): message :       _HandlePackageFileConflicts;
       C:\Program Files\dotnet\sdk\9.0.304\Sdks\Microsoft.NET.Sdk.WindowsDesktop\targets\Microsoft.WinFX.targets(69,7): message :       
       C:\Program Files\dotnet\sdk\9.0.304\Sdks\Microsoft.NET.Sdk.WindowsDesktop\targets\Microsoft.WinFX.targets(69,7): message :       ;
       C:\Program Files\dotnet\sdk\9.0.304\Sdks\Microsoft.NET.Sdk.WindowsDesktop\targets\Microsoft.WinFX.targets(69,7): message :       PrepareResourceNames;
       C:\Program Files\dotnet\sdk\9.0.304\Sdks\Microsoft.NET.Sdk.WindowsDesktop\targets\Microsoft.WinFX.targets(69,7): message :       ResGen;
       C:\Program Files\dotnet\sdk\9.0.304\Sdks\Microsoft.NET.Sdk.WindowsDesktop\targets\Microsoft.WinFX.targets(69,7): message :       CompileLicxFiles
       C:\Program Files\dotnet\sdk\9.0.304\Sdks\Microsoft.NET.Sdk.WindowsDesktop\targets\Microsoft.WinFX.targets(69,7): message :     
       C:\Program Files\dotnet\sdk\9.0.304\Sdks\Microsoft.NET.Sdk.WindowsDesktop\targets\Microsoft.WinFX.targets(69,7): message :     ") em C:\Program Files\dotnet\sdk\9.0.304\Sdks\Microsoft.NET.Sdk.WindowsDesktop\targets\Microsoft.WinFX.targets (69,7)
       C:\Program Files\dotnet\sdk\9.0.304\Sdks\Microsoft.NET.Sdk.WindowsDesktop\targets\Microsoft.WinFX.targets(136,5): message : Reatribui├º├úo de propriedade: $(CompileDependsOn)="
       C:\Program Files\dotnet\sdk\9.0.304\Sdks\Microsoft.NET.Sdk.WindowsDesktop\targets\Microsoft.WinFX.targets(136,5): message :         
       C:\Program Files\dotnet\sdk\9.0.304\Sdks\Microsoft.NET.Sdk.WindowsDesktop\targets\Microsoft.WinFX.targets(136,5): message :       
       C:\Program Files\dotnet\sdk\9.0.304\Sdks\Microsoft.NET.Sdk.WindowsDesktop\targets\Microsoft.WinFX.targets(136,5): message :       ResolveReferences;
       C:\Program Files\dotnet\sdk\9.0.304\Sdks\Microsoft.NET.Sdk.WindowsDesktop\targets\Microsoft.WinFX.targets(136,5): message :       ResolveKeySource;
       C:\Program Files\dotnet\sdk\9.0.304\Sdks\Microsoft.NET.Sdk.WindowsDesktop\targets\Microsoft.WinFX.targets(136,5): message :       SetWin32ManifestProperties;
       C:\Program Files\dotnet\sdk\9.0.304\Sdks\Microsoft.NET.Sdk.WindowsDesktop\targets\Microsoft.WinFX.targets(136,5): message :       _SetPreferNativeArm64Win32ManifestProperties;
       C:\Program Files\dotnet\sdk\9.0.304\Sdks\Microsoft.NET.Sdk.WindowsDesktop\targets\Microsoft.WinFX.targets(136,5): message :       FindReferenceAssembliesForReferences;
       C:\Program Files\dotnet\sdk\9.0.304\Sdks\Microsoft.NET.Sdk.WindowsDesktop\targets\Microsoft.WinFX.targets(136,5): message :       _GenerateCompileInputs;
       C:\Program Files\dotnet\sdk\9.0.304\Sdks\Microsoft.NET.Sdk.WindowsDesktop\targets\Microsoft.WinFX.targets(136,5): message :       BeforeCompile;
       C:\Program Files\dotnet\sdk\9.0.304\Sdks\Microsoft.NET.Sdk.WindowsDesktop\targets\Microsoft.WinFX.targets(136,5): message :       _TimeStampBeforeCompile;
       C:\Program Files\dotnet\sdk\9.0.304\Sdks\Microsoft.NET.Sdk.WindowsDesktop\targets\Microsoft.WinFX.targets(136,5): message :       _GenerateCompileDependencyCache;
       C:\Program Files\dotnet\sdk\9.0.304\Sdks\Microsoft.NET.Sdk.WindowsDesktop\targets\Microsoft.WinFX.targets(136,5): message :       CoreCompile;
       C:\Program Files\dotnet\sdk\9.0.304\Sdks\Microsoft.NET.Sdk.WindowsDesktop\targets\Microsoft.WinFX.targets(136,5): message :       _TimeStampAfterCompile;
       C:\Program Files\dotnet\sdk\9.0.304\Sdks\Microsoft.NET.Sdk.WindowsDesktop\targets\Microsoft.WinFX.targets(136,5): message :       AfterCompile;
       C:\Program Files\dotnet\sdk\9.0.304\Sdks\Microsoft.NET.Sdk.WindowsDesktop\targets\Microsoft.WinFX.targets(136,5): message :     ;
       C:\Program Files\dotnet\sdk\9.0.304\Sdks\Microsoft.NET.Sdk.WindowsDesktop\targets\Microsoft.WinFX.targets(136,5): message :       _CreateAppHost;
       C:\Program Files\dotnet\sdk\9.0.304\Sdks\Microsoft.NET.Sdk.WindowsDesktop\targets\Microsoft.WinFX.targets(136,5): message :       _CreateComHost;
       C:\Program Files\dotnet\sdk\9.0.304\Sdks\Microsoft.NET.Sdk.WindowsDesktop\targets\Microsoft.WinFX.targets(136,5): message :       _GetIjwHostPaths;
       C:\Program Files\dotnet\sdk\9.0.304\Sdks\Microsoft.NET.Sdk.WindowsDesktop\targets\Microsoft.WinFX.targets(136,5): message :     ;
       C:\Program Files\dotnet\sdk\9.0.304\Sdks\Microsoft.NET.Sdk.WindowsDesktop\targets\Microsoft.WinFX.targets(136,5): message :         _AfterCompileWinFXInternal
       C:\Program Files\dotnet\sdk\9.0.304\Sdks\Microsoft.NET.Sdk.WindowsDesktop\targets\Microsoft.WinFX.targets(136,5): message :     " (valor anterior: "
       C:\Program Files\dotnet\sdk\9.0.304\Sdks\Microsoft.NET.Sdk.WindowsDesktop\targets\Microsoft.WinFX.targets(136,5): message :       
       C:\Program Files\dotnet\sdk\9.0.304\Sdks\Microsoft.NET.Sdk.WindowsDesktop\targets\Microsoft.WinFX.targets(136,5): message :       ResolveReferences;
       C:\Program Files\dotnet\sdk\9.0.304\Sdks\Microsoft.NET.Sdk.WindowsDesktop\targets\Microsoft.WinFX.targets(136,5): message :       ResolveKeySource;
       C:\Program Files\dotnet\sdk\9.0.304\Sdks\Microsoft.NET.Sdk.WindowsDesktop\targets\Microsoft.WinFX.targets(136,5): message :       SetWin32ManifestProperties;
       C:\Program Files\dotnet\sdk\9.0.304\Sdks\Microsoft.NET.Sdk.WindowsDesktop\targets\Microsoft.WinFX.targets(136,5): message :       _SetPreferNativeArm64Win32ManifestProperties;
       C:\Program Files\dotnet\sdk\9.0.304\Sdks\Microsoft.NET.Sdk.WindowsDesktop\targets\Microsoft.WinFX.targets(136,5): message :       FindReferenceAssembliesForReferences;
       C:\Program Files\dotnet\sdk\9.0.304\Sdks\Microsoft.NET.Sdk.WindowsDesktop\targets\Microsoft.WinFX.targets(136,5): message :       _GenerateCompileInputs;
       C:\Program Files\dotnet\sdk\9.0.304\Sdks\Microsoft.NET.Sdk.WindowsDesktop\targets\Microsoft.WinFX.targets(136,5): message :       BeforeCompile;
       C:\Program Files\dotnet\sdk\9.0.304\Sdks\Microsoft.NET.Sdk.WindowsDesktop\targets\Microsoft.WinFX.targets(136,5): message :       _TimeStampBeforeCompile;
       C:\Program Files\dotnet\sdk\9.0.304\Sdks\Microsoft.NET.Sdk.WindowsDesktop\targets\Microsoft.WinFX.targets(136,5): message :       _GenerateCompileDependencyCache;
       C:\Program Files\dotnet\sdk\9.0.304\Sdks\Microsoft.NET.Sdk.WindowsDesktop\targets\Microsoft.WinFX.targets(136,5): message :       CoreCompile;
       C:\Program Files\dotnet\sdk\9.0.304\Sdks\Microsoft.NET.Sdk.WindowsDesktop\targets\Microsoft.WinFX.targets(136,5): message :       _TimeStampAfterCompile;
       C:\Program Files\dotnet\sdk\9.0.304\Sdks\Microsoft.NET.Sdk.WindowsDesktop\targets\Microsoft.WinFX.targets(136,5): message :       AfterCompile;
       C:\Program Files\dotnet\sdk\9.0.304\Sdks\Microsoft.NET.Sdk.WindowsDesktop\targets\Microsoft.WinFX.targets(136,5): message :     ;
       C:\Program Files\dotnet\sdk\9.0.304\Sdks\Microsoft.NET.Sdk.WindowsDesktop\targets\Microsoft.WinFX.targets(136,5): message :       _CreateAppHost;
       C:\Program Files\dotnet\sdk\9.0.304\Sdks\Microsoft.NET.Sdk.WindowsDesktop\targets\Microsoft.WinFX.targets(136,5): message :       _CreateComHost;
       C:\Program Files\dotnet\sdk\9.0.304\Sdks\Microsoft.NET.Sdk.WindowsDesktop\targets\Microsoft.WinFX.targets(136,5): message :       _GetIjwHostPaths;
       C:\Program Files\dotnet\sdk\9.0.304\Sdks\Microsoft.NET.Sdk.WindowsDesktop\targets\Microsoft.WinFX.targets(136,5): message :     ") em C:\Program Files\dotnet\sdk\9.0.304\Sdks\Microsoft.NET.Sdk.WindowsDesktop\targets\Microsoft.WinFX.targets (136,5)
       C:\Program Files\dotnet\sdk\9.0.304\Sdks\Microsoft.NET.Sdk.WindowsDesktop\targets\Microsoft.WinFX.targets(803,9): message : Reatribui├º├úo de propriedade: $(PublishBuildDependsOn)="
       C:\Program Files\dotnet\sdk\9.0.304\Sdks\Microsoft.NET.Sdk.WindowsDesktop\targets\Microsoft.WinFX.targets(803,9): message :             BuildOnlySettings;
       C:\Program Files\dotnet\sdk\9.0.304\Sdks\Microsoft.NET.Sdk.WindowsDesktop\targets\Microsoft.WinFX.targets(803,9): message :             PrepareForBuild;
       C:\Program Files\dotnet\sdk\9.0.304\Sdks\Microsoft.NET.Sdk.WindowsDesktop\targets\Microsoft.WinFX.targets(803,9): message :             ResolveReferences;
       C:\Program Files\dotnet\sdk\9.0.304\Sdks\Microsoft.NET.Sdk.WindowsDesktop\targets\Microsoft.WinFX.targets(803,9): message :             PrepareResources;
       C:\Program Files\dotnet\sdk\9.0.304\Sdks\Microsoft.NET.Sdk.WindowsDesktop\targets\Microsoft.WinFX.targets(803,9): message :             ResolveKeySource;
       C:\Program Files\dotnet\sdk\9.0.304\Sdks\Microsoft.NET.Sdk.WindowsDesktop\targets\Microsoft.WinFX.targets(803,9): message :             PrepareResourcesForSatelliteAssemblies;
       C:\Program Files\dotnet\sdk\9.0.304\Sdks\Microsoft.NET.Sdk.WindowsDesktop\targets\Microsoft.WinFX.targets(803,9): message :             GenerateSerializationAssemblies;
       C:\Program Files\dotnet\sdk\9.0.304\Sdks\Microsoft.NET.Sdk.WindowsDesktop\targets\Microsoft.WinFX.targets(803,9): message :             CreateSatelliteAssemblies;
       C:\Program Files\dotnet\sdk\9.0.304\Sdks\Microsoft.NET.Sdk.WindowsDesktop\targets\Microsoft.WinFX.targets(803,9): message :         " (valor anterior: "
       C:\Program Files\dotnet\sdk\9.0.304\Sdks\Microsoft.NET.Sdk.WindowsDesktop\targets\Microsoft.WinFX.targets(803,9): message :       BuildOnlySettings;
       C:\Program Files\dotnet\sdk\9.0.304\Sdks\Microsoft.NET.Sdk.WindowsDesktop\targets\Microsoft.WinFX.targets(803,9): message :       PrepareForBuild;
       C:\Program Files\dotnet\sdk\9.0.304\Sdks\Microsoft.NET.Sdk.WindowsDesktop\targets\Microsoft.WinFX.targets(803,9): message :       ResolveReferences;
       C:\Program Files\dotnet\sdk\9.0.304\Sdks\Microsoft.NET.Sdk.WindowsDesktop\targets\Microsoft.WinFX.targets(803,9): message :       PrepareResources;
       C:\Program Files\dotnet\sdk\9.0.304\Sdks\Microsoft.NET.Sdk.WindowsDesktop\targets\Microsoft.WinFX.targets(803,9): message :       ResolveKeySource;
       C:\Program Files\dotnet\sdk\9.0.304\Sdks\Microsoft.NET.Sdk.WindowsDesktop\targets\Microsoft.WinFX.targets(803,9): message :       GenerateSerializationAssemblies;
       C:\Program Files\dotnet\sdk\9.0.304\Sdks\Microsoft.NET.Sdk.WindowsDesktop\targets\Microsoft.WinFX.targets(803,9): message :       CreateSatelliteAssemblies;
       C:\Program Files\dotnet\sdk\9.0.304\Sdks\Microsoft.NET.Sdk.WindowsDesktop\targets\Microsoft.WinFX.targets(803,9): message :     ") em C:\Program Files\dotnet\sdk\9.0.304\Sdks\Microsoft.NET.Sdk.WindowsDesktop\targets\Microsoft.WinFX.targets (803,9)
       C:\Program Files\dotnet\sdk\9.0.304\Sdks\NuGet.Build.Tasks.Pack\build\NuGet.Build.Tasks.Pack.targets(34,5): message : Reatribui├º├úo de propriedade: $(PackageDescription)="Package Description" (valor anterior: "") em C:\Program Files\dotnet\sdk\9.0.304\Sdks\NuGet.Build.Tasks.Pack\build\NuGet.Build.Tasks.Pack.targets (34,5)
       C:\Program Files\dotnet\sdk\9.0.304\Sdks\NuGet.Build.Tasks.Pack\build\NuGet.Build.Tasks.Pack.targets(59,5): message : Reatribui├º├úo de propriedade: $(GenerateNuspecDependsOn)="Build;_LoadPackInputItems; _GetTargetFrameworksOutput; _WalkEachTargetPerFramework; _GetPackageFiles; " (valor anterior: "_LoadPackInputItems; _GetTargetFrameworksOutput; _WalkEachTargetPerFramework; _GetPackageFiles; ") em C:\Program Files\dotnet\sdk\9.0.304\Sdks\NuGet.Build.Tasks.Pack\build\NuGet.Build.Tasks.Pack.targets (59,5)
       C:\Program Files\dotnet\sdk\9.0.304\Sdks\Microsoft.NET.Sdk\Sdk\Sdk.targets(60,5): message : Reatribui├º├úo de propriedade: $(_IsNotSetContainersTargetsDir)="true" (valor anterior: "false") em C:\Program Files\dotnet\sdk\9.0.304\Sdks\Microsoft.NET.Sdk\Sdk\Sdk.targets (60,5)
       C:\Program Files\dotnet\sdk\9.0.304\Containers\build\Microsoft.NET.Build.Containers.targets(5,5): message : Reatribui├º├úo de propriedade: $(_IsSDKContainerAllowedVersion)="true" (valor anterior: "false") em C:\Program Files\dotnet\sdk\9.0.304\Containers\build\Microsoft.NET.Build.Containers.targets (5,5)
       C:\Program Files\dotnet\sdk\9.0.304\Containers\build\Microsoft.NET.Build.Containers.targets(15,5): message : Reatribui├º├úo de propriedade: $(_ContainerIsTargetingNet8TFM)="true" (valor anterior: "false") em C:\Program Files\dotnet\sdk\9.0.304\Containers\build\Microsoft.NET.Build.Containers.targets (15,5)
       Substituindo o destino "ResolveFrameworkReferences" no projeto "C:\Program Files\dotnet\sdk\9.0.304\Microsoft.Common.CurrentVersion.targets" pelo destino "ResolveFrameworkReferences" do projeto "C:\Program Files\dotnet\sdk\9.0.304\Sdks\Microsoft.NET.Sdk\targets\Microsoft.NET.Sdk.FrameworkReferenceResolution.targets".
       Substituindo o destino "Run" no projeto "C:\Program Files\dotnet\sdk\9.0.304\Microsoft.Common.CurrentVersion.targets" pelo destino "Run" do projeto "C:\Program Files\dotnet\sdk\9.0.304\Sdks\Microsoft.NET.Sdk\targets\Microsoft.NET.Sdk.targets".
       Substituindo o destino "GenerateSupportedTargetFrameworkAlias" no projeto "C:\Program Files\dotnet\sdk\9.0.304\Microsoft.Common.CurrentVersion.targets" pelo destino "GenerateSupportedTargetFrameworkAlias" do projeto "C:\Program Files\dotnet\sdk\9.0.304\Sdks\Microsoft.NET.Sdk\targets\Microsoft.NET.Sdk.targets".
       Substituindo o destino "GetReferenceAssemblyPaths" no projeto "C:\Program Files\dotnet\sdk\9.0.304\Microsoft.Common.CurrentVersion.targets" pelo destino "GetReferenceAssemblyPaths" do projeto "C:\Program Files\dotnet\sdk\9.0.304\Sdks\Microsoft.NET.Sdk\targets\Microsoft.NET.DisableStandardFrameworkResolution.targets".
       Substituindo o destino "GetFrameworkPaths" no projeto "C:\Program Files\dotnet\sdk\9.0.304\Microsoft.Common.CurrentVersion.targets" pelo destino "GetFrameworkPaths" do projeto "C:\Program Files\dotnet\sdk\9.0.304\Sdks\Microsoft.NET.Sdk\targets\Microsoft.NET.DisableStandardFrameworkResolution.targets".
       Substituindo o destino "DesignerRuntimeImplementationProjectOutputGroup" no projeto "C:\Program Files\dotnet\sdk\9.0.304\Microsoft.Common.CurrentVersion.targets" pelo destino "DesignerRuntimeImplementationProjectOutputGroup" do projeto "C:\Program Files\dotnet\sdk\9.0.304\Sdks\Microsoft.NET.Sdk\targets\Microsoft.NET.DesignerSupport.targets".
       Substituindo o destino "Publish" no projeto "C:\Program Files\dotnet\sdk\9.0.304\Microsoft.Common.CurrentVersion.targets" pelo destino "Publish" do projeto "C:\Program Files\dotnet\sdk\9.0.304\Sdks\Microsoft.NET.Sdk\targets\Microsoft.NET.Publish.targets".
       Substituindo o destino "ResolveReadyToRunCompilers" no projeto "C:\Program Files\dotnet\sdk\9.0.304\Sdks\Microsoft.NET.Sdk\targets\Microsoft.NET.CrossGen.targets" pelo destino "ResolveReadyToRunCompilers" do projeto "C:\Program Files\dotnet\sdk\9.0.304\Sdks\Microsoft.NET.Sdk\targets\Microsoft.NET.Publish.targets".
       Substituindo o destino "GetCopyToPublishDirectoryItems" no projeto "C:\Program Files\dotnet\sdk\9.0.304\Microsoft.Common.CurrentVersion.targets" pelo destino "GetCopyToPublishDirectoryItems" do projeto "C:\Program Files\dotnet\sdk\9.0.304\Sdks\Microsoft.NET.Sdk\targets\Microsoft.NET.Publish.targets".
       Substituindo o destino "ILLink" no projeto "C:\Program Files\dotnet\sdk\9.0.304\Sdks\Microsoft.NET.Sdk\targets\Microsoft.NET.Publish.targets" pelo destino "ILLink" do projeto "C:\Users\danie\.nuget\packages\microsoft.net.illink.tasks\9.0.8\build\Microsoft.NET.ILLink.targets".
       Substituindo o destino "SatelliteDllsProjectOutputGroup" no projeto "C:\Program Files\dotnet\sdk\9.0.304\Microsoft.Common.CurrentVersion.targets" pelo destino "SatelliteDllsProjectOutputGroup" do projeto "C:\Program Files\dotnet\sdk\9.0.304\Sdks\Microsoft.NET.Sdk.WindowsDesktop\targets\Microsoft.WinFX.targets".
       O destino "ResolveNuGetPackageAssets" listado em um atributo AfterTargets em "C:\Users\danie\.nuget\packages\microsoft.extensions.options\9.0.0\buildTransitive\net8.0\Microsoft.Extensions.Options.targets (11,11)" n├úo existe no projeto e ser├í ignorado.
       O destino "ResolveNuGetPackageAssets" listado em um atributo AfterTargets em "C:\Users\danie\.nuget\packages\microsoft.extensions.options\9.0.0\buildTransitive\net8.0\Microsoft.Extensions.Options.targets (23,11)" n├úo existe no projeto e ser├í ignorado.
       O destino "ResolveNuGetPackageAssets" listado em um atributo AfterTargets em "C:\Users\danie\.nuget\packages\microsoft.extensions.logging.abstractions\9.0.0\buildTransitive\net8.0\Microsoft.Extensions.Logging.Abstractions.targets (11,11)" n├úo existe no projeto e ser├í ignorado.
       O destino "ResolveNuGetPackageAssets" listado em um atributo AfterTargets em "C:\Users\danie\.nuget\packages\microsoft.extensions.logging.abstractions\9.0.0\buildTransitive\net8.0\Microsoft.Extensions.Logging.Abstractions.targets (23,11)" n├úo existe no projeto e ser├í ignorado.
       O destino "ResolveNuGetPackageAssets" listado em um atributo AfterTargets em "C:\Users\danie\.nuget\packages\microsoft.extensions.configuration.binder\9.0.0\buildTransitive\netstandard2.0\Microsoft.Extensions.Configuration.Binder.targets (9,13)" n├úo existe no projeto e ser├í ignorado.
       O destino "ResolveNuGetPackageAssets" listado em um atributo AfterTargets em "C:\Users\danie\.nuget\packages\communitytoolkit.mvvm\8.2.2\buildTransitive\netstandard2.1\CommunityToolkit.Mvvm.targets (13,11)" n├úo existe no projeto e ser├í ignorado.
       O destino "ResolveNuGetPackageAssets" listado em um atributo AfterTargets em "C:\Users\danie\.nuget\packages\communitytoolkit.mvvm\8.2.2\buildTransitive\netstandard2.1\CommunityToolkit.Mvvm.targets (25,11)" n├úo existe no projeto e ser├í ignorado.
       O destino "ResolveNuGetPackageAssets" listado em um atributo AfterTargets em "C:\Users\danie\.nuget\packages\communitytoolkit.mvvm\8.2.2\buildTransitive\netstandard2.1\CommunityToolkit.Mvvm.targets (111,11)" n├úo existe no projeto e ser├í ignorado.
   2:6>O projeto "D:\PROJETOS\LAUNCHER C#\launcher\L2Updater.csproj" (2:6) est├í compilando "D:\PROJETOS\LAUNCHER C#\launcher\L2Updater_g4gic3ee_wpftmp.csproj" (3) no n├│ 1 (_CompileTemporaryAssembly destino(s)).
     3>Destino "NETStandardCompatError_Microsoft_Extensions_Configuration_Binder" no arquivo "C:\Users\danie\.nuget\packages\microsoft.extensions.configuration.binder\9.0.0\buildTransitive\netstandard2.0\Microsoft.Extensions.Configuration.Binder.targets" do projeto "D:\PROJETOS\LAUNCHER C#\launcher\L2Updater_g4gic3ee_wpftmp.csproj" (ponto de entrada):
     3>A tarefa "Warning" foi ignorada devido a condi├º├úo falsa; ('$(_Microsoft_Extensions_Configuration_Binder_Compatible_TargetFramework)' != '') foi avaliado como ('' != '').
     3>Destino de compila├º├úo pronto"NETStandardCompatError_Microsoft_Extensions_Configuration_Binder" no projeto "L2Updater_g4gic3ee_wpftmp.csproj".
     3>Destino "BuildOnlySettings" no arquivo "C:\Program Files\dotnet\sdk\9.0.304\Microsoft.Common.CurrentVersion.targets" do projeto "D:\PROJETOS\LAUNCHER C#\launcher\L2Updater_g4gic3ee_wpftmp.csproj" (o destino "_CompileTemporaryAssembly" depende dele):
       C:\Program Files\dotnet\sdk\9.0.304\Microsoft.Common.CurrentVersion.targets(1168,7): message : Reatribui├º├úo de propriedade: $(BuildingProject)="true" (valor anterior: "false") em C:\Program Files\dotnet\sdk\9.0.304\Microsoft.Common.CurrentVersion.targets (1168,7) [D:\PROJETOS\LAUNCHER C#\launcher\L2Updater_g4gic3ee_wpftmp.csproj]
     3>Destino de compila├º├úo pronto"BuildOnlySettings" no projeto "L2Updater_g4gic3ee_wpftmp.csproj".
       Destino "ResolveKeySource" ignorado devido ├á condi├º├úo falsa; ($(SignManifests) == 'true' or $(SignAssembly) == 'true') foi avaliado como ( == 'true' or false == 'true').
     3>Destino "IgnoreJavaScriptOutputAssembly" no arquivo "C:\Program Files\dotnet\sdk\9.0.304\Microsoft.Common.CurrentVersion.targets" do projeto "D:\PROJETOS\LAUNCHER C#\launcher\L2Updater_g4gic3ee_wpftmp.csproj" (o destino "AssignProjectConfiguration" depende dele):
     3>Destino de compila├º├úo pronto"IgnoreJavaScriptOutputAssembly" no projeto "L2Updater_g4gic3ee_wpftmp.csproj".
     3>Destino "AddWindowsSdkKnownFrameworkReferences" no arquivo "C:\Program Files\dotnet\sdk\9.0.304\Sdks\Microsoft.NET.Sdk\targets\Microsoft.NET.Sdk.FrameworkReferenceResolution.targets" do projeto "D:\PROJETOS\LAUNCHER C#\launcher\L2Updater_g4gic3ee_wpftmp.csproj" (o destino "ProcessFrameworkReferences" depende dele):
       Usando a tarefa "CreateWindowsSdkKnownFrameworkReferences" do assembly "C:\Program Files\dotnet\sdk\9.0.304\Sdks\Microsoft.NET.Sdk\targets\..\tools\net9.0\Microsoft.NET.Build.Tasks.dll".
       Tarefa "CreateWindowsSdkKnownFrameworkReferences"
       Tarefa em execu├º├úo pronta "CreateWindowsSdkKnownFrameworkReferences".
     3>Destino de compila├º├úo pronto"AddWindowsSdkKnownFrameworkReferences" no projeto "L2Updater_g4gic3ee_wpftmp.csproj".
     3>Destino "_NormalizeTargetPlatformVersion" no arquivo "C:\Program Files\dotnet\sdk\9.0.304\Sdks\Microsoft.NET.Sdk\targets\Microsoft.NET.TargetFrameworkInference.targets" do projeto "D:\PROJETOS\LAUNCHER C#\launcher\L2Updater_g4gic3ee_wpftmp.csproj" (o destino "ProcessFrameworkReferences" depende dele):
     3>Destino de compila├º├úo pronto"_NormalizeTargetPlatformVersion" no projeto "L2Updater_g4gic3ee_wpftmp.csproj".
     3>Destino "_CheckForLanguageAndFeatureCombinationSupport" no arquivo "C:\Program Files\dotnet\sdk\9.0.304\Sdks\Microsoft.NET.Sdk\targets\Microsoft.NET.RuntimeIdentifierInference.targets" do projeto "D:\PROJETOS\LAUNCHER C#\launcher\L2Updater_g4gic3ee_wpftmp.csproj" (o destino "ProcessFrameworkReferences" depende dele):
       A tarefa "NETSdkError" foi ignorada devido a condi├º├úo falsa; (('$(Language)' == 'C++' and '$(_EnablePackageReferencesInVCProjects)' != 'true') and $(OutputType) != 'library' and '$(TargetFrameworkIdentifier)' == '.NETCoreApp') foi avaliado como (('C#' == 'C++' and '' != 'true') and WinExe != 'library' and '.NETCoreApp' == '.NETCoreApp').
       A tarefa "NETSdkError" foi ignorada devido a condi├º├úo falsa; (('$(Language)' == 'C++' and '$(_EnablePackageReferencesInVCProjects)' != 'true') and $(EnableComHosting) == 'true') foi avaliado como (('C#' == 'C++' and '' != 'true') and  == 'true').
       A tarefa "NETSdkError" foi ignorada devido a condi├º├úo falsa; (('$(Language)' == 'C++' and '$(_EnablePackageReferencesInVCProjects)' != 'true') and $(SelfContained) == 'true') foi avaliado como (('C#' == 'C++' and '' != 'true') and false == 'true').
     3>Destino de compila├º├úo pronto"_CheckForLanguageAndFeatureCombinationSupport" no projeto "L2Updater_g4gic3ee_wpftmp.csproj".
     3>Destino "UpdateAspNetToFrameworkReference" no arquivo "C:\Program Files\dotnet\sdk\9.0.304\Sdks\Microsoft.NET.Sdk\targets\Microsoft.NET.Sdk.DefaultItems.Shared.targets" do projeto "D:\PROJETOS\LAUNCHER C#\launcher\L2Updater_g4gic3ee_wpftmp.csproj" (o destino "ApplyImplicitVersions" depende dele):
       Usando a tarefa "CheckIfPackageReferenceShouldBeFrameworkReference" do assembly "C:\Program Files\dotnet\sdk\9.0.304\Sdks\Microsoft.NET.Sdk\targets\..\tools\net9.0\Microsoft.NET.Build.Tasks.dll".
       Tarefa "CheckIfPackageReferenceShouldBeFrameworkReference"
       Tarefa em execu├º├úo pronta "CheckIfPackageReferenceShouldBeFrameworkReference".
       A tarefa "NETSdkError" foi ignorada devido a condi├º├úo falsa; ('$(_ShouldRemoveAspNetCoreAll)' == 'true') foi avaliado como ('False' == 'true').
       Tarefa "CheckIfPackageReferenceShouldBeFrameworkReference"
       Tarefa em execu├º├úo pronta "CheckIfPackageReferenceShouldBeFrameworkReference".
       A tarefa "NETSdkWarning" foi ignorada devido a condi├º├úo falsa; ('$(_ShouldRemoveAspNetCoreApp)' == 'true') foi avaliado como ('False' == 'true').
     3>Destino de compila├º├úo pronto"UpdateAspNetToFrameworkReference" no projeto "L2Updater_g4gic3ee_wpftmp.csproj".
       Destino "IncludeTargetingPackReference" ignorado devido ├á condi├º├úo falsa; ('$(TargetFrameworkMoniker)' != '' and '$(TargetFrameworkIdentifier)' == '.NETFramework' and '$(AutomaticallyUseReferenceAssemblyPackages)' == 'true') foi avaliado como ('.NETCoreApp,Version=v9.0' != '' and '.NETCoreApp' == '.NETFramework' and 'true' == 'true').
     3>Destino "CheckForImplicitPackageReferenceOverrides" no arquivo "C:\Program Files\dotnet\sdk\9.0.304\Sdks\Microsoft.NET.Sdk\targets\Microsoft.NET.Sdk.DefaultItems.Shared.targets" do projeto "D:\PROJETOS\LAUNCHER C#\launcher\L2Updater_g4gic3ee_wpftmp.csproj" (o destino "ApplyImplicitVersions" depende dele):
       Usando a tarefa "CheckForImplicitPackageReferenceOverrides" do assembly "C:\Program Files\dotnet\sdk\9.0.304\Sdks\Microsoft.NET.Sdk\targets\..\tools\net9.0\Microsoft.NET.Build.Tasks.dll".
       Tarefa "CheckForImplicitPackageReferenceOverrides"
       Tarefa em execu├º├úo pronta "CheckForImplicitPackageReferenceOverrides".
     3>Destino de compila├º├úo pronto"CheckForImplicitPackageReferenceOverrides" no projeto "L2Updater_g4gic3ee_wpftmp.csproj".
     3>Destino "ApplyImplicitVersions" no arquivo "C:\Program Files\dotnet\sdk\9.0.304\Sdks\Microsoft.NET.Sdk\targets\Microsoft.NET.Sdk.DefaultItems.Shared.targets" do projeto "D:\PROJETOS\LAUNCHER C#\launcher\L2Updater_g4gic3ee_wpftmp.csproj" (o destino "ProcessFrameworkReferences" depende dele):
       Usando a tarefa "ApplyImplicitVersions" do assembly "C:\Program Files\dotnet\sdk\9.0.304\Sdks\Microsoft.NET.Sdk\targets\..\tools\net9.0\Microsoft.NET.Build.Tasks.dll".
       Tarefa "ApplyImplicitVersions"
       Tarefa em execu├º├úo pronta "ApplyImplicitVersions".
     3>Destino de compila├º├úo pronto"ApplyImplicitVersions" no projeto "L2Updater_g4gic3ee_wpftmp.csproj".
     3>Destino "_ComputeToolPackInputsToProcessFrameworkReferences" no arquivo "C:\Program Files\dotnet\sdk\9.0.304\Sdks\Microsoft.NET.Sdk\targets\Microsoft.NET.Publish.targets" do projeto "D:\PROJETOS\LAUNCHER C#\launcher\L2Updater_g4gic3ee_wpftmp.csproj" (o destino "ProcessFrameworkReferences" depende dele):
     3>Destino de compila├º├úo pronto"_ComputeToolPackInputsToProcessFrameworkReferences" no projeto "L2Updater_g4gic3ee_wpftmp.csproj".
     3>Destino "ProcessFrameworkReferences" no arquivo "C:\Program Files\dotnet\sdk\9.0.304\Sdks\Microsoft.NET.Sdk\targets\Microsoft.NET.Sdk.FrameworkReferenceResolution.targets" do projeto "D:\PROJETOS\LAUNCHER C#\launcher\L2Updater_g4gic3ee_wpftmp.csproj" (o destino "ResolvePackageAssets" depende dele):
       Usando a tarefa "CheckForDuplicateFrameworkReferences" do assembly "C:\Program Files\dotnet\sdk\9.0.304\Sdks\Microsoft.NET.Sdk\targets\..\tools\net9.0\Microsoft.NET.Build.Tasks.dll".
       Tarefa "CheckForDuplicateFrameworkReferences"
       Tarefa em execu├º├úo pronta "CheckForDuplicateFrameworkReferences".
       Usando a tarefa "ProcessFrameworkReferences" do assembly "C:\Program Files\dotnet\sdk\9.0.304\Sdks\Microsoft.NET.Sdk\targets\..\tools\net9.0\Microsoft.NET.Build.Tasks.dll".
       Tarefa "ProcessFrameworkReferences"
       Tarefa em execu├º├úo pronta "ProcessFrameworkReferences".
       Usando a tarefa "ResolveAppHosts" do assembly "C:\Program Files\dotnet\sdk\9.0.304\Sdks\Microsoft.NET.Sdk\targets\..\tools\net9.0\Microsoft.NET.Build.Tasks.dll".
       Tarefa "ResolveAppHosts"
       Tarefa em execu├º├úo pronta "ResolveAppHosts".
     3>Destino de compila├º├úo pronto"ProcessFrameworkReferences" no projeto "L2Updater_g4gic3ee_wpftmp.csproj".
     3>Destino "_DefaultMicrosoftNETPlatformLibrary" no arquivo "C:\Program Files\dotnet\sdk\9.0.304\Sdks\Microsoft.NET.Sdk\targets\Microsoft.NET.Sdk.Shared.targets" do projeto "D:\PROJETOS\LAUNCHER C#\launcher\L2Updater_g4gic3ee_wpftmp.csproj" (o destino "ResolvePackageAssets" depende dele):
     3>Destino de compila├º├úo pronto"_DefaultMicrosoftNETPlatformLibrary" no projeto "L2Updater_g4gic3ee_wpftmp.csproj".
     3>Destino "_ComputePackageReferencePublish" no arquivo "C:\Program Files\dotnet\sdk\9.0.304\Sdks\Microsoft.NET.Sdk\targets\Microsoft.NET.Sdk.Shared.targets" do projeto "D:\PROJETOS\LAUNCHER C#\launcher\L2Updater_g4gic3ee_wpftmp.csproj" (o destino "ResolvePackageAssets" depende dele):
     3>Destino de compila├º├úo pronto"_ComputePackageReferencePublish" no projeto "L2Updater_g4gic3ee_wpftmp.csproj".
       Destino "_ResolveCompilerVersion" ignorado devido ├á condi├º├úo falsa; ('$(CompilerApiVersion)' == '' And
                            ('$(Language)' == 'C#' Or '$(Language)' == 'VB') And
                            Exists('$(RoslynTargetsPath)\Microsoft.Build.Tasks.CodeAnalysis.dll')) foi avaliado como ('roslyn4.14' == '' And
                            ('C#' == 'C#' Or 'C#' == 'VB') And
                            Exists('C:\Program Files\dotnet\sdk\9.0.304\Roslyn\Microsoft.Build.Tasks.CodeAnalysis.dll')).
     3>Destino "ResolvePackageAssets" no arquivo "C:\Program Files\dotnet\sdk\9.0.304\Sdks\Microsoft.NET.Sdk\targets\Microsoft.PackageDependencyResolution.targets" do projeto "D:\PROJETOS\LAUNCHER C#\launcher\L2Updater_g4gic3ee_wpftmp.csproj" (o destino "ResolveLockFileReferences" depende dele):
       Usando a tarefa "ResolvePackageAssets" do assembly "C:\Program Files\dotnet\sdk\9.0.304\Sdks\Microsoft.NET.Sdk\targets\..\tools\net9.0\Microsoft.NET.Build.Tasks.dll".
       Tarefa "ResolvePackageAssets"
       Tarefa em execu├º├úo pronta "ResolvePackageAssets".
     3>Destino de compila├º├úo pronto"ResolvePackageAssets" no projeto "L2Updater_g4gic3ee_wpftmp.csproj".
       Destino "AdjustDefaultPlatformTargetForNetFrameworkExeWithNoNativeCopyLocalItems" ignorado devido ├á condi├º├úo falsa; ('$(_UsingDefaultPlatformTarget)' == 'true' and
                            '$(_UsingDefaultRuntimeIdentifier)' == 'true') foi avaliado como ('true' == 'true' and
                            '' == 'true').
       Destino "_CheckForTransitiveWindowsDesktopDependencies" ignorado devido ├á condi├º├úo falsa; ('$(TargetFrameworkIdentifier)' == '.NETCoreApp' and $([MSBuild]::VersionGreaterThanOrEquals($(_TargetFrameworkVersionWithoutV), '5.0')) and '$(TargetPlatformIdentifier)' != 'Windows' and '@(TransitiveFrameworkReference)' != '') foi avaliado como ('.NETCoreApp' == '.NETCoreApp' and True and 'Windows' != 'Windows' and '' != '').
       Destino "AddTransitiveFrameworkReferences" ignorado devido ├á condi├º├úo falsa; ('@(TransitiveFrameworkReference)' != '') foi avaliado como ('' != '').
       Destino "_CheckForTransitiveWindowsSDKFullDependencies" ignorado devido ├á condi├º├úo falsa; ( '$(TargetFrameworkIdentifier)' == '.NETCoreApp'
                             and '$(TargetPlatformIdentifier)' == 'Windows'
                             and '@(TransitiveFrameworkReference)' != ''
                             and '$(UseUwp)' != 'true' ) foi avaliado como ( '.NETCoreApp' == '.NETCoreApp'
                             and 'Windows' == 'Windows'
                             and '' != ''
                             and '' != 'true' ).
       Destino "_CheckForInvalidTfmForWindowsSDKXamlDependencies" ignorado devido ├á condi├º├úo falsa; ( !('$(TargetFrameworkIdentifier)' == '.NETCoreApp' and $([MSBuild]::VersionGreaterThanOrEquals($(TargetFrameworkVersion), '8.0')) and '$(TargetPlatformIdentifier)' == 'Windows')
                             and '$(UseUwp)' == 'true' ) foi avaliado como ( !('.NETCoreApp' == '.NETCoreApp' and True and 'Windows' == 'Windows')
                             and '' == 'true' ).
     3>Destino "ResolveLockFileReferences" no arquivo "C:\Program Files\dotnet\sdk\9.0.304\Sdks\Microsoft.NET.Sdk\targets\Microsoft.PackageDependencyResolution.targets" do projeto "D:\PROJETOS\LAUNCHER C#\launcher\L2Updater_g4gic3ee_wpftmp.csproj" (o destino "ResolvePackageDependenciesForBuild" depende dele):
       Usando a tarefa "JoinItems" do assembly "C:\Program Files\dotnet\sdk\9.0.304\Sdks\Microsoft.NET.Sdk\targets\..\tools\net9.0\Microsoft.NET.Build.Tasks.dll".
       Tarefa "JoinItems"
       Tarefa em execu├º├úo pronta "JoinItems".
     3>Destino de compila├º├úo pronto"ResolveLockFileReferences" no projeto "L2Updater_g4gic3ee_wpftmp.csproj".
       Destino "ResolvePackageAssets" ignorado. Compilado anteriormente com ├¬xito.
     3>Destino "ResolveLockFileAnalyzers" no arquivo "C:\Program Files\dotnet\sdk\9.0.304\Sdks\Microsoft.NET.Sdk\targets\Microsoft.PackageDependencyResolution.targets" do projeto "D:\PROJETOS\LAUNCHER C#\launcher\L2Updater_g4gic3ee_wpftmp.csproj" (o destino "ResolvePackageDependenciesForBuild" depende dele):
     3>Destino de compila├º├úo pronto"ResolveLockFileAnalyzers" no projeto "L2Updater_g4gic3ee_wpftmp.csproj".
       Destino "ResolvePackageAssets" ignorado. Compilado anteriormente com ├¬xito.
       Destino "RunProduceContentAssets" ignorado devido ├á condi├º├úo falsa; ('@(_ContentFilesToPreprocess)' != '' and '$(_CleaningWithoutRebuilding)' != 'true') foi avaliado como ('' != '' and '' != 'true').
     3>Destino "ResolveLockFileCopyLocalFiles" no arquivo "C:\Program Files\dotnet\sdk\9.0.304\Sdks\Microsoft.NET.Sdk\targets\Microsoft.PackageDependencyResolution.targets" do projeto "D:\PROJETOS\LAUNCHER C#\launcher\L2Updater_g4gic3ee_wpftmp.csproj" (o destino "ResolvePackageDependenciesForBuild" depende dele):
     3>Destino de compila├º├úo pronto"ResolveLockFileCopyLocalFiles" no projeto "L2Updater_g4gic3ee_wpftmp.csproj".
       Destino "ResolveRuntimePackAssets" ignorado devido ├á condi├º├úo falsa; ('@(RuntimePack)' != '') foi avaliado como ('' != '').
       Destino "RunProduceContentAssets" ignorado devido ├á condi├º├úo falsa; ('@(_ContentFilesToPreprocess)' != '' and '$(_CleaningWithoutRebuilding)' != 'true') foi avaliado como ('' != '' and '' != 'true').
       Destino "ResolvePackageAssets" ignorado. Compilado anteriormente com ├¬xito.
     3>Destino "IncludeTransitiveProjectReferences" no arquivo "C:\Program Files\dotnet\sdk\9.0.304\Sdks\Microsoft.NET.Sdk\targets\Microsoft.PackageDependencyResolution.targets" do projeto "D:\PROJETOS\LAUNCHER C#\launcher\L2Updater_g4gic3ee_wpftmp.csproj" (o destino "ResolvePackageDependenciesForBuild" depende dele):
     3>Destino de compila├º├úo pronto"IncludeTransitiveProjectReferences" no projeto "L2Updater_g4gic3ee_wpftmp.csproj".
     3>Destino "ResolvePackageDependenciesForBuild" no arquivo "C:\Program Files\dotnet\sdk\9.0.304\Sdks\Microsoft.NET.Sdk\targets\Microsoft.PackageDependencyResolution.targets" do projeto "D:\PROJETOS\LAUNCHER C#\launcher\L2Updater_g4gic3ee_wpftmp.csproj" (o destino "AssignProjectConfiguration" depende dele):
     3>Destino de compila├º├úo pronto"ResolvePackageDependenciesForBuild" no projeto "L2Updater_g4gic3ee_wpftmp.csproj".
       Destino "_Microsoft_Extensions_OptionsAnalyzerMultiTargeting" ignorado devido ├á condi├º├úo falsa; ('$(SupportsRoslynComponentVersioning)' != 'true') foi avaliado como ('true' != 'true').
       Destino "_Microsoft_Extensions_OptionsRemoveAnalyzers" ignorado devido ├á condi├º├úo falsa; ('$(DisableMicrosoftExtensionsOptionsSourceGenerator)' == 'true') foi avaliado como ('' == 'true').
       Destino "_Microsoft_Extensions_Logging_AbstractionsAnalyzerMultiTargeting" ignorado devido ├á condi├º├úo falsa; ('$(SupportsRoslynComponentVersioning)' != 'true') foi avaliado como ('true' != 'true').
       Destino "_Microsoft_Extensions_Logging_AbstractionsRemoveAnalyzers" ignorado devido ├á condi├º├úo falsa; ('$(DisableMicrosoftExtensionsLoggingSourceGenerator)' == 'true') foi avaliado como ('' == 'true').
     3>Destino "_Microsoft_Extensions_Configuration_Binder_RemoveAnalyzer" no arquivo "C:\Users\danie\.nuget\packages\microsoft.extensions.configuration.binder\9.0.0\buildTransitive\netstandard2.0\Microsoft.Extensions.Configuration.Binder.targets" do projeto "D:\PROJETOS\LAUNCHER C#\launcher\L2Updater_g4gic3ee_wpftmp.csproj" (o destino "AssignProjectConfiguration" depende dele):
     3>Destino de compila├º├úo pronto"_Microsoft_Extensions_Configuration_Binder_RemoveAnalyzer" no projeto "L2Updater_g4gic3ee_wpftmp.csproj".
       Destino "MVVMToolkitRemoveAnalyzersForRosynNotFound" ignorado devido ├á condi├º├úo falsa; ('$(CSharpCoreTargetsPath)' == '') foi avaliado como ('C:\Program Files\dotnet\sdk\9.0.304\Roslyn\Microsoft.CSharp.Core.targets' == '').
     3>Destino "MVVMToolkitGatherAnalyzers" no arquivo "C:\Users\danie\.nuget\packages\communitytoolkit.mvvm\8.2.2\buildTransitive\netstandard2.1\CommunityToolkit.Mvvm.targets" do projeto "D:\PROJETOS\LAUNCHER C#\launcher\L2Updater_g4gic3ee_wpftmp.csproj" (o destino "MVVMToolkitRemoveAnalyzersForRoslyn3" depende dele):
     3>Destino de compila├º├úo pronto"MVVMToolkitGatherAnalyzers" no projeto "L2Updater_g4gic3ee_wpftmp.csproj".
     3>Destino "MVVMToolkitRemoveAnalyzersForRoslyn3" no arquivo "C:\Users\danie\.nuget\packages\communitytoolkit.mvvm\8.2.2\buildTransitive\netstandard2.1\CommunityToolkit.Mvvm.targets" do projeto "D:\PROJETOS\LAUNCHER C#\launcher\L2Updater_g4gic3ee_wpftmp.csproj" (o destino "AssignProjectConfiguration" depende dele):
       Tarefa "GetAssemblyIdentity"
       Tarefa em execu├º├úo pronta "GetAssemblyIdentity".
       A tarefa "Warning" foi ignorada devido a condi├º├úo falsa; ('$(MVVMToolkitCurrentCompilerVersionIsNotNewEnough)' == 'true') foi avaliado como ('' == 'true').
     3>Destino de compila├º├úo pronto"MVVMToolkitRemoveAnalyzersForRoslyn3" no projeto "L2Updater_g4gic3ee_wpftmp.csproj".
       Destino "MVVMToolkitRemoveDuplicateAnalyzersWhenRoslynComponentVersioningIsNotSupported" ignorado devido ├á condi├º├úo falsa; ('$(MVVMToolkitIsManualRoslynMultiTargetingLogicNeeded)' == 'true') foi avaliado como ('' == 'true').
       Destino "MVVMToolkitWarnForPackagesConfigUse" ignorado devido ├á condi├º├úo falsa; ('$(UsingMicrosoftNetSDK)' != 'true') foi avaliado como ('true' != 'true').
     3>Destino "AssignProjectConfiguration" no arquivo "C:\Program Files\dotnet\sdk\9.0.304\Microsoft.Common.CurrentVersion.targets" do projeto "D:\PROJETOS\LAUNCHER C#\launcher\L2Updater_g4gic3ee_wpftmp.csproj" (o destino "PrepareProjectReferences" depende dele):
       Tarefa "AssignProjectConfiguration"
       Tarefa em execu├º├úo pronta "AssignProjectConfiguration".
     3>Destino de compila├º├úo pronto"AssignProjectConfiguration" no projeto "L2Updater_g4gic3ee_wpftmp.csproj".
     3>Destino "_SplitProjectReferencesByFileExistence" no arquivo "C:\Program Files\dotnet\sdk\9.0.304\Microsoft.Common.CurrentVersion.targets" do projeto "D:\PROJETOS\LAUNCHER C#\launcher\L2Updater_g4gic3ee_wpftmp.csproj" (o destino "PrepareProjectReferences" depende dele):
       A tarefa "ResolveNonMSBuildProjectOutput" foi ignorada devido a condi├º├úo falsa; ('$(BuildingInsideVisualStudio)'=='true' and '@(ProjectReferenceWithConfiguration)'!='') foi avaliado como (''=='true' and ''!='').
     3>Destino de compila├º├úo pronto"_SplitProjectReferencesByFileExistence" no projeto "L2Updater_g4gic3ee_wpftmp.csproj".
     3>Destino "_AddOutputPathToGlobalPropertiesToRemove" no arquivo "C:\Program Files\dotnet\sdk\9.0.304\Microsoft.Common.CurrentVersion.targets" do projeto "D:\PROJETOS\LAUNCHER C#\launcher\L2Updater_g4gic3ee_wpftmp.csproj" (o destino "_GetProjectReferenceTargetFrameworkProperties" depende dele):
     3>Destino de compila├º├úo pronto"_AddOutputPathToGlobalPropertiesToRemove" no projeto "L2Updater_g4gic3ee_wpftmp.csproj".
     3>Destino "_GetProjectReferenceTargetFrameworkProperties" no arquivo "C:\Program Files\dotnet\sdk\9.0.304\Microsoft.Common.CurrentVersion.targets" do projeto "D:\PROJETOS\LAUNCHER C#\launcher\L2Updater_g4gic3ee_wpftmp.csproj" (o destino "PrepareProjectReferences" depende dele):
       Tarefa "MSBuild"
       Tarefa em execu├º├úo pronta "MSBuild".
       A tarefa "MSBuild" foi ignorada devido a condi├º├úo falsa; ('%(_MSBuildProjectReferenceExistent.SkipGetTargetFrameworkProperties)' != 'true' and '$(EnableDynamicPlatformResolution)' == 'true') foi avaliado como ('' != 'true' and '' == 'true').
       A tarefa "GetReferenceNearestTargetFrameworkTask" foi ignorada devido a condi├º├úo falsa; ('@(_ProjectReferenceTargetFrameworkPossibilities)' != '' and '$(ReferringTargetFrameworkForProjectReferences)' != ''
                                                               And '$(GetReferenceNearestTargetFrameworkTaskSupportsTargetPlatformParameter)' == 'true' and '%(_ProjectReferenceTargetFrameworkPossibilities.IsVcxOrNativeProj)' != 'true') foi avaliado como ('' != '' and '.NETCoreApp,Version=v9.0' != ''
                                                               And 'true' == 'true' and '' != 'true').
       A tarefa "GetReferenceNearestTargetFrameworkTask" foi ignorada devido a condi├º├úo falsa; ('@(_ProjectReferenceTargetFrameworkPossibilities)' != '' and '$(ReferringTargetFrameworkForProjectReferences)' != ''
                                                               And '$(GetReferenceNearestTargetFrameworkTaskSupportsTargetPlatformParameter)' != 'true' and '%(_ProjectReferenceTargetFrameworkPossibilities.IsVcxOrNativeProj)' != 'true') foi avaliado como ('' != '' and '.NETCoreApp,Version=v9.0' != ''
                                                               And 'true' != 'true' and '' != 'true').
       Tarefa "SetRidAgnosticValueForProjects"
       Tarefa em execu├º├úo pronta "SetRidAgnosticValueForProjects".
     3>Destino de compila├º├úo pronto"_GetProjectReferenceTargetFrameworkProperties" no projeto "L2Updater_g4gic3ee_wpftmp.csproj".
     3>Destino "ValidateExecutableReferences" no arquivo "C:\Program Files\dotnet\sdk\9.0.304\Sdks\Microsoft.NET.Sdk\targets\Microsoft.NET.Sdk.targets" do projeto "D:\PROJETOS\LAUNCHER C#\launcher\L2Updater_g4gic3ee_wpftmp.csproj" (o destino "PrepareProjectReferences" depende dele):
       Usando a tarefa "ValidateExecutableReferences" do assembly "C:\Program Files\dotnet\sdk\9.0.304\Sdks\Microsoft.NET.Sdk\targets\..\tools\net9.0\Microsoft.NET.Build.Tasks.dll".
       Tarefa "ValidateExecutableReferences"
       Tarefa em execu├º├úo pronta "ValidateExecutableReferences".
     3>Destino de compila├º├úo pronto"ValidateExecutableReferences" no projeto "L2Updater_g4gic3ee_wpftmp.csproj".
       Destino "_GetProjectReferencePlatformProperties" ignorado devido ├á condi├º├úo falsa; ('$(EnableDynamicPlatformResolution)' == 'true'
                            and '@(_MSBuildProjectReferenceExistent)' != '') foi avaliado como ('' == 'true'
                            and '' != '').
     3>Destino "PrepareProjectReferences" no arquivo "C:\Program Files\dotnet\sdk\9.0.304\Microsoft.Common.CurrentVersion.targets" do projeto "D:\PROJETOS\LAUNCHER C#\launcher\L2Updater_g4gic3ee_wpftmp.csproj" (o destino "ResolveProjectReferences" depende dele):
     3>Destino de compila├º├úo pronto"PrepareProjectReferences" no projeto "L2Updater_g4gic3ee_wpftmp.csproj".
     3>Destino "ResolveProjectReferences" no arquivo "C:\Program Files\dotnet\sdk\9.0.304\Microsoft.Common.CurrentVersion.targets" do projeto "D:\PROJETOS\LAUNCHER C#\launcher\L2Updater_g4gic3ee_wpftmp.csproj" (o destino "_CompileTemporaryAssembly" depende dele):
       A tarefa "MSBuild" foi ignorada devido a condi├º├úo falsa; ('%(_MSBuildProjectReferenceExistent.BuildReference)' == 'true' and '@(ProjectReferenceWithConfiguration)' != '' and ('$(BuildingInsideVisualStudio)' == 'true' or '$(BuildProjectReferences)' != 'true') and '$(VisualStudioVersion)' != '10.0' and '@(_MSBuildProjectReferenceExistent)' != '') foi avaliado como ('' == 'true' and '' != '' and ('' == 'true' or 'true' != 'true') and '17.0' != '10.0' and '' != '').
       A tarefa "MSBuild" foi ignorada devido a condi├º├úo falsa; ('%(_MSBuildProjectReferenceExistent.BuildReference)' == 'true' and '@(ProjectReferenceWithConfiguration)' != '' and '$(BuildingInsideVisualStudio)' != 'true' and '$(BuildProjectReferences)' == 'true' and '@(_MSBuildProjectReferenceExistent)' != '') foi avaliado como ('' == 'true' and '' != '' and '' != 'true' and 'true' == 'true' and '' != '').
       A tarefa "MSBuild" foi ignorada devido a condi├º├úo falsa; ('%(_MSBuildProjectReferenceExistent.BuildReference)' == 'true' and '@(ProjectReferenceWithConfiguration)' != '' and '$(BuildingProject)' == 'true' and '@(_MSBuildProjectReferenceExistent)' != '') foi avaliado como ('' == 'true' and '' != '' and 'true' == 'true' and '' != '').
       A tarefa "MSBuildInternalMessage" foi ignorada devido a condi├º├úo falsa; ('$(_NonExistentProjectReferenceSeverity)' != '') foi avaliado como ('' != '').
     3>Destino de compila├º├úo pronto"ResolveProjectReferences" no projeto "L2Updater_g4gic3ee_wpftmp.csproj".
     3>Destino "RemoveManagedWinRTComponentWinMDReferences" no arquivo "C:\Program Files\dotnet\sdk\9.0.304\Sdks\Microsoft.NET.Sdk\targets\Microsoft.NET.Windows.targets" do projeto "D:\PROJETOS\LAUNCHER C#\launcher\L2Updater_g4gic3ee_wpftmp.csproj" (o destino "_CompileTemporaryAssembly" depende dele):
     3>Destino de compila├º├úo pronto"RemoveManagedWinRTComponentWinMDReferences" no projeto "L2Updater_g4gic3ee_wpftmp.csproj".
       Destino "AddWinRTComponentImplementationReference" ignorado devido ├á condi├º├úo falsa; ('@(ManagedWinRTComponentImplementations)' != '') foi avaliado como ('' != '').
       Destino "_ComputeNonExistentFileProperty" ignorado devido ├á condi├º├úo falsa; (('$(BuildingInsideVisualStudio)' == 'true') and ('$(BuildingOutOfProcess)' != 'true') and (('$(BuildingProject)' == 'false') or ('$(UseHostCompilerIfAvailable)' == 'true'))) foi avaliado como (('' == 'true') and ('' != 'true') and (('true' == 'false') or ('true' == 'true'))).
       Destino "ResolveCodeAnalysisRuleSet" ignorado devido ├á condi├º├úo falsa; ('$(CodeAnalysisRuleSet)' != '') foi avaliado como ('' != '').
     3>Destino "ShimReferencePathsWhenCommonTargetsDoesNotUnderstandReferenceAssemblies" no arquivo "C:\Program Files\dotnet\sdk\9.0.304\Roslyn\Microsoft.Managed.Core.targets" do projeto "D:\PROJETOS\LAUNCHER C#\launcher\L2Updater_g4gic3ee_wpftmp.csproj" (o destino "_BeforeVBCSCoreCompile" depende dele):
     3>Destino de compila├º├úo pronto"ShimReferencePathsWhenCommonTargetsDoesNotUnderstandReferenceAssemblies" no projeto "L2Updater_g4gic3ee_wpftmp.csproj".
     3>Destino "_BeforeVBCSCoreCompile" no arquivo "C:\Program Files\dotnet\sdk\9.0.304\Roslyn\Microsoft.Managed.Core.targets" do projeto "D:\PROJETOS\LAUNCHER C#\launcher\L2Updater_g4gic3ee_wpftmp.csproj" (o destino "CoreCompile" depende dele):
     3>Destino de compila├º├úo pronto"_BeforeVBCSCoreCompile" no projeto "L2Updater_g4gic3ee_wpftmp.csproj".
       Destino "AdjustDefaultPlatformTargetForNetFrameworkExeWithNoNativeCopyLocalItems" ignorado devido ├á condi├º├úo falsa; ('$(_UsingDefaultPlatformTarget)' == 'true' and
                            '$(_UsingDefaultRuntimeIdentifier)' == 'true') foi avaliado como ('true' == 'true' and
                            '' == 'true').
       Destino "_DisableDiagnosticTracing" ignorado devido ├á condi├º├úo falsa; ('$(DisableDiagnosticTracing)' == 'true') foi avaliado como ('' == 'true').
       Destino "ShimReferencePathsWhenCommonTargetsDoesNotUnderstandReferenceAssemblies" ignorado. Compilado anteriormente com ├¬xito.
     3>Destino "_ComputeSkipAnalyzers" no arquivo "C:\Program Files\dotnet\sdk\9.0.304\Roslyn\Microsoft.Managed.Core.targets" do projeto "D:\PROJETOS\LAUNCHER C#\launcher\L2Updater_g4gic3ee_wpftmp.csproj" (o destino "CoreCompile" depende dele):
       A tarefa "ShowMessageForImplicitlySkipAnalyzers" foi ignorada devido a condi├º├úo falsa; ('$(_ImplicitlySkipAnalyzers)' == 'true') foi avaliado como ('' == 'true').
     3>Destino de compila├º├úo pronto"_ComputeSkipAnalyzers" no projeto "L2Updater_g4gic3ee_wpftmp.csproj".
       Destino "_CheckForUnsupportedTargetFramework" ignorado devido ├á condi├º├úo falsa; ('$(_UnsupportedTargetFrameworkError)' == 'true') foi avaliado como ('' == 'true').
     3>Destino "_CollectTargetFrameworkForTelemetry" no arquivo "C:\Program Files\dotnet\sdk\9.0.304\Sdks\Microsoft.NET.Sdk\targets\Microsoft.NET.TargetFrameworkInference.targets" do projeto "D:\PROJETOS\LAUNCHER C#\launcher\L2Updater_g4gic3ee_wpftmp.csproj" (o destino "GetFrameworkPaths" depende dele):
       Usando a tarefa "AllowEmptyTelemetry" do assembly "C:\Program Files\dotnet\sdk\9.0.304\Sdks\Microsoft.NET.Sdk\targets\..\tools\net9.0\Microsoft.NET.Build.Tasks.dll".
       Tarefa "AllowEmptyTelemetry"
       Tarefa em execu├º├úo pronta "AllowEmptyTelemetry".
     3>Destino de compila├º├úo pronto"_CollectTargetFrameworkForTelemetry" no projeto "L2Updater_g4gic3ee_wpftmp.csproj".
       Destino "_CheckForMissingWorkload" ignorado devido ├á condi├º├úo falsa; ('@(MissingWorkloadPack)' != '' And '$(DesignTimeBuild)' != 'true') foi avaliado como ('' != '' And '' != 'true').
     3>Destino "_CheckForUnsupportedTargetPlatformIdentifier" no arquivo "C:\Program Files\dotnet\sdk\9.0.304\Sdks\Microsoft.NET.Sdk\targets\Microsoft.NET.TargetFrameworkInference.targets" do projeto "D:\PROJETOS\LAUNCHER C#\launcher\L2Updater_g4gic3ee_wpftmp.csproj" (o destino "GetFrameworkPaths" depende dele):
       A tarefa "NETSdkError" foi ignorada devido a condi├º├úo falsa; ('$(TargetPlatformSupported)' != 'true' and '$(UseWorkloadsSpecificError)' != 'true') foi avaliado como ('true' != 'true' and '' != 'true').
       A tarefa "NETSdkError" foi ignorada devido a condi├º├úo falsa; ('$(TargetPlatformSupported)' != 'true' and '$(UseWorkloadsSpecificError)' == 'true') foi avaliado como ('true' != 'true' and '' == 'true').
     3>Destino de compila├º├úo pronto"_CheckForUnsupportedTargetPlatformIdentifier" no projeto "L2Updater_g4gic3ee_wpftmp.csproj".
     3>Destino "GetFrameworkPaths" no arquivo "C:\Program Files\dotnet\sdk\9.0.304\Sdks\Microsoft.NET.Sdk\targets\Microsoft.NET.DisableStandardFrameworkResolution.targets" do projeto "D:\PROJETOS\LAUNCHER C#\launcher\L2Updater_g4gic3ee_wpftmp.csproj" (o destino "PrepareForBuild" depende dele):
     3>Destino de compila├º├úo pronto"GetFrameworkPaths" no projeto "L2Updater_g4gic3ee_wpftmp.csproj".
       Destino "_CheckForUnsupportedTargetFramework" ignorado devido ├á condi├º├úo falsa; ('$(_UnsupportedTargetFrameworkError)' == 'true') foi avaliado como ('' == 'true').
     3>Destino "GetReferenceAssemblyPaths" no arquivo "C:\Program Files\dotnet\sdk\9.0.304\Sdks\Microsoft.NET.Sdk\targets\Microsoft.NET.DisableStandardFrameworkResolution.targets" do projeto "D:\PROJETOS\LAUNCHER C#\launcher\L2Updater_g4gic3ee_wpftmp.csproj" (o destino "PrepareForBuild" depende dele):
     3>Destino de compila├º├úo pronto"GetReferenceAssemblyPaths" no projeto "L2Updater_g4gic3ee_wpftmp.csproj".
       Destino "AssignLinkMetadata" ignorado devido ├á condi├º├úo falsa; ( '$(SynthesizeLinkMetadata)' == 'true' ) foi avaliado como ( '' == 'true' ).
       Destino "_VerifyPackReleaseConfigurations" ignorado devido ├á condi├º├úo falsa; ('$(_IsPacking)' == 'true' and '$(DOTNET_CLI_DISABLE_PUBLISH_AND_PACK_RELEASE)' != 'true' and '$(DOTNET_CLI_LAZY_PUBLISH_AND_PACK_RELEASE_FOR_SOLUTIONS)' == 'true') foi avaliado como ('' == 'true' and '' != 'true' and '' == 'true').
     3>Destino "PrepareForBuild" no arquivo "C:\Program Files\dotnet\sdk\9.0.304\Microsoft.Common.CurrentVersion.targets" do projeto "D:\PROJETOS\LAUNCHER C#\launcher\L2Updater_g4gic3ee_wpftmp.csproj" (o destino "GenerateMSBuildEditorConfigFile" depende dele):
       Tarefa "FindAppConfigFile"
       Tarefa em execu├º├úo pronta "FindAppConfigFile".
       Tarefa "MakeDir"
       Tarefa em execu├º├úo pronta "MakeDir".
     3>Destino de compila├º├úo pronto"PrepareForBuild" no projeto "L2Updater_g4gic3ee_wpftmp.csproj".
     3>Destino "GenerateTargetPlatformDefineConstants" no arquivo "C:\Program Files\dotnet\sdk\9.0.304\Sdks\Microsoft.NET.Sdk\targets\Microsoft.NET.Sdk.BeforeCommon.targets" do projeto "D:\PROJETOS\LAUNCHER C#\launcher\L2Updater_g4gic3ee_wpftmp.csproj" (o destino "AddImplicitDefineConstants" depende dele):
     3>Destino de compila├º├úo pronto"GenerateTargetPlatformDefineConstants" no projeto "L2Updater_g4gic3ee_wpftmp.csproj".
     3>Destino "GenerateNETCompatibleDefineConstants" no arquivo "C:\Program Files\dotnet\sdk\9.0.304\Sdks\Microsoft.NET.Sdk\targets\Microsoft.NET.Sdk.BeforeCommon.targets" do projeto "D:\PROJETOS\LAUNCHER C#\launcher\L2Updater_g4gic3ee_wpftmp.csproj" (o destino "AddImplicitDefineConstants" depende dele):
     3>Destino de compila├º├úo pronto"GenerateNETCompatibleDefineConstants" no projeto "L2Updater_g4gic3ee_wpftmp.csproj".
     3>Destino "GeneratePlatformCompatibleDefineConstants" no arquivo "C:\Program Files\dotnet\sdk\9.0.304\Sdks\Microsoft.NET.Sdk\targets\Microsoft.NET.Sdk.BeforeCommon.targets" do projeto "D:\PROJETOS\LAUNCHER C#\launcher\L2Updater_g4gic3ee_wpftmp.csproj" (o destino "AddImplicitDefineConstants" depende dele):
     3>Destino de compila├º├úo pronto"GeneratePlatformCompatibleDefineConstants" no projeto "L2Updater_g4gic3ee_wpftmp.csproj".
       Destino "_DisableDiagnosticTracing" ignorado devido ├á condi├º├úo falsa; ('$(DisableDiagnosticTracing)' == 'true') foi avaliado como ('' == 'true').
     3>Destino "AddImplicitDefineConstants" no arquivo "C:\Program Files\dotnet\sdk\9.0.304\Sdks\Microsoft.NET.Sdk\targets\Microsoft.NET.Sdk.BeforeCommon.targets" do projeto "D:\PROJETOS\LAUNCHER C#\launcher\L2Updater_g4gic3ee_wpftmp.csproj" (o destino "GenerateMSBuildEditorConfigFile" depende dele):
       C:\Program Files\dotnet\sdk\9.0.304\Sdks\Microsoft.NET.Sdk\targets\Microsoft.NET.Sdk.BeforeCommon.targets(267,7): message : Reatribui├º├úo de propriedade: $(DefineConstants)="TRACE;DEBUG;NET;NET9_0;NETCOREAPP;WINDOWS;WINDOWS7_0;NET5_0_OR_GREATER;NET6_0_OR_GREATER;NET7_0_OR_GREATER;NET8_0_OR_GREATER;NET9_0_OR_GREATER;NETCOREAPP3_0_OR_GREATER;NETCOREAPP3_1_OR_GREATER;WINDOWS7_0_OR_GREATER" (valor anterior: "TRACE;DEBUG;NET;NET9_0;NETCOREAPP") em C:\Program Files\dotnet\sdk\9.0.304\Sdks\Microsoft.NET.Sdk\targets\Microsoft.NET.Sdk.BeforeCommon.targets (267,7) [D:\PROJETOS\LAUNCHER C#\launcher\L2Updater_g4gic3ee_wpftmp.csproj]
     3>Destino de compila├º├úo pronto"AddImplicitDefineConstants" no projeto "L2Updater_g4gic3ee_wpftmp.csproj".
     3>Destino "GenerateMSBuildEditorConfigFileShouldRun" no arquivo "C:\Program Files\dotnet\sdk\9.0.304\Roslyn\Microsoft.Managed.Core.targets" do projeto "D:\PROJETOS\LAUNCHER C#\launcher\L2Updater_g4gic3ee_wpftmp.csproj" (o destino "GenerateMSBuildEditorConfigFile" depende dele):
     3>Destino de compila├º├úo pronto"GenerateMSBuildEditorConfigFileShouldRun" no projeto "L2Updater_g4gic3ee_wpftmp.csproj".
     3>Destino "AddGlobalAnalyzerConfigForPackage_MicrosoftCodeAnalysisCSharpCodeStyle" no arquivo "C:\Program Files\dotnet\sdk\9.0.304\Sdks\Microsoft.NET.Sdk\codestyle\cs\build\Microsoft.CodeAnalysis.CSharp.CodeStyle.targets" do projeto "D:\PROJETOS\LAUNCHER C#\launcher\L2Updater_g4gic3ee_wpftmp.csproj" (o destino "GenerateMSBuildEditorConfigFileCore" depende dele):
     3>Destino de compila├º├úo pronto"AddGlobalAnalyzerConfigForPackage_MicrosoftCodeAnalysisCSharpCodeStyle" no projeto "L2Updater_g4gic3ee_wpftmp.csproj".
     3>Destino "GenerateMSBuildEditorConfigFileCore" no arquivo "C:\Program Files\dotnet\sdk\9.0.304\Roslyn\Microsoft.Managed.Core.targets" do projeto "D:\PROJETOS\LAUNCHER C#\launcher\L2Updater_g4gic3ee_wpftmp.csproj" (o destino "GenerateMSBuildEditorConfigFile" depende dele):
       Compila├º├úo de destino "GenerateMSBuildEditorConfigFileCore" conclu├¡da.
       N├úo h├í arquivos de entrada especificados.
       Usando a tarefa "GenerateMSBuildEditorConfig" do assembly "C:\Program Files\dotnet\sdk\9.0.304\Roslyn\Microsoft.Build.Tasks.CodeAnalysis.dll".
       Tarefa "GenerateMSBuildEditorConfig"
       Tarefa em execu├º├úo pronta "GenerateMSBuildEditorConfig".
     3>Destino de compila├º├úo pronto"GenerateMSBuildEditorConfigFileCore" no projeto "L2Updater_g4gic3ee_wpftmp.csproj".
     3>Destino "GenerateMSBuildEditorConfigFile" no arquivo "C:\Program Files\dotnet\sdk\9.0.304\Roslyn\Microsoft.Managed.Core.targets" do projeto "D:\PROJETOS\LAUNCHER C#\launcher\L2Updater_g4gic3ee_wpftmp.csproj" (o destino "CoreCompile" depende dele):
     3>Destino de compila├º├úo pronto"GenerateMSBuildEditorConfigFile" no projeto "L2Updater_g4gic3ee_wpftmp.csproj".
       Destino "_SetPathMapFromSourceRoots" ignorado devido ├á condi├º├úo falsa; ('$(DeterministicSourcePaths)' == 'true') foi avaliado como ('' == 'true').
       Destino "CreateCompilerGeneratedFilesOutputPath" ignorado devido ├á condi├º├úo falsa; ('$(EmitCompilerGeneratedFiles)' == 'true' and !('$(DesignTimeBuild)' == 'true' OR '$(BuildingProject)' != 'true')) foi avaliado como ('false' == 'true' and !('' == 'true' OR 'true' != 'true')).
     3>Destino "CheckForDuplicateItems" no arquivo "C:\Program Files\dotnet\sdk\9.0.304\Sdks\Microsoft.NET.Sdk\targets\Microsoft.NET.Sdk.DefaultItems.Shared.targets" do projeto "D:\PROJETOS\LAUNCHER C#\launcher\L2Updater_g4gic3ee_wpftmp.csproj" (o destino "CoreCompile" depende dele):
       Usando a tarefa "CheckForDuplicateItems" do assembly "C:\Program Files\dotnet\sdk\9.0.304\Sdks\Microsoft.NET.Sdk\targets\..\tools\net9.0\Microsoft.NET.Build.Tasks.dll".
       Tarefa "CheckForDuplicateItems"
       Tarefa em execu├º├úo pronta "CheckForDuplicateItems".
       Tarefa "CheckForDuplicateItems"
       Tarefa em execu├º├úo pronta "CheckForDuplicateItems".
       Tarefa "CheckForDuplicateItems"
       Tarefa em execu├º├úo pronta "CheckForDuplicateItems".
     3>Destino de compila├º├úo pronto"CheckForDuplicateItems" no projeto "L2Updater_g4gic3ee_wpftmp.csproj".
       Destino "_CheckMicrosoftNetSdkCompilersToolsetPackageExists" ignorado devido ├á condi├º├úo falsa; ('$(_NeedToDownloadMicrosoftNetSdkCompilersToolsetPackage)' == 'true' and '$(DesignTimeBuild)' != 'true') foi avaliado como ('' == 'true' and '' != 'true').
       Destino "PrepareForBuild" ignorado. Compilado anteriormente com ├¬xito.
       Destino "GetReferenceAssemblyPaths" ignorado. Compilado anteriormente com ├¬xito.
     3>Destino "_SetTargetFrameworkMonikerAttribute" no arquivo "C:\Program Files\dotnet\sdk\9.0.304\Microsoft.CSharp.CurrentVersion.targets" do projeto "D:\PROJETOS\LAUNCHER C#\launcher\L2Updater_g4gic3ee_wpftmp.csproj" (o destino "GenerateTargetFrameworkMonikerAttribute" depende dele):
     3>Destino de compila├º├úo pronto"_SetTargetFrameworkMonikerAttribute" no projeto "L2Updater_g4gic3ee_wpftmp.csproj".
     3>Destino "GenerateTargetFrameworkMonikerAttribute" no arquivo "C:\Program Files\dotnet\sdk\9.0.304\Microsoft.Common.CurrentVersion.targets" do projeto "D:\PROJETOS\LAUNCHER C#\launcher\L2Updater_g4gic3ee_wpftmp.csproj" (o destino "BeforeCompile" depende dele):
       Ignorando o destino "GenerateTargetFrameworkMonikerAttribute" porque todos os arquivos de sa├¡da est├úo atualizados em rela├º├úo aos arquivos de entrada.
       Arquivos de entrada: C:\Program Files\dotnet\sdk\9.0.304\Microsoft.Common.targets
       Arquivos de sa├¡da: obj\Debug\net9.0-windows\win-x64\.NETCoreApp,Version=v9.0.AssemblyAttributes.cs
     3>Destino de compila├º├úo pronto"GenerateTargetFrameworkMonikerAttribute" no projeto "L2Updater_g4gic3ee_wpftmp.csproj".
       Destino "GenerateAdditionalSources" ignorado devido ├á condi├º├úo falsa; ('@(AssemblyAttributes)' != '' and '$(GenerateAdditionalSources)' == 'true') foi avaliado como ('' != '' and '' == 'true').
       Destino "GenerateAssemblyInfo" ignorado devido ├á condi├º├úo falsa; ('$(GenerateAssemblyInfo)' == 'true') foi avaliado como ('false' == 'true').
       Destino "GenerateGlobalUsings" ignorado devido ├á condi├º├úo falsa; (@(Using->Count()) != 0) foi avaliado como (0 != 0).
     3>Destino "BeforeCompile" no arquivo "C:\Program Files\dotnet\sdk\9.0.304\Microsoft.Common.CurrentVersion.targets" do projeto "D:\PROJETOS\LAUNCHER C#\launcher\L2Updater_g4gic3ee_wpftmp.csproj" (o destino "_SetEmbeddedFilesFromSourceControlManagerUntrackedFiles" depende dele):
     3>Destino de compila├º├úo pronto"BeforeCompile" no projeto "L2Updater_g4gic3ee_wpftmp.csproj".
     3>Destino "InitializeSourceControlInformationFromSourceControlManager" no arquivo "C:\Program Files\dotnet\sdk\9.0.304\Sdks\Microsoft.Build.Tasks.Git\build\Microsoft.Build.Tasks.Git.targets" do projeto "D:\PROJETOS\LAUNCHER C#\launcher\L2Updater_g4gic3ee_wpftmp.csproj" (o destino "SetEmbeddedFilesFromSourceControlManagerUntrackedFiles" depende dele):
       Usando a tarefa "Microsoft.Build.Tasks.Git.LocateRepository" do assembly "C:\Program Files\dotnet\sdk\9.0.304\Sdks\Microsoft.Build.Tasks.Git\build\..\tools\net\Microsoft.Build.Tasks.Git.dll".
       Tarefa "Microsoft.Build.Tasks.Git.LocateRepository"
         SourceLink: Repository instance not found in cache: '*:D:\PROJETOS\LAUNCHER C#\launcher\.git'
       Tarefa em execu├º├úo pronta "Microsoft.Build.Tasks.Git.LocateRepository".
     3>Destino de compila├º├úo pronto"InitializeSourceControlInformationFromSourceControlManager" no projeto "L2Updater_g4gic3ee_wpftmp.csproj".
     3>Destino "SetEmbeddedFilesFromSourceControlManagerUntrackedFiles" no arquivo "C:\Program Files\dotnet\sdk\9.0.304\Sdks\Microsoft.Build.Tasks.Git\build\Microsoft.Build.Tasks.Git.targets" do projeto "D:\PROJETOS\LAUNCHER C#\launcher\L2Updater_g4gic3ee_wpftmp.csproj" (o destino "_SetEmbeddedFilesFromSourceControlManagerUntrackedFiles" depende dele):
       Usando a tarefa "Microsoft.Build.Tasks.Git.GetUntrackedFiles" do assembly "C:\Program Files\dotnet\sdk\9.0.304\Sdks\Microsoft.Build.Tasks.Git\build\..\tools\net\Microsoft.Build.Tasks.Git.dll".
       Tarefa "Microsoft.Build.Tasks.Git.GetUntrackedFiles"
         SourceLink: Reusing cached git repository information.
       Tarefa em execu├º├úo pronta "Microsoft.Build.Tasks.Git.GetUntrackedFiles".
     3>Destino de compila├º├úo pronto"SetEmbeddedFilesFromSourceControlManagerUntrackedFiles" no projeto "L2Updater_g4gic3ee_wpftmp.csproj".
     3>Destino "_SetEmbeddedFilesFromSourceControlManagerUntrackedFiles" no arquivo "C:\Program Files\dotnet\sdk\9.0.304\Sdks\Microsoft.SourceLink.Common\build\Microsoft.SourceLink.Common.targets" do projeto "D:\PROJETOS\LAUNCHER C#\launcher\L2Updater_g4gic3ee_wpftmp.csproj" (o destino "CoreCompile" depende dele):
     3>Destino de compila├º├úo pronto"_SetEmbeddedFilesFromSourceControlManagerUntrackedFiles" no projeto "L2Updater_g4gic3ee_wpftmp.csproj".
       Destino "InitializeSourceControlInformationFromSourceControlManager" ignorado. Compilado anteriormente com ├¬xito.
     3>Destino "_SourceLinkHasSingleProvider" no arquivo "C:\Program Files\dotnet\sdk\9.0.304\Sdks\Microsoft.SourceLink.Common\build\InitializeSourceControlInformation.targets" do projeto "D:\PROJETOS\LAUNCHER C#\launcher\L2Updater_g4gic3ee_wpftmp.csproj" (o destino "_InitializeSourceControlInformationFromSourceControlManager" depende dele):
       Assembly carregado durante TaskRun: Microsoft.SourceLink.Common, Version=9.0.11.11701, Culture=neutral, PublicKeyToken=31bf3856ad364e35 (local: C:\Program Files\dotnet\sdk\9.0.304\Sdks\Microsoft.SourceLink.Common\tools\net\Microsoft.SourceLink.Common.dll, MVID: e7b93933-92ac-4eda-8ab8-a1e1c543bfb2, AssemblyLoadContext: MSBuild plugin C:\Program Files\dotnet\sdk\9.0.304\Sdks\Microsoft.SourceLink.Common\tools\net\Microsoft.SourceLink.Common.dll)
       Usando a tarefa "Microsoft.SourceLink.Common.SourceLinkHasSingleProvider" do assembly "C:\Program Files\dotnet\sdk\9.0.304\Sdks\Microsoft.SourceLink.Common\build\..\tools\net\Microsoft.SourceLink.Common.dll".
       Tarefa "Microsoft.SourceLink.Common.SourceLinkHasSingleProvider"
       Tarefa em execu├º├úo pronta "Microsoft.SourceLink.Common.SourceLinkHasSingleProvider".
     3>Destino de compila├º├úo pronto"_SourceLinkHasSingleProvider" no projeto "L2Updater_g4gic3ee_wpftmp.csproj".
     3>Destino "TranslateGitHubUrlsInSourceControlInformation" no arquivo "C:\Program Files\dotnet\sdk\9.0.304\Sdks\Microsoft.SourceLink.GitHub\build\Microsoft.SourceLink.GitHub.targets" do projeto "D:\PROJETOS\LAUNCHER C#\launcher\L2Updater_g4gic3ee_wpftmp.csproj" (o destino "_InitializeSourceControlInformationFromSourceControlManager" depende dele):
       Assembly carregado durante TaskRun: Microsoft.SourceLink.GitHub, Version=9.0.11.11701, Culture=neutral, PublicKeyToken=31bf3856ad364e35 (local: C:\Program Files\dotnet\sdk\9.0.304\Sdks\Microsoft.SourceLink.GitHub\tools\net\Microsoft.SourceLink.GitHub.dll, MVID: de6eb21e-3e60-4c55-84da-db4085852056, AssemblyLoadContext: MSBuild plugin C:\Program Files\dotnet\sdk\9.0.304\Sdks\Microsoft.SourceLink.GitHub\tools\net\Microsoft.SourceLink.GitHub.dll)
       Usando a tarefa "Microsoft.SourceLink.GitHub.TranslateRepositoryUrls" do assembly "C:\Program Files\dotnet\sdk\9.0.304\Sdks\Microsoft.SourceLink.GitHub\build\..\tools\net\Microsoft.SourceLink.GitHub.dll".
       Tarefa "Microsoft.SourceLink.GitHub.TranslateRepositoryUrls"
       Tarefa em execu├º├úo pronta "Microsoft.SourceLink.GitHub.TranslateRepositoryUrls".
     3>Destino de compila├º├úo pronto"TranslateGitHubUrlsInSourceControlInformation" no projeto "L2Updater_g4gic3ee_wpftmp.csproj".
     3>Destino "TranslateGitLabUrlsInSourceControlInformation" no arquivo "C:\Program Files\dotnet\sdk\9.0.304\Sdks\Microsoft.SourceLink.GitLab\build\Microsoft.SourceLink.GitLab.targets" do projeto "D:\PROJETOS\LAUNCHER C#\launcher\L2Updater_g4gic3ee_wpftmp.csproj" (o destino "_InitializeSourceControlInformationFromSourceControlManager" depende dele):
       Assembly carregado durante TaskRun: Microsoft.SourceLink.GitLab, Version=9.0.11.11701, Culture=neutral, PublicKeyToken=31bf3856ad364e35 (local: C:\Program Files\dotnet\sdk\9.0.304\Sdks\Microsoft.SourceLink.GitLab\tools\net\Microsoft.SourceLink.GitLab.dll, MVID: ccdddc0a-7879-4673-a23d-bd877ae513a4, AssemblyLoadContext: MSBuild plugin C:\Program Files\dotnet\sdk\9.0.304\Sdks\Microsoft.SourceLink.GitLab\tools\net\Microsoft.SourceLink.GitLab.dll)
       Usando a tarefa "Microsoft.SourceLink.GitLab.TranslateRepositoryUrls" do assembly "C:\Program Files\dotnet\sdk\9.0.304\Sdks\Microsoft.SourceLink.GitLab\build\..\tools\net\Microsoft.SourceLink.GitLab.dll".
       Tarefa "Microsoft.SourceLink.GitLab.TranslateRepositoryUrls"
       Tarefa em execu├º├úo pronta "Microsoft.SourceLink.GitLab.TranslateRepositoryUrls".
     3>Destino de compila├º├úo pronto"TranslateGitLabUrlsInSourceControlInformation" no projeto "L2Updater_g4gic3ee_wpftmp.csproj".
     3>Destino "TranslateAzureReposGitUrlsInSourceControlInformation" no arquivo "C:\Program Files\dotnet\sdk\9.0.304\Sdks\Microsoft.SourceLink.AzureRepos.Git\build\Microsoft.SourceLink.AzureRepos.Git.targets" do projeto "D:\PROJETOS\LAUNCHER C#\launcher\L2Updater_g4gic3ee_wpftmp.csproj" (o destino "_InitializeSourceControlInformationFromSourceControlManager" depende dele):
       Assembly carregado durante TaskRun: Microsoft.SourceLink.AzureRepos.Git, Version=9.0.11.11701, Culture=neutral, PublicKeyToken=31bf3856ad364e35 (local: C:\Program Files\dotnet\sdk\9.0.304\Sdks\Microsoft.SourceLink.AzureRepos.Git\tools\net\Microsoft.SourceLink.AzureRepos.Git.dll, MVID: cc8362fa-d14c-4e8c-a855-a55f196817ae, AssemblyLoadContext: MSBuild plugin C:\Program Files\dotnet\sdk\9.0.304\Sdks\Microsoft.SourceLink.AzureRepos.Git\tools\net\Microsoft.SourceLink.AzureRepos.Git.dll)
       Usando a tarefa "Microsoft.SourceLink.AzureRepos.Git.TranslateRepositoryUrls" do assembly "C:\Program Files\dotnet\sdk\9.0.304\Sdks\Microsoft.SourceLink.AzureRepos.Git\build\..\tools\net\Microsoft.SourceLink.AzureRepos.Git.dll".
       Tarefa "Microsoft.SourceLink.AzureRepos.Git.TranslateRepositoryUrls"
       Tarefa em execu├º├úo pronta "Microsoft.SourceLink.AzureRepos.Git.TranslateRepositoryUrls".
     3>Destino de compila├º├úo pronto"TranslateAzureReposGitUrlsInSourceControlInformation" no projeto "L2Updater_g4gic3ee_wpftmp.csproj".
     3>Destino "TranslateBitbucketGitUrlsInSourceControlInformation" no arquivo "C:\Program Files\dotnet\sdk\9.0.304\Sdks\Microsoft.SourceLink.Bitbucket.Git\build\Microsoft.SourceLink.Bitbucket.Git.targets" do projeto "D:\PROJETOS\LAUNCHER C#\launcher\L2Updater_g4gic3ee_wpftmp.csproj" (o destino "_InitializeSourceControlInformationFromSourceControlManager" depende dele):
       Assembly carregado durante TaskRun: Microsoft.SourceLink.Bitbucket.Git, Version=9.0.11.11701, Culture=neutral, PublicKeyToken=31bf3856ad364e35 (local: C:\Program Files\dotnet\sdk\9.0.304\Sdks\Microsoft.SourceLink.Bitbucket.Git\tools\net\Microsoft.SourceLink.Bitbucket.Git.dll, MVID: 633cbf61-44e1-4706-8334-7e18ba081963, AssemblyLoadContext: MSBuild plugin C:\Program Files\dotnet\sdk\9.0.304\Sdks\Microsoft.SourceLink.Bitbucket.Git\tools\net\Microsoft.SourceLink.Bitbucket.Git.dll)
       Usando a tarefa "Microsoft.SourceLink.Bitbucket.Git.TranslateRepositoryUrls" do assembly "C:\Program Files\dotnet\sdk\9.0.304\Sdks\Microsoft.SourceLink.Bitbucket.Git\build\..\tools\net\Microsoft.SourceLink.Bitbucket.Git.dll".
       Tarefa "Microsoft.SourceLink.Bitbucket.Git.TranslateRepositoryUrls"
       Tarefa em execu├º├úo pronta "Microsoft.SourceLink.Bitbucket.Git.TranslateRepositoryUrls".
     3>Destino de compila├º├úo pronto"TranslateBitbucketGitUrlsInSourceControlInformation" no projeto "L2Updater_g4gic3ee_wpftmp.csproj".
     3>Destino "SourceControlManagerPublishTranslatedUrls" no arquivo "C:\Program Files\dotnet\sdk\9.0.304\Sdks\Microsoft.SourceLink.Common\build\InitializeSourceControlInformation.targets" do projeto "D:\PROJETOS\LAUNCHER C#\launcher\L2Updater_g4gic3ee_wpftmp.csproj" (o destino "_InitializeSourceControlInformationFromSourceControlManager" depende dele):
     3>Destino de compila├º├úo pronto"SourceControlManagerPublishTranslatedUrls" no projeto "L2Updater_g4gic3ee_wpftmp.csproj".
     3>Destino "_InitializeSourceControlInformationFromSourceControlManager" no arquivo "C:\Program Files\dotnet\sdk\9.0.304\Sdks\Microsoft.SourceLink.Common\build\InitializeSourceControlInformation.targets" do projeto "D:\PROJETOS\LAUNCHER C#\launcher\L2Updater_g4gic3ee_wpftmp.csproj" (o destino "InitializeSourceControlInformation" depende dele):
     3>Destino de compila├º├úo pronto"_InitializeSourceControlInformationFromSourceControlManager" no projeto "L2Updater_g4gic3ee_wpftmp.csproj".
     3>Destino "InitializeSourceControlInformation" no arquivo "C:\Program Files\dotnet\sdk\9.0.304\Microsoft.Common.CurrentVersion.targets" do projeto "D:\PROJETOS\LAUNCHER C#\launcher\L2Updater_g4gic3ee_wpftmp.csproj" (o destino "GenerateSourceLinkFile" depende dele):
     3>Destino de compila├º├úo pronto"InitializeSourceControlInformation" no projeto "L2Updater_g4gic3ee_wpftmp.csproj".
     3>Destino "_SetSourceLinkFilePath" no arquivo "C:\Program Files\dotnet\sdk\9.0.304\Sdks\Microsoft.SourceLink.Common\build\Microsoft.SourceLink.Common.targets" do projeto "D:\PROJETOS\LAUNCHER C#\launcher\L2Updater_g4gic3ee_wpftmp.csproj" (o destino "_GenerateSourceLinkFile" depende dele):
     3>Destino de compila├º├úo pronto"_SetSourceLinkFilePath" no projeto "L2Updater_g4gic3ee_wpftmp.csproj".
       Destino "InitializeSourceControlInformation" ignorado. Compilado anteriormente com ├¬xito.
     3>Destino "_InitializeSourceRootMappedPathsFromSourceControl" no arquivo "C:\Program Files\dotnet\sdk\9.0.304\Roslyn\Microsoft.Managed.Core.targets" do projeto "D:\PROJETOS\LAUNCHER C#\launcher\L2Updater_g4gic3ee_wpftmp.csproj" (o destino "InitializeSourceRootMappedPaths" depende dele):
     3>Destino de compila├º├úo pronto"_InitializeSourceRootMappedPathsFromSourceControl" no projeto "L2Updater_g4gic3ee_wpftmp.csproj".
     3>Destino "InitializeSourceRootMappedPaths" no arquivo "C:\Program Files\dotnet\sdk\9.0.304\Roslyn\Microsoft.Managed.Core.targets" do projeto "D:\PROJETOS\LAUNCHER C#\launcher\L2Updater_g4gic3ee_wpftmp.csproj" (o destino "_InitializeSourceRootMappedPathsOpt" depende dele):
       Usando a tarefa "Microsoft.CodeAnalysis.BuildTasks.MapSourceRoots" do assembly "C:\Program Files\dotnet\sdk\9.0.304\Roslyn\Microsoft.Build.Tasks.CodeAnalysis.dll".
       Tarefa "Microsoft.CodeAnalysis.BuildTasks.MapSourceRoots"
       Tarefa em execu├º├úo pronta "Microsoft.CodeAnalysis.BuildTasks.MapSourceRoots".
     3>Destino de compila├º├úo pronto"InitializeSourceRootMappedPaths" no projeto "L2Updater_g4gic3ee_wpftmp.csproj".
     3>Destino "_InitializeSourceRootMappedPathsOpt" no arquivo "C:\Program Files\dotnet\sdk\9.0.304\Sdks\Microsoft.SourceLink.Common\build\Microsoft.SourceLink.Common.targets" do projeto "D:\PROJETOS\LAUNCHER C#\launcher\L2Updater_g4gic3ee_wpftmp.csproj" (o destino "_GenerateSourceLinkFile" depende dele):
     3>Destino de compila├º├úo pronto"_InitializeSourceRootMappedPathsOpt" no projeto "L2Updater_g4gic3ee_wpftmp.csproj".
     3>Destino "_InitializeGitHubSourceLinkUrl" no arquivo "C:\Program Files\dotnet\sdk\9.0.304\Sdks\Microsoft.SourceLink.GitHub\build\Microsoft.SourceLink.GitHub.targets" do projeto "D:\PROJETOS\LAUNCHER C#\launcher\L2Updater_g4gic3ee_wpftmp.csproj" (o destino "_GenerateSourceLinkFile" depende dele):
       Compila├º├úo de destino "_InitializeGitHubSourceLinkUrl" conclu├¡da.
       N├úo h├í arquivos de entrada especificados.
       Usando a tarefa "Microsoft.SourceLink.GitHub.GetSourceLinkUrl" do assembly "C:\Program Files\dotnet\sdk\9.0.304\Sdks\Microsoft.SourceLink.GitHub\build\..\tools\net\Microsoft.SourceLink.GitHub.dll".
       Tarefa "Microsoft.SourceLink.GitHub.GetSourceLinkUrl"
       Tarefa em execu├º├úo pronta "Microsoft.SourceLink.GitHub.GetSourceLinkUrl".
     3>Destino de compila├º├úo pronto"_InitializeGitHubSourceLinkUrl" no projeto "L2Updater_g4gic3ee_wpftmp.csproj".
     3>Destino "_InitializeGitHubSourceLinkUrl" no arquivo "C:\Program Files\dotnet\sdk\9.0.304\Sdks\Microsoft.SourceLink.GitHub\build\Microsoft.SourceLink.GitHub.targets" do projeto "D:\PROJETOS\LAUNCHER C#\launcher\L2Updater_g4gic3ee_wpftmp.csproj" (o destino "_GenerateSourceLinkFile" depende dele):
       Compila├º├úo de destino "_InitializeGitHubSourceLinkUrl" conclu├¡da.
       N├úo h├í arquivos de entrada especificados.
       Tarefa "Microsoft.SourceLink.GitHub.GetSourceLinkUrl"
       Tarefa em execu├º├úo pronta "Microsoft.SourceLink.GitHub.GetSourceLinkUrl".
     3>Destino de compila├º├úo pronto"_InitializeGitHubSourceLinkUrl" no projeto "L2Updater_g4gic3ee_wpftmp.csproj".
     3>Destino "_InitializeGitHubSourceLinkUrl" no arquivo "C:\Program Files\dotnet\sdk\9.0.304\Sdks\Microsoft.SourceLink.GitHub\build\Microsoft.SourceLink.GitHub.targets" do projeto "D:\PROJETOS\LAUNCHER C#\launcher\L2Updater_g4gic3ee_wpftmp.csproj" (o destino "_GenerateSourceLinkFile" depende dele):
       Compila├º├úo de destino "_InitializeGitHubSourceLinkUrl" conclu├¡da.
       N├úo h├í arquivos de entrada especificados.
       Tarefa "Microsoft.SourceLink.GitHub.GetSourceLinkUrl"
       Tarefa em execu├º├úo pronta "Microsoft.SourceLink.GitHub.GetSourceLinkUrl".
     3>Destino de compila├º├úo pronto"_InitializeGitHubSourceLinkUrl" no projeto "L2Updater_g4gic3ee_wpftmp.csproj".
     3>Destino "_InitializeGitLabSourceLinkUrl" no arquivo "C:\Program Files\dotnet\sdk\9.0.304\Sdks\Microsoft.SourceLink.GitLab\build\Microsoft.SourceLink.GitLab.targets" do projeto "D:\PROJETOS\LAUNCHER C#\launcher\L2Updater_g4gic3ee_wpftmp.csproj" (o destino "_GenerateSourceLinkFile" depende dele):
       Compila├º├úo de destino "_InitializeGitLabSourceLinkUrl" conclu├¡da.
       N├úo h├í arquivos de entrada especificados.
       Usando a tarefa "Microsoft.SourceLink.GitLab.GetSourceLinkUrl" do assembly "C:\Program Files\dotnet\sdk\9.0.304\Sdks\Microsoft.SourceLink.GitLab\build\..\tools\net\Microsoft.SourceLink.GitLab.dll".
       Tarefa "Microsoft.SourceLink.GitLab.GetSourceLinkUrl"
       C:\Program Files\dotnet\sdk\9.0.304\Sdks\Microsoft.SourceLink.GitLab\build\Microsoft.SourceLink.GitLab.targets(37,7): message : Reatribui├º├úo de propriedade: $(_SourceLinkUrlToUpdate)="N/A" (valor anterior: "https://raw.githubusercontent.com/D3NKYT0/launcher/9e470c576859cab1cb5c69faf10504075c82f87f/*") em C:\Program Files\dotnet\sdk\9.0.304\Sdks\Microsoft.SourceLink.GitLab\build\Microsoft.SourceLink.GitLab.targets (37,7) [D:\PROJETOS\LAUNCHER C#\launcher\L2Updater_g4gic3ee_wpftmp.csproj]
       Tarefa em execu├º├úo pronta "Microsoft.SourceLink.GitLab.GetSourceLinkUrl".
     3>Destino de compila├º├úo pronto"_InitializeGitLabSourceLinkUrl" no projeto "L2Updater_g4gic3ee_wpftmp.csproj".
     3>Destino "_InitializeGitLabSourceLinkUrl" no arquivo "C:\Program Files\dotnet\sdk\9.0.304\Sdks\Microsoft.SourceLink.GitLab\build\Microsoft.SourceLink.GitLab.targets" do projeto "D:\PROJETOS\LAUNCHER C#\launcher\L2Updater_g4gic3ee_wpftmp.csproj" (o destino "_GenerateSourceLinkFile" depende dele):
       Compila├º├úo de destino "_InitializeGitLabSourceLinkUrl" conclu├¡da.
       N├úo h├í arquivos de entrada especificados.
       Tarefa "Microsoft.SourceLink.GitLab.GetSourceLinkUrl"
       C:\Program Files\dotnet\sdk\9.0.304\Sdks\Microsoft.SourceLink.GitLab\build\Microsoft.SourceLink.GitLab.targets(37,7): message : Reatribui├º├úo de propriedade: $(_SourceLinkUrlToUpdate)="N/A" (valor anterior: "https://raw.githubusercontent.com/D3NKYT0/launcher/9e470c576859cab1cb5c69faf10504075c82f87f/*") em C:\Program Files\dotnet\sdk\9.0.304\Sdks\Microsoft.SourceLink.GitLab\build\Microsoft.SourceLink.GitLab.targets (37,7) [D:\PROJETOS\LAUNCHER C#\launcher\L2Updater_g4gic3ee_wpftmp.csproj]
       Tarefa em execu├º├úo pronta "Microsoft.SourceLink.GitLab.GetSourceLinkUrl".
     3>Destino de compila├º├úo pronto"_InitializeGitLabSourceLinkUrl" no projeto "L2Updater_g4gic3ee_wpftmp.csproj".
     3>Destino "_InitializeGitLabSourceLinkUrl" no arquivo "C:\Program Files\dotnet\sdk\9.0.304\Sdks\Microsoft.SourceLink.GitLab\build\Microsoft.SourceLink.GitLab.targets" do projeto "D:\PROJETOS\LAUNCHER C#\launcher\L2Updater_g4gic3ee_wpftmp.csproj" (o destino "_GenerateSourceLinkFile" depende dele):
       Compila├º├úo de destino "_InitializeGitLabSourceLinkUrl" conclu├¡da.
       N├úo h├í arquivos de entrada especificados.
       Tarefa "Microsoft.SourceLink.GitLab.GetSourceLinkUrl"
       C:\Program Files\dotnet\sdk\9.0.304\Sdks\Microsoft.SourceLink.GitLab\build\Microsoft.SourceLink.GitLab.targets(37,7): message : Reatribui├º├úo de propriedade: $(_SourceLinkUrlToUpdate)="N/A" (valor anterior: "https://raw.githubusercontent.com/D3NKYT0/launcher/9e470c576859cab1cb5c69faf10504075c82f87f/*") em C:\Program Files\dotnet\sdk\9.0.304\Sdks\Microsoft.SourceLink.GitLab\build\Microsoft.SourceLink.GitLab.targets (37,7) [D:\PROJETOS\LAUNCHER C#\launcher\L2Updater_g4gic3ee_wpftmp.csproj]
       Tarefa em execu├º├úo pronta "Microsoft.SourceLink.GitLab.GetSourceLinkUrl".
     3>Destino de compila├º├úo pronto"_InitializeGitLabSourceLinkUrl" no projeto "L2Updater_g4gic3ee_wpftmp.csproj".
     3>Destino "_InitializeAzureReposGitSourceLinkUrl" no arquivo "C:\Program Files\dotnet\sdk\9.0.304\Sdks\Microsoft.SourceLink.AzureRepos.Git\build\Microsoft.SourceLink.AzureRepos.Git.targets" do projeto "D:\PROJETOS\LAUNCHER C#\launcher\L2Updater_g4gic3ee_wpftmp.csproj" (o destino "_GenerateSourceLinkFile" depende dele):
       Compila├º├úo de destino "_InitializeAzureReposGitSourceLinkUrl" conclu├¡da.
       N├úo h├í arquivos de entrada especificados.
       Usando a tarefa "Microsoft.SourceLink.AzureRepos.Git.GetSourceLinkUrl" do assembly "C:\Program Files\dotnet\sdk\9.0.304\Sdks\Microsoft.SourceLink.AzureRepos.Git\build\..\tools\net\Microsoft.SourceLink.AzureRepos.Git.dll".
       Tarefa "Microsoft.SourceLink.AzureRepos.Git.GetSourceLinkUrl"
       Tarefa em execu├º├úo pronta "Microsoft.SourceLink.AzureRepos.Git.GetSourceLinkUrl".
     3>Destino de compila├º├úo pronto"_InitializeAzureReposGitSourceLinkUrl" no projeto "L2Updater_g4gic3ee_wpftmp.csproj".
     3>Destino "_InitializeAzureReposGitSourceLinkUrl" no arquivo "C:\Program Files\dotnet\sdk\9.0.304\Sdks\Microsoft.SourceLink.AzureRepos.Git\build\Microsoft.SourceLink.AzureRepos.Git.targets" do projeto "D:\PROJETOS\LAUNCHER C#\launcher\L2Updater_g4gic3ee_wpftmp.csproj" (o destino "_GenerateSourceLinkFile" depende dele):
       Compila├º├úo de destino "_InitializeAzureReposGitSourceLinkUrl" conclu├¡da.
       N├úo h├í arquivos de entrada especificados.
       Tarefa "Microsoft.SourceLink.AzureRepos.Git.GetSourceLinkUrl"
       Tarefa em execu├º├úo pronta "Microsoft.SourceLink.AzureRepos.Git.GetSourceLinkUrl".
     3>Destino de compila├º├úo pronto"_InitializeAzureReposGitSourceLinkUrl" no projeto "L2Updater_g4gic3ee_wpftmp.csproj".
     3>Destino "_InitializeAzureReposGitSourceLinkUrl" no arquivo "C:\Program Files\dotnet\sdk\9.0.304\Sdks\Microsoft.SourceLink.AzureRepos.Git\build\Microsoft.SourceLink.AzureRepos.Git.targets" do projeto "D:\PROJETOS\LAUNCHER C#\launcher\L2Updater_g4gic3ee_wpftmp.csproj" (o destino "_GenerateSourceLinkFile" depende dele):
       Compila├º├úo de destino "_InitializeAzureReposGitSourceLinkUrl" conclu├¡da.
       N├úo h├í arquivos de entrada especificados.
       Tarefa "Microsoft.SourceLink.AzureRepos.Git.GetSourceLinkUrl"
       Tarefa em execu├º├úo pronta "Microsoft.SourceLink.AzureRepos.Git.GetSourceLinkUrl".
     3>Destino de compila├º├úo pronto"_InitializeAzureReposGitSourceLinkUrl" no projeto "L2Updater_g4gic3ee_wpftmp.csproj".
     3>Destino "_InitializeBitbucketGitSourceLinkUrl" no arquivo "C:\Program Files\dotnet\sdk\9.0.304\Sdks\Microsoft.SourceLink.Bitbucket.Git\build\Microsoft.SourceLink.Bitbucket.Git.targets" do projeto "D:\PROJETOS\LAUNCHER C#\launcher\L2Updater_g4gic3ee_wpftmp.csproj" (o destino "_GenerateSourceLinkFile" depende dele):
       Compila├º├úo de destino "_InitializeBitbucketGitSourceLinkUrl" conclu├¡da.
       N├úo h├í arquivos de entrada especificados.
       Usando a tarefa "Microsoft.SourceLink.Bitbucket.Git.GetSourceLinkUrl" do assembly "C:\Program Files\dotnet\sdk\9.0.304\Sdks\Microsoft.SourceLink.Bitbucket.Git\build\..\tools\net\Microsoft.SourceLink.Bitbucket.Git.dll".
       Tarefa "Microsoft.SourceLink.Bitbucket.Git.GetSourceLinkUrl"
       Tarefa em execu├º├úo pronta "Microsoft.SourceLink.Bitbucket.Git.GetSourceLinkUrl".
     3>Destino de compila├º├úo pronto"_InitializeBitbucketGitSourceLinkUrl" no projeto "L2Updater_g4gic3ee_wpftmp.csproj".
     3>Destino "_InitializeBitbucketGitSourceLinkUrl" no arquivo "C:\Program Files\dotnet\sdk\9.0.304\Sdks\Microsoft.SourceLink.Bitbucket.Git\build\Microsoft.SourceLink.Bitbucket.Git.targets" do projeto "D:\PROJETOS\LAUNCHER C#\launcher\L2Updater_g4gic3ee_wpftmp.csproj" (o destino "_GenerateSourceLinkFile" depende dele):
       Compila├º├úo de destino "_InitializeBitbucketGitSourceLinkUrl" conclu├¡da.
       N├úo h├í arquivos de entrada especificados.
       Tarefa "Microsoft.SourceLink.Bitbucket.Git.GetSourceLinkUrl"
       Tarefa em execu├º├úo pronta "Microsoft.SourceLink.Bitbucket.Git.GetSourceLinkUrl".
     3>Destino de compila├º├úo pronto"_InitializeBitbucketGitSourceLinkUrl" no projeto "L2Updater_g4gic3ee_wpftmp.csproj".
     3>Destino "_InitializeBitbucketGitSourceLinkUrl" no arquivo "C:\Program Files\dotnet\sdk\9.0.304\Sdks\Microsoft.SourceLink.Bitbucket.Git\build\Microsoft.SourceLink.Bitbucket.Git.targets" do projeto "D:\PROJETOS\LAUNCHER C#\launcher\L2Updater_g4gic3ee_wpftmp.csproj" (o destino "_GenerateSourceLinkFile" depende dele):
       Compila├º├úo de destino "_InitializeBitbucketGitSourceLinkUrl" conclu├¡da.
       N├úo h├í arquivos de entrada especificados.
       Tarefa "Microsoft.SourceLink.Bitbucket.Git.GetSourceLinkUrl"
       Tarefa em execu├º├úo pronta "Microsoft.SourceLink.Bitbucket.Git.GetSourceLinkUrl".
     3>Destino de compila├º├úo pronto"_InitializeBitbucketGitSourceLinkUrl" no projeto "L2Updater_g4gic3ee_wpftmp.csproj".
     3>Destino "_GenerateSourceLinkFile" no arquivo "C:\Program Files\dotnet\sdk\9.0.304\Sdks\Microsoft.SourceLink.Common\build\Microsoft.SourceLink.Common.targets" do projeto "D:\PROJETOS\LAUNCHER C#\launcher\L2Updater_g4gic3ee_wpftmp.csproj" (o destino "GenerateSourceLinkFile" depende dele):
       Compila├º├úo de destino "_GenerateSourceLinkFile" conclu├¡da.
       N├úo h├í arquivos de entrada especificados.
       Usando a tarefa "Microsoft.SourceLink.Common.GenerateSourceLinkFile" do assembly "C:\Program Files\dotnet\sdk\9.0.304\Sdks\Microsoft.SourceLink.Common\build\..\tools\net\Microsoft.SourceLink.Common.dll".
       Tarefa "Microsoft.SourceLink.Common.GenerateSourceLinkFile"
         Assembly carregado durante TaskRun (Microsoft.SourceLink.Common.GenerateSourceLinkFile): Microsoft.SourceLink.Common.resources, Version=9.0.11.11701, Culture=pt-BR, PublicKeyToken=31bf3856ad364e35 (local: C:\Program Files\dotnet\sdk\9.0.304\Sdks\Microsoft.SourceLink.Common\tools\net\pt-BR\Microsoft.SourceLink.Common.resources.dll, MVID: 9df61739-31cd-472f-ac12-786277a64a1e, AssemblyLoadContext: MSBuild plugin C:\Program Files\dotnet\sdk\9.0.304\Sdks\Microsoft.SourceLink.Common\tools\net\Microsoft.SourceLink.Common.dll)
         Atualizando o arquivo de link de origem 'obj\Debug\net9.0-windows\win-x64\L2Updater_g4gic3ee_wpftmp.sourcelink.json'.
       Tarefa em execu├º├úo pronta "Microsoft.SourceLink.Common.GenerateSourceLinkFile".
     3>Destino de compila├º├úo pronto"_GenerateSourceLinkFile" no projeto "L2Updater_g4gic3ee_wpftmp.csproj".
     3>Destino "GenerateSourceLinkFile" no arquivo "C:\Program Files\dotnet\sdk\9.0.304\Sdks\Microsoft.SourceLink.Common\build\Microsoft.SourceLink.Common.targets" do projeto "D:\PROJETOS\LAUNCHER C#\launcher\L2Updater_g4gic3ee_wpftmp.csproj" (o destino "CoreCompile" depende dele):
     3>Destino de compila├º├úo pronto"GenerateSourceLinkFile" no projeto "L2Updater_g4gic3ee_wpftmp.csproj".
       Destino "GenerateAssemblyInfo" ignorado devido ├á condi├º├úo falsa; ('$(GenerateAssemblyInfo)' == 'true') foi avaliado como ('false' == 'true').
       Destino "GenerateGlobalUsings" ignorado devido ├á condi├º├úo falsa; (@(Using->Count()) != 0) foi avaliado como (0 != 0).
     3>Destino "AddGlobalAnalyzerConfigForPackage_MicrosoftCodeAnalysisNetAnalyzers" no arquivo "C:\Program Files\dotnet\sdk\9.0.304\Sdks\Microsoft.NET.Sdk\analyzers\build\Microsoft.CodeAnalysis.NetAnalyzers.targets" do projeto "D:\PROJETOS\LAUNCHER C#\launcher\L2Updater_g4gic3ee_wpftmp.csproj" (o destino "CoreCompile" depende dele):
     3>Destino de compila├º├úo pronto"AddGlobalAnalyzerConfigForPackage_MicrosoftCodeAnalysisNetAnalyzers" no projeto "L2Updater_g4gic3ee_wpftmp.csproj".
       Destino "AddGlobalAnalyzerConfigForPackage_MicrosoftCodeAnalysisNetAnalyzersDesign" ignorado devido ├á condi├º├úo falsa; ('$(SkipGlobalAnalyzerConfigForPackage)' != 'true' and ('$(AnalysisLevelDesign)' != '' or '$(AnalysisModeDesign)' != '')) foi avaliado como ('' != 'true' and ('' != '' or '' != '')).
       Destino "AddGlobalAnalyzerConfigForPackage_MicrosoftCodeAnalysisNetAnalyzersDocumentation" ignorado devido ├á condi├º├úo falsa; ('$(SkipGlobalAnalyzerConfigForPackage)' != 'true' and ('$(AnalysisLevelDocumentation)' != '' or '$(AnalysisModeDocumentation)' != '')) foi avaliado como ('' != 'true' and ('' != '' or '' != '')).
       Destino "AddGlobalAnalyzerConfigForPackage_MicrosoftCodeAnalysisNetAnalyzersGlobalization" ignorado devido ├á condi├º├úo falsa; ('$(SkipGlobalAnalyzerConfigForPackage)' != 'true' and ('$(AnalysisLevelGlobalization)' != '' or '$(AnalysisModeGlobalization)' != '')) foi avaliado como ('' != 'true' and ('' != '' or '' != '')).
       Destino "AddGlobalAnalyzerConfigForPackage_MicrosoftCodeAnalysisNetAnalyzersInteroperability" ignorado devido ├á condi├º├úo falsa; ('$(SkipGlobalAnalyzerConfigForPackage)' != 'true' and ('$(AnalysisLevelInteroperability)' != '' or '$(AnalysisModeInteroperability)' != '')) foi avaliado como ('' != 'true' and ('' != '' or '' != '')).
       Destino "AddGlobalAnalyzerConfigForPackage_MicrosoftCodeAnalysisNetAnalyzersMaintainability" ignorado devido ├á condi├º├úo falsa; ('$(SkipGlobalAnalyzerConfigForPackage)' != 'true' and ('$(AnalysisLevelMaintainability)' != '' or '$(AnalysisModeMaintainability)' != '')) foi avaliado como ('' != 'true' and ('' != '' or '' != '')).
       Destino "AddGlobalAnalyzerConfigForPackage_MicrosoftCodeAnalysisNetAnalyzersNaming" ignorado devido ├á condi├º├úo falsa; ('$(SkipGlobalAnalyzerConfigForPackage)' != 'true' and ('$(AnalysisLevelNaming)' != '' or '$(AnalysisModeNaming)' != '')) foi avaliado como ('' != 'true' and ('' != '' or '' != '')).
       Destino "AddGlobalAnalyzerConfigForPackage_MicrosoftCodeAnalysisNetAnalyzersPerformance" ignorado devido ├á condi├º├úo falsa; ('$(SkipGlobalAnalyzerConfigForPackage)' != 'true' and ('$(AnalysisLevelPerformance)' != '' or '$(AnalysisModePerformance)' != '')) foi avaliado como ('' != 'true' and ('' != '' or '' != '')).
       Destino "AddGlobalAnalyzerConfigForPackage_MicrosoftCodeAnalysisNetAnalyzersReliability" ignorado devido ├á condi├º├úo falsa; ('$(SkipGlobalAnalyzerConfigForPackage)' != 'true' and ('$(AnalysisLevelReliability)' != '' or '$(AnalysisModeReliability)' != '')) foi avaliado como ('' != 'true' and ('' != '' or '' != '')).
       Destino "AddGlobalAnalyzerConfigForPackage_MicrosoftCodeAnalysisNetAnalyzersSecurity" ignorado devido ├á condi├º├úo falsa; ('$(SkipGlobalAnalyzerConfigForPackage)' != 'true' and ('$(AnalysisLevelSecurity)' != '' or '$(AnalysisModeSecurity)' != '')) foi avaliado como ('' != 'true' and ('' != '' or '' != '')).
       Destino "AddGlobalAnalyzerConfigForPackage_MicrosoftCodeAnalysisNetAnalyzersUsage" ignorado devido ├á condi├º├úo falsa; ('$(SkipGlobalAnalyzerConfigForPackage)' != 'true' and ('$(AnalysisLevelUsage)' != '' or '$(AnalysisModeUsage)' != '')) foi avaliado como ('' != 'true' and ('' != '' or '' != '')).
       Destino "_CodeAnalysisTreatWarningsAsErrors" ignorado devido ├á condi├º├úo falsa; ('$(DesignTimeBuild)' == 'true' OR '$(BuildingProject)' != 'true') foi avaliado como ('' == 'true' OR 'true' != 'true').
       Destino "AddGlobalAnalyzerConfigForPackage_MicrosoftCodeAnalysisCSharpCodeStyle" ignorado. Compilado anteriormente com ├¬xito.
       Destino "CheckForDuplicateItems" ignorado. Compilado anteriormente com ├¬xito.
     3>Destino "CheckForDuplicatePageItems" no arquivo "C:\Program Files\dotnet\sdk\9.0.304\Sdks\Microsoft.NET.Sdk.WindowsDesktop\targets\Microsoft.NET.Sdk.WindowsDesktop.targets" do projeto "D:\PROJETOS\LAUNCHER C#\launcher\L2Updater_g4gic3ee_wpftmp.csproj" (o destino "CoreCompile" depende dele):
       Tarefa "CheckForDuplicateItems"
       Tarefa em execu├º├úo pronta "CheckForDuplicateItems".
     3>Destino de compila├º├úo pronto"CheckForDuplicatePageItems" no projeto "L2Updater_g4gic3ee_wpftmp.csproj".
     3>Destino "RemoveDuplicateAnalyzers" no arquivo "C:\Program Files\dotnet\sdk\9.0.304\Sdks\Microsoft.NET.Sdk.WindowsDesktop\targets\Microsoft.WinFX.targets" do projeto "D:\PROJETOS\LAUNCHER C#\launcher\L2Updater_g4gic3ee_wpftmp.csproj" (o destino "CoreCompile" depende dele):
     3>Destino de compila├º├úo pronto"RemoveDuplicateAnalyzers" no projeto "L2Updater_g4gic3ee_wpftmp.csproj".
     3>Destino "CoreCompile" no arquivo "C:\Program Files\dotnet\sdk\9.0.304\Roslyn\Microsoft.CSharp.Core.targets" do projeto "D:\PROJETOS\LAUNCHER C#\launcher\L2Updater_g4gic3ee_wpftmp.csproj" (o destino "_CompileTemporaryAssembly" depende dele):
       Compila├º├úo de destino "CoreCompile" conclu├¡da.
       O arquivo de sa├¡da "obj\Debug\net9.0-windows\win-x64\L2Updater.dll" n├úo existe.
       C:\Program Files\dotnet\sdk\9.0.304\Roslyn\Microsoft.CSharp.Core.targets(66,7): message : Reatribui├º├úo de propriedade: $(NoWarn)="1701;1702;1701;1702" (valor anterior: "1701;1702") em C:\Program Files\dotnet\sdk\9.0.304\Roslyn\Microsoft.CSharp.Core.targets (66,7) [D:\PROJETOS\LAUNCHER C#\launcher\L2Updater_g4gic3ee_wpftmp.csproj]
       Usando a tarefa "Csc" do assembly "C:\Program Files\dotnet\sdk\9.0.304\Roslyn\Microsoft.Build.Tasks.CodeAnalysis.dll".
       Tarefa "Csc"
         C:\Program Files\dotnet\dotnet.exe exec "C:\Program Files\dotnet\sdk\9.0.304\Roslyn\bincore\csc.dll" /noconfig /unsafe- /checked- /nowarn:1701,1702,1701,1702 /fullpaths /nostdlib+ /platform:x64 /errorreport:prompt /warn:9 /define:TRACE;DEBUG;NET;NET9_0;NETCOREAPP;WINDOWS;WINDOWS7_0;NET5_0_OR_GREATER;NET6_0_OR_GREATER;NET7_0_OR_GREATER;NET8_0_OR_GREATER;NET9_0_OR_GREATER;NETCOREAPP3_0_OR_GREATER;NETCOREAPP3_1_OR_GREATER;WINDOWS7_0_OR_GREATER /highentropyva+ /nullable:enable /reference:"C:\Program Files\dotnet\packs\Microsoft.WindowsDesktop.App.Ref\9.0.8\ref\net9.0\Accessibility.dll" /reference:C:\Users\danie\.nuget\packages\communitytoolkit.mvvm\8.2.2\lib\net6.0\CommunityToolkit.Mvvm.dll /reference:"C:\Program Files\dotnet\packs\Microsoft.NETCore.App.Ref\9.0.8\ref\net9.0\Microsoft.CSharp.dll" /reference:C:\Users\danie\.nuget\packages\microsoft.extensions.configuration.abstractions\9.0.0\lib\net9.0\Microsoft.Extensions.Configuration.Abstractions.dll /reference:C:\Users\danie\.nuget\packages\microsoft.extensions.configuration.binder\9.0.0\lib\net9.0\Microsoft.Extensions.Configuration.Binder.dll /reference:C:\Users\danie\.nuget\packages\microsoft.extensions.configuration\9.0.0\lib\net9.0\Microsoft.Extensions.Configuration.dll /reference:C:\Users\danie\.nuget\packages\microsoft.extensions.configuration.fileextensions\9.0.0\lib\net9.0\Microsoft.Extensions.Configuration.FileExtensions.dll /reference:C:\Users\danie\.nuget\packages\microsoft.extensions.configuration.json\9.0.0\lib\net9.0\Microsoft.Extensions.Configuration.Json.dll /reference:C:\Users\danie\.nuget\packages\microsoft.extensions.dependencyinjection.abstractions\9.0.0\lib\net9.0\Microsoft.Extensions.DependencyInjection.Abstractions.dll /reference:C:\Users\danie\.nuget\packages\microsoft.extensions.dependencyinjection\9.0.0\lib\net9.0\Microsoft.Extensions.DependencyInjection.dll /reference:C:\Users\danie\.nuget\packages\microsoft.extensions.diagnostics.abstractions\9.0.0\lib\net9.0\Microsoft.Extensions.Diagnostics.Abstractions.dll /reference:C:\Users\danie\.nuget\packages\microsoft.extensions.diagnostics\9.0.0\lib\net9.0\Microsoft.Extensions.Diagnostics.dll /reference:C:\Users\danie\.nuget\packages\microsoft.extensions.fileproviders.abstractions\9.0.0\lib\net9.0\Microsoft.Extensions.FileProviders.Abstractions.dll /reference:C:\Users\danie\.nuget\packages\microsoft.extensions.fileproviders.physical\9.0.0\lib\net9.0\Microsoft.Extensions.FileProviders.Physical.dll /reference:C:\Users\danie\.nuget\packages\microsoft.extensions.filesystemglobbing\9.0.0\lib\net9.0\Microsoft.Extensions.FileSystemGlobbing.dll /reference:C:\Users\danie\.nuget\packages\microsoft.extensions.http\9.0.0\lib\net9.0\Microsoft.Extensions.Http.dll /reference:C:\Users\danie\.nuget\packages\microsoft.extensions.logging.abstractions\9.0.0\lib\net9.0\Microsoft.Extensions.Logging.Abstractions.dll /reference:C:\Users\danie\.nuget\packages\microsoft.extensions.logging.configuration\9.0.0\lib\net9.0\Microsoft.Extensions.Logging.Configuration.dll /reference:C:\Users\danie\.nuget\packages\microsoft.extensions.logging.console\9.0.0\lib\net9.0\Microsoft.Extensions.Logging.Console.dll /reference:C:\Users\danie\.nuget\packages\microsoft.extensions.logging\9.0.0\lib\net9.0\Microsoft.Extensions.Logging.dll /reference:C:\Users\danie\.nuget\packages\microsoft.extensions.options.configurationextensions\9.0.0\lib\net9.0\Microsoft.Extensions.Options.ConfigurationExtensions.dll /reference:C:\Users\danie\.nuget\packages\microsoft.extensions.options\9.0.0\lib\net9.0\Microsoft.Extensions.Options.dll /reference:C:\Users\danie\.nuget\packages\microsoft.extensions.primitives\9.0.0\lib\net9.0\Microsoft.Extensions.Primitives.dll /reference:"C:\Program Files\dotnet\packs\Microsoft.NETCore.App.Ref\9.0.8\ref\net9.0\Microsoft.VisualBasic.Core.dll" /reference:"C:\Program Files\dotnet\packs\Microsoft.WindowsDesktop.App.Ref\9.0.8\ref\net9.0\Microsoft.VisualBasic.dll" /reference:"C:\Program Files\dotnet\packs\Microsoft.WindowsDesktop.App.Ref\9.0.8\ref\net9.0\Microsoft.VisualBasic.Forms.dll" /reference:"C:\Program Files\dotnet\packs\Microsoft.NETCore.App.Ref\9.0.8\ref\net9.0\Microsoft.Win32.Primitives.dll" /reference:"C:\Program Files\dotnet\packs\Microsoft.WindowsDesktop.App.Ref\9.0.8\ref\net9.0\Microsoft.Win32.Registry.AccessControl.dll" /reference:"C:\Program Files\dotnet\packs\Microsoft.NETCore.App.Ref\9.0.8\ref\net9.0\Microsoft.Win32.Registry.dll" /reference:"C:\Program Files\dotnet\packs\Microsoft.WindowsDesktop.App.Ref\9.0.8\ref\net9.0\Microsoft.Win32.SystemEvents.dll" /reference:"C:\Program Files\dotnet\packs\Microsoft.NETCore.App.Ref\9.0.8\ref\net9.0\mscorlib.dll" /reference:"C:\Program Files\dotnet\packs\Microsoft.NETCore.App.Ref\9.0.8\ref\net9.0\netstandard.dll" /reference:C:\Users\danie\.nuget\packages\newtonsoft.json\13.0.3\lib\net6.0\Newtonsoft.Json.dll /reference:"C:\Program Files\dotnet\packs\Microsoft.WindowsDesktop.App.Ref\9.0.8\ref\net9.0\PresentationCore.dll" /reference:"C:\Program Files\dotnet\packs\Microsoft.WindowsDesktop.App.Ref\9.0.8\ref\net9.0\PresentationFramework.Aero.dll" /reference:"C:\Program Files\dotnet\packs\Microsoft.WindowsDesktop.App.Ref\9.0.8\ref\net9.0\PresentationFramework.Aero2.dll" /reference:"C:\Program Files\dotnet\packs\Microsoft.WindowsDesktop.App.Ref\9.0.8\ref\net9.0\PresentationFramework.AeroLite.dll" /reference:"C:\Program Files\dotnet\packs\Microsoft.WindowsDesktop.App.Ref\9.0.8\ref\net9.0\PresentationFramework.Classic.dll" /reference:"C:\Program Files\dotnet\packs\Microsoft.WindowsDesktop.App.Ref\9.0.8\ref\net9.0\PresentationFramework.dll" /reference:"C:\Program Files\dotnet\packs\Microsoft.WindowsDesktop.App.Ref\9.0.8\ref\net9.0\PresentationFramework.Luna.dll" /reference:"C:\Program Files\dotnet\packs\Microsoft.WindowsDesktop.App.Ref\9.0.8\ref\net9.0\PresentationFramework.Royale.dll" /reference:"C:\Program Files\dotnet\packs\Microsoft.WindowsDesktop.App.Ref\9.0.8\ref\net9.0\PresentationUI.dll" /reference:"C:\Program Files\dotnet\packs\Microsoft.WindowsDesktop.App.Ref\9.0.8\ref\net9.0\ReachFramework.dll" /reference:C:\Users\danie\.nuget\packages\serilog\4.0.0\lib\net8.0\Serilog.dll /reference:C:\Users\danie\.nuget\packages\serilog.extensions.logging\8.0.0\lib\net8.0\Serilog.Extensions.Logging.dll /reference:C:\Users\danie\.nuget\packages\serilog.sinks.console\6.0.0\lib\net8.0\Serilog.Sinks.Console.dll /reference:C:\Users\danie\.nuget\packages\serilog.sinks.file\6.0.0\lib\net8.0\Serilog.Sinks.File.dll /reference:"C:\Program Files\dotnet\packs\Microsoft.NETCore.App.Ref\9.0.8\ref\net9.0\System.AppContext.dll" /reference:"C:\Program Files\dotnet\packs\Microsoft.NETCore.App.Ref\9.0.8\ref\net9.0\System.Buffers.dll" /reference:"C:\Program Files\dotnet\packs\Microsoft.WindowsDesktop.App.Ref\9.0.8\ref\net9.0\System.CodeDom.dll" /reference:"C:\Program Files\dotnet\packs\Microsoft.NETCore.App.Ref\9.0.8\ref\net9.0\System.Collections.Concurrent.dll" /reference:"C:\Program Files\dotnet\packs\Microsoft.NETCore.App.Ref\9.0.8\ref\net9.0\System.Collections.dll" /reference:"C:\Program Files\dotnet\packs\Microsoft.NETCore.App.Ref\9.0.8\ref\net9.0\System.Collections.Immutable.dll" /reference:"C:\Program Files\dotnet\packs\Microsoft.NETCore.App.Ref\9.0.8\ref\net9.0\System.Collections.NonGeneric.dll" /reference:"C:\Program Files\dotnet\packs\Microsoft.NETCore.App.Ref\9.0.8\ref\net9.0\System.Collections.Specialized.dll" /reference:"C:\Program Files\dotnet\packs\Microsoft.NETCore.App.Ref\9.0.8\ref\net9.0\System.ComponentModel.Annotations.dll" /reference:"C:\Program Files\dotnet\packs\Microsoft.NETCore.App.Ref\9.0.8\ref\net9.0\System.ComponentModel.DataAnnotations.dll" /reference:"C:\Program Files\dotnet\packs\Microsoft.NETCore.App.Ref\9.0.8\ref\net9.0\System.ComponentModel.dll" /reference:"C:\Program Files\dotnet\packs\Microsoft.NETCore.App.Ref\9.0.8\ref\net9.0\System.ComponentModel.EventBasedAsync.dll" /reference:"C:\Program Files\dotnet\packs\Microsoft.NETCore.App.Ref\9.0.8\ref\net9.0\System.ComponentModel.Primitives.dll" /reference:"C:\Program Files\dotnet\packs\Microsoft.NETCore.App.Ref\9.0.8\ref\net9.0\System.ComponentModel.TypeConverter.dll" /reference:"C:\Program Files\dotnet\packs\Microsoft.WindowsDesktop.App.Ref\9.0.8\ref\net9.0\System.Configuration.ConfigurationManager.dll" /reference:"C:\Program Files\dotnet\packs\Microsoft.NETCore.App.Ref\9.0.8\ref\net9.0\System.Configuration.dll" /reference:"C:\Program Files\dotnet\packs\Microsoft.NETCore.App.Ref\9.0.8\ref\net9.0\System.Console.dll" /reference:"C:\Program Files\dotnet\packs\Microsoft.NETCore.App.Ref\9.0.8\ref\net9.0\System.Core.dll" /reference:"C:\Program Files\dotnet\packs\Microsoft.NETCore.App.Ref\9.0.8\ref\net9.0\System.Data.Common.dll" /reference:"C:\Program Files\dotnet\packs\Microsoft.NETCore.App.Ref\9.0.8\ref\net9.0\System.Data.DataSetExtensions.dll" /reference:"C:\Program Files\dotnet\packs\Microsoft.NETCore.App.Ref\9.0.8\ref\net9.0\System.Data.dll" /reference:"C:\Program Files\dotnet\packs\Microsoft.WindowsDesktop.App.Ref\9.0.8\ref\net9.0\System.Design.dll" /reference:"C:\Program Files\dotnet\packs\Microsoft.NETCore.App.Ref\9.0.8\ref\net9.0\System.Diagnostics.Contracts.dll" /reference:"C:\Program Files\dotnet\packs\Microsoft.NETCore.App.Ref\9.0.8\ref\net9.0\System.Diagnostics.Debug.dll" /reference:"C:\Program Files\dotnet\packs\Microsoft.NETCore.App.Ref\9.0.8\ref\net9.0\System.Diagnostics.DiagnosticSource.dll" /reference:"C:\Program Files\dotnet\packs\Microsoft.WindowsDesktop.App.Ref\9.0.8\ref\net9.0\System.Diagnostics.EventLog.dll" /reference:"C:\Program Files\dotnet\packs\Microsoft.NETCore.App.Ref\9.0.8\ref\net9.0\System.Diagnostics.FileVersionInfo.dll" /reference:"C:\Program Files\dotnet\packs\Microsoft.WindowsDesktop.App.Ref\9.0.8\ref\net9.0\System.Diagnostics.PerformanceCounter.dll" /reference:"C:\Program Files\dotnet\packs\Microsoft.NETCore.App.Ref\9.0.8\ref\net9.0\System.Diagnostics.Process.dll" /reference:"C:\Program Files\dotnet\packs\Microsoft.NETCore.App.Ref\9.0.8\ref\net9.0\System.Diagnostics.StackTrace.dll" /reference:"C:\Program Files\dotnet\packs\Microsoft.NETCore.App.Ref\9.0.8\ref\net9.0\System.Diagnostics.TextWriterTraceListener.dll" /reference:"C:\Program Files\dotnet\packs\Microsoft.NETCore.App.Ref\9.0.8\ref\net9.0\System.Diagnostics.Tools.dll" /reference:"C:\Program Files\dotnet\packs\Microsoft.NETCore.App.Ref\9.0.8\ref\net9.0\System.Diagnostics.TraceSource.dll" /reference:"C:\Program Files\dotnet\packs\Microsoft.NETCore.App.Ref\9.0.8\ref\net9.0\System.Diagnostics.Tracing.dll" /reference:"C:\Program Files\dotnet\packs\Microsoft.WindowsDesktop.App.Ref\9.0.8\ref\net9.0\System.DirectoryServices.dll" /reference:"C:\Program Files\dotnet\packs\Microsoft.NETCore.App.Ref\9.0.8\ref\net9.0\System.dll" /reference:"C:\Program Files\dotnet\packs\Microsoft.WindowsDesktop.App.Ref\9.0.8\ref\net9.0\System.Drawing.Common.dll" /reference:"C:\Program Files\dotnet\packs\Microsoft.WindowsDesktop.App.Ref\9.0.8\ref\net9.0\System.Drawing.Design.dll" /reference:"C:\Program Files\dotnet\packs\Microsoft.WindowsDesktop.App.Ref\9.0.8\ref\net9.0\System.Drawing.dll" /reference:"C:\Program Files\dotnet\packs\Microsoft.NETCore.App.Ref\9.0.8\ref\net9.0\System.Drawing.Primitives.dll" /reference:"C:\Program Files\dotnet\packs\Microsoft.NETCore.App.Ref\9.0.8\ref\net9.0\System.Dynamic.Runtime.dll" /reference:"C:\Program Files\dotnet\packs\Microsoft.NETCore.App.Ref\9.0.8\ref\net9.0\System.Formats.Asn1.dll" /reference:"C:\Program Files\dotnet\packs\Microsoft.WindowsDesktop.App.Ref\9.0.8\ref\net9.0\System.Formats.Nrbf.dll" /reference:"C:\Program Files\dotnet\packs\Microsoft.NETCore.App.Ref\9.0.8\ref\net9.0\System.Formats.Tar.dll" /reference:"C:\Program Files\dotnet\packs\Microsoft.NETCore.App.Ref\9.0.8\ref\net9.0\System.Globalization.Calendars.dll" /reference:"C:\Program Files\dotnet\packs\Microsoft.NETCore.App.Ref\9.0.8\ref\net9.0\System.Globalization.dll" /reference:"C:\Program Files\dotnet\packs\Microsoft.NETCore.App.Ref\9.0.8\ref\net9.0\System.Globalization.Extensions.dll" /reference:"C:\Program Files\dotnet\packs\Microsoft.NETCore.App.Ref\9.0.8\ref\net9.0\System.IO.Compression.Brotli.dll" /reference:"C:\Program Files\dotnet\packs\Microsoft.NETCore.App.Ref\9.0.8\ref\net9.0\System.IO.Compression.dll" /reference:"C:\Program Files\dotnet\packs\Microsoft.NETCore.App.Ref\9.0.8\ref\net9.0\System.IO.Compression.FileSystem.dll" /reference:"C:\Program Files\dotnet\packs\Microsoft.NETCore.App.Ref\9.0.8\ref\net9.0\System.IO.Compression.ZipFile.dll" /reference:"C:\Program Files\dotnet\packs\Microsoft.NETCore.App.Ref\9.0.8\ref\net9.0\System.IO.dll" /reference:"C:\Program Files\dotnet\packs\Microsoft.NETCore.App.Ref\9.0.8\ref\net9.0\System.IO.FileSystem.AccessControl.dll" /reference:"C:\Program Files\dotnet\packs\Microsoft.NETCore.App.Ref\9.0.8\ref\net9.0\System.IO.FileSystem.dll" /reference:"C:\Program Files\dotnet\packs\Microsoft.NETCore.App.Ref\9.0.8\ref\net9.0\System.IO.FileSystem.DriveInfo.dll" /reference:"C:\Program Files\dotnet\packs\Microsoft.NETCore.App.Ref\9.0.8\ref\net9.0\System.IO.FileSystem.Primitives.dll" /reference:"C:\Program Files\dotnet\packs\Microsoft.NETCore.App.Ref\9.0.8\ref\net9.0\System.IO.FileSystem.Watcher.dll" /reference:"C:\Program Files\dotnet\packs\Microsoft.NETCore.App.Ref\9.0.8\ref\net9.0\System.IO.IsolatedStorage.dll" /reference:"C:\Program Files\dotnet\packs\Microsoft.NETCore.App.Ref\9.0.8\ref\net9.0\System.IO.MemoryMappedFiles.dll" /reference:"C:\Program Files\dotnet\packs\Microsoft.WindowsDesktop.App.Ref\9.0.8\ref\net9.0\System.IO.Packaging.dll" /reference:"C:\Program Files\dotnet\packs\Microsoft.NETCore.App.Ref\9.0.8\ref\net9.0\System.IO.Pipelines.dll" /reference:"C:\Program Files\dotnet\packs\Microsoft.NETCore.App.Ref\9.0.8\ref\net9.0\System.IO.Pipes.AccessControl.dll" /reference:"C:\Program Files\dotnet\packs\Microsoft.NETCore.App.Ref\9.0.8\ref\net9.0\System.IO.Pipes.dll" /reference:"C:\Program Files\dotnet\packs\Microsoft.NETCore.App.Ref\9.0.8\ref\net9.0\System.IO.UnmanagedMemoryStream.dll" /reference:"C:\Program Files\dotnet\packs\Microsoft.NETCore.App.Ref\9.0.8\ref\net9.0\System.Linq.dll" /reference:"C:\Program Files\dotnet\packs\Microsoft.NETCore.App.Ref\9.0.8\ref\net9.0\System.Linq.Expressions.dll" /reference:"C:\Program Files\dotnet\packs\Microsoft.NETCore.App.Ref\9.0.8\ref\net9.0\System.Linq.Parallel.dll" /reference:"C:\Program Files\dotnet\packs\Microsoft.NETCore.App.Ref\9.0.8\ref\net9.0\System.Linq.Queryable.dll" /reference:"C:\Program Files\dotnet\packs\Microsoft.NETCore.App.Ref\9.0.8\ref\net9.0\System.Memory.dll" /reference:"C:\Program Files\dotnet\packs\Microsoft.NETCore.App.Ref\9.0.8\ref\net9.0\System.Net.dll" /reference:"C:\Program Files\dotnet\packs\Microsoft.NETCore.App.Ref\9.0.8\ref\net9.0\System.Net.Http.dll" /reference:"C:\Program Files\dotnet\packs\Microsoft.NETCore.App.Ref\9.0.8\ref\net9.0\System.Net.Http.Json.dll" /reference:"C:\Program Files\dotnet\packs\Microsoft.NETCore.App.Ref\9.0.8\ref\net9.0\System.Net.HttpListener.dll" /reference:"C:\Program Files\dotnet\packs\Microsoft.NETCore.App.Ref\9.0.8\ref\net9.0\System.Net.Mail.dll" /reference:"C:\Program Files\dotnet\packs\Microsoft.NETCore.App.Ref\9.0.8\ref\net9.0\System.Net.NameResolution.dll" /reference:"C:\Program Files\dotnet\packs\Microsoft.NETCore.App.Ref\9.0.8\ref\net9.0\System.Net.NetworkInformation.dll" /reference:"C:\Program Files\dotnet\packs\Microsoft.NETCore.App.Ref\9.0.8\ref\net9.0\System.Net.Ping.dll" /reference:"C:\Program Files\dotnet\packs\Microsoft.NETCore.App.Ref\9.0.8\ref\net9.0\System.Net.Primitives.dll" /reference:"C:\Program Files\dotnet\packs\Microsoft.NETCore.App.Ref\9.0.8\ref\net9.0\System.Net.Quic.dll" /reference:"C:\Program Files\dotnet\packs\Microsoft.NETCore.App.Ref\9.0.8\ref\net9.0\System.Net.Requests.dll" /reference:"C:\Program Files\dotnet\packs\Microsoft.NETCore.App.Ref\9.0.8\ref\net9.0\System.Net.Security.dll" /reference:"C:\Program Files\dotnet\packs\Microsoft.NETCore.App.Ref\9.0.8\ref\net9.0\System.Net.ServicePoint.dll" /reference:"C:\Program Files\dotnet\packs\Microsoft.NETCore.App.Ref\9.0.8\ref\net9.0\System.Net.Sockets.dll" /reference:"C:\Program Files\dotnet\packs\Microsoft.NETCore.App.Ref\9.0.8\ref\net9.0\System.Net.WebClient.dll" /reference:"C:\Program Files\dotnet\packs\Microsoft.NETCore.App.Ref\9.0.8\ref\net9.0\System.Net.WebHeaderCollection.dll" /reference:"C:\Program Files\dotnet\packs\Microsoft.NETCore.App.Ref\9.0.8\ref\net9.0\System.Net.WebProxy.dll" /reference:"C:\Program Files\dotnet\packs\Microsoft.NETCore.App.Ref\9.0.8\ref\net9.0\System.Net.WebSockets.Client.dll" /reference:"C:\Program Files\dotnet\packs\Microsoft.NETCore.App.Ref\9.0.8\ref\net9.0\System.Net.WebSockets.dll" /reference:"C:\Program Files\dotnet\packs\Microsoft.NETCore.App.Ref\9.0.8\ref\net9.0\System.Numerics.dll" /reference:"C:\Program Files\dotnet\packs\Microsoft.NETCore.App.Ref\9.0.8\ref\net9.0\System.Numerics.Vectors.dll" /reference:"C:\Program Files\dotnet\packs\Microsoft.NETCore.App.Ref\9.0.8\ref\net9.0\System.ObjectModel.dll" /reference:"C:\Program Files\dotnet\packs\Microsoft.WindowsDesktop.App.Ref\9.0.8\ref\net9.0\System.Printing.dll" /reference:"C:\Program Files\dotnet\packs\Microsoft.WindowsDesktop.App.Ref\9.0.8\ref\net9.0\System.Private.Windows.Core.dll" /reference:"C:\Program Files\dotnet\packs\Microsoft.NETCore.App.Ref\9.0.8\ref\net9.0\System.Reflection.DispatchProxy.dll" /reference:"C:\Program Files\dotnet\packs\Microsoft.NETCore.App.Ref\9.0.8\ref\net9.0\System.Reflection.dll" /reference:"C:\Program Files\dotnet\packs\Microsoft.NETCore.App.Ref\9.0.8\ref\net9.0\System.Reflection.Emit.dll" /reference:"C:\Program Files\dotnet\packs\Microsoft.NETCore.App.Ref\9.0.8\ref\net9.0\System.Reflection.Emit.ILGeneration.dll" /reference:"C:\Program Files\dotnet\packs\Microsoft.NETCore.App.Ref\9.0.8\ref\net9.0\System.Reflection.Emit.Lightweight.dll" /reference:"C:\Program Files\dotnet\packs\Microsoft.NETCore.App.Ref\9.0.8\ref\net9.0\System.Reflection.Extensions.dll" /reference:"C:\Program Files\dotnet\packs\Microsoft.NETCore.App.Ref\9.0.8\ref\net9.0\System.Reflection.Metadata.dll" /reference:"C:\Program Files\dotnet\packs\Microsoft.NETCore.App.Ref\9.0.8\ref\net9.0\System.Reflection.Primitives.dll" /reference:"C:\Program Files\dotnet\packs\Microsoft.NETCore.App.Ref\9.0.8\ref\net9.0\System.Reflection.TypeExtensions.dll" /reference:"C:\Program Files\dotnet\packs\Microsoft.WindowsDesktop.App.Ref\9.0.8\ref\net9.0\System.Resources.Extensions.dll" /reference:"C:\Program Files\dotnet\packs\Microsoft.NETCore.App.Ref\9.0.8\ref\net9.0\System.Resources.Reader.dll" /reference:"C:\Program Files\dotnet\packs\Microsoft.NETCore.App.Ref\9.0.8\ref\net9.0\System.Resources.ResourceManager.dll" /reference:"C:\Program Files\dotnet\packs\Microsoft.NETCore.App.Ref\9.0.8\ref\net9.0\System.Resources.Writer.dll" /reference:"C:\Program Files\dotnet\packs\Microsoft.NETCore.App.Ref\9.0.8\ref\net9.0\System.Runtime.CompilerServices.Unsafe.dll" /reference:"C:\Program Files\dotnet\packs\Microsoft.NETCore.App.Ref\9.0.8\ref\net9.0\System.Runtime.CompilerServices.VisualC.dll" /reference:"C:\Program Files\dotnet\packs\Microsoft.NETCore.App.Ref\9.0.8\ref\net9.0\System.Runtime.dll" /reference:"C:\Program Files\dotnet\packs\Microsoft.NETCore.App.Ref\9.0.8\ref\net9.0\System.Runtime.Extensions.dll" /reference:"C:\Program Files\dotnet\packs\Microsoft.NETCore.App.Ref\9.0.8\ref\net9.0\System.Runtime.Handles.dll" /reference:"C:\Program Files\dotnet\packs\Microsoft.NETCore.App.Ref\9.0.8\ref\net9.0\System.Runtime.InteropServices.dll" /reference:"C:\Program Files\dotnet\packs\Microsoft.NETCore.App.Ref\9.0.8\ref\net9.0\System.Runtime.InteropServices.JavaScript.dll" /reference:"C:\Program Files\dotnet\packs\Microsoft.NETCore.App.Ref\9.0.8\ref\net9.0\System.Runtime.InteropServices.RuntimeInformation.dll" /reference:"C:\Program Files\dotnet\packs\Microsoft.NETCore.App.Ref\9.0.8\ref\net9.0\System.Runtime.Intrinsics.dll" /reference:"C:\Program Files\dotnet\packs\Microsoft.NETCore.App.Ref\9.0.8\ref\net9.0\System.Runtime.Loader.dll" /reference:"C:\Program Files\dotnet\packs\Microsoft.NETCore.App.Ref\9.0.8\ref\net9.0\System.Runtime.Numerics.dll" /reference:"C:\Program Files\dotnet\packs\Microsoft.NETCore.App.Ref\9.0.8\ref\net9.0\System.Runtime.Serialization.dll" /reference:"C:\Program Files\dotnet\packs\Microsoft.NETCore.App.Ref\9.0.8\ref\net9.0\System.Runtime.Serialization.Formatters.dll" /reference:"C:\Program Files\dotnet\packs\Microsoft.NETCore.App.Ref\9.0.8\ref\net9.0\System.Runtime.Serialization.Json.dll" /reference:"C:\Program Files\dotnet\packs\Microsoft.NETCore.App.Ref\9.0.8\ref\net9.0\System.Runtime.Serialization.Primitives.dll" /reference:"C:\Program Files\dotnet\packs\Microsoft.NETCore.App.Ref\9.0.8\ref\net9.0\System.Runtime.Serialization.Xml.dll" /reference:"C:\Program Files\dotnet\packs\Microsoft.NETCore.App.Ref\9.0.8\ref\net9.0\System.Security.AccessControl.dll" /reference:"C:\Program Files\dotnet\packs\Microsoft.NETCore.App.Ref\9.0.8\ref\net9.0\System.Security.Claims.dll" /reference:"C:\Program Files\dotnet\packs\Microsoft.NETCore.App.Ref\9.0.8\ref\net9.0\System.Security.Cryptography.Algorithms.dll" /reference:"C:\Program Files\dotnet\packs\Microsoft.NETCore.App.Ref\9.0.8\ref\net9.0\System.Security.Cryptography.Cng.dll" /reference:"C:\Program Files\dotnet\packs\Microsoft.NETCore.App.Ref\9.0.8\ref\net9.0\System.Security.Cryptography.Csp.dll" /reference:"C:\Program Files\dotnet\packs\Microsoft.NETCore.App.Ref\9.0.8\ref\net9.0\System.Security.Cryptography.dll" /reference:"C:\Program Files\dotnet\packs\Microsoft.NETCore.App.Ref\9.0.8\ref\net9.0\System.Security.Cryptography.Encoding.dll" /reference:"C:\Program Files\dotnet\packs\Microsoft.NETCore.App.Ref\9.0.8\ref\net9.0\System.Security.Cryptography.OpenSsl.dll" /reference:"C:\Program Files\dotnet\packs\Microsoft.WindowsDesktop.App.Ref\9.0.8\ref\net9.0\System.Security.Cryptography.Pkcs.dll" /reference:"C:\Program Files\dotnet\packs\Microsoft.NETCore.App.Ref\9.0.8\ref\net9.0\System.Security.Cryptography.Primitives.dll" /reference:"C:\Program Files\dotnet\packs\Microsoft.WindowsDesktop.App.Ref\9.0.8\ref\net9.0\System.Security.Cryptography.ProtectedData.dll" /reference:"C:\Program Files\dotnet\packs\Microsoft.NETCore.App.Ref\9.0.8\ref\net9.0\System.Security.Cryptography.X509Certificates.dll" /reference:"C:\Program Files\dotnet\packs\Microsoft.WindowsDesktop.App.Ref\9.0.8\ref\net9.0\System.Security.Cryptography.Xml.dll" /reference:"C:\Program Files\dotnet\packs\Microsoft.NETCore.App.Ref\9.0.8\ref\net9.0\System.Security.dll" /reference:"C:\Program Files\dotnet\packs\Microsoft.WindowsDesktop.App.Ref\9.0.8\ref\net9.0\System.Security.Permissions.dll" /reference:"C:\Program Files\dotnet\packs\Microsoft.NETCore.App.Ref\9.0.8\ref\net9.0\System.Security.Principal.dll" /reference:"C:\Program Files\dotnet\packs\Microsoft.NETCore.App.Ref\9.0.8\ref\net9.0\System.Security.Principal.Windows.dll" /reference:"C:\Program Files\dotnet\packs\Microsoft.NETCore.App.Ref\9.0.8\ref\net9.0\System.Security.SecureString.dll" /reference:"C:\Program Files\dotnet\packs\Microsoft.NETCore.App.Ref\9.0.8\ref\net9.0\System.ServiceModel.Web.dll" /reference:"C:\Program Files\dotnet\packs\Microsoft.NETCore.App.Ref\9.0.8\ref\net9.0\System.ServiceProcess.dll" /reference:"C:\Program Files\dotnet\packs\Microsoft.NETCore.App.Ref\9.0.8\ref\net9.0\System.Text.Encoding.CodePages.dll" /reference:"C:\Program Files\dotnet\packs\Microsoft.NETCore.App.Ref\9.0.8\ref\net9.0\System.Text.Encoding.dll" /reference:"C:\Program Files\dotnet\packs\Microsoft.NETCore.App.Ref\9.0.8\ref\net9.0\System.Text.Encoding.Extensions.dll" /reference:"C:\Program Files\dotnet\packs\Microsoft.NETCore.App.Ref\9.0.8\ref\net9.0\System.Text.Encodings.Web.dll" /reference:"C:\Program Files\dotnet\packs\Microsoft.NETCore.App.Ref\9.0.8\ref\net9.0\System.Text.Json.dll" /reference:"C:\Program Files\dotnet\packs\Microsoft.NETCore.App.Ref\9.0.8\ref\net9.0\System.Text.RegularExpressions.dll" /reference:"C:\Program Files\dotnet\packs\Microsoft.WindowsDesktop.App.Ref\9.0.8\ref\net9.0\System.Threading.AccessControl.dll" /reference:"C:\Program Files\dotnet\packs\Microsoft.NETCore.App.Ref\9.0.8\ref\net9.0\System.Threading.Channels.dll" /reference:"C:\Program Files\dotnet\packs\Microsoft.NETCore.App.Ref\9.0.8\ref\net9.0\System.Threading.dll" /reference:"C:\Program Files\dotnet\packs\Microsoft.NETCore.App.Ref\9.0.8\ref\net9.0\System.Threading.Overlapped.dll" /reference:"C:\Program Files\dotnet\packs\Microsoft.NETCore.App.Ref\9.0.8\ref\net9.0\System.Threading.Tasks.Dataflow.dll" /reference:"C:\Program Files\dotnet\packs\Microsoft.NETCore.App.Ref\9.0.8\ref\net9.0\System.Threading.Tasks.dll" /reference:"C:\Program Files\dotnet\packs\Microsoft.NETCore.App.Ref\9.0.8\ref\net9.0\System.Threading.Tasks.Extensions.dll" /reference:"C:\Program Files\dotnet\packs\Microsoft.NETCore.App.Ref\9.0.8\ref\net9.0\System.Threading.Tasks.Parallel.dll" /reference:"C:\Program Files\dotnet\packs\Microsoft.NETCore.App.Ref\9.0.8\ref\net9.0\System.Threading.Thread.dll" /reference:"C:\Program Files\dotnet\packs\Microsoft.NETCore.App.Ref\9.0.8\ref\net9.0\System.Threading.ThreadPool.dll" /reference:"C:\Program Files\dotnet\packs\Microsoft.NETCore.App.Ref\9.0.8\ref\net9.0\System.Threading.Timer.dll" /reference:"C:\Program Files\dotnet\packs\Microsoft.NETCore.App.Ref\9.0.8\ref\net9.0\System.Transactions.dll" /reference:"C:\Program Files\dotnet\packs\Microsoft.NETCore.App.Ref\9.0.8\ref\net9.0\System.Transactions.Local.dll" /reference:"C:\Program Files\dotnet\packs\Microsoft.NETCore.App.Ref\9.0.8\ref\net9.0\System.ValueTuple.dll" /reference:"C:\Program Files\dotnet\packs\Microsoft.NETCore.App.Ref\9.0.8\ref\net9.0\System.Web.dll" /reference:"C:\Program Files\dotnet\packs\Microsoft.NETCore.App.Ref\9.0.8\ref\net9.0\System.Web.HttpUtility.dll" /reference:"C:\Program Files\dotnet\packs\Microsoft.WindowsDesktop.App.Ref\9.0.8\ref\net9.0\System.Windows.Controls.Ribbon.dll" /reference:"C:\Program Files\dotnet\packs\Microsoft.NETCore.App.Ref\9.0.8\ref\net9.0\System.Windows.dll" /reference:"C:\Program Files\dotnet\packs\Microsoft.WindowsDesktop.App.Ref\9.0.8\ref\net9.0\System.Windows.Extensions.dll" /reference:"C:\Program Files\dotnet\packs\Microsoft.WindowsDesktop.App.Ref\9.0.8\ref\net9.0\System.Windows.Forms.Design.dll" /reference:"C:\Program Files\dotnet\packs\Microsoft.WindowsDesktop.App.Ref\9.0.8\ref\net9.0\System.Windows.Forms.Design.Editors.dll" /reference:"C:\Program Files\dotnet\packs\Microsoft.WindowsDesktop.App.Ref\9.0.8\ref\net9.0\System.Windows.Forms.dll" /reference:"C:\Program Files\dotnet\packs\Microsoft.WindowsDesktop.App.Ref\9.0.8\ref\net9.0\System.Windows.Forms.Primitives.dll" /reference:"C:\Program Files\dotnet\packs\Microsoft.WindowsDesktop.App.Ref\9.0.8\ref\net9.0\System.Windows.Input.Manipulations.dll" /reference:"C:\Program Files\dotnet\packs\Microsoft.WindowsDesktop.App.Ref\9.0.8\ref\net9.0\System.Windows.Presentation.dll" /reference:"C:\Program Files\dotnet\packs\Microsoft.WindowsDesktop.App.Ref\9.0.8\ref\net9.0\System.Xaml.dll" /reference:"C:\Program Files\dotnet\packs\Microsoft.NETCore.App.Ref\9.0.8\ref\net9.0\System.Xml.dll" /reference:"C:\Program Files\dotnet\packs\Microsoft.NETCore.App.Ref\9.0.8\ref\net9.0\System.Xml.Linq.dll" /reference:"C:\Program Files\dotnet\packs\Microsoft.NETCore.App.Ref\9.0.8\ref\net9.0\System.Xml.ReaderWriter.dll" /reference:"C:\Program Files\dotnet\packs\Microsoft.NETCore.App.Ref\9.0.8\ref\net9.0\System.Xml.Serialization.dll" /reference:"C:\Program Files\dotnet\packs\Microsoft.NETCore.App.Ref\9.0.8\ref\net9.0\System.Xml.XDocument.dll" /reference:"C:\Program Files\dotnet\packs\Microsoft.NETCore.App.Ref\9.0.8\ref\net9.0\System.Xml.XmlDocument.dll" /reference:"C:\Program Files\dotnet\packs\Microsoft.NETCore.App.Ref\9.0.8\ref\net9.0\System.Xml.XmlSerializer.dll" /reference:"C:\Program Files\dotnet\packs\Microsoft.NETCore.App.Ref\9.0.8\ref\net9.0\System.Xml.XPath.dll" /reference:"C:\Program Files\dotnet\packs\Microsoft.NETCore.App.Ref\9.0.8\ref\net9.0\System.Xml.XPath.XDocument.dll" /reference:"C:\Program Files\dotnet\packs\Microsoft.WindowsDesktop.App.Ref\9.0.8\ref\net9.0\UIAutomationClient.dll" /reference:"C:\Program Files\dotnet\packs\Microsoft.WindowsDesktop.App.Ref\9.0.8\ref\net9.0\UIAutomationClientSideProviders.dll" /reference:"C:\Program Files\dotnet\packs\Microsoft.WindowsDesktop.App.Ref\9.0.8\ref\net9.0\UIAutomationProvider.dll" /reference:"C:\Program Files\dotnet\packs\Microsoft.WindowsDesktop.App.Ref\9.0.8\ref\net9.0\UIAutomationTypes.dll" /reference:"C:\Program Files\dotnet\packs\Microsoft.WindowsDesktop.App.Ref\9.0.8\ref\net9.0\WindowsBase.dll" /reference:"C:\Program Files\dotnet\packs\Microsoft.WindowsDesktop.App.Ref\9.0.8\ref\net9.0\WindowsFormsIntegration.dll" /debug+ /debug:portable /filealign:512 /optimize- /out:obj\Debug\net9.0-windows\win-x64\L2Updater.dll /refout:obj\Debug\net9.0-windows\win-x64\refint\L2Updater.dll /target:winexe /warnaserror- /utf8output /win32icon:l2.ico /deterministic+ /sourcelink:obj\Debug\net9.0-windows\win-x64\L2Updater_g4gic3ee_wpftmp.sourcelink.json /langversion:latest /embed:"D:\PROJETOS\LAUNCHER C#\launcher\obj\Debug\net9.0-windows\win-x64\Updater\MainWindow.g.cs" /embed:"D:\PROJETOS\LAUNCHER C#\launcher\obj\Debug\net9.0-windows\win-x64\Updater\NotificationWindow.g.cs" /embed:"D:\PROJETOS\LAUNCHER C#\launcher\obj\Debug\net9.0-windows\win-x64\App.g.cs" /embed:"D:\PROJETOS\LAUNCHER C#\launcher\obj\Debug\net9.0-windows\win-x64\L2Updater_Content.g.cs" /embed:"obj\Debug\net9.0-windows\win-x64\.NETCoreApp,Version=v9.0.AssemblyAttributes.cs" /analyzerconfig:obj\Debug\net9.0-windows\win-x64\L2Updater_g4gic3ee_wpftmp.GeneratedMSBuildEditorConfig.editorconfig /analyzerconfig:"C:\Program Files\dotnet\sdk\9.0.304\Sdks\Microsoft.NET.Sdk\analyzers\build\config\analysislevel_9_default.globalconfig" /analyzer:"C:\Program Files\dotnet\sdk\9.0.304\Sdks\Microsoft.NET.Sdk\targets\..\analyzers\Microsoft.CodeAnalysis.CSharp.NetAnalyzers.dll" /analyzer:"C:\Program Files\dotnet\sdk\9.0.304\Sdks\Microsoft.NET.Sdk\targets\..\analyzers\Microsoft.CodeAnalysis.NetAnalyzers.dll" /analyzer:C:\Users\danie\.nuget\packages\communitytoolkit.mvvm\8.2.2\analyzers\dotnet\roslyn4.3\cs\CommunityToolkit.Mvvm.CodeFixers.dll /analyzer:C:\Users\danie\.nuget\packages\communitytoolkit.mvvm\8.2.2\analyzers\dotnet\roslyn4.3\cs\CommunityToolkit.Mvvm.SourceGenerators.dll /analyzer:C:\Users\danie\.nuget\packages\microsoft.extensions.logging.abstractions\9.0.0\analyzers\dotnet\roslyn4.4\cs\Microsoft.Extensions.Logging.Generators.dll /analyzer:C:\Users\danie\.nuget\packages\microsoft.extensions.options\9.0.0\analyzers\dotnet\roslyn4.4\cs\Microsoft.Extensions.Options.SourceGeneration.dll /analyzer:C:\Users\danie\.nuget\packages\microsoft.net.illink.tasks\9.0.8\analyzers\dotnet\cs\ILLink.CodeFixProvider.dll /analyzer:C:\Users\danie\.nuget\packages\microsoft.net.illink.tasks\9.0.8\analyzers\dotnet\cs\ILLink.RoslynAnalyzer.dll /analyzer:"C:\Program Files\dotnet\packs\Microsoft.NETCore.App.Ref\9.0.8\analyzers/dotnet/cs/Microsoft.Interop.ComInterfaceGenerator.dll" /analyzer:"C:\Program Files\dotnet\packs\Microsoft.NETCore.App.Ref\9.0.8\analyzers/dotnet/cs/Microsoft.Interop.JavaScript.JSImportGenerator.dll" /analyzer:"C:\Program Files\dotnet\packs\Microsoft.NETCore.App.Ref\9.0.8\analyzers/dotnet/cs/Microsoft.Interop.LibraryImportGenerator.dll" /analyzer:"C:\Program Files\dotnet\packs\Microsoft.NETCore.App.Ref\9.0.8\analyzers/dotnet/cs/Microsoft.Interop.SourceGeneration.dll" /analyzer:"C:\Program Files\dotnet\packs\Microsoft.NETCore.App.Ref\9.0.8\analyzers/dotnet/cs/System.Text.Json.SourceGeneration.dll" /analyzer:"C:\Program Files\dotnet\packs\Microsoft.NETCore.App.Ref\9.0.8\analyzers/dotnet/cs/System.Text.RegularExpressions.Generator.dll" /analyzer:"C:\Program Files\dotnet\packs\Microsoft.WindowsDesktop.App.Ref\9.0.8\analyzers/dotnet/System.Windows.Forms.Analyzers.dll" /analyzer:"C:\Program Files\dotnet\packs\Microsoft.WindowsDesktop.App.Ref\9.0.8\analyzers/dotnet/cs/System.Windows.Forms.Analyzers.CSharp.dll" /analyzer:"C:\Program Files\dotnet\packs\Microsoft.WindowsDesktop.App.Ref\9.0.8\analyzers/dotnet/cs/System.Windows.Forms.Analyzers.CodeFixes.CSharp.dll" /additionalfile:app.manifest App.xaml.cs Updater\Annotations\AspChildControlTypeAttribute.cs Updater\Annotations\AspDataFieldAttribute.cs Updater\Annotations\AspDataFieldsAttribute.cs Updater\Annotations\AspMethodPropertyAttribute.cs Updater\Annotations\AspMvcActionAttribute.cs Updater\Annotations\AspMvcActionSelectorAttribute.cs Updater\Annotations\AspMvcAreaAttribute.cs Updater\Annotations\AspMvcAreaMasterLocationFormatAttribute.cs Updater\Annotations\AspMvcAreaPartialViewLocationFormatAttribute.cs Updater\Annotations\AspMvcAreaViewLocationFormatAttribute.cs Updater\Annotations\AspMvcControllerAttribute.cs Updater\Annotations\AspMvcDisplayTemplateAttribute.cs Updater\Annotations\AspMvcEditorTemplateAttribute.cs Updater\Annotations\AspMvcMasterAttribute.cs Updater\Annotations\AspMvcMasterLocationFormatAttribute.cs Updater\Annotations\AspMvcModelTypeAttribute.cs Updater\Annotations\AspMvcPartialViewAttribute.cs Updater\Annotations\AspMvcPartialViewLocationFormatAttribute.cs Updater\Annotations\AspMvcSuppressViewErrorAttribute.cs Updater\Annotations\AspMvcTemplateAttribute.cs Updater\Annotations\AspMvcViewAttribute.cs Updater\Annotations\AspMvcViewComponentAttribute.cs Updater\Annotations\AspMvcViewComponentViewAttribute.cs Updater\Annotations\AspMvcViewLocationFormatAttribute.cs Updater\Annotations\AspRequiredAttributeAttribute.cs Updater\Annotations\AspTypePropertyAttribute.cs Updater\Annotations\AssertionConditionAttribute.cs Updater\Annotations\AssertionConditionType.cs Updater\Annotations\AssertionMethodAttribute.cs Updater\Annotations\BaseTypeRequiredAttribute.cs Updater\Annotations\CanBeNullAttribute.cs Updater\Annotations\CannotApplyEqualityOperatorAttribute.cs Updater\Annotations\CollectionAccessAttribute.cs Updater\Annotations\CollectionAccessType.cs Updater\Annotations\ContractAnnotationAttribute.cs Updater\Annotations\HtmlAttributeValueAttribute.cs Updater\Annotations\HtmlElementAttributesAttribute.cs Updater\Annotations\ImplicitUseKindFlags.cs Updater\Annotations\ImplicitUseTargetFlags.cs Updater\Annotations\InstantHandleAttribute.cs Updater\Annotations\InvokerParameterNameAttribute.cs Updater\Annotations\ItemCanBeNullAttribute.cs Updater\Annotations\ItemNotNullAttribute.cs Updater\Annotations\LinqTunnelAttribute.cs Updater\Annotations\LocalizationRequiredAttribute.cs Updater\Annotations\MacroAttribute.cs Updater\Annotations\MeansImplicitUseAttribute.cs Updater\Annotations\MustUseReturnValueAttribute.cs Updater\Annotations\NoEnumerationAttribute.cs Updater\Annotations\NoReorderAttribute.cs Updater\Annotations\NotifyPropertyChangedInvocatorAttribute.cs Updater\Annotations\NotNullAttribute.cs Updater\Annotations\PathReferenceAttribute.cs Updater\Annotations\ProvidesContextAttribute.cs Updater\Annotations\PublicAPIAttribute.cs Updater\Annotations\PureAttribute.cs Updater\Annotations\RazorDirectiveAttribute.cs Updater\Annotations\RazorHelperCommonAttribute.cs Updater\Annotations\RazorImportNamespaceAttribute.cs Updater\Annotations\RazorInjectionAttribute.cs Updater\Annotations\RazorLayoutAttribute.cs Updater\Annotations\RazorPageBaseTypeAttribute.cs Updater\Annotations\RazorSectionAttribute.cs Updater\Annotations\RazorWriteLiteralMethodAttribute.cs Updater\Annotations\RazorWriteMethodAttribute.cs Updater\Annotations\RazorWriteMethodParameterAttribute.cs Updater\Annotations\RegexPatternAttribute.cs Updater\Annotations\SourceTemplateAttribute.cs Updater\Annotations\StringFormatMethodAttribute.cs Updater\Annotations\TerminatesProgramAttribute.cs Updater\Annotations\UsedImplicitlyAttribute.cs Updater\Annotations\ValueProviderAttribute.cs Updater\Annotations\XamlItemBindingOfItemsControlAttribute.cs Updater\Annotations\XamlItemsControlAttribute.cs Updater\DataContractModels\FileModel.cs Updater\DataContractModels\FileUpdateModel.cs Updater\DataContractModels\FolderModel.cs Updater\DataContractModels\UpdateConfig.cs Updater\DataContractModels\UpdateInfoModel.cs Updater\HashCalc\Crc32.cs Updater\Localization\LangInfo.cs Updater\Localization\Languages.cs Updater\Localization\LocString.cs Updater\Localization\LocStringTwoParams.cs Updater\MainWindow.xaml.cs Updater\Models\AppSettings.cs Updater\Models\Languages.cs Updater\Models\UpdateTypes.cs Updater\NotificationWindow.xaml.cs Updater\Properties\AssemblyInfo.cs Updater\Properties\Resources.cs Updater\Properties\Settings.cs Updater\Services\ISecurityService.cs Updater\Services\IUpdateService.cs Updater\Services\SecurityService.cs Updater\Services\UpdateService.cs Updater\UtillsClasses\DownloadUtills.cs Updater\UtillsClasses\FolderUtills.cs Updater\UtillsClasses\InverseBooleanConverter.cs Updater\UtillsClasses\RelayCommand.cs Updater\UtillsClasses\UpdateUtills.cs Updater\UtillsClasses\ViewModelBase.cs Updater\ViewModels\MainViewModel.cs Updater\HashZip\HashCalc\Crc32.cs Updater\HashZip\ZIPLib\Adler.cs Updater\HashZip\ZIPLib\BlockState.cs Updater\HashZip\ZIPLib\CompressionLevel.cs Updater\HashZip\ZIPLib\CompressionMode.cs Updater\HashZip\ZIPLib\CompressionStrategy.cs Updater\HashZip\ZIPLib\CRC32.cs Updater\HashZip\ZIPLib\CrcCalculatorStream.cs Updater\HashZip\ZIPLib\DeflateFlavor.cs Updater\HashZip\ZIPLib\DeflateManager.cs Updater\HashZip\ZIPLib\DeflateStream.cs Updater\HashZip\ZIPLib\FlushType.cs Updater\HashZip\ZIPLib\GZipStream.cs Updater\HashZip\ZIPLib\InflateBlocks.cs Updater\HashZip\ZIPLib\InflateCodes.cs Updater\HashZip\ZIPLib\InflateManager.cs Updater\HashZip\ZIPLib\InfTree.cs Updater\HashZip\ZIPLib\SharedUtils.cs Updater\HashZip\ZIPLib\StaticTree.cs Updater\HashZip\ZIPLib\Tree.cs Updater\HashZip\ZIPLib\Zip\AddOrUpdateAction.cs Updater\HashZip\ZIPLib\Zip\AddProgressEventArgs.cs Updater\HashZip\ZIPLib\Zip\AttributesCriterion.cs Updater\HashZip\ZIPLib\Zip\BadCrcException.cs Updater\HashZip\ZIPLib\Zip\BadPasswordException.cs Updater\HashZip\ZIPLib\Zip\BadReadException.cs Updater\HashZip\ZIPLib\Zip\BadStateException.cs Updater\HashZip\ZIPLib\Zip\ComparisonOperator.cs Updater\HashZip\ZIPLib\Zip\CompoundCriterion.cs Updater\HashZip\ZIPLib\Zip\CountingStream.cs Updater\HashZip\ZIPLib\Zip\CryptoMode.cs Updater\HashZip\ZIPLib\Zip\EncryptionAlgorithm.cs Updater\HashZip\ZIPLib\Zip\EnumUtil.cs Updater\HashZip\ZIPLib\Zip\ExtractExistingFileAction.cs Updater\HashZip\ZIPLib\Zip\ExtractProgressEventArgs.cs Updater\HashZip\ZIPLib\Zip\FileSelector.cs Updater\HashZip\ZIPLib\Zip\LogicalConjunction.cs Updater\HashZip\ZIPLib\Zip\NameCriterion.cs Updater\HashZip\ZIPLib\Zip\ReadProgressEventArgs.cs Updater\HashZip\ZIPLib\Zip\ReReadApprovalCallback.cs Updater\HashZip\ZIPLib\Zip\SaveProgressEventArgs.cs Updater\HashZip\ZIPLib\Zip\SelectionCriterion.cs Updater\HashZip\ZIPLib\Zip\SelfExtractorFlavor.cs Updater\HashZip\ZIPLib\Zip\SfxGenerationException.cs Updater\HashZip\ZIPLib\Zip\SharedUtilities.cs Updater\HashZip\ZIPLib\Zip\SizeCriterion.cs Updater\HashZip\ZIPLib\Zip\TimeCriterion.cs Updater\HashZip\ZIPLib\Zip\WantCompressionCallback.cs Updater\HashZip\ZIPLib\Zip\WhichTime.cs Updater\HashZip\ZIPLib\Zip\Zip64Option.cs Updater\HashZip\ZIPLib\Zip\ZipCipherStream.cs Updater\HashZip\ZIPLib\Zip\ZipConstants.cs Updater\HashZip\ZIPLib\Zip\ZipCrypto.cs Updater\HashZip\ZIPLib\Zip\ZipEntry.cs Updater\HashZip\ZIPLib\Zip\ZipEntrySource.cs Updater\HashZip\ZIPLib\Zip\ZipEntryTimestamp.cs Updater\HashZip\ZIPLib\Zip\ZipErrorAction.cs Updater\HashZip\ZIPLib\Zip\ZipErrorEventArgs.cs Updater\HashZip\ZIPLib\Zip\ZipException.cs Updater\HashZip\ZIPLib\Zip\ZipFile.cs Updater\HashZip\ZIPLib\Zip\ZipProgressEventArgs.cs Updater\HashZip\ZIPLib\Zip\ZipProgressEventType.cs Updater\HashZip\ZIPLib\ZlibBaseStream.cs Updater\HashZip\ZIPLib\ZlibCodec.cs Updater\HashZip\ZIPLib\ZlibConstants.cs Updater\HashZip\ZIPLib\ZlibException.cs Updater\HashZip\ZIPLib\ZlibStream.cs Updater\HashZip\ZIPLib\ZlibStreamFlavor.cs "D:\PROJETOS\LAUNCHER C#\launcher\obj\Debug\net9.0-windows\win-x64\Updater\MainWindow.g.cs" "D:\PROJETOS\LAUNCHER C#\launcher\obj\Debug\net9.0-windows\win-x64\Updater\NotificationWindow.g.cs" "D:\PROJETOS\LAUNCHER C#\launcher\obj\Debug\net9.0-windows\win-x64\App.g.cs" "D:\PROJETOS\LAUNCHER C#\launcher\obj\Debug\net9.0-windows\win-x64\L2Updater_Content.g.cs" "obj\Debug\net9.0-windows\win-x64\.NETCoreApp,Version=v9.0.AssemblyAttributes.cs" /warnaserror+:NU1605,SYSLIB0011
         Assembly carregado durante TaskRun (Microsoft.CodeAnalysis.BuildTasks.Csc): System.IO.Pipes, Version=9.0.0.0, Culture=neutral, PublicKeyToken=b03f5f7f11d50a3a (local: C:\Program Files\dotnet\shared\Microsoft.NETCore.App\9.0.8\System.IO.Pipes.dll, MVID: 8cf0c4db-bf90-4779-96ec-d6c3eb8383ac, AssemblyLoadContext: Default)
         Assembly carregado durante TaskRun (Microsoft.CodeAnalysis.BuildTasks.Csc): System.Security.AccessControl, Version=9.0.0.0, Culture=neutral, PublicKeyToken=b03f5f7f11d50a3a (local: C:\Program Files\dotnet\shared\Microsoft.NETCore.App\9.0.8\System.Security.AccessControl.dll, MVID: dfc7c495-f687-4529-a2fd-33c2b33589a2, AssemblyLoadContext: Default)
         Compilador do Microsoft (R) Visual C# vers├úo 4.14.0-3.25359.3 (6dbcfd2f)
         Copyright (C) Microsoft Corporation. Todos os direitos reservados.
     3>D:\PROJETOS\LAUNCHER C#\launcher\Updater\HashZip\ZIPLib\CRC32.cs(25,34): warning CS8625: N├úo ├® poss├¡vel converter um literal nulo em um tipo de refer├¬ncia n├úo anul├ível. [D:\PROJETOS\LAUNCHER C#\launcher\L2Updater_g4gic3ee_wpftmp.csproj]
     3>D:\PROJETOS\LAUNCHER C#\launcher\Updater\HashZip\ZIPLib\DeflateManager.cs(247,12): warning CS8618: O campo n├úo anul├ível 'DeflateFunction' precisa conter um valor n├úo nulo ao sair do construtor. Considere adicionar o modificador "obrigat├│rio" ou declarar o campo como anul├ível. [D:\PROJETOS\LAUNCHER C#\launcher\L2Updater_g4gic3ee_wpftmp.csproj]
     3>D:\PROJETOS\LAUNCHER C#\launcher\Updater\HashZip\ZIPLib\DeflateManager.cs(247,12): warning CS8618: O campo n├úo anul├ível '_codec' precisa conter um valor n├úo nulo ao sair do construtor. Considere adicionar o modificador "obrigat├│rio" ou declarar o campo como anul├ível. [D:\PROJETOS\LAUNCHER C#\launcher\L2Updater_g4gic3ee_wpftmp.csproj]
     3>D:\PROJETOS\LAUNCHER C#\launcher\Updater\HashZip\ZIPLib\DeflateManager.cs(247,12): warning CS8618: O campo n├úo anul├ível 'pending' precisa conter um valor n├úo nulo ao sair do construtor. Considere adicionar o modificador "obrigat├│rio" ou declarar o campo como anul├ível. [D:\PROJETOS\LAUNCHER C#\launcher\L2Updater_g4gic3ee_wpftmp.csproj]
     3>D:\PROJETOS\LAUNCHER C#\launcher\Updater\HashZip\ZIPLib\DeflateManager.cs(247,12): warning CS8618: O campo n├úo anul├ível 'window' precisa conter um valor n├úo nulo ao sair do construtor. Considere adicionar o modificador "obrigat├│rio" ou declarar o campo como anul├ível. [D:\PROJETOS\LAUNCHER C#\launcher\L2Updater_g4gic3ee_wpftmp.csproj]
     3>D:\PROJETOS\LAUNCHER C#\launcher\Updater\HashZip\ZIPLib\DeflateManager.cs(247,12): warning CS8618: O campo n├úo anul├ível 'prev' precisa conter um valor n├úo nulo ao sair do construtor. Considere adicionar o modificador "obrigat├│rio" ou declarar o campo como anul├ível. [D:\PROJETOS\LAUNCHER C#\launcher\L2Updater_g4gic3ee_wpftmp.csproj]
     3>D:\PROJETOS\LAUNCHER C#\launcher\Updater\HashZip\ZIPLib\DeflateManager.cs(247,12): warning CS8618: O campo n├úo anul├ível 'head' precisa conter um valor n├úo nulo ao sair do construtor. Considere adicionar o modificador "obrigat├│rio" ou declarar o campo como anul├ível. [D:\PROJETOS\LAUNCHER C#\launcher\L2Updater_g4gic3ee_wpftmp.csproj]
     3>D:\PROJETOS\LAUNCHER C#\launcher\Updater\HashZip\ZIPLib\DeflateManager.cs(247,12): warning CS8618: O campo n├úo anul├ível 'config' precisa conter um valor n├úo nulo ao sair do construtor. Considere adicionar o modificador "obrigat├│rio" ou declarar o campo como anul├ível. [D:\PROJETOS\LAUNCHER C#\launcher\L2Updater_g4gic3ee_wpftmp.csproj]
     3>D:\PROJETOS\LAUNCHER C#\launcher\Updater\HashZip\ZIPLib\InflateBlocks.cs(121,10): warning CS8625: N├úo ├® poss├¡vel converter um literal nulo em um tipo de refer├¬ncia n├úo anul├ível. [D:\PROJETOS\LAUNCHER C#\launcher\L2Updater_g4gic3ee_wpftmp.csproj]
     3>D:\PROJETOS\LAUNCHER C#\launcher\Updater\HashZip\ZIPLib\InflateBlocks.cs(113,12): warning CS8618: O campo n├úo anul├ível 'blens' precisa conter um valor n├úo nulo ao sair do construtor. Considere adicionar o modificador "obrigat├│rio" ou declarar o campo como anul├ível. [D:\PROJETOS\LAUNCHER C#\launcher\L2Updater_g4gic3ee_wpftmp.csproj]
     3>D:\PROJETOS\LAUNCHER C#\launcher\Updater\HashZip\ZIPLib\InflateBlocks.cs(142,50): warning CS8625: N├úo ├® poss├¡vel converter um literal nulo em um tipo de refer├¬ncia n├úo anul├ível. [D:\PROJETOS\LAUNCHER C#\launcher\L2Updater_g4gic3ee_wpftmp.csproj]
     3>D:\PROJETOS\LAUNCHER C#\launcher\Updater\HashZip\ZIPLib\InflateCodes.cs(76,12): warning CS8618: O campo n├úo anul├ível 'tree' precisa conter um valor n├úo nulo ao sair do construtor. Considere adicionar o modificador "obrigat├│rio" ou declarar o campo como anul├ível. [D:\PROJETOS\LAUNCHER C#\launcher\L2Updater_g4gic3ee_wpftmp.csproj]
     3>D:\PROJETOS\LAUNCHER C#\launcher\Updater\HashZip\ZIPLib\InflateCodes.cs(76,12): warning CS8618: O campo n├úo anul├ível 'ltree' precisa conter um valor n├úo nulo ao sair do construtor. Considere adicionar o modificador "obrigat├│rio" ou declarar o campo como anul├ível. [D:\PROJETOS\LAUNCHER C#\launcher\L2Updater_g4gic3ee_wpftmp.csproj]
     3>D:\PROJETOS\LAUNCHER C#\launcher\Updater\HashZip\ZIPLib\InflateCodes.cs(76,12): warning CS8618: O campo n├úo anul├ível 'dtree' precisa conter um valor n├úo nulo ao sair do construtor. Considere adicionar o modificador "obrigat├│rio" ou declarar o campo como anul├ível. [D:\PROJETOS\LAUNCHER C#\launcher\L2Updater_g4gic3ee_wpftmp.csproj]
     3>D:\PROJETOS\LAUNCHER C#\launcher\Updater\HashZip\ZIPLib\InflateCodes.cs(89,11): warning CS8625: N├úo ├® poss├¡vel converter um literal nulo em um tipo de refer├¬ncia n├úo anul├ível. [D:\PROJETOS\LAUNCHER C#\launcher\L2Updater_g4gic3ee_wpftmp.csproj]
     3>D:\PROJETOS\LAUNCHER C#\launcher\Updater\HashZip\ZIPLib\InflateManager.cs(75,10): warning CS8618: O campo n├úo anul├ível '_codec' precisa conter um valor n├úo nulo ao sair do construtor. Considere adicionar o modificador "obrigat├│rio" ou declarar o campo como anul├ível. [D:\PROJETOS\LAUNCHER C#\launcher\L2Updater_g4gic3ee_wpftmp.csproj]
     3>D:\PROJETOS\LAUNCHER C#\launcher\Updater\HashZip\ZIPLib\InflateManager.cs(75,10): warning CS8618: O campo n├úo anul├ível 'blocks' precisa conter um valor n├úo nulo ao sair do construtor. Considere adicionar o modificador "obrigat├│rio" ou declarar o campo como anul├ível. [D:\PROJETOS\LAUNCHER C#\launcher\L2Updater_g4gic3ee_wpftmp.csproj]
     3>D:\PROJETOS\LAUNCHER C#\launcher\Updater\HashZip\ZIPLib\InflateManager.cs(79,10): warning CS8618: O campo n├úo anul├ível '_codec' precisa conter um valor n├úo nulo ao sair do construtor. Considere adicionar o modificador "obrigat├│rio" ou declarar o campo como anul├ível. [D:\PROJETOS\LAUNCHER C#\launcher\L2Updater_g4gic3ee_wpftmp.csproj]
     3>D:\PROJETOS\LAUNCHER C#\launcher\Updater\HashZip\ZIPLib\InflateManager.cs(79,10): warning CS8618: O campo n├úo anul├ível 'blocks' precisa conter um valor n├úo nulo ao sair do construtor. Considere adicionar o modificador "obrigat├│rio" ou declarar o campo como anul├ível. [D:\PROJETOS\LAUNCHER C#\launcher\L2Updater_g4gic3ee_wpftmp.csproj]
     3>D:\PROJETOS\LAUNCHER C#\launcher\Updater\HashZip\ZIPLib\InflateManager.cs(87,21): warning CS8625: N├úo ├® poss├¡vel converter um literal nulo em um tipo de refer├¬ncia n├úo anul├ível. [D:\PROJETOS\LAUNCHER C#\launcher\L2Updater_g4gic3ee_wpftmp.csproj]
     3>D:\PROJETOS\LAUNCHER C#\launcher\Updater\HashZip\ZIPLib\InflateManager.cs(89,17): warning CS8625: N├úo ├® poss├¡vel converter um literal nulo em um tipo de refer├¬ncia n├úo anul├ível. [D:\PROJETOS\LAUNCHER C#\launcher\L2Updater_g4gic3ee_wpftmp.csproj]
     3>D:\PROJETOS\LAUNCHER C#\launcher\Updater\HashZip\ZIPLib\InflateManager.cs(99,13): warning CS8625: N├úo ├® poss├¡vel converter um literal nulo em um tipo de refer├¬ncia n├úo anul├ível. [D:\PROJETOS\LAUNCHER C#\launcher\L2Updater_g4gic3ee_wpftmp.csproj]
     3>D:\PROJETOS\LAUNCHER C#\launcher\Updater\HashZip\ZIPLib\GZipStream.cs(191,10): warning CS8618: O campo n├úo anul├ível '_FileName' precisa conter um valor n├úo nulo ao sair do construtor. Considere adicionar o modificador "obrigat├│rio" ou declarar o campo como anul├ível. [D:\PROJETOS\LAUNCHER C#\launcher\L2Updater_g4gic3ee_wpftmp.csproj]
     3>D:\PROJETOS\LAUNCHER C#\launcher\Updater\HashZip\ZIPLib\GZipStream.cs(191,10): warning CS8618: O campo n├úo anul├ível '_Comment' precisa conter um valor n├úo nulo ao sair do construtor. Considere adicionar o modificador "obrigat├│rio" ou declarar o campo como anul├ível. [D:\PROJETOS\LAUNCHER C#\launcher\L2Updater_g4gic3ee_wpftmp.csproj]
     3>D:\PROJETOS\LAUNCHER C#\launcher\Updater\HashZip\ZIPLib\InflateManager.cs(106,21): warning CS8625: N├úo ├® poss├¡vel converter um literal nulo em um tipo de refer├¬ncia n├úo anul├ível. [D:\PROJETOS\LAUNCHER C#\launcher\L2Updater_g4gic3ee_wpftmp.csproj]
     3>D:\PROJETOS\LAUNCHER C#\launcher\Updater\HashZip\ZIPLib\InflateManager.cs(107,13): warning CS8625: N├úo ├® poss├¡vel converter um literal nulo em um tipo de refer├¬ncia n├úo anul├ível. [D:\PROJETOS\LAUNCHER C#\launcher\L2Updater_g4gic3ee_wpftmp.csproj]
     3>D:\PROJETOS\LAUNCHER C#\launcher\Updater\HashZip\ZIPLib\InflateManager.cs(114,38): warning CS8604: Poss├¡vel argumento de refer├¬ncia nula para o par├ómetro 'checkfn' em 'InflateBlocks.InflateBlocks(ZlibCodec codec, object checkfn, int w)'. [D:\PROJETOS\LAUNCHER C#\launcher\L2Updater_g4gic3ee_wpftmp.csproj]
     3>D:\PROJETOS\LAUNCHER C#\launcher\Updater\UtillsClasses\DownloadUtills.cs(32,52): warning SYSLIB0014: "WebRequest.Create(string)" ├® obsoleto: "WebRequest, HttpWebRequest, ServicePoint, and WebClient are obsolete. Use HttpClient instead." (https://aka.ms/dotnet-warnings/SYSLIB0014) [D:\PROJETOS\LAUNCHER C#\launcher\L2Updater_g4gic3ee_wpftmp.csproj]
     3>D:\PROJETOS\LAUNCHER C#\launcher\Updater\HashZip\ZIPLib\StaticTree.cs(695,36): warning CS8625: N├úo ├® poss├¡vel converter um literal nulo em um tipo de refer├¬ncia n├úo anul├ível. [D:\PROJETOS\LAUNCHER C#\launcher\L2Updater_g4gic3ee_wpftmp.csproj]
     3>D:\PROJETOS\LAUNCHER C#\launcher\Updater\HashZip\ZIPLib\ZlibCodec.cs(43,10): warning CS8618: O campo n├úo anul├ível 'InputBuffer' precisa conter um valor n├úo nulo ao sair do construtor. Considere adicionar o modificador "obrigat├│rio" ou declarar o campo como anul├ível. [D:\PROJETOS\LAUNCHER C#\launcher\L2Updater_g4gic3ee_wpftmp.csproj]
     3>D:\PROJETOS\LAUNCHER C#\launcher\Updater\HashZip\ZIPLib\ZlibCodec.cs(43,10): warning CS8618: O campo n├úo anul├ível 'OutputBuffer' precisa conter um valor n├úo nulo ao sair do construtor. Considere adicionar o modificador "obrigat├│rio" ou declarar o campo como anul├ível. [D:\PROJETOS\LAUNCHER C#\launcher\L2Updater_g4gic3ee_wpftmp.csproj]
     3>D:\PROJETOS\LAUNCHER C#\launcher\Updater\HashZip\ZIPLib\ZlibCodec.cs(43,10): warning CS8618: O campo n├úo anul├ível 'Message' precisa conter um valor n├úo nulo ao sair do construtor. Considere adicionar o modificador "obrigat├│rio" ou declarar o campo como anul├ível. [D:\PROJETOS\LAUNCHER C#\launcher\L2Updater_g4gic3ee_wpftmp.csproj]
     3>D:\PROJETOS\LAUNCHER C#\launcher\Updater\HashZip\ZIPLib\ZlibCodec.cs(43,10): warning CS8618: O campo n├úo anul├ível 'dstate' precisa conter um valor n├úo nulo ao sair do construtor. Considere adicionar o modificador "obrigat├│rio" ou declarar o campo como anul├ível. [D:\PROJETOS\LAUNCHER C#\launcher\L2Updater_g4gic3ee_wpftmp.csproj]
     3>D:\PROJETOS\LAUNCHER C#\launcher\Updater\HashZip\ZIPLib\ZlibCodec.cs(43,10): warning CS8618: O campo n├úo anul├ível 'istate' precisa conter um valor n├úo nulo ao sair do construtor. Considere adicionar o modificador "obrigat├│rio" ou declarar o campo como anul├ível. [D:\PROJETOS\LAUNCHER C#\launcher\L2Updater_g4gic3ee_wpftmp.csproj]
     3>D:\PROJETOS\LAUNCHER C#\launcher\Updater\HashZip\ZIPLib\GZipStream.cs(270,19): warning CS8600: Convers├úo de literal nula ou poss├¡vel valor nulo em tipo n├úo anul├ível. [D:\PROJETOS\LAUNCHER C#\launcher\L2Updater_g4gic3ee_wpftmp.csproj]
     3>D:\PROJETOS\LAUNCHER C#\launcher\Updater\HashZip\ZIPLib\GZipStream.cs(271,20): warning CS8600: Convers├úo de literal nula ou poss├¡vel valor nulo em tipo n├úo anul├ível. [D:\PROJETOS\LAUNCHER C#\launcher\L2Updater_g4gic3ee_wpftmp.csproj]
     3>D:\PROJETOS\LAUNCHER C#\launcher\Updater\HashZip\ZIPLib\GZipStream.cs(272,35): warning CS8602: Desrefer├¬ncia de uma refer├¬ncia possivelmente nula. [D:\PROJETOS\LAUNCHER C#\launcher\L2Updater_g4gic3ee_wpftmp.csproj]
     3>D:\PROJETOS\LAUNCHER C#\launcher\Updater\HashZip\ZIPLib\GZipStream.cs(273,37): warning CS8602: Desrefer├¬ncia de uma refer├¬ncia possivelmente nula. [D:\PROJETOS\LAUNCHER C#\launcher\L2Updater_g4gic3ee_wpftmp.csproj]
     3>D:\PROJETOS\LAUNCHER C#\launcher\Updater\HashZip\ZIPLib\GZipStream.cs(301,16): warning CS8604: Poss├¡vel argumento de refer├¬ncia nula para o par├ómetro 'sourceArray' em 'void Array.Copy(Array sourceArray, int sourceIndex, Array destinationArray, int destinationIndex, int length)'. [D:\PROJETOS\LAUNCHER C#\launcher\L2Updater_g4gic3ee_wpftmp.csproj]
     3>D:\PROJETOS\LAUNCHER C#\launcher\Updater\HashZip\ZIPLib\GZipStream.cs(307,16): warning CS8604: Poss├¡vel argumento de refer├¬ncia nula para o par├ómetro 'sourceArray' em 'void Array.Copy(Array sourceArray, int sourceIndex, Array destinationArray, int destinationIndex, int length)'. [D:\PROJETOS\LAUNCHER C#\launcher\L2Updater_g4gic3ee_wpftmp.csproj]
     3>D:\PROJETOS\LAUNCHER C#\launcher\Updater\HashZip\ZIPLib\ZlibCodec.cs(47,10): warning CS8618: O campo n├úo anul├ível 'InputBuffer' precisa conter um valor n├úo nulo ao sair do construtor. Considere adicionar o modificador "obrigat├│rio" ou declarar o campo como anul├ível. [D:\PROJETOS\LAUNCHER C#\launcher\L2Updater_g4gic3ee_wpftmp.csproj]
     3>D:\PROJETOS\LAUNCHER C#\launcher\Updater\HashZip\ZIPLib\ZlibCodec.cs(47,10): warning CS8618: O campo n├úo anul├ível 'OutputBuffer' precisa conter um valor n├úo nulo ao sair do construtor. Considere adicionar o modificador "obrigat├│rio" ou declarar o campo como anul├ível. [D:\PROJETOS\LAUNCHER C#\launcher\L2Updater_g4gic3ee_wpftmp.csproj]
     3>D:\PROJETOS\LAUNCHER C#\launcher\Updater\HashZip\ZIPLib\ZlibCodec.cs(47,10): warning CS8618: O campo n├úo anul├ível 'Message' precisa conter um valor n├úo nulo ao sair do construtor. Considere adicionar o modificador "obrigat├│rio" ou declarar o campo como anul├ível. [D:\PROJETOS\LAUNCHER C#\launcher\L2Updater_g4gic3ee_wpftmp.csproj]
     3>D:\PROJETOS\LAUNCHER C#\launcher\Updater\HashZip\ZIPLib\ZlibCodec.cs(47,10): warning CS8618: O campo n├úo anul├ível 'dstate' precisa conter um valor n├úo nulo ao sair do construtor. Considere adicionar o modificador "obrigat├│rio" ou declarar o campo como anul├ível. [D:\PROJETOS\LAUNCHER C#\launcher\L2Updater_g4gic3ee_wpftmp.csproj]
     3>D:\PROJETOS\LAUNCHER C#\launcher\Updater\HashZip\ZIPLib\ZlibCodec.cs(47,10): warning CS8618: O campo n├úo anul├ível 'istate' precisa conter um valor n├úo nulo ao sair do construtor. Considere adicionar o modificador "obrigat├│rio" ou declarar o campo como anul├ível. [D:\PROJETOS\LAUNCHER C#\launcher\L2Updater_g4gic3ee_wpftmp.csproj]
     3>D:\PROJETOS\LAUNCHER C#\launcher\Updater\HashZip\ZIPLib\InflateBlocks.cs(408,16): warning CS8625: N├úo ├® poss├¡vel converter um literal nulo em um tipo de refer├¬ncia n├úo anul├ível. [D:\PROJETOS\LAUNCHER C#\launcher\L2Updater_g4gic3ee_wpftmp.csproj]
     3>D:\PROJETOS\LAUNCHER C#\launcher\Updater\HashZip\ZIPLib\InflateBlocks.cs(490,16): warning CS8625: N├úo ├® poss├¡vel converter um literal nulo em um tipo de refer├¬ncia n├úo anul├ível. [D:\PROJETOS\LAUNCHER C#\launcher\L2Updater_g4gic3ee_wpftmp.csproj]
     3>D:\PROJETOS\LAUNCHER C#\launcher\Updater\HashZip\ZIPLib\InflateBlocks.cs(527,16): warning CS8625: N├úo ├® poss├¡vel converter um literal nulo em um tipo de refer├¬ncia n├úo anul├ível. [D:\PROJETOS\LAUNCHER C#\launcher\L2Updater_g4gic3ee_wpftmp.csproj]
     3>D:\PROJETOS\LAUNCHER C#\launcher\Updater\HashZip\ZIPLib\InflateBlocks.cs(618,10): warning CS8625: N├úo ├® poss├¡vel converter um literal nulo em um tipo de refer├¬ncia n├úo anul├ível. [D:\PROJETOS\LAUNCHER C#\launcher\L2Updater_g4gic3ee_wpftmp.csproj]
     3>D:\PROJETOS\LAUNCHER C#\launcher\Updater\HashZip\ZIPLib\InflateBlocks.cs(619,13): warning CS8625: N├úo ├® poss├¡vel converter um literal nulo em um tipo de refer├¬ncia n├úo anul├ível. [D:\PROJETOS\LAUNCHER C#\launcher\L2Updater_g4gic3ee_wpftmp.csproj]
     3>D:\PROJETOS\LAUNCHER C#\launcher\Updater\HashZip\ZIPLib\InflateBlocks.cs(620,12): warning CS8625: N├úo ├® poss├¡vel converter um literal nulo em um tipo de refer├¬ncia n├úo anul├ível. [D:\PROJETOS\LAUNCHER C#\launcher\L2Updater_g4gic3ee_wpftmp.csproj]
     3>D:\PROJETOS\LAUNCHER C#\launcher\Updater\HashZip\ZIPLib\InflateCodes.cs(503,15): warning CS0219: A vari├ível "flag" ├® atribu├¡da, mas seu valor nunca ├® usado [D:\PROJETOS\LAUNCHER C#\launcher\L2Updater_g4gic3ee_wpftmp.csproj]
     3>D:\PROJETOS\LAUNCHER C#\launcher\Updater\HashZip\ZIPLib\InflateCodes.cs(605,13): warning CS0219: A vari├ível "flag2" ├® atribu├¡da, mas seu valor nunca ├® usado [D:\PROJETOS\LAUNCHER C#\launcher\L2Updater_g4gic3ee_wpftmp.csproj]
     3>D:\PROJETOS\LAUNCHER C#\launcher\Updater\HashZip\ZIPLib\ZlibCodec.cs(111,13): warning CS8625: N├úo ├® poss├¡vel converter um literal nulo em um tipo de refer├¬ncia n├úo anul├ível. [D:\PROJETOS\LAUNCHER C#\launcher\L2Updater_g4gic3ee_wpftmp.csproj]
     3>D:\PROJETOS\LAUNCHER C#\launcher\Updater\HashZip\ZIPLib\Tree.cs(991,20): warning CS8618: O campo n├úo anul├ível 'dyn_tree' precisa conter um valor n├úo nulo ao sair do construtor. Considere adicionar o modificador "obrigat├│rio" ou declarar o campo como anul├ível. [D:\PROJETOS\LAUNCHER C#\launcher\L2Updater_g4gic3ee_wpftmp.csproj]
     3>D:\PROJETOS\LAUNCHER C#\launcher\Updater\HashZip\ZIPLib\Tree.cs(995,23): warning CS8618: O campo n├úo anul├ível 'stat_desc' precisa conter um valor n├úo nulo ao sair do construtor. Considere adicionar o modificador "obrigat├│rio" ou declarar o campo como anul├ível. [D:\PROJETOS\LAUNCHER C#\launcher\L2Updater_g4gic3ee_wpftmp.csproj]
     3>D:\PROJETOS\LAUNCHER C#\launcher\Updater\HashZip\ZIPLib\Zip\ZipProgressEventArgs.cs(105,12): warning CS8618: O campo n├úo anul├ível '_latestEntry' precisa conter um valor n├úo nulo ao sair do construtor. Considere adicionar o modificador "obrigat├│rio" ou declarar o campo como anul├ível. [D:\PROJETOS\LAUNCHER C#\launcher\L2Updater_g4gic3ee_wpftmp.csproj]
     3>D:\PROJETOS\LAUNCHER C#\launcher\Updater\HashZip\ZIPLib\Zip\ZipProgressEventArgs.cs(105,12): warning CS8618: O campo n├úo anul├ível '_archiveName' precisa conter um valor n├úo nulo ao sair do construtor. Considere adicionar o modificador "obrigat├│rio" ou declarar o campo como anul├ível. [D:\PROJETOS\LAUNCHER C#\launcher\L2Updater_g4gic3ee_wpftmp.csproj]
     3>D:\PROJETOS\LAUNCHER C#\launcher\Updater\HashZip\ZIPLib\Zip\ZipProgressEventArgs.cs(109,12): warning CS8618: O campo n├úo anul├ível '_latestEntry' precisa conter um valor n├úo nulo ao sair do construtor. Considere adicionar o modificador "obrigat├│rio" ou declarar o campo como anul├ível. [D:\PROJETOS\LAUNCHER C#\launcher\L2Updater_g4gic3ee_wpftmp.csproj]
     3>D:\PROJETOS\LAUNCHER C#\launcher\Updater\HashZip\ZIPLib\ZlibBaseStream.cs(16,37): warning CS8625: N├úo ├® poss├¡vel converter um literal nulo em um tipo de refer├¬ncia n├úo anul├ível. [D:\PROJETOS\LAUNCHER C#\launcher\L2Updater_g4gic3ee_wpftmp.csproj]
     3>D:\PROJETOS\LAUNCHER C#\launcher\Updater\HashZip\ZIPLib\ZlibBaseStream.cs(120,10): warning CS8618: O campo n├úo anul├ível '_workingBuffer' precisa conter um valor n├úo nulo ao sair do construtor. Considere adicionar o modificador "obrigat├│rio" ou declarar o campo como anul├ível. [D:\PROJETOS\LAUNCHER C#\launcher\L2Updater_g4gic3ee_wpftmp.csproj]
     3>D:\PROJETOS\LAUNCHER C#\launcher\Updater\HashZip\ZIPLib\ZlibBaseStream.cs(120,10): warning CS8618: O campo n├úo anul├ível 'crc' precisa conter um valor n├úo nulo ao sair do construtor. Considere adicionar o modificador "obrigat├│rio" ou declarar o campo como anul├ível. [D:\PROJETOS\LAUNCHER C#\launcher\L2Updater_g4gic3ee_wpftmp.csproj]
     3>D:\PROJETOS\LAUNCHER C#\launcher\Updater\HashZip\ZIPLib\ZlibBaseStream.cs(120,10): warning CS8618: O campo n├úo anul├ível '_GzipFileName' precisa conter um valor n├úo nulo ao sair do construtor. Considere adicionar o modificador "obrigat├│rio" ou declarar o campo como anul├ível. [D:\PROJETOS\LAUNCHER C#\launcher\L2Updater_g4gic3ee_wpftmp.csproj]
     3>D:\PROJETOS\LAUNCHER C#\launcher\Updater\HashZip\ZIPLib\ZlibBaseStream.cs(120,10): warning CS8618: O campo n├úo anul├ível '_GzipComment' precisa conter um valor n├úo nulo ao sair do construtor. Considere adicionar o modificador "obrigat├│rio" ou declarar o campo como anul├ível. [D:\PROJETOS\LAUNCHER C#\launcher\L2Updater_g4gic3ee_wpftmp.csproj]
     3>D:\PROJETOS\LAUNCHER C#\launcher\Updater\HashZip\ZIPLib\Zip\ExtractProgressEventArgs.cs(22,12): warning CS8618: O campo n├úo anul├ível '_target' precisa conter um valor n├úo nulo ao sair do construtor. Considere adicionar o modificador "obrigat├│rio" ou declarar o campo como anul├ível. [D:\PROJETOS\LAUNCHER C#\launcher\L2Updater_g4gic3ee_wpftmp.csproj]
     3>D:\PROJETOS\LAUNCHER C#\launcher\Updater\HashZip\ZIPLib\Zip\ExtractProgressEventArgs.cs(27,12): warning CS8618: O campo n├úo anul├ível '_target' precisa conter um valor n├úo nulo ao sair do construtor. Considere adicionar o modificador "obrigat├│rio" ou declarar o campo como anul├ível. [D:\PROJETOS\LAUNCHER C#\launcher\L2Updater_g4gic3ee_wpftmp.csproj]
     3>D:\PROJETOS\LAUNCHER C#\launcher\Updater\HashZip\ZIPLib\Zip\EnumUtil.cs(15,22): warning CS8600: Convers├úo de literal nula ou poss├¡vel valor nulo em tipo n├úo anul├ível. [D:\PROJETOS\LAUNCHER C#\launcher\L2Updater_g4gic3ee_wpftmp.csproj]
     3>D:\PROJETOS\LAUNCHER C#\launcher\Updater\HashZip\ZIPLib\Zip\EnumUtil.cs(16,59): warning CS8602: Desrefer├¬ncia de uma refer├¬ncia possivelmente nula. [D:\PROJETOS\LAUNCHER C#\launcher\L2Updater_g4gic3ee_wpftmp.csproj]
     3>D:\PROJETOS\LAUNCHER C#\launcher\Updater\HashZip\ZIPLib\ZlibCodec.cs(182,13): warning CS8625: N├úo ├® poss├¡vel converter um literal nulo em um tipo de refer├¬ncia n├úo anul├ível. [D:\PROJETOS\LAUNCHER C#\launcher\L2Updater_g4gic3ee_wpftmp.csproj]
     3>D:\PROJETOS\LAUNCHER C#\launcher\Updater\HashZip\ZIPLib\Zip\AttributesCriterion.cs(100,9): warning CS0219: A vari├ível "flag" ├® atribu├¡da, mas seu valor nunca ├® usado [D:\PROJETOS\LAUNCHER C#\launcher\L2Updater_g4gic3ee_wpftmp.csproj]
     3>D:\PROJETOS\LAUNCHER C#\launcher\Updater\HashZip\ZIPLib\InflateManager.cs(329,40): warning CS8625: N├úo ├® poss├¡vel converter um literal nulo em um tipo de refer├¬ncia n├úo anul├ível. [D:\PROJETOS\LAUNCHER C#\launcher\L2Updater_g4gic3ee_wpftmp.csproj]
     3>D:\PROJETOS\LAUNCHER C#\launcher\Updater\HashZip\ZIPLib\Zip\TimeCriterion.cs(37,9): warning CS0219: A vari├ível "flag" ├® atribu├¡da, mas seu valor nunca ├® usado [D:\PROJETOS\LAUNCHER C#\launcher\L2Updater_g4gic3ee_wpftmp.csproj]
     3>D:\PROJETOS\LAUNCHER C#\launcher\Updater\HashZip\ZIPLib\Zip\CompoundCriterion.cs(10,31): warning CS8618: O campo n├úo anul├ível 'Left' precisa conter um valor n├úo nulo ao sair do construtor. Considere adicionar o modificador "obrigat├│rio" ou declarar o campo como anul├ível. [D:\PROJETOS\LAUNCHER C#\launcher\L2Updater_g4gic3ee_wpftmp.csproj]
     3>D:\PROJETOS\LAUNCHER C#\launcher\Updater\HashZip\ZIPLib\Zip\CompoundCriterion.cs(12,30): warning CS8618: O campo n├úo anul├ível '_Right' precisa conter um valor n├úo nulo ao sair do construtor. Considere adicionar o modificador "obrigat├│rio" ou declarar o campo como anul├ível. [D:\PROJETOS\LAUNCHER C#\launcher\L2Updater_g4gic3ee_wpftmp.csproj]
     3>D:\PROJETOS\LAUNCHER C#\launcher\Updater\HashZip\ZIPLib\Zip\ZipErrorEventArgs.cs(13,11): warning CS8618: O campo n├úo anul├ível '_exc' precisa conter um valor n├úo nulo ao sair do construtor. Considere adicionar o modificador "obrigat├│rio" ou declarar o campo como anul├ível. [D:\PROJETOS\LAUNCHER C#\launcher\L2Updater_g4gic3ee_wpftmp.csproj]
     3>D:\PROJETOS\LAUNCHER C#\launcher\Updater\HashZip\ZIPLib\InfTree.cs(1992,39): warning CS8625: N├úo ├® poss├¡vel converter um literal nulo em um tipo de refer├¬ncia n├úo anul├ível. [D:\PROJETOS\LAUNCHER C#\launcher\L2Updater_g4gic3ee_wpftmp.csproj]
     3>D:\PROJETOS\LAUNCHER C#\launcher\Updater\HashZip\ZIPLib\InfTree.cs(1992,45): warning CS8625: N├úo ├® poss├¡vel converter um literal nulo em um tipo de refer├¬ncia n├úo anul├ível. [D:\PROJETOS\LAUNCHER C#\launcher\L2Updater_g4gic3ee_wpftmp.csproj]
     3>D:\PROJETOS\LAUNCHER C#\launcher\Updater\HashZip\ZIPLib\Zip\SharedUtilities.cs(150,10): warning CS0219: A vari├ível "flag2" ├® atribu├¡da, mas seu valor nunca ├® usado [D:\PROJETOS\LAUNCHER C#\launcher\L2Updater_g4gic3ee_wpftmp.csproj]
     3>D:\PROJETOS\LAUNCHER C#\launcher\Updater\HashZip\ZIPLib\Zip\ZipException.cs(26,4): warning SYSLIB0051: "Exception.Exception(SerializationInfo, StreamingContext)" ├® obsoleto: "This API supports obsolete formatter-based serialization. It should not be called or extended by application code." (https://aka.ms/dotnet-warnings/SYSLIB0051) [D:\PROJETOS\LAUNCHER C#\launcher\L2Updater_g4gic3ee_wpftmp.csproj]
     3>D:\PROJETOS\LAUNCHER C#\launcher\Updater\HashZip\ZIPLib\Zip\ZipFile.cs(24,24): warning CS8618: O campo n├úo anul├ível 'ReferencedAssemblies' precisa conter um valor n├úo nulo ao sair do construtor. Considere adicionar o modificador "obrigat├│rio" ou declarar o campo como anul├ível. [D:\PROJETOS\LAUNCHER C#\launcher\L2Updater_g4gic3ee_wpftmp.csproj]
     3>D:\PROJETOS\LAUNCHER C#\launcher\Updater\HashZip\ZIPLib\Zip\ZipFile.cs(26,24): warning CS8618: O campo n├úo anul├ível 'CopyThroughResources' precisa conter um valor n├úo nulo ao sair do construtor. Considere adicionar o modificador "obrigat├│rio" ou declarar o campo como anul├ível. [D:\PROJETOS\LAUNCHER C#\launcher\L2Updater_g4gic3ee_wpftmp.csproj]
     3>D:\PROJETOS\LAUNCHER C#\launcher\Updater\HashZip\ZIPLib\Zip\ZipFile.cs(28,24): warning CS8618: O campo n├úo anul├ível 'ResourcesToCompile' precisa conter um valor n├úo nulo ao sair do construtor. Considere adicionar o modificador "obrigat├│rio" ou declarar o campo como anul├ível. [D:\PROJETOS\LAUNCHER C#\launcher\L2Updater_g4gic3ee_wpftmp.csproj]
     3>D:\PROJETOS\LAUNCHER C#\launcher\Updater\HashZip\ZIPLib\Zip\SizeCriterion.cs(29,9): warning CS0219: A vari├ível "flag" ├® atribu├¡da, mas seu valor nunca ├® usado [D:\PROJETOS\LAUNCHER C#\launcher\L2Updater_g4gic3ee_wpftmp.csproj]
     3>D:\PROJETOS\LAUNCHER C#\launcher\Updater\HashZip\ZIPLib\Zip\ZipFile.cs(293,10): warning CS8629: O tipo de valor de nulidade pode ser nulo. [D:\PROJETOS\LAUNCHER C#\launcher\L2Updater_g4gic3ee_wpftmp.csproj]
     3>D:\PROJETOS\LAUNCHER C#\launcher\Updater\HashZip\ZIPLib\Zip\NameCriterion.cs(9,17): warning CS8618: O campo n├úo anul├ível '_re' precisa conter um valor n├úo nulo ao sair do construtor. Considere adicionar o modificador "obrigat├│rio" ou declarar o campo como anul├ível. [D:\PROJETOS\LAUNCHER C#\launcher\L2Updater_g4gic3ee_wpftmp.csproj]
     3>D:\PROJETOS\LAUNCHER C#\launcher\Updater\HashZip\ZIPLib\Zip\NameCriterion.cs(11,18): warning CS8618: O campo n├úo anul├ível '_regexString' precisa conter um valor n├úo nulo ao sair do construtor. Considere adicionar o modificador "obrigat├│rio" ou declarar o campo como anul├ível. [D:\PROJETOS\LAUNCHER C#\launcher\L2Updater_g4gic3ee_wpftmp.csproj]
     3>D:\PROJETOS\LAUNCHER C#\launcher\Updater\HashZip\ZIPLib\Zip\NameCriterion.cs(15,18): warning CS8618: O campo n├úo anul├ível '_MatchingFileSpec' precisa conter um valor n├úo nulo ao sair do construtor. Considere adicionar o modificador "obrigat├│rio" ou declarar o campo como anul├ível. [D:\PROJETOS\LAUNCHER C#\launcher\L2Updater_g4gic3ee_wpftmp.csproj]
     3>D:\PROJETOS\LAUNCHER C#\launcher\Updater\HashZip\ZIPLib\Zip\SharedUtilities.cs(273,18): warning CS8600: Convers├úo de literal nula ou poss├¡vel valor nulo em tipo n├úo anul├ível. [D:\PROJETOS\LAUNCHER C#\launcher\L2Updater_g4gic3ee_wpftmp.csproj]
     3>D:\PROJETOS\LAUNCHER C#\launcher\Updater\HashZip\ZIPLib\Zip\SharedUtilities.cs(285,11): warning CS0219: A vari├ível "text" ├® atribu├¡da, mas seu valor nunca ├® usado [D:\PROJETOS\LAUNCHER C#\launcher\L2Updater_g4gic3ee_wpftmp.csproj]
     3>D:\PROJETOS\LAUNCHER C#\launcher\Updater\HashZip\ZIPLib\Zip\FileSelector.cs(28,13): warning CS8603: Poss├¡vel retorno de refer├¬ncia nula. [D:\PROJETOS\LAUNCHER C#\launcher\L2Updater_g4gic3ee_wpftmp.csproj]
     3>D:\PROJETOS\LAUNCHER C#\launcher\Updater\HashZip\ZIPLib\Zip\FileSelector.cs(30,12): warning CS8603: Poss├¡vel retorno de refer├¬ncia nula. [D:\PROJETOS\LAUNCHER C#\launcher\L2Updater_g4gic3ee_wpftmp.csproj]
     3>D:\PROJETOS\LAUNCHER C#\launcher\Updater\HashZip\ZIPLib\Zip\SharedUtilities.cs(317,6): warning SYSLIB0003: "SecurityPermission" ├® obsoleto: "Code Access Security is not supported or honored by the runtime." (https://aka.ms/dotnet-warnings/SYSLIB0003) [D:\PROJETOS\LAUNCHER C#\launcher\L2Updater_g4gic3ee_wpftmp.csproj]
     3>D:\PROJETOS\LAUNCHER C#\launcher\Updater\HashZip\ZIPLib\Zip\SharedUtilities.cs(317,50): warning SYSLIB0003: "SecurityPermission" ├® obsoleto: "Code Access Security is not supported or honored by the runtime." (https://aka.ms/dotnet-warnings/SYSLIB0003) [D:\PROJETOS\LAUNCHER C#\launcher\L2Updater_g4gic3ee_wpftmp.csproj]
     3>D:\PROJETOS\LAUNCHER C#\launcher\Updater\HashZip\ZIPLib\Zip\SharedUtilities.cs(317,69): warning SYSLIB0003: "SecurityPermissionFlag" ├® obsoleto: "Code Access Security is not supported or honored by the runtime." (https://aka.ms/dotnet-warnings/SYSLIB0003) [D:\PROJETOS\LAUNCHER C#\launcher\L2Updater_g4gic3ee_wpftmp.csproj]
     3>D:\PROJETOS\LAUNCHER C#\launcher\Updater\HashZip\ZIPLib\Zip\FileSelector.cs(36,19): warning CS8625: N├úo ├® poss├¡vel converter um literal nulo em um tipo de refer├¬ncia n├úo anul├ível. [D:\PROJETOS\LAUNCHER C#\launcher\L2Updater_g4gic3ee_wpftmp.csproj]
     3>D:\PROJETOS\LAUNCHER C#\launcher\Updater\HashZip\ZIPLib\Zip\FileSelector.cs(40,19): warning CS8625: N├úo ├® poss├¡vel converter um literal nulo em um tipo de refer├¬ncia n├úo anul├ível. [D:\PROJETOS\LAUNCHER C#\launcher\L2Updater_g4gic3ee_wpftmp.csproj]
     3>D:\PROJETOS\LAUNCHER C#\launcher\Updater\HashZip\ZIPLib\Zip\ZipCipherStream.cs(73,19): warning CS8600: Convers├úo de literal nula ou poss├¡vel valor nulo em tipo n├úo anul├ível. [D:\PROJETOS\LAUNCHER C#\launcher\L2Updater_g4gic3ee_wpftmp.csproj]
     3>D:\PROJETOS\LAUNCHER C#\launcher\Updater\HashZip\ZIPLib\Zip\ZipEntry.cs(242,40): warning CS8625: N├úo ├® poss├¡vel converter um literal nulo em um tipo de refer├¬ncia n├úo anul├ível. [D:\PROJETOS\LAUNCHER C#\launcher\L2Updater_g4gic3ee_wpftmp.csproj]
     3>D:\PROJETOS\LAUNCHER C#\launcher\Updater\HashZip\ZIPLib\InfTree.cs(1811,23): warning CS8625: N├úo ├® poss├¡vel converter um literal nulo em um tipo de refer├¬ncia n├úo anul├ível. [D:\PROJETOS\LAUNCHER C#\launcher\L2Updater_g4gic3ee_wpftmp.csproj]
     3>D:\PROJETOS\LAUNCHER C#\launcher\Updater\HashZip\ZIPLib\InfTree.cs(1813,22): warning CS8625: N├úo ├® poss├¡vel converter um literal nulo em um tipo de refer├¬ncia n├úo anul├ível. [D:\PROJETOS\LAUNCHER C#\launcher\L2Updater_g4gic3ee_wpftmp.csproj]
     3>D:\PROJETOS\LAUNCHER C#\launcher\Updater\HashZip\ZIPLib\InfTree.cs(1815,22): warning CS8625: N├úo ├® poss├¡vel converter um literal nulo em um tipo de refer├¬ncia n├úo anul├ível. [D:\PROJETOS\LAUNCHER C#\launcher\L2Updater_g4gic3ee_wpftmp.csproj]
     3>D:\PROJETOS\LAUNCHER C#\launcher\Updater\HashZip\ZIPLib\InfTree.cs(1817,22): warning CS8625: N├úo ├® poss├¡vel converter um literal nulo em um tipo de refer├¬ncia n├úo anul├ível. [D:\PROJETOS\LAUNCHER C#\launcher\L2Updater_g4gic3ee_wpftmp.csproj]
     3>D:\PROJETOS\LAUNCHER C#\launcher\Updater\HashZip\ZIPLib\InfTree.cs(1819,22): warning CS8625: N├úo ├® poss├¡vel converter um literal nulo em um tipo de refer├¬ncia n├úo anul├ível. [D:\PROJETOS\LAUNCHER C#\launcher\L2Updater_g4gic3ee_wpftmp.csproj]
     3>D:\PROJETOS\LAUNCHER C#\launcher\Updater\HashZip\ZIPLib\InfTree.cs(1821,22): warning CS8625: N├úo ├® poss├¡vel converter um literal nulo em um tipo de refer├¬ncia n├úo anul├ível. [D:\PROJETOS\LAUNCHER C#\launcher\L2Updater_g4gic3ee_wpftmp.csproj]
     3>D:\PROJETOS\LAUNCHER C#\launcher\Updater\HashZip\ZIPLib\Zip\FileSelector.cs(49,10): warning CS8618: O campo n├úo anul├ível '_Criterion' precisa conter um valor n├úo nulo ao sair do construtor. Considere adicionar o modificador "obrigat├│rio" ou declarar o campo como anul├ível. [D:\PROJETOS\LAUNCHER C#\launcher\L2Updater_g4gic3ee_wpftmp.csproj]
     3>D:\PROJETOS\LAUNCHER C#\launcher\Updater\HashZip\ZIPLib\Zip\ZipFile.cs(413,43): warning CS8603: Poss├¡vel retorno de refer├¬ncia nula. [D:\PROJETOS\LAUNCHER C#\launcher\L2Updater_g4gic3ee_wpftmp.csproj]
     3>D:\PROJETOS\LAUNCHER C#\launcher\Updater\HashZip\ZIPLib\ZlibBaseStream.cs(265,10): warning CS8625: N├úo ├® poss├¡vel converter um literal nulo em um tipo de refer├¬ncia n├úo anul├ível. [D:\PROJETOS\LAUNCHER C#\launcher\L2Updater_g4gic3ee_wpftmp.csproj]
     3>D:\PROJETOS\LAUNCHER C#\launcher\Updater\HashZip\ZIPLib\ZlibBaseStream.cs(286,15): warning CS8625: N├úo ├® poss├¡vel converter um literal nulo em um tipo de refer├¬ncia n├úo anul├ível. [D:\PROJETOS\LAUNCHER C#\launcher\L2Updater_g4gic3ee_wpftmp.csproj]
     3>D:\PROJETOS\LAUNCHER C#\launcher\Updater\HashZip\ZIPLib\Zip\ZipFile.cs(431,12): warning CS8603: Poss├¡vel retorno de refer├¬ncia nula. [D:\PROJETOS\LAUNCHER C#\launcher\L2Updater_g4gic3ee_wpftmp.csproj]
     3>D:\PROJETOS\LAUNCHER C#\launcher\Updater\HashZip\ZIPLib\Zip\ZipFile.cs(518,12): warning CS8603: Poss├¡vel retorno de refer├¬ncia nula. [D:\PROJETOS\LAUNCHER C#\launcher\L2Updater_g4gic3ee_wpftmp.csproj]
     3>D:\PROJETOS\LAUNCHER C#\launcher\Updater\HashZip\ZIPLib\Zip\ZipEntry.cs(519,12): warning CS8603: Poss├¡vel retorno de refer├¬ncia nula. [D:\PROJETOS\LAUNCHER C#\launcher\L2Updater_g4gic3ee_wpftmp.csproj]
     3>D:\PROJETOS\LAUNCHER C#\launcher\Updater\HashZip\ZIPLib\Zip\ZipFile.cs(559,30): warning CS8600: Convers├úo de literal nula ou poss├¡vel valor nulo em tipo n├úo anul├ível. [D:\PROJETOS\LAUNCHER C#\launcher\L2Updater_g4gic3ee_wpftmp.csproj]
     3>D:\PROJETOS\LAUNCHER C#\launcher\Updater\HashZip\ZIPLib\Zip\ZipFile.cs(560,41): warning CS8604: Poss├¡vel argumento de refer├¬ncia nula para o par├ómetro 'path1' em 'string Path.Combine(string path1, string path2)'. [D:\PROJETOS\LAUNCHER C#\launcher\L2Updater_g4gic3ee_wpftmp.csproj]
     3>D:\PROJETOS\LAUNCHER C#\launcher\Updater\HashZip\ZIPLib\Zip\ZipFile.cs(564,12): warning CS8603: Poss├¡vel retorno de refer├¬ncia nula. [D:\PROJETOS\LAUNCHER C#\launcher\L2Updater_g4gic3ee_wpftmp.csproj]
     3>D:\PROJETOS\LAUNCHER C#\launcher\Updater\HashZip\ZIPLib\Zip\ZipFile.cs(572,20): warning CS8625: N├úo ├® poss├¡vel converter um literal nulo em um tipo de refer├¬ncia n├úo anul├ível. [D:\PROJETOS\LAUNCHER C#\launcher\L2Updater_g4gic3ee_wpftmp.csproj]
     3>D:\PROJETOS\LAUNCHER C#\launcher\Updater\HashZip\ZIPLib\Zip\ZipFile.cs(612,40): warning CS8625: N├úo ├® poss├¡vel converter um literal nulo em um tipo de refer├¬ncia n├úo anul├ível. [D:\PROJETOS\LAUNCHER C#\launcher\L2Updater_g4gic3ee_wpftmp.csproj]
     3>D:\PROJETOS\LAUNCHER C#\launcher\Updater\HashZip\ZIPLib\DeflateManager.cs(1112,21): warning CS8625: N├úo ├® poss├¡vel converter um literal nulo em um tipo de refer├¬ncia n├úo anul├ível. [D:\PROJETOS\LAUNCHER C#\launcher\L2Updater_g4gic3ee_wpftmp.csproj]
     3>D:\PROJETOS\LAUNCHER C#\launcher\Updater\HashZip\ZIPLib\Zip\ZipFile.cs(630,29): warning CS8625: N├úo ├® poss├¡vel converter um literal nulo em um tipo de refer├¬ncia n├úo anul├ível. [D:\PROJETOS\LAUNCHER C#\launcher\L2Updater_g4gic3ee_wpftmp.csproj]
     3>D:\PROJETOS\LAUNCHER C#\launcher\Updater\HashZip\ZIPLib\DeflateManager.cs(1146,21): warning CS8625: N├úo ├® poss├¡vel converter um literal nulo em um tipo de refer├¬ncia n├úo anul├ível. [D:\PROJETOS\LAUNCHER C#\launcher\L2Updater_g4gic3ee_wpftmp.csproj]
     3>D:\PROJETOS\LAUNCHER C#\launcher\Updater\HashZip\ZIPLib\DeflateManager.cs(1151,40): warning CS8625: N├úo ├® poss├¡vel converter um literal nulo em um tipo de refer├¬ncia n├úo anul├ível. [D:\PROJETOS\LAUNCHER C#\launcher\L2Updater_g4gic3ee_wpftmp.csproj]
     3>D:\PROJETOS\LAUNCHER C#\launcher\Updater\HashZip\ZIPLib\DeflateManager.cs(1163,14): warning CS8625: N├úo ├® poss├¡vel converter um literal nulo em um tipo de refer├¬ncia n├úo anul├ível. [D:\PROJETOS\LAUNCHER C#\launcher\L2Updater_g4gic3ee_wpftmp.csproj]
     3>D:\PROJETOS\LAUNCHER C#\launcher\Updater\HashZip\ZIPLib\DeflateManager.cs(1164,11): warning CS8625: N├úo ├® poss├¡vel converter um literal nulo em um tipo de refer├¬ncia n├úo anul├ível. [D:\PROJETOS\LAUNCHER C#\launcher\L2Updater_g4gic3ee_wpftmp.csproj]
     3>D:\PROJETOS\LAUNCHER C#\launcher\Updater\HashZip\ZIPLib\DeflateManager.cs(1165,11): warning CS8625: N├úo ├® poss├¡vel converter um literal nulo em um tipo de refer├¬ncia n├úo anul├ível. [D:\PROJETOS\LAUNCHER C#\launcher\L2Updater_g4gic3ee_wpftmp.csproj]
     3>D:\PROJETOS\LAUNCHER C#\launcher\Updater\HashZip\ZIPLib\DeflateManager.cs(1166,13): warning CS8625: N├úo ├® poss├¡vel converter um literal nulo em um tipo de refer├¬ncia n├úo anul├ível. [D:\PROJETOS\LAUNCHER C#\launcher\L2Updater_g4gic3ee_wpftmp.csproj]
     3>D:\PROJETOS\LAUNCHER C#\launcher\Updater\HashZip\ZIPLib\Zip\ZipFile.cs(677,24): warning CS8625: N├úo ├® poss├¡vel converter um literal nulo em um tipo de refer├¬ncia n├úo anul├ível. [D:\PROJETOS\LAUNCHER C#\launcher\L2Updater_g4gic3ee_wpftmp.csproj]
     3>D:\PROJETOS\LAUNCHER C#\launcher\Updater\HashZip\ZIPLib\Zip\ZipFile.cs(682,27): warning CS8625: N├úo ├® poss├¡vel converter um literal nulo em um tipo de refer├¬ncia n├úo anul├ível. [D:\PROJETOS\LAUNCHER C#\launcher\L2Updater_g4gic3ee_wpftmp.csproj]
     3>D:\PROJETOS\LAUNCHER C#\launcher\Updater\HashZip\ZIPLib\Zip\ZipFile.cs(699,107): warning CS8604: Poss├¡vel argumento de refer├¬ncia nula para o par├ómetro 'path2' em 'string Path.Combine(string path1, string path2)'. [D:\PROJETOS\LAUNCHER C#\launcher\L2Updater_g4gic3ee_wpftmp.csproj]
     3>D:\PROJETOS\LAUNCHER C#\launcher\Updater\HashZip\ZIPLib\Zip\ZipFile.cs(704,25): warning CS8625: N├úo ├® poss├¡vel converter um literal nulo em um tipo de refer├¬ncia n├úo anul├ível. [D:\PROJETOS\LAUNCHER C#\launcher\L2Updater_g4gic3ee_wpftmp.csproj]
     3>D:\PROJETOS\LAUNCHER C#\launcher\Updater\HashZip\ZIPLib\Zip\ZipFile.cs(730,32): warning CS8625: N├úo ├® poss├¡vel converter um literal nulo em um tipo de refer├¬ncia n├úo anul├ível. [D:\PROJETOS\LAUNCHER C#\launcher\L2Updater_g4gic3ee_wpftmp.csproj]
     3>D:\PROJETOS\LAUNCHER C#\launcher\Updater\HashZip\ZIPLib\Zip\ZipFile.cs(745,42): warning CS8625: N├úo ├® poss├¡vel converter um literal nulo em um tipo de refer├¬ncia n├úo anul├ível. [D:\PROJETOS\LAUNCHER C#\launcher\L2Updater_g4gic3ee_wpftmp.csproj]
     3>D:\PROJETOS\LAUNCHER C#\launcher\Updater\HashZip\ZIPLib\Zip\ZipFile.cs(755,25): warning CS8625: N├úo ├® poss├¡vel converter um literal nulo em um tipo de refer├¬ncia n├úo anul├ível. [D:\PROJETOS\LAUNCHER C#\launcher\L2Updater_g4gic3ee_wpftmp.csproj]
     3>D:\PROJETOS\LAUNCHER C#\launcher\Updater\HashZip\ZIPLib\DeflateManager.cs(1266,41): warning CS8625: N├úo ├® poss├¡vel converter um literal nulo em um tipo de refer├¬ncia n├úo anul├ível. [D:\PROJETOS\LAUNCHER C#\launcher\L2Updater_g4gic3ee_wpftmp.csproj]
     3>D:\PROJETOS\LAUNCHER C#\launcher\Updater\HashZip\ZIPLib\Zip\ZipEntry.cs(584,12): warning CS8603: Poss├¡vel retorno de refer├¬ncia nula. [D:\PROJETOS\LAUNCHER C#\launcher\L2Updater_g4gic3ee_wpftmp.csproj]
     3>D:\PROJETOS\LAUNCHER C#\launcher\Updater\HashZip\ZIPLib\Zip\ZipEntry.cs(591,12): warning CS8603: Poss├¡vel retorno de refer├¬ncia nula. [D:\PROJETOS\LAUNCHER C#\launcher\L2Updater_g4gic3ee_wpftmp.csproj]
     3>D:\PROJETOS\LAUNCHER C#\launcher\Updater\HashZip\ZIPLib\Zip\ZipEntry.cs(704,18): warning CS8600: Convers├úo de literal nula ou poss├¡vel valor nulo em tipo n├úo anul├ível. [D:\PROJETOS\LAUNCHER C#\launcher\L2Updater_g4gic3ee_wpftmp.csproj]
     3>D:\PROJETOS\LAUNCHER C#\launcher\Updater\HashZip\ZIPLib\Zip\ZipEntry.cs(717,60): warning CS8625: N├úo ├® poss├¡vel converter um literal nulo em um tipo de refer├¬ncia n├úo anul├ível. [D:\PROJETOS\LAUNCHER C#\launcher\L2Updater_g4gic3ee_wpftmp.csproj]
     3>D:\PROJETOS\LAUNCHER C#\launcher\Updater\HashZip\ZIPLib\Zip\ZipFile.cs(896,39): warning CS8625: N├úo ├® poss├¡vel converter um literal nulo em um tipo de refer├¬ncia n├úo anul├ível. [D:\PROJETOS\LAUNCHER C#\launcher\L2Updater_g4gic3ee_wpftmp.csproj]
     3>D:\PROJETOS\LAUNCHER C#\launcher\Updater\HashZip\ZIPLib\Zip\FileSelector.cs(61,12): warning CS8603: Poss├¡vel retorno de refer├¬ncia nula. [D:\PROJETOS\LAUNCHER C#\launcher\L2Updater_g4gic3ee_wpftmp.csproj]
     3>D:\PROJETOS\LAUNCHER C#\launcher\Updater\HashZip\ZIPLib\Zip\FileSelector.cs(84,44): warning CS8600: Convers├úo de literal nula ou poss├¡vel valor nulo em tipo n├úo anul├ível. [D:\PROJETOS\LAUNCHER C#\launcher\L2Updater_g4gic3ee_wpftmp.csproj]
     3>D:\PROJETOS\LAUNCHER C#\launcher\Updater\HashZip\ZIPLib\Zip\FileSelector.cs(109,14): warning CS8601: Poss├¡vel atribui├º├úo de refer├¬ncia nula. [D:\PROJETOS\LAUNCHER C#\launcher\L2Updater_g4gic3ee_wpftmp.csproj]
     3>D:\PROJETOS\LAUNCHER C#\launcher\Updater\HashZip\ZIPLib\Zip\FileSelector.cs(110,15): warning CS8625: N├úo ├® poss├¡vel converter um literal nulo em um tipo de refer├¬ncia n├úo anul├ível. [D:\PROJETOS\LAUNCHER C#\launcher\L2Updater_g4gic3ee_wpftmp.csproj]
     3>D:\PROJETOS\LAUNCHER C#\launcher\Updater\HashZip\ZIPLib\Zip\FileSelector.cs(257,46): warning CS8600: Convers├úo de literal nula ou poss├¡vel valor nulo em tipo n├úo anul├ível. [D:\PROJETOS\LAUNCHER C#\launcher\L2Updater_g4gic3ee_wpftmp.csproj]
     3>D:\PROJETOS\LAUNCHER C#\launcher\Updater\HashZip\ZIPLib\Zip\FileSelector.cs(258,8): warning CS8602: Desrefer├¬ncia de uma refer├¬ncia possivelmente nula. [D:\PROJETOS\LAUNCHER C#\launcher\L2Updater_g4gic3ee_wpftmp.csproj]
     3>D:\PROJETOS\LAUNCHER C#\launcher\Updater\HashZip\ZIPLib\Zip\FileSelector.cs(258,34): warning CS8601: Poss├¡vel atribui├º├úo de refer├¬ncia nula. [D:\PROJETOS\LAUNCHER C#\launcher\L2Updater_g4gic3ee_wpftmp.csproj]
     3>D:\PROJETOS\LAUNCHER C#\launcher\Updater\HashZip\ZIPLib\Zip\FileSelector.cs(278,11): warning CS8603: Poss├¡vel retorno de refer├¬ncia nula. [D:\PROJETOS\LAUNCHER C#\launcher\L2Updater_g4gic3ee_wpftmp.csproj]
     3>D:\PROJETOS\LAUNCHER C#\launcher\Updater\HashZip\ZIPLib\Zip\ZipEntry.cs(790,25): warning CS8625: N├úo ├® poss├¡vel converter um literal nulo em um tipo de refer├¬ncia n├úo anul├ível. [D:\PROJETOS\LAUNCHER C#\launcher\L2Updater_g4gic3ee_wpftmp.csproj]
     3>D:\PROJETOS\LAUNCHER C#\launcher\Updater\HashZip\ZIPLib\Zip\ZipEntry.cs(790,31): warning CS8625: N├úo ├® poss├¡vel converter um literal nulo em um tipo de refer├¬ncia n├úo anul├ível. [D:\PROJETOS\LAUNCHER C#\launcher\L2Updater_g4gic3ee_wpftmp.csproj]
     3>D:\PROJETOS\LAUNCHER C#\launcher\Updater\HashZip\ZIPLib\Zip\ZipEntry.cs(797,25): warning CS8625: N├úo ├® poss├¡vel converter um literal nulo em um tipo de refer├¬ncia n├úo anul├ível. [D:\PROJETOS\LAUNCHER C#\launcher\L2Updater_g4gic3ee_wpftmp.csproj]
     3>D:\PROJETOS\LAUNCHER C#\launcher\Updater\HashZip\ZIPLib\Zip\ZipEntry.cs(797,31): warning CS8625: N├úo ├® poss├¡vel converter um literal nulo em um tipo de refer├¬ncia n├úo anul├ível. [D:\PROJETOS\LAUNCHER C#\launcher\L2Updater_g4gic3ee_wpftmp.csproj]
     3>D:\PROJETOS\LAUNCHER C#\launcher\Updater\HashZip\ZIPLib\Zip\ZipEntry.cs(803,25): warning CS8625: N├úo ├® poss├¡vel converter um literal nulo em um tipo de refer├¬ncia n├úo anul├ível. [D:\PROJETOS\LAUNCHER C#\launcher\L2Updater_g4gic3ee_wpftmp.csproj]
     3>D:\PROJETOS\LAUNCHER C#\launcher\Updater\HashZip\ZIPLib\Zip\ZipEntry.cs(803,31): warning CS8625: N├úo ├® poss├¡vel converter um literal nulo em um tipo de refer├¬ncia n├úo anul├ível. [D:\PROJETOS\LAUNCHER C#\launcher\L2Updater_g4gic3ee_wpftmp.csproj]
     3>D:\PROJETOS\LAUNCHER C#\launcher\Updater\HashZip\ZIPLib\Zip\ZipEntry.cs(808,20): warning CS8625: N├úo ├® poss├¡vel converter um literal nulo em um tipo de refer├¬ncia n├úo anul├ível. [D:\PROJETOS\LAUNCHER C#\launcher\L2Updater_g4gic3ee_wpftmp.csproj]
     3>D:\PROJETOS\LAUNCHER C#\launcher\Updater\HashZip\ZIPLib\Zip\ZipEntry.cs(808,34): warning CS8625: N├úo ├® poss├¡vel converter um literal nulo em um tipo de refer├¬ncia n├úo anul├ível. [D:\PROJETOS\LAUNCHER C#\launcher\L2Updater_g4gic3ee_wpftmp.csproj]
     3>D:\PROJETOS\LAUNCHER C#\launcher\Updater\HashZip\ZIPLib\Zip\ZipEntry.cs(813,35): warning CS8625: N├úo ├® poss├¡vel converter um literal nulo em um tipo de refer├¬ncia n├úo anul├ível. [D:\PROJETOS\LAUNCHER C#\launcher\L2Updater_g4gic3ee_wpftmp.csproj]
     3>D:\PROJETOS\LAUNCHER C#\launcher\Updater\HashZip\ZIPLib\Zip\ZipEntry.cs(813,41): warning CS8625: N├úo ├® poss├¡vel converter um literal nulo em um tipo de refer├¬ncia n├úo anul├ível. [D:\PROJETOS\LAUNCHER C#\launcher\L2Updater_g4gic3ee_wpftmp.csproj]
     3>D:\PROJETOS\LAUNCHER C#\launcher\Updater\HashZip\ZIPLib\Zip\ZipEntry.cs(820,35): warning CS8625: N├úo ├® poss├¡vel converter um literal nulo em um tipo de refer├¬ncia n├úo anul├ível. [D:\PROJETOS\LAUNCHER C#\launcher\L2Updater_g4gic3ee_wpftmp.csproj]
     3>D:\PROJETOS\LAUNCHER C#\launcher\Updater\HashZip\ZIPLib\Zip\ZipEntry.cs(820,41): warning CS8625: N├úo ├® poss├¡vel converter um literal nulo em um tipo de refer├¬ncia n├úo anul├ível. [D:\PROJETOS\LAUNCHER C#\launcher\L2Updater_g4gic3ee_wpftmp.csproj]
     3>D:\PROJETOS\LAUNCHER C#\launcher\Updater\HashZip\ZIPLib\Zip\ZipEntry.cs(826,35): warning CS8625: N├úo ├® poss├¡vel converter um literal nulo em um tipo de refer├¬ncia n├úo anul├ível. [D:\PROJETOS\LAUNCHER C#\launcher\L2Updater_g4gic3ee_wpftmp.csproj]
     3>D:\PROJETOS\LAUNCHER C#\launcher\Updater\HashZip\ZIPLib\Zip\ZipEntry.cs(826,41): warning CS8625: N├úo ├® poss├¡vel converter um literal nulo em um tipo de refer├¬ncia n├úo anul├ível. [D:\PROJETOS\LAUNCHER C#\launcher\L2Updater_g4gic3ee_wpftmp.csproj]
     3>D:\PROJETOS\LAUNCHER C#\launcher\Updater\HashZip\ZIPLib\Zip\ZipEntry.cs(831,25): warning CS8625: N├úo ├® poss├¡vel converter um literal nulo em um tipo de refer├¬ncia n├úo anul├ível. [D:\PROJETOS\LAUNCHER C#\launcher\L2Updater_g4gic3ee_wpftmp.csproj]
     3>D:\PROJETOS\LAUNCHER C#\launcher\Updater\HashZip\ZIPLib\Zip\ZipEntry.cs(836,35): warning CS8625: N├úo ├® poss├¡vel converter um literal nulo em um tipo de refer├¬ncia n├úo anul├ível. [D:\PROJETOS\LAUNCHER C#\launcher\L2Updater_g4gic3ee_wpftmp.csproj]
     3>D:\PROJETOS\LAUNCHER C#\launcher\Updater\HashZip\ZIPLib\Zip\ZipEntry.cs(843,25): warning CS8625: N├úo ├® poss├¡vel converter um literal nulo em um tipo de refer├¬ncia n├úo anul├ível. [D:\PROJETOS\LAUNCHER C#\launcher\L2Updater_g4gic3ee_wpftmp.csproj]
     3>D:\PROJETOS\LAUNCHER C#\launcher\Updater\HashZip\ZIPLib\Zip\ZipEntry.cs(849,25): warning CS8625: N├úo ├® poss├¡vel converter um literal nulo em um tipo de refer├¬ncia n├úo anul├ível. [D:\PROJETOS\LAUNCHER C#\launcher\L2Updater_g4gic3ee_wpftmp.csproj]
     3>D:\PROJETOS\LAUNCHER C#\launcher\Updater\HashZip\ZIPLib\Zip\ZipFile.cs(937,24): warning CS8600: Convers├úo de literal nula ou poss├¡vel valor nulo em tipo n├úo anul├ível. [D:\PROJETOS\LAUNCHER C#\launcher\L2Updater_g4gic3ee_wpftmp.csproj]
     3>D:\PROJETOS\LAUNCHER C#\launcher\Updater\HashZip\ZIPLib\Zip\ZipFile.cs(985,11): warning CS8603: Poss├¡vel retorno de refer├¬ncia nula. [D:\PROJETOS\LAUNCHER C#\launcher\L2Updater_g4gic3ee_wpftmp.csproj]
     3>D:\PROJETOS\LAUNCHER C#\launcher\Updater\HashZip\ZIPLib\Zip\ZipEntry.cs(856,35): warning CS8625: N├úo ├® poss├¡vel converter um literal nulo em um tipo de refer├¬ncia n├úo anul├ível. [D:\PROJETOS\LAUNCHER C#\launcher\L2Updater_g4gic3ee_wpftmp.csproj]
     3>D:\PROJETOS\LAUNCHER C#\launcher\Updater\HashZip\ZIPLib\Zip\ZipEntry.cs(862,35): warning CS8625: N├úo ├® poss├¡vel converter um literal nulo em um tipo de refer├¬ncia n├úo anul├ível. [D:\PROJETOS\LAUNCHER C#\launcher\L2Updater_g4gic3ee_wpftmp.csproj]
     3>D:\PROJETOS\LAUNCHER C#\launcher\Updater\HashZip\ZIPLib\Zip\ZipEntry.cs(867,20): warning CS8625: N├úo ├® poss├¡vel converter um literal nulo em um tipo de refer├¬ncia n├úo anul├ível. [D:\PROJETOS\LAUNCHER C#\launcher\L2Updater_g4gic3ee_wpftmp.csproj]
     3>D:\PROJETOS\LAUNCHER C#\launcher\Updater\HashZip\ZIPLib\Zip\FileSelector.cs(357,15): warning CS8600: Convers├úo de literal nula ou poss├¡vel valor nulo em tipo n├úo anul├ível. [D:\PROJETOS\LAUNCHER C#\launcher\L2Updater_g4gic3ee_wpftmp.csproj]
     3>D:\PROJETOS\LAUNCHER C#\launcher\Updater\HashZip\ZIPLib\Zip\ZipFile.cs(997,22): warning CS8600: Convers├úo de literal nula ou poss├¡vel valor nulo em tipo n├úo anul├ível. [D:\PROJETOS\LAUNCHER C#\launcher\L2Updater_g4gic3ee_wpftmp.csproj]
     3>D:\PROJETOS\LAUNCHER C#\launcher\Updater\HashZip\ZIPLib\Zip\ZipFile.cs(998,23): warning CS8600: Convers├úo de literal nula ou poss├¡vel valor nulo em tipo n├úo anul├ível. [D:\PROJETOS\LAUNCHER C#\launcher\L2Updater_g4gic3ee_wpftmp.csproj]
     3>D:\PROJETOS\LAUNCHER C#\launcher\Updater\HashZip\ZIPLib\Zip\ZipFile.cs(1042,16): warning CS8600: Convers├úo de literal nula ou poss├¡vel valor nulo em tipo n├úo anul├ível. [D:\PROJETOS\LAUNCHER C#\launcher\L2Updater_g4gic3ee_wpftmp.csproj]
     3>D:\PROJETOS\LAUNCHER C#\launcher\Updater\HashZip\ZIPLib\Zip\ZipFile.cs(1106,29): warning CS8625: N├úo ├® poss├¡vel converter um literal nulo em um tipo de refer├¬ncia n├úo anul├ível. [D:\PROJETOS\LAUNCHER C#\launcher\L2Updater_g4gic3ee_wpftmp.csproj]
     3>D:\PROJETOS\LAUNCHER C#\launcher\Updater\HashZip\ZIPLib\Zip\ZipFile.cs(1102,10): warning CS8618: O campo n├úo anul├ível '_StatusMessageTextWriter' precisa conter um valor n├úo nulo ao sair do construtor. Considere adicionar o modificador "obrigat├│rio" ou declarar o campo como anul├ível. [D:\PROJETOS\LAUNCHER C#\launcher\L2Updater_g4gic3ee_wpftmp.csproj]
     3>D:\PROJETOS\LAUNCHER C#\launcher\Updater\HashZip\ZIPLib\Zip\ZipFile.cs(1102,10): warning CS8618: O campo n├úo anul├ível '_readstream' precisa conter um valor n├úo nulo ao sair do construtor. Considere adicionar o modificador "obrigat├│rio" ou declarar o campo como anul├ível. [D:\PROJETOS\LAUNCHER C#\launcher\L2Updater_g4gic3ee_wpftmp.csproj]
     3>D:\PROJETOS\LAUNCHER C#\launcher\Updater\HashZip\ZIPLib\Zip\ZipFile.cs(1102,10): warning CS8618: O campo n├úo anul├ível '_writestream' precisa conter um valor n├úo nulo ao sair do construtor. Considere adicionar o modificador "obrigat├│rio" ou declarar o campo como anul├ível. [D:\PROJETOS\LAUNCHER C#\launcher\L2Updater_g4gic3ee_wpftmp.csproj]
     3>D:\PROJETOS\LAUNCHER C#\launcher\Updater\HashZip\ZIPLib\Zip\ZipFile.cs(1102,10): warning CS8618: O campo n├úo anul├ível '_entries' precisa conter um valor n├úo nulo ao sair do construtor. Considere adicionar o modificador "obrigat├│rio" ou declarar o campo como anul├ível. [D:\PROJETOS\LAUNCHER C#\launcher\L2Updater_g4gic3ee_wpftmp.csproj]
     3>D:\PROJETOS\LAUNCHER C#\launcher\Updater\HashZip\ZIPLib\Zip\ZipFile.cs(1102,10): warning CS8618: O campo n├úo anul├ível '_name' precisa conter um valor n├úo nulo ao sair do construtor. Considere adicionar o modificador "obrigat├│rio" ou declarar o campo como anul├ível. [D:\PROJETOS\LAUNCHER C#\launcher\L2Updater_g4gic3ee_wpftmp.csproj]
     3>D:\PROJETOS\LAUNCHER C#\launcher\Updater\HashZip\ZIPLib\Zip\ZipFile.cs(1102,10): warning CS8618: O campo n├úo anul├ível '_Comment' precisa conter um valor n├úo nulo ao sair do construtor. Considere adicionar o modificador "obrigat├│rio" ou declarar o campo como anul├ível. [D:\PROJETOS\LAUNCHER C#\launcher\L2Updater_g4gic3ee_wpftmp.csproj]
     3>D:\PROJETOS\LAUNCHER C#\launcher\Updater\HashZip\ZIPLib\Zip\ZipFile.cs(1102,10): warning CS8618: O campo n├úo anul├ível '_Password' precisa conter um valor n├úo nulo ao sair do construtor. Considere adicionar o modificador "obrigat├│rio" ou declarar o campo como anul├ível. [D:\PROJETOS\LAUNCHER C#\launcher\L2Updater_g4gic3ee_wpftmp.csproj]
     3>D:\PROJETOS\LAUNCHER C#\launcher\Updater\HashZip\ZIPLib\Zip\ZipFile.cs(1102,10): warning CS8618: O campo n├úo anul├ível '_temporaryFileName' precisa conter um valor n├úo nulo ao sair do construtor. Considere adicionar o modificador "obrigat├│rio" ou declarar o campo como anul├ível. [D:\PROJETOS\LAUNCHER C#\launcher\L2Updater_g4gic3ee_wpftmp.csproj]
     3>D:\PROJETOS\LAUNCHER C#\launcher\Updater\HashZip\ZIPLib\Zip\ZipFile.cs(1102,10): warning CS8618: O campo n├úo anul├ível '_TempFileFolder' precisa conter um valor n├úo nulo ao sair do construtor. Considere adicionar o modificador "obrigat├│rio" ou declarar o campo como anul├ível. [D:\PROJETOS\LAUNCHER C#\launcher\L2Updater_g4gic3ee_wpftmp.csproj]
     3>D:\PROJETOS\LAUNCHER C#\launcher\Updater\HashZip\ZIPLib\Zip\ZipFile.cs(1102,10): warning CS8618: O propriedade n├úo anul├ível 'WillReadTwiceOnInflation' precisa conter um valor n├úo nulo ao sair do construtor. Considere adicionar o modificador "obrigat├│rio" ou declarar o propriedade como anul├ível. [D:\PROJETOS\LAUNCHER C#\launcher\L2Updater_g4gic3ee_wpftmp.csproj]
     3>D:\PROJETOS\LAUNCHER C#\launcher\Updater\HashZip\ZIPLib\Zip\ZipFile.cs(1102,10): warning CS8618: O propriedade n├úo anul├ível 'WantCompression' precisa conter um valor n├úo nulo ao sair do construtor. Considere adicionar o modificador "obrigat├│rio" ou declarar o propriedade como anul├ível. [D:\PROJETOS\LAUNCHER C#\launcher\L2Updater_g4gic3ee_wpftmp.csproj]
     3>D:\PROJETOS\LAUNCHER C#\launcher\Updater\HashZip\ZIPLib\Zip\ZipFile.cs(1102,10): warning CS8618: O evento n├úo anul├ível 'SaveProgress' precisa conter um valor n├úo nulo ao sair do construtor. Considere adicionar o modificador "obrigat├│rio" ou declarar o evento como anul├ível. [D:\PROJETOS\LAUNCHER C#\launcher\L2Updater_g4gic3ee_wpftmp.csproj]
     3>D:\PROJETOS\LAUNCHER C#\launcher\Updater\HashZip\ZIPLib\Zip\ZipFile.cs(1102,10): warning CS8618: O evento n├úo anul├ível 'ReadProgress' precisa conter um valor n├úo nulo ao sair do construtor. Considere adicionar o modificador "obrigat├│rio" ou declarar o evento como anul├ível. [D:\PROJETOS\LAUNCHER C#\launcher\L2Updater_g4gic3ee_wpftmp.csproj]
     3>D:\PROJETOS\LAUNCHER C#\launcher\Updater\HashZip\ZIPLib\Zip\ZipFile.cs(1102,10): warning CS8618: O evento n├úo anul├ível 'ExtractProgress' precisa conter um valor n├úo nulo ao sair do construtor. Considere adicionar o modificador "obrigat├│rio" ou declarar o evento como anul├ível. [D:\PROJETOS\LAUNCHER C#\launcher\L2Updater_g4gic3ee_wpftmp.csproj]
     3>D:\PROJETOS\LAUNCHER C#\launcher\Updater\HashZip\ZIPLib\Zip\ZipFile.cs(1102,10): warning CS8618: O evento n├úo anul├ível 'AddProgress' precisa conter um valor n├úo nulo ao sair do construtor. Considere adicionar o modificador "obrigat├│rio" ou declarar o evento como anul├ível. [D:\PROJETOS\LAUNCHER C#\launcher\L2Updater_g4gic3ee_wpftmp.csproj]
     3>D:\PROJETOS\LAUNCHER C#\launcher\Updater\HashZip\ZIPLib\Zip\ZipFile.cs(1102,10): warning CS8618: O evento n├úo anul├ível 'ZipError' precisa conter um valor n├úo nulo ao sair do construtor. Considere adicionar o modificador "obrigat├│rio" ou declarar o evento como anul├ível. [D:\PROJETOS\LAUNCHER C#\launcher\L2Updater_g4gic3ee_wpftmp.csproj]
     3>D:\PROJETOS\LAUNCHER C#\launcher\Updater\HashZip\ZIPLib\Zip\ZipFile.cs(1118,29): warning CS8625: N├úo ├® poss├¡vel converter um literal nulo em um tipo de refer├¬ncia n├úo anul├ível. [D:\PROJETOS\LAUNCHER C#\launcher\L2Updater_g4gic3ee_wpftmp.csproj]
     3>D:\PROJETOS\LAUNCHER C#\launcher\Updater\HashZip\ZIPLib\Zip\ZipFile.cs(1114,10): warning CS8618: O campo n├úo anul├ível '_StatusMessageTextWriter' precisa conter um valor n├úo nulo ao sair do construtor. Considere adicionar o modificador "obrigat├│rio" ou declarar o campo como anul├ível. [D:\PROJETOS\LAUNCHER C#\launcher\L2Updater_g4gic3ee_wpftmp.csproj]
     3>D:\PROJETOS\LAUNCHER C#\launcher\Updater\HashZip\ZIPLib\Zip\ZipFile.cs(1114,10): warning CS8618: O campo n├úo anul├ível '_readstream' precisa conter um valor n├úo nulo ao sair do construtor. Considere adicionar o modificador "obrigat├│rio" ou declarar o campo como anul├ível. [D:\PROJETOS\LAUNCHER C#\launcher\L2Updater_g4gic3ee_wpftmp.csproj]
     3>D:\PROJETOS\LAUNCHER C#\launcher\Updater\HashZip\ZIPLib\Zip\ZipFile.cs(1114,10): warning CS8618: O campo n├úo anul├ível '_writestream' precisa conter um valor n├úo nulo ao sair do construtor. Considere adicionar o modificador "obrigat├│rio" ou declarar o campo como anul├ível. [D:\PROJETOS\LAUNCHER C#\launcher\L2Updater_g4gic3ee_wpftmp.csproj]
     3>D:\PROJETOS\LAUNCHER C#\launcher\Updater\HashZip\ZIPLib\Zip\ZipFile.cs(1114,10): warning CS8618: O campo n├úo anul├ível '_entries' precisa conter um valor n├úo nulo ao sair do construtor. Considere adicionar o modificador "obrigat├│rio" ou declarar o campo como anul├ível. [D:\PROJETOS\LAUNCHER C#\launcher\L2Updater_g4gic3ee_wpftmp.csproj]
     3>D:\PROJETOS\LAUNCHER C#\launcher\Updater\HashZip\ZIPLib\Zip\ZipFile.cs(1114,10): warning CS8618: O campo n├úo anul├ível '_name' precisa conter um valor n├úo nulo ao sair do construtor. Considere adicionar o modificador "obrigat├│rio" ou declarar o campo como anul├ível. [D:\PROJETOS\LAUNCHER C#\launcher\L2Updater_g4gic3ee_wpftmp.csproj]
     3>D:\PROJETOS\LAUNCHER C#\launcher\Updater\HashZip\ZIPLib\Zip\ZipFile.cs(1114,10): warning CS8618: O campo n├úo anul├ível '_Comment' precisa conter um valor n├úo nulo ao sair do construtor. Considere adicionar o modificador "obrigat├│rio" ou declarar o campo como anul├ível. [D:\PROJETOS\LAUNCHER C#\launcher\L2Updater_g4gic3ee_wpftmp.csproj]
     3>D:\PROJETOS\LAUNCHER C#\launcher\Updater\HashZip\ZIPLib\Zip\ZipFile.cs(1114,10): warning CS8618: O campo n├úo anul├ível '_Password' precisa conter um valor n├úo nulo ao sair do construtor. Considere adicionar o modificador "obrigat├│rio" ou declarar o campo como anul├ível. [D:\PROJETOS\LAUNCHER C#\launcher\L2Updater_g4gic3ee_wpftmp.csproj]
     3>D:\PROJETOS\LAUNCHER C#\launcher\Updater\HashZip\ZIPLib\Zip\ZipFile.cs(1114,10): warning CS8618: O campo n├úo anul├ível '_temporaryFileName' precisa conter um valor n├úo nulo ao sair do construtor. Considere adicionar o modificador "obrigat├│rio" ou declarar o campo como anul├ível. [D:\PROJETOS\LAUNCHER C#\launcher\L2Updater_g4gic3ee_wpftmp.csproj]
     3>D:\PROJETOS\LAUNCHER C#\launcher\Updater\HashZip\ZIPLib\Zip\ZipFile.cs(1114,10): warning CS8618: O campo n├úo anul├ível '_TempFileFolder' precisa conter um valor n├úo nulo ao sair do construtor. Considere adicionar o modificador "obrigat├│rio" ou declarar o campo como anul├ível. [D:\PROJETOS\LAUNCHER C#\launcher\L2Updater_g4gic3ee_wpftmp.csproj]
     3>D:\PROJETOS\LAUNCHER C#\launcher\Updater\HashZip\ZIPLib\Zip\ZipFile.cs(1114,10): warning CS8618: O propriedade n├úo anul├ível 'WillReadTwiceOnInflation' precisa conter um valor n├úo nulo ao sair do construtor. Considere adicionar o modificador "obrigat├│rio" ou declarar o propriedade como anul├ível. [D:\PROJETOS\LAUNCHER C#\launcher\L2Updater_g4gic3ee_wpftmp.csproj]
     3>D:\PROJETOS\LAUNCHER C#\launcher\Updater\HashZip\ZIPLib\Zip\ZipFile.cs(1114,10): warning CS8618: O propriedade n├úo anul├ível 'WantCompression' precisa conter um valor n├úo nulo ao sair do construtor. Considere adicionar o modificador "obrigat├│rio" ou declarar o propriedade como anul├ível. [D:\PROJETOS\LAUNCHER C#\launcher\L2Updater_g4gic3ee_wpftmp.csproj]
     3>D:\PROJETOS\LAUNCHER C#\launcher\Updater\HashZip\ZIPLib\Zip\ZipFile.cs(1114,10): warning CS8618: O evento n├úo anul├ível 'SaveProgress' precisa conter um valor n├úo nulo ao sair do construtor. Considere adicionar o modificador "obrigat├│rio" ou declarar o evento como anul├ível. [D:\PROJETOS\LAUNCHER C#\launcher\L2Updater_g4gic3ee_wpftmp.csproj]
     3>D:\PROJETOS\LAUNCHER C#\launcher\Updater\HashZip\ZIPLib\Zip\ZipFile.cs(1114,10): warning CS8618: O evento n├úo anul├ível 'ReadProgress' precisa conter um valor n├úo nulo ao sair do construtor. Considere adicionar o modificador "obrigat├│rio" ou declarar o evento como anul├ível. [D:\PROJETOS\LAUNCHER C#\launcher\L2Updater_g4gic3ee_wpftmp.csproj]
     3>D:\PROJETOS\LAUNCHER C#\launcher\Updater\HashZip\ZIPLib\Zip\ZipFile.cs(1114,10): warning CS8618: O evento n├úo anul├ível 'ExtractProgress' precisa conter um valor n├úo nulo ao sair do construtor. Considere adicionar o modificador "obrigat├│rio" ou declarar o evento como anul├ível. [D:\PROJETOS\LAUNCHER C#\launcher\L2Updater_g4gic3ee_wpftmp.csproj]
     3>D:\PROJETOS\LAUNCHER C#\launcher\Updater\HashZip\ZIPLib\Zip\ZipFile.cs(1114,10): warning CS8618: O evento n├úo anul├ível 'AddProgress' precisa conter um valor n├úo nulo ao sair do construtor. Considere adicionar o modificador "obrigat├│rio" ou declarar o evento como anul├ível. [D:\PROJETOS\LAUNCHER C#\launcher\L2Updater_g4gic3ee_wpftmp.csproj]
     3>D:\PROJETOS\LAUNCHER C#\launcher\Updater\HashZip\ZIPLib\Zip\ZipFile.cs(1114,10): warning CS8618: O evento n├úo anul├ível 'ZipError' precisa conter um valor n├úo nulo ao sair do construtor. Considere adicionar o modificador "obrigat├│rio" ou declarar o evento como anul├ível. [D:\PROJETOS\LAUNCHER C#\launcher\L2Updater_g4gic3ee_wpftmp.csproj]
     3>D:\PROJETOS\LAUNCHER C#\launcher\Updater\HashZip\ZIPLib\Zip\ZipFile.cs(1129,18): warning CS8625: N├úo ├® poss├¡vel converter um literal nulo em um tipo de refer├¬ncia n├úo anul├ível. [D:\PROJETOS\LAUNCHER C#\launcher\L2Updater_g4gic3ee_wpftmp.csproj]
     3>D:\PROJETOS\LAUNCHER C#\launcher\Updater\HashZip\ZIPLib\Zip\ZipFile.cs(1129,24): warning CS8625: N├úo ├® poss├¡vel converter um literal nulo em um tipo de refer├¬ncia n├úo anul├ível. [D:\PROJETOS\LAUNCHER C#\launcher\L2Updater_g4gic3ee_wpftmp.csproj]
     3>D:\PROJETOS\LAUNCHER C#\launcher\Updater\HashZip\ZIPLib\Zip\ZipFile.cs(1127,10): warning CS8618: O campo n├úo anul├ível '_StatusMessageTextWriter' precisa conter um valor n├úo nulo ao sair do construtor. Considere adicionar o modificador "obrigat├│rio" ou declarar o campo como anul├ível. [D:\PROJETOS\LAUNCHER C#\launcher\L2Updater_g4gic3ee_wpftmp.csproj]
     3>D:\PROJETOS\LAUNCHER C#\launcher\Updater\HashZip\ZIPLib\Zip\ZipFile.cs(1127,10): warning CS8618: O campo n├úo anul├ível '_readstream' precisa conter um valor n├úo nulo ao sair do construtor. Considere adicionar o modificador "obrigat├│rio" ou declarar o campo como anul├ível. [D:\PROJETOS\LAUNCHER C#\launcher\L2Updater_g4gic3ee_wpftmp.csproj]
     3>D:\PROJETOS\LAUNCHER C#\launcher\Updater\HashZip\ZIPLib\Zip\ZipFile.cs(1127,10): warning CS8618: O campo n├úo anul├ível '_writestream' precisa conter um valor n├úo nulo ao sair do construtor. Considere adicionar o modificador "obrigat├│rio" ou declarar o campo como anul├ível. [D:\PROJETOS\LAUNCHER C#\launcher\L2Updater_g4gic3ee_wpftmp.csproj]
     3>D:\PROJETOS\LAUNCHER C#\launcher\Updater\HashZip\ZIPLib\Zip\ZipFile.cs(1127,10): warning CS8618: O campo n├úo anul├ível '_entries' precisa conter um valor n├úo nulo ao sair do construtor. Considere adicionar o modificador "obrigat├│rio" ou declarar o campo como anul├ível. [D:\PROJETOS\LAUNCHER C#\launcher\L2Updater_g4gic3ee_wpftmp.csproj]
     3>D:\PROJETOS\LAUNCHER C#\launcher\Updater\HashZip\ZIPLib\Zip\ZipFile.cs(1127,10): warning CS8618: O campo n├úo anul├ível '_name' precisa conter um valor n├úo nulo ao sair do construtor. Considere adicionar o modificador "obrigat├│rio" ou declarar o campo como anul├ível. [D:\PROJETOS\LAUNCHER C#\launcher\L2Updater_g4gic3ee_wpftmp.csproj]
     3>D:\PROJETOS\LAUNCHER C#\launcher\Updater\HashZip\ZIPLib\Zip\ZipFile.cs(1127,10): warning CS8618: O campo n├úo anul├ível '_Comment' precisa conter um valor n├úo nulo ao sair do construtor. Considere adicionar o modificador "obrigat├│rio" ou declarar o campo como anul├ível. [D:\PROJETOS\LAUNCHER C#\launcher\L2Updater_g4gic3ee_wpftmp.csproj]
     3>D:\PROJETOS\LAUNCHER C#\launcher\Updater\HashZip\ZIPLib\Zip\ZipFile.cs(1127,10): warning CS8618: O campo n├úo anul├ível '_Password' precisa conter um valor n├úo nulo ao sair do construtor. Considere adicionar o modificador "obrigat├│rio" ou declarar o campo como anul├ível. [D:\PROJETOS\LAUNCHER C#\launcher\L2Updater_g4gic3ee_wpftmp.csproj]
     3>D:\PROJETOS\LAUNCHER C#\launcher\Updater\HashZip\ZIPLib\Zip\ZipFile.cs(1127,10): warning CS8618: O campo n├úo anul├ível '_temporaryFileName' precisa conter um valor n├úo nulo ao sair do construtor. Considere adicionar o modificador "obrigat├│rio" ou declarar o campo como anul├ível. [D:\PROJETOS\LAUNCHER C#\launcher\L2Updater_g4gic3ee_wpftmp.csproj]
     3>D:\PROJETOS\LAUNCHER C#\launcher\Updater\HashZip\ZIPLib\Zip\ZipFile.cs(1127,10): warning CS8618: O campo n├úo anul├ível '_TempFileFolder' precisa conter um valor n├úo nulo ao sair do construtor. Considere adicionar o modificador "obrigat├│rio" ou declarar o campo como anul├ível. [D:\PROJETOS\LAUNCHER C#\launcher\L2Updater_g4gic3ee_wpftmp.csproj]
     3>D:\PROJETOS\LAUNCHER C#\launcher\Updater\HashZip\ZIPLib\Zip\ZipFile.cs(1127,10): warning CS8618: O propriedade n├úo anul├ível 'WillReadTwiceOnInflation' precisa conter um valor n├úo nulo ao sair do construtor. Considere adicionar o modificador "obrigat├│rio" ou declarar o propriedade como anul├ível. [D:\PROJETOS\LAUNCHER C#\launcher\L2Updater_g4gic3ee_wpftmp.csproj]
     3>D:\PROJETOS\LAUNCHER C#\launcher\Updater\HashZip\ZIPLib\Zip\ZipFile.cs(1127,10): warning CS8618: O propriedade n├úo anul├ível 'WantCompression' precisa conter um valor n├úo nulo ao sair do construtor. Considere adicionar o modificador "obrigat├│rio" ou declarar o propriedade como anul├ível. [D:\PROJETOS\LAUNCHER C#\launcher\L2Updater_g4gic3ee_wpftmp.csproj]
     3>D:\PROJETOS\LAUNCHER C#\launcher\Updater\HashZip\ZIPLib\Zip\ZipFile.cs(1127,10): warning CS8618: O evento n├úo anul├ível 'SaveProgress' precisa conter um valor n├úo nulo ao sair do construtor. Considere adicionar o modificador "obrigat├│rio" ou declarar o evento como anul├ível. [D:\PROJETOS\LAUNCHER C#\launcher\L2Updater_g4gic3ee_wpftmp.csproj]
     3>D:\PROJETOS\LAUNCHER C#\launcher\Updater\HashZip\ZIPLib\Zip\ZipFile.cs(1127,10): warning CS8618: O evento n├úo anul├ível 'ReadProgress' precisa conter um valor n├úo nulo ao sair do construtor. Considere adicionar o modificador "obrigat├│rio" ou declarar o evento como anul├ível. [D:\PROJETOS\LAUNCHER C#\launcher\L2Updater_g4gic3ee_wpftmp.csproj]
     3>D:\PROJETOS\LAUNCHER C#\launcher\Updater\HashZip\ZIPLib\Zip\ZipFile.cs(1127,10): warning CS8618: O evento n├úo anul├ível 'ExtractProgress' precisa conter um valor n├úo nulo ao sair do construtor. Considere adicionar o modificador "obrigat├│rio" ou declarar o evento como anul├ível. [D:\PROJETOS\LAUNCHER C#\launcher\L2Updater_g4gic3ee_wpftmp.csproj]
     3>D:\PROJETOS\LAUNCHER C#\launcher\Updater\HashZip\ZIPLib\Zip\ZipFile.cs(1127,10): warning CS8618: O evento n├úo anul├ível 'AddProgress' precisa conter um valor n├úo nulo ao sair do construtor. Considere adicionar o modificador "obrigat├│rio" ou declarar o evento como anul├ível. [D:\PROJETOS\LAUNCHER C#\launcher\L2Updater_g4gic3ee_wpftmp.csproj]
     3>D:\PROJETOS\LAUNCHER C#\launcher\Updater\HashZip\ZIPLib\Zip\ZipFile.cs(1127,10): warning CS8618: O evento n├úo anul├ível 'ZipError' precisa conter um valor n├úo nulo ao sair do construtor. Considere adicionar o modificador "obrigat├│rio" ou declarar o evento como anul├ível. [D:\PROJETOS\LAUNCHER C#\launcher\L2Updater_g4gic3ee_wpftmp.csproj]
     3>D:\PROJETOS\LAUNCHER C#\launcher\Updater\HashZip\ZIPLib\Zip\ZipFile.cs(1134,18): warning CS8625: N├úo ├® poss├¡vel converter um literal nulo em um tipo de refer├¬ncia n├úo anul├ível. [D:\PROJETOS\LAUNCHER C#\launcher\L2Updater_g4gic3ee_wpftmp.csproj]
     3>D:\PROJETOS\LAUNCHER C#\launcher\Updater\HashZip\ZIPLib\Zip\ZipFile.cs(1134,24): warning CS8625: N├úo ├® poss├¡vel converter um literal nulo em um tipo de refer├¬ncia n├úo anul├ível. [D:\PROJETOS\LAUNCHER C#\launcher\L2Updater_g4gic3ee_wpftmp.csproj]
     3>D:\PROJETOS\LAUNCHER C#\launcher\Updater\HashZip\ZIPLib\Zip\ZipFile.cs(1132,10): warning CS8618: O campo n├úo anul├ível '_StatusMessageTextWriter' precisa conter um valor n├úo nulo ao sair do construtor. Considere adicionar o modificador "obrigat├│rio" ou declarar o campo como anul├ível. [D:\PROJETOS\LAUNCHER C#\launcher\L2Updater_g4gic3ee_wpftmp.csproj]
     3>D:\PROJETOS\LAUNCHER C#\launcher\Updater\HashZip\ZIPLib\Zip\ZipFile.cs(1132,10): warning CS8618: O campo n├úo anul├ível '_readstream' precisa conter um valor n├úo nulo ao sair do construtor. Considere adicionar o modificador "obrigat├│rio" ou declarar o campo como anul├ível. [D:\PROJETOS\LAUNCHER C#\launcher\L2Updater_g4gic3ee_wpftmp.csproj]
     3>D:\PROJETOS\LAUNCHER C#\launcher\Updater\HashZip\ZIPLib\Zip\ZipFile.cs(1132,10): warning CS8618: O campo n├úo anul├ível '_writestream' precisa conter um valor n├úo nulo ao sair do construtor. Considere adicionar o modificador "obrigat├│rio" ou declarar o campo como anul├ível. [D:\PROJETOS\LAUNCHER C#\launcher\L2Updater_g4gic3ee_wpftmp.csproj]
     3>D:\PROJETOS\LAUNCHER C#\launcher\Updater\HashZip\ZIPLib\Zip\ZipFile.cs(1132,10): warning CS8618: O campo n├úo anul├ível '_entries' precisa conter um valor n├úo nulo ao sair do construtor. Considere adicionar o modificador "obrigat├│rio" ou declarar o campo como anul├ível. [D:\PROJETOS\LAUNCHER C#\launcher\L2Updater_g4gic3ee_wpftmp.csproj]
     3>D:\PROJETOS\LAUNCHER C#\launcher\Updater\HashZip\ZIPLib\Zip\ZipFile.cs(1132,10): warning CS8618: O campo n├úo anul├ível '_name' precisa conter um valor n├úo nulo ao sair do construtor. Considere adicionar o modificador "obrigat├│rio" ou declarar o campo como anul├ível. [D:\PROJETOS\LAUNCHER C#\launcher\L2Updater_g4gic3ee_wpftmp.csproj]
     3>D:\PROJETOS\LAUNCHER C#\launcher\Updater\HashZip\ZIPLib\Zip\ZipFile.cs(1132,10): warning CS8618: O campo n├úo anul├ível '_Comment' precisa conter um valor n├úo nulo ao sair do construtor. Considere adicionar o modificador "obrigat├│rio" ou declarar o campo como anul├ível. [D:\PROJETOS\LAUNCHER C#\launcher\L2Updater_g4gic3ee_wpftmp.csproj]
     3>D:\PROJETOS\LAUNCHER C#\launcher\Updater\HashZip\ZIPLib\Zip\ZipFile.cs(1132,10): warning CS8618: O campo n├úo anul├ível '_Password' precisa conter um valor n├úo nulo ao sair do construtor. Considere adicionar o modificador "obrigat├│rio" ou declarar o campo como anul├ível. [D:\PROJETOS\LAUNCHER C#\launcher\L2Updater_g4gic3ee_wpftmp.csproj]
     3>D:\PROJETOS\LAUNCHER C#\launcher\Updater\HashZip\ZIPLib\Zip\ZipFile.cs(1132,10): warning CS8618: O campo n├úo anul├ível '_temporaryFileName' precisa conter um valor n├úo nulo ao sair do construtor. Considere adicionar o modificador "obrigat├│rio" ou declarar o campo como anul├ível. [D:\PROJETOS\LAUNCHER C#\launcher\L2Updater_g4gic3ee_wpftmp.csproj]
     3>D:\PROJETOS\LAUNCHER C#\launcher\Updater\HashZip\ZIPLib\Zip\ZipFile.cs(1132,10): warning CS8618: O campo n├úo anul├ível '_TempFileFolder' precisa conter um valor n├úo nulo ao sair do construtor. Considere adicionar o modificador "obrigat├│rio" ou declarar o campo como anul├ível. [D:\PROJETOS\LAUNCHER C#\launcher\L2Updater_g4gic3ee_wpftmp.csproj]
     3>D:\PROJETOS\LAUNCHER C#\launcher\Updater\HashZip\ZIPLib\Zip\ZipFile.cs(1132,10): warning CS8618: O propriedade n├úo anul├ível 'WillReadTwiceOnInflation' precisa conter um valor n├úo nulo ao sair do construtor. Considere adicionar o modificador "obrigat├│rio" ou declarar o propriedade como anul├ível. [D:\PROJETOS\LAUNCHER C#\launcher\L2Updater_g4gic3ee_wpftmp.csproj]
     3>D:\PROJETOS\LAUNCHER C#\launcher\Updater\HashZip\ZIPLib\Zip\ZipFile.cs(1132,10): warning CS8618: O propriedade n├úo anul├ível 'WantCompression' precisa conter um valor n├úo nulo ao sair do construtor. Considere adicionar o modificador "obrigat├│rio" ou declarar o propriedade como anul├ível. [D:\PROJETOS\LAUNCHER C#\launcher\L2Updater_g4gic3ee_wpftmp.csproj]
     3>D:\PROJETOS\LAUNCHER C#\launcher\Updater\HashZip\ZIPLib\Zip\ZipFile.cs(1132,10): warning CS8618: O evento n├úo anul├ível 'SaveProgress' precisa conter um valor n├úo nulo ao sair do construtor. Considere adicionar o modificador "obrigat├│rio" ou declarar o evento como anul├ível. [D:\PROJETOS\LAUNCHER C#\launcher\L2Updater_g4gic3ee_wpftmp.csproj]
     3>D:\PROJETOS\LAUNCHER C#\launcher\Updater\HashZip\ZIPLib\Zip\ZipFile.cs(1132,10): warning CS8618: O evento n├úo anul├ível 'ReadProgress' precisa conter um valor n├úo nulo ao sair do construtor. Considere adicionar o modificador "obrigat├│rio" ou declarar o evento como anul├ível. [D:\PROJETOS\LAUNCHER C#\launcher\L2Updater_g4gic3ee_wpftmp.csproj]
     3>D:\PROJETOS\LAUNCHER C#\launcher\Updater\HashZip\ZIPLib\Zip\ZipFile.cs(1132,10): warning CS8618: O evento n├úo anul├ível 'ExtractProgress' precisa conter um valor n├úo nulo ao sair do construtor. Considere adicionar o modificador "obrigat├│rio" ou declarar o evento como anul├ível. [D:\PROJETOS\LAUNCHER C#\launcher\L2Updater_g4gic3ee_wpftmp.csproj]
     3>D:\PROJETOS\LAUNCHER C#\launcher\Updater\HashZip\ZIPLib\Zip\ZipFile.cs(1132,10): warning CS8618: O evento n├úo anul├ível 'AddProgress' precisa conter um valor n├úo nulo ao sair do construtor. Considere adicionar o modificador "obrigat├│rio" ou declarar o evento como anul├ível. [D:\PROJETOS\LAUNCHER C#\launcher\L2Updater_g4gic3ee_wpftmp.csproj]
     3>D:\PROJETOS\LAUNCHER C#\launcher\Updater\HashZip\ZIPLib\Zip\ZipFile.cs(1132,10): warning CS8618: O evento n├úo anul├ível 'ZipError' precisa conter um valor n├úo nulo ao sair do construtor. Considere adicionar o modificador "obrigat├│rio" ou declarar o evento como anul├ível. [D:\PROJETOS\LAUNCHER C#\launcher\L2Updater_g4gic3ee_wpftmp.csproj]
     3>D:\PROJETOS\LAUNCHER C#\launcher\Updater\HashZip\ZIPLib\Zip\ZipFile.cs(1138,10): warning CS8618: O campo n├úo anul├ível '_StatusMessageTextWriter' precisa conter um valor n├úo nulo ao sair do construtor. Considere adicionar o modificador "obrigat├│rio" ou declarar o campo como anul├ível. [D:\PROJETOS\LAUNCHER C#\launcher\L2Updater_g4gic3ee_wpftmp.csproj]
     3>D:\PROJETOS\LAUNCHER C#\launcher\Updater\HashZip\ZIPLib\Zip\ZipFile.cs(1138,10): warning CS8618: O campo n├úo anul├ível '_readstream' precisa conter um valor n├úo nulo ao sair do construtor. Considere adicionar o modificador "obrigat├│rio" ou declarar o campo como anul├ível. [D:\PROJETOS\LAUNCHER C#\launcher\L2Updater_g4gic3ee_wpftmp.csproj]
     3>D:\PROJETOS\LAUNCHER C#\launcher\Updater\HashZip\ZIPLib\Zip\ZipFile.cs(1138,10): warning CS8618: O campo n├úo anul├ível '_writestream' precisa conter um valor n├úo nulo ao sair do construtor. Considere adicionar o modificador "obrigat├│rio" ou declarar o campo como anul├ível. [D:\PROJETOS\LAUNCHER C#\launcher\L2Updater_g4gic3ee_wpftmp.csproj]
     3>D:\PROJETOS\LAUNCHER C#\launcher\Updater\HashZip\ZIPLib\Zip\ZipFile.cs(1138,10): warning CS8618: O campo n├úo anul├ível '_entries' precisa conter um valor n├úo nulo ao sair do construtor. Considere adicionar o modificador "obrigat├│rio" ou declarar o campo como anul├ível. [D:\PROJETOS\LAUNCHER C#\launcher\L2Updater_g4gic3ee_wpftmp.csproj]
     3>D:\PROJETOS\LAUNCHER C#\launcher\Updater\HashZip\ZIPLib\Zip\ZipFile.cs(1138,10): warning CS8618: O campo n├úo anul├ível '_name' precisa conter um valor n├úo nulo ao sair do construtor. Considere adicionar o modificador "obrigat├│rio" ou declarar o campo como anul├ível. [D:\PROJETOS\LAUNCHER C#\launcher\L2Updater_g4gic3ee_wpftmp.csproj]
     3>D:\PROJETOS\LAUNCHER C#\launcher\Updater\HashZip\ZIPLib\Zip\ZipFile.cs(1138,10): warning CS8618: O campo n├úo anul├ível '_Comment' precisa conter um valor n├úo nulo ao sair do construtor. Considere adicionar o modificador "obrigat├│rio" ou declarar o campo como anul├ível. [D:\PROJETOS\LAUNCHER C#\launcher\L2Updater_g4gic3ee_wpftmp.csproj]
     3>D:\PROJETOS\LAUNCHER C#\launcher\Updater\HashZip\ZIPLib\Zip\ZipFile.cs(1138,10): warning CS8618: O campo n├úo anul├ível '_Password' precisa conter um valor n├úo nulo ao sair do construtor. Considere adicionar o modificador "obrigat├│rio" ou declarar o campo como anul├ível. [D:\PROJETOS\LAUNCHER C#\launcher\L2Updater_g4gic3ee_wpftmp.csproj]
     3>D:\PROJETOS\LAUNCHER C#\launcher\Updater\HashZip\ZIPLib\Zip\ZipFile.cs(1138,10): warning CS8618: O campo n├úo anul├ível '_temporaryFileName' precisa conter um valor n├úo nulo ao sair do construtor. Considere adicionar o modificador "obrigat├│rio" ou declarar o campo como anul├ível. [D:\PROJETOS\LAUNCHER C#\launcher\L2Updater_g4gic3ee_wpftmp.csproj]
     3>D:\PROJETOS\LAUNCHER C#\launcher\Updater\HashZip\ZIPLib\Zip\ZipFile.cs(1138,10): warning CS8618: O campo n├úo anul├ível '_TempFileFolder' precisa conter um valor n├úo nulo ao sair do construtor. Considere adicionar o modificador "obrigat├│rio" ou declarar o campo como anul├ível. [D:\PROJETOS\LAUNCHER C#\launcher\L2Updater_g4gic3ee_wpftmp.csproj]
     3>D:\PROJETOS\LAUNCHER C#\launcher\Updater\HashZip\ZIPLib\Zip\ZipFile.cs(1138,10): warning CS8618: O propriedade n├úo anul├ível 'WillReadTwiceOnInflation' precisa conter um valor n├úo nulo ao sair do construtor. Considere adicionar o modificador "obrigat├│rio" ou declarar o propriedade como anul├ível. [D:\PROJETOS\LAUNCHER C#\launcher\L2Updater_g4gic3ee_wpftmp.csproj]
     3>D:\PROJETOS\LAUNCHER C#\launcher\Updater\HashZip\ZIPLib\Zip\ZipFile.cs(1138,10): warning CS8618: O propriedade n├úo anul├ível 'WantCompression' precisa conter um valor n├úo nulo ao sair do construtor. Considere adicionar o modificador "obrigat├│rio" ou declarar o propriedade como anul├ível. [D:\PROJETOS\LAUNCHER C#\launcher\L2Updater_g4gic3ee_wpftmp.csproj]
     3>D:\PROJETOS\LAUNCHER C#\launcher\Updater\HashZip\ZIPLib\Zip\ZipFile.cs(1138,10): warning CS8618: O evento n├úo anul├ível 'SaveProgress' precisa conter um valor n├úo nulo ao sair do construtor. Considere adicionar o modificador "obrigat├│rio" ou declarar o evento como anul├ível. [D:\PROJETOS\LAUNCHER C#\launcher\L2Updater_g4gic3ee_wpftmp.csproj]
     3>D:\PROJETOS\LAUNCHER C#\launcher\Updater\HashZip\ZIPLib\Zip\ZipFile.cs(1138,10): warning CS8618: O evento n├úo anul├ível 'ReadProgress' precisa conter um valor n├úo nulo ao sair do construtor. Considere adicionar o modificador "obrigat├│rio" ou declarar o evento como anul├ível. [D:\PROJETOS\LAUNCHER C#\launcher\L2Updater_g4gic3ee_wpftmp.csproj]
     3>D:\PROJETOS\LAUNCHER C#\launcher\Updater\HashZip\ZIPLib\Zip\ZipFile.cs(1138,10): warning CS8618: O evento n├úo anul├ível 'ExtractProgress' precisa conter um valor n├úo nulo ao sair do construtor. Considere adicionar o modificador "obrigat├│rio" ou declarar o evento como anul├ível. [D:\PROJETOS\LAUNCHER C#\launcher\L2Updater_g4gic3ee_wpftmp.csproj]
     3>D:\PROJETOS\LAUNCHER C#\launcher\Updater\HashZip\ZIPLib\Zip\ZipFile.cs(1138,10): warning CS8618: O evento n├úo anul├ível 'AddProgress' precisa conter um valor n├úo nulo ao sair do construtor. Considere adicionar o modificador "obrigat├│rio" ou declarar o evento como anul├ível. [D:\PROJETOS\LAUNCHER C#\launcher\L2Updater_g4gic3ee_wpftmp.csproj]
     3>D:\PROJETOS\LAUNCHER C#\launcher\Updater\HashZip\ZIPLib\Zip\ZipFile.cs(1138,10): warning CS8618: O evento n├úo anul├ível 'ZipError' precisa conter um valor n├úo nulo ao sair do construtor. Considere adicionar o modificador "obrigat├│rio" ou declarar o evento como anul├ível. [D:\PROJETOS\LAUNCHER C#\launcher\L2Updater_g4gic3ee_wpftmp.csproj]
     3>D:\PROJETOS\LAUNCHER C#\launcher\Updater\HashZip\ZIPLib\Zip\ZipEntry.cs(952,24): warning CS8600: Convers├úo de literal nula ou poss├¡vel valor nulo em tipo n├úo anul├ível. [D:\PROJETOS\LAUNCHER C#\launcher\L2Updater_g4gic3ee_wpftmp.csproj]
     3>D:\PROJETOS\LAUNCHER C#\launcher\Updater\HashZip\ZIPLib\Zip\ZipEntry.cs(953,20): warning CS8600: Convers├úo de literal nula ou poss├¡vel valor nulo em tipo n├úo anul├ível. [D:\PROJETOS\LAUNCHER C#\launcher\L2Updater_g4gic3ee_wpftmp.csproj]
     3>D:\PROJETOS\LAUNCHER C#\launcher\Updater\HashZip\ZIPLib\Zip\ZipEntry.cs(986,33): warning CS8604: Poss├¡vel argumento de refer├¬ncia nula para o par├ómetro 'path' em 'DirectoryInfo Directory.CreateDirectory(string path)'. [D:\PROJETOS\LAUNCHER C#\launcher\L2Updater_g4gic3ee_wpftmp.csproj]
     3>D:\PROJETOS\LAUNCHER C#\launcher\Updater\HashZip\ZIPLib\Zip\ZipEntry.cs(1027,15): warning CS8600: Convers├úo de literal nula ou poss├¡vel valor nulo em tipo n├úo anul├ível. [D:\PROJETOS\LAUNCHER C#\launcher\L2Updater_g4gic3ee_wpftmp.csproj]
     3>D:\PROJETOS\LAUNCHER C#\launcher\Updater\HashZip\ZIPLib\Zip\ZipEntry.cs(1031,30): warning CS8600: Convers├úo de literal nula ou poss├¡vel valor nulo em tipo n├úo anul├ível. [D:\PROJETOS\LAUNCHER C#\launcher\L2Updater_g4gic3ee_wpftmp.csproj]
     3>D:\PROJETOS\LAUNCHER C#\launcher\Updater\HashZip\ZIPLib\Zip\ZipEntry.cs(1032,20): warning CS8604: Poss├¡vel argumento de refer├¬ncia nula para o par├ómetro 'fileName' em 'ZipEntry ZipFile.this[string fileName]'. [D:\PROJETOS\LAUNCHER C#\launcher\L2Updater_g4gic3ee_wpftmp.csproj]
     3>D:\PROJETOS\LAUNCHER C#\launcher\Updater\HashZip\ZIPLib\Zip\ZipEntry.cs(1034,18): warning CS8604: Poss├¡vel argumento de refer├¬ncia nula para o par├ómetro 'fileOrDirectory' em 'void ZipEntry._SetTimes(string fileOrDirectory, bool isFile)'. [D:\PROJETOS\LAUNCHER C#\launcher\L2Updater_g4gic3ee_wpftmp.csproj]
     3>D:\PROJETOS\LAUNCHER C#\launcher\Updater\HashZip\ZIPLib\Zip\ZipFile.cs(1150,10): warning CS8618: O campo n├úo anul├ível '_StatusMessageTextWriter' precisa conter um valor n├úo nulo ao sair do construtor. Considere adicionar o modificador "obrigat├│rio" ou declarar o campo como anul├ível. [D:\PROJETOS\LAUNCHER C#\launcher\L2Updater_g4gic3ee_wpftmp.csproj]
     3>D:\PROJETOS\LAUNCHER C#\launcher\Updater\HashZip\ZIPLib\Zip\ZipFile.cs(1150,10): warning CS8618: O campo n├úo anul├ível '_readstream' precisa conter um valor n├úo nulo ao sair do construtor. Considere adicionar o modificador "obrigat├│rio" ou declarar o campo como anul├ível. [D:\PROJETOS\LAUNCHER C#\launcher\L2Updater_g4gic3ee_wpftmp.csproj]
     3>D:\PROJETOS\LAUNCHER C#\launcher\Updater\HashZip\ZIPLib\Zip\ZipFile.cs(1150,10): warning CS8618: O campo n├úo anul├ível '_writestream' precisa conter um valor n├úo nulo ao sair do construtor. Considere adicionar o modificador "obrigat├│rio" ou declarar o campo como anul├ível. [D:\PROJETOS\LAUNCHER C#\launcher\L2Updater_g4gic3ee_wpftmp.csproj]
     3>D:\PROJETOS\LAUNCHER C#\launcher\Updater\HashZip\ZIPLib\Zip\ZipFile.cs(1150,10): warning CS8618: O campo n├úo anul├ível '_entries' precisa conter um valor n├úo nulo ao sair do construtor. Considere adicionar o modificador "obrigat├│rio" ou declarar o campo como anul├ível. [D:\PROJETOS\LAUNCHER C#\launcher\L2Updater_g4gic3ee_wpftmp.csproj]
     3>D:\PROJETOS\LAUNCHER C#\launcher\Updater\HashZip\ZIPLib\Zip\ZipFile.cs(1150,10): warning CS8618: O campo n├úo anul├ível '_name' precisa conter um valor n├úo nulo ao sair do construtor. Considere adicionar o modificador "obrigat├│rio" ou declarar o campo como anul├ível. [D:\PROJETOS\LAUNCHER C#\launcher\L2Updater_g4gic3ee_wpftmp.csproj]
     3>D:\PROJETOS\LAUNCHER C#\launcher\Updater\HashZip\ZIPLib\Zip\ZipFile.cs(1150,10): warning CS8618: O campo n├úo anul├ível '_Comment' precisa conter um valor n├úo nulo ao sair do construtor. Considere adicionar o modificador "obrigat├│rio" ou declarar o campo como anul├ível. [D:\PROJETOS\LAUNCHER C#\launcher\L2Updater_g4gic3ee_wpftmp.csproj]
     3>D:\PROJETOS\LAUNCHER C#\launcher\Updater\HashZip\ZIPLib\Zip\ZipFile.cs(1150,10): warning CS8618: O campo n├úo anul├ível '_Password' precisa conter um valor n├úo nulo ao sair do construtor. Considere adicionar o modificador "obrigat├│rio" ou declarar o campo como anul├ível. [D:\PROJETOS\LAUNCHER C#\launcher\L2Updater_g4gic3ee_wpftmp.csproj]
     3>D:\PROJETOS\LAUNCHER C#\launcher\Updater\HashZip\ZIPLib\Zip\ZipFile.cs(1150,10): warning CS8618: O campo n├úo anul├ível '_temporaryFileName' precisa conter um valor n├úo nulo ao sair do construtor. Considere adicionar o modificador "obrigat├│rio" ou declarar o campo como anul├ível. [D:\PROJETOS\LAUNCHER C#\launcher\L2Updater_g4gic3ee_wpftmp.csproj]
     3>D:\PROJETOS\LAUNCHER C#\launcher\Updater\HashZip\ZIPLib\Zip\ZipFile.cs(1150,10): warning CS8618: O campo n├úo anul├ível '_TempFileFolder' precisa conter um valor n├úo nulo ao sair do construtor. Considere adicionar o modificador "obrigat├│rio" ou declarar o campo como anul├ível. [D:\PROJETOS\LAUNCHER C#\launcher\L2Updater_g4gic3ee_wpftmp.csproj]
     3>D:\PROJETOS\LAUNCHER C#\launcher\Updater\HashZip\ZIPLib\Zip\ZipFile.cs(1150,10): warning CS8618: O propriedade n├úo anul├ível 'WillReadTwiceOnInflation' precisa conter um valor n├úo nulo ao sair do construtor. Considere adicionar o modificador "obrigat├│rio" ou declarar o propriedade como anul├ível. [D:\PROJETOS\LAUNCHER C#\launcher\L2Updater_g4gic3ee_wpftmp.csproj]
     3>D:\PROJETOS\LAUNCHER C#\launcher\Updater\HashZip\ZIPLib\Zip\ZipFile.cs(1150,10): warning CS8618: O propriedade n├úo anul├ível 'WantCompression' precisa conter um valor n├úo nulo ao sair do construtor. Considere adicionar o modificador "obrigat├│rio" ou declarar o propriedade como anul├ível. [D:\PROJETOS\LAUNCHER C#\launcher\L2Updater_g4gic3ee_wpftmp.csproj]
     3>D:\PROJETOS\LAUNCHER C#\launcher\Updater\HashZip\ZIPLib\Zip\ZipFile.cs(1150,10): warning CS8618: O evento n├úo anul├ível 'SaveProgress' precisa conter um valor n├úo nulo ao sair do construtor. Considere adicionar o modificador "obrigat├│rio" ou declarar o evento como anul├ível. [D:\PROJETOS\LAUNCHER C#\launcher\L2Updater_g4gic3ee_wpftmp.csproj]
     3>D:\PROJETOS\LAUNCHER C#\launcher\Updater\HashZip\ZIPLib\Zip\ZipFile.cs(1150,10): warning CS8618: O evento n├úo anul├ível 'ReadProgress' precisa conter um valor n├úo nulo ao sair do construtor. Considere adicionar o modificador "obrigat├│rio" ou declarar o evento como anul├ível. [D:\PROJETOS\LAUNCHER C#\launcher\L2Updater_g4gic3ee_wpftmp.csproj]
     3>D:\PROJETOS\LAUNCHER C#\launcher\Updater\HashZip\ZIPLib\Zip\ZipFile.cs(1150,10): warning CS8618: O evento n├úo anul├ível 'ExtractProgress' precisa conter um valor n├úo nulo ao sair do construtor. Considere adicionar o modificador "obrigat├│rio" ou declarar o evento como anul├ível. [D:\PROJETOS\LAUNCHER C#\launcher\L2Updater_g4gic3ee_wpftmp.csproj]
     3>D:\PROJETOS\LAUNCHER C#\launcher\Updater\HashZip\ZIPLib\Zip\ZipFile.cs(1150,10): warning CS8618: O evento n├úo anul├ível 'AddProgress' precisa conter um valor n├úo nulo ao sair do construtor. Considere adicionar o modificador "obrigat├│rio" ou declarar o evento como anul├ível. [D:\PROJETOS\LAUNCHER C#\launcher\L2Updater_g4gic3ee_wpftmp.csproj]
     3>D:\PROJETOS\LAUNCHER C#\launcher\Updater\HashZip\ZIPLib\Zip\ZipFile.cs(1150,10): warning CS8618: O evento n├úo anul├ível 'ZipError' precisa conter um valor n├úo nulo ao sair do construtor. Considere adicionar o modificador "obrigat├│rio" ou declarar o evento como anul├ível. [D:\PROJETOS\LAUNCHER C#\launcher\L2Updater_g4gic3ee_wpftmp.csproj]
     3>D:\PROJETOS\LAUNCHER C#\launcher\Updater\HashZip\ZIPLib\Zip\ZipFile.cs(1167,29): warning CS8625: N├úo ├® poss├¡vel converter um literal nulo em um tipo de refer├¬ncia n├úo anul├ível. [D:\PROJETOS\LAUNCHER C#\launcher\L2Updater_g4gic3ee_wpftmp.csproj]
     3>D:\PROJETOS\LAUNCHER C#\launcher\Updater\HashZip\ZIPLib\Zip\ZipEntry.cs(1113,10): warning CS0219: A vari├ível "flag" ├® atribu├¡da, mas seu valor nunca ├® usado [D:\PROJETOS\LAUNCHER C#\launcher\L2Updater_g4gic3ee_wpftmp.csproj]
     3>D:\PROJETOS\LAUNCHER C#\launcher\Updater\HashZip\ZIPLib\Zip\ZipFile.cs(1208,56): warning CS8625: N├úo ├® poss├¡vel converter um literal nulo em um tipo de refer├¬ncia n├úo anul├ível. [D:\PROJETOS\LAUNCHER C#\launcher\L2Updater_g4gic3ee_wpftmp.csproj]
     3>D:\PROJETOS\LAUNCHER C#\launcher\Updater\HashZip\ZIPLib\Zip\ZipFile.cs(1239,20): warning CS8625: N├úo ├® poss├¡vel converter um literal nulo em um tipo de refer├¬ncia n├úo anul├ível. [D:\PROJETOS\LAUNCHER C#\launcher\L2Updater_g4gic3ee_wpftmp.csproj]
     3>D:\PROJETOS\LAUNCHER C#\launcher\Updater\HashZip\ZIPLib\Zip\ZipFile.cs(1244,21): warning CS8625: N├úo ├® poss├¡vel converter um literal nulo em um tipo de refer├¬ncia n├úo anul├ível. [D:\PROJETOS\LAUNCHER C#\launcher\L2Updater_g4gic3ee_wpftmp.csproj]
     3>D:\PROJETOS\LAUNCHER C#\launcher\Updater\HashZip\ZIPLib\Zip\ZipEntry.cs(1132,20): warning CS8600: Convers├úo de literal nula ou poss├¡vel valor nulo em tipo n├úo anul├ível. [D:\PROJETOS\LAUNCHER C#\launcher\L2Updater_g4gic3ee_wpftmp.csproj]
     3>D:\PROJETOS\LAUNCHER C#\launcher\Updater\HashZip\ZIPLib\Zip\ZipEntry.cs(1254,18): warning CS8625: N├úo ├® poss├¡vel converter um literal nulo em um tipo de refer├¬ncia n├úo anul├ível. [D:\PROJETOS\LAUNCHER C#\launcher\L2Updater_g4gic3ee_wpftmp.csproj]
     3>D:\PROJETOS\LAUNCHER C#\launcher\Updater\HashZip\ZIPLib\Zip\ZipEntry.cs(1420,33): warning CS8625: N├úo ├® poss├¡vel converter um literal nulo em um tipo de refer├¬ncia n├úo anul├ível. [D:\PROJETOS\LAUNCHER C#\launcher\L2Updater_g4gic3ee_wpftmp.csproj]
     3>D:\PROJETOS\LAUNCHER C#\launcher\Updater\HashZip\ZIPLib\Zip\ZipEntry.cs(1427,12): warning CS8603: Poss├¡vel retorno de refer├¬ncia nula. [D:\PROJETOS\LAUNCHER C#\launcher\L2Updater_g4gic3ee_wpftmp.csproj]
     3>D:\PROJETOS\LAUNCHER C#\launcher\Updater\HashZip\ZIPLib\Zip\ZipFile.cs(1668,26): warning CS8625: N├úo ├® poss├¡vel converter um literal nulo em um tipo de refer├¬ncia n├úo anul├ível. [D:\PROJETOS\LAUNCHER C#\launcher\L2Updater_g4gic3ee_wpftmp.csproj]
     3>D:\PROJETOS\LAUNCHER C#\launcher\Updater\HashZip\ZIPLib\Zip\ZipFile.cs(1673,26): warning CS8625: N├úo ├® poss├¡vel converter um literal nulo em um tipo de refer├¬ncia n├úo anul├ível. [D:\PROJETOS\LAUNCHER C#\launcher\L2Updater_g4gic3ee_wpftmp.csproj]
     3>D:\PROJETOS\LAUNCHER C#\launcher\Updater\HashZip\ZIPLib\Zip\ZipFile.cs(1688,26): warning CS8625: N├úo ├® poss├¡vel converter um literal nulo em um tipo de refer├¬ncia n├úo anul├ível. [D:\PROJETOS\LAUNCHER C#\launcher\L2Updater_g4gic3ee_wpftmp.csproj]
     3>D:\PROJETOS\LAUNCHER C#\launcher\Updater\HashZip\ZIPLib\Zip\ZipFile.cs(1693,26): warning CS8625: N├úo ├® poss├¡vel converter um literal nulo em um tipo de refer├¬ncia n├úo anul├ível. [D:\PROJETOS\LAUNCHER C#\launcher\L2Updater_g4gic3ee_wpftmp.csproj]
     3>D:\PROJETOS\LAUNCHER C#\launcher\Updater\HashZip\ZIPLib\Zip\ZipFile.cs(1698,57): warning CS8625: N├úo ├® poss├¡vel converter um literal nulo em um tipo de refer├¬ncia n├úo anul├ível. [D:\PROJETOS\LAUNCHER C#\launcher\L2Updater_g4gic3ee_wpftmp.csproj]
     3>D:\PROJETOS\LAUNCHER C#\launcher\Updater\HashZip\ZIPLib\Zip\ZipFile.cs(1729,27): warning CS8625: N├úo ├® poss├¡vel converter um literal nulo em um tipo de refer├¬ncia n├úo anul├ível. [D:\PROJETOS\LAUNCHER C#\launcher\L2Updater_g4gic3ee_wpftmp.csproj]
     3>D:\PROJETOS\LAUNCHER C#\launcher\Updater\HashZip\ZIPLib\Zip\ZipFile.cs(1734,27): warning CS8625: N├úo ├® poss├¡vel converter um literal nulo em um tipo de refer├¬ncia n├úo anul├ível. [D:\PROJETOS\LAUNCHER C#\launcher\L2Updater_g4gic3ee_wpftmp.csproj]
     3>D:\PROJETOS\LAUNCHER C#\launcher\Updater\HashZip\ZIPLib\Zip\ZipFile.cs(1749,27): warning CS8625: N├úo ├® poss├¡vel converter um literal nulo em um tipo de refer├¬ncia n├úo anul├ível. [D:\PROJETOS\LAUNCHER C#\launcher\L2Updater_g4gic3ee_wpftmp.csproj]
     3>D:\PROJETOS\LAUNCHER C#\launcher\Updater\HashZip\ZIPLib\Zip\ZipFile.cs(1754,27): warning CS8625: N├úo ├® poss├¡vel converter um literal nulo em um tipo de refer├¬ncia n├úo anul├ível. [D:\PROJETOS\LAUNCHER C#\launcher\L2Updater_g4gic3ee_wpftmp.csproj]
     3>D:\PROJETOS\LAUNCHER C#\launcher\Updater\HashZip\ZIPLib\Zip\ZipFile.cs(1759,58): warning CS8625: N├úo ├® poss├¡vel converter um literal nulo em um tipo de refer├¬ncia n├úo anul├ível. [D:\PROJETOS\LAUNCHER C#\launcher\L2Updater_g4gic3ee_wpftmp.csproj]
     3>D:\PROJETOS\LAUNCHER C#\launcher\Updater\HashZip\ZIPLib\Zip\ZipFile.cs(1787,24): warning CS8625: N├úo ├® poss├¡vel converter um literal nulo em um tipo de refer├¬ncia n├úo anul├ível. [D:\PROJETOS\LAUNCHER C#\launcher\L2Updater_g4gic3ee_wpftmp.csproj]
     3>D:\PROJETOS\LAUNCHER C#\launcher\Updater\HashZip\ZIPLib\Zip\ZipFile.cs(1879,24): warning CS8625: N├úo ├® poss├¡vel converter um literal nulo em um tipo de refer├¬ncia n├úo anul├ível. [D:\PROJETOS\LAUNCHER C#\launcher\L2Updater_g4gic3ee_wpftmp.csproj]
     3>D:\PROJETOS\LAUNCHER C#\launcher\Updater\HashZip\ZIPLib\Zip\ZipEntry.cs(1674,25): warning CS8629: O tipo de valor de nulidade pode ser nulo. [D:\PROJETOS\LAUNCHER C#\launcher\L2Updater_g4gic3ee_wpftmp.csproj]
     3>D:\PROJETOS\LAUNCHER C#\launcher\Updater\HashZip\ZIPLib\Zip\ZipEntry.cs(1763,26): warning CS8602: Desrefer├¬ncia de uma refer├¬ncia possivelmente nula. [D:\PROJETOS\LAUNCHER C#\launcher\L2Updater_g4gic3ee_wpftmp.csproj]
     3>D:\PROJETOS\LAUNCHER C#\launcher\Updater\HashZip\ZIPLib\Zip\ZipFile.cs(1922,34): warning CS8625: N├úo ├® poss├¡vel converter um literal nulo em um tipo de refer├¬ncia n├úo anul├ível. [D:\PROJETOS\LAUNCHER C#\launcher\L2Updater_g4gic3ee_wpftmp.csproj]
     3>D:\PROJETOS\LAUNCHER C#\launcher\Updater\HashZip\ZIPLib\Zip\ZipEntry.cs(1854,20): warning CS8600: Convers├úo de literal nula ou poss├¡vel valor nulo em tipo n├úo anul├ível. [D:\PROJETOS\LAUNCHER C#\launcher\L2Updater_g4gic3ee_wpftmp.csproj]
     3>D:\PROJETOS\LAUNCHER C#\launcher\Updater\HashZip\ZIPLib\Zip\ZipEntry.cs(1870,11): warning CS8603: Poss├¡vel retorno de refer├¬ncia nula. [D:\PROJETOS\LAUNCHER C#\launcher\L2Updater_g4gic3ee_wpftmp.csproj]
     3>D:\PROJETOS\LAUNCHER C#\launcher\Updater\HashZip\ZIPLib\Zip\ZipFile.cs(2003,19): warning CS8600: Convers├úo de literal nula ou poss├¡vel valor nulo em tipo n├úo anul├ível. [D:\PROJETOS\LAUNCHER C#\launcher\L2Updater_g4gic3ee_wpftmp.csproj]
     3>D:\PROJETOS\LAUNCHER C#\launcher\Updater\HashZip\ZIPLib\Zip\ZipEntry.cs(1888,19): warning CS8600: Convers├úo de literal nula ou poss├¡vel valor nulo em tipo n├úo anul├ível. [D:\PROJETOS\LAUNCHER C#\launcher\L2Updater_g4gic3ee_wpftmp.csproj]
     3>D:\PROJETOS\LAUNCHER C#\launcher\Updater\HashZip\ZIPLib\Zip\ZipEntry.cs(1908,20): warning CS8625: N├úo ├® poss├¡vel converter um literal nulo em um tipo de refer├¬ncia n├úo anul├ível. [D:\PROJETOS\LAUNCHER C#\launcher\L2Updater_g4gic3ee_wpftmp.csproj]
     3>D:\PROJETOS\LAUNCHER C#\launcher\Updater\HashZip\ZIPLib\Zip\ZipFile.cs(2109,43): warning CS8625: N├úo ├® poss├¡vel converter um literal nulo em um tipo de refer├¬ncia n├úo anul├ível. [D:\PROJETOS\LAUNCHER C#\launcher\L2Updater_g4gic3ee_wpftmp.csproj]
     3>D:\PROJETOS\LAUNCHER C#\launcher\Updater\HashZip\ZIPLib\Zip\ZipFile.cs(2175,15): warning CS8629: O tipo de valor de nulidade pode ser nulo. [D:\PROJETOS\LAUNCHER C#\launcher\L2Updater_g4gic3ee_wpftmp.csproj]
     3>D:\PROJETOS\LAUNCHER C#\launcher\Updater\HashZip\ZIPLib\Zip\ZipFile.cs(2194,19): warning CS8625: N├úo ├® poss├¡vel converter um literal nulo em um tipo de refer├¬ncia n├úo anul├ível. [D:\PROJETOS\LAUNCHER C#\launcher\L2Updater_g4gic3ee_wpftmp.csproj]
     3>D:\PROJETOS\LAUNCHER C#\launcher\Updater\HashZip\ZIPLib\Zip\ZipFile.cs(2202,20): warning CS8625: N├úo ├® poss├¡vel converter um literal nulo em um tipo de refer├¬ncia n├úo anul├ível. [D:\PROJETOS\LAUNCHER C#\launcher\L2Updater_g4gic3ee_wpftmp.csproj]
     3>D:\PROJETOS\LAUNCHER C#\launcher\Updater\HashZip\ZIPLib\Zip\ZipFile.cs(2268,19): warning CS8625: N├úo ├® poss├¡vel converter um literal nulo em um tipo de refer├¬ncia n├úo anul├ível. [D:\PROJETOS\LAUNCHER C#\launcher\L2Updater_g4gic3ee_wpftmp.csproj]
     3>D:\PROJETOS\LAUNCHER C#\launcher\Updater\HashZip\ZIPLib\Zip\ZipFile.cs(2270,25): warning CS8625: N├úo ├® poss├¡vel converter um literal nulo em um tipo de refer├¬ncia n├úo anul├ível. [D:\PROJETOS\LAUNCHER C#\launcher\L2Updater_g4gic3ee_wpftmp.csproj]
     3>D:\PROJETOS\LAUNCHER C#\launcher\Updater\HashZip\ZIPLib\Zip\ZipFile.cs(2277,20): warning CS8625: N├úo ├® poss├¡vel converter um literal nulo em um tipo de refer├¬ncia n├úo anul├ível. [D:\PROJETOS\LAUNCHER C#\launcher\L2Updater_g4gic3ee_wpftmp.csproj]
     3>D:\PROJETOS\LAUNCHER C#\launcher\Updater\HashZip\ZIPLib\Zip\ZipEntry.cs(2138,21): warning CS8600: Convers├úo de literal nula ou poss├¡vel valor nulo em tipo n├úo anul├ível. [D:\PROJETOS\LAUNCHER C#\launcher\L2Updater_g4gic3ee_wpftmp.csproj]
     3>D:\PROJETOS\LAUNCHER C#\launcher\Updater\HashZip\ZIPLib\Zip\ZipFile.cs(2295,12): warning CS8625: N├úo ├® poss├¡vel converter um literal nulo em um tipo de refer├¬ncia n├úo anul├ível. [D:\PROJETOS\LAUNCHER C#\launcher\L2Updater_g4gic3ee_wpftmp.csproj]
     3>D:\PROJETOS\LAUNCHER C#\launcher\Updater\HashZip\ZIPLib\Zip\ZipFile.cs(2304,36): warning CS8600: Convers├úo de literal nula ou poss├¡vel valor nulo em tipo n├úo anul├ível. [D:\PROJETOS\LAUNCHER C#\launcher\L2Updater_g4gic3ee_wpftmp.csproj]
     3>D:\PROJETOS\LAUNCHER C#\launcher\Updater\HashZip\ZIPLib\Zip\ZipFile.cs(2388,19): warning CS8600: Convers├úo de literal nula ou poss├¡vel valor nulo em tipo n├úo anul├ível. [D:\PROJETOS\LAUNCHER C#\launcher\L2Updater_g4gic3ee_wpftmp.csproj]
     3>D:\PROJETOS\LAUNCHER C#\launcher\Updater\HashZip\ZIPLib\Zip\ZipFile.cs(2456,28): warning CS8602: Desrefer├¬ncia de uma refer├¬ncia possivelmente nula. [D:\PROJETOS\LAUNCHER C#\launcher\L2Updater_g4gic3ee_wpftmp.csproj]
     3>D:\PROJETOS\LAUNCHER C#\launcher\Updater\HashZip\ZIPLib\Zip\ZipFile.cs(2466,45): warning CS8625: N├úo ├® poss├¡vel converter um literal nulo em um tipo de refer├¬ncia n├úo anul├ível. [D:\PROJETOS\LAUNCHER C#\launcher\L2Updater_g4gic3ee_wpftmp.csproj]
     3>D:\PROJETOS\LAUNCHER C#\launcher\Updater\HashZip\ZIPLib\Zip\ZipFile.cs(2466,51): warning CS8625: N├úo ├® poss├¡vel converter um literal nulo em um tipo de refer├¬ncia n├úo anul├ível. [D:\PROJETOS\LAUNCHER C#\launcher\L2Updater_g4gic3ee_wpftmp.csproj]
     3>D:\PROJETOS\LAUNCHER C#\launcher\Updater\HashZip\ZIPLib\Zip\ZipFile.cs(2466,57): warning CS8625: N├úo ├® poss├¡vel converter um literal nulo em um tipo de refer├¬ncia n├úo anul├ível. [D:\PROJETOS\LAUNCHER C#\launcher\L2Updater_g4gic3ee_wpftmp.csproj]
     3>D:\PROJETOS\LAUNCHER C#\launcher\Updater\HashZip\ZIPLib\Zip\ZipFile.cs(2471,70): warning CS8625: N├úo ├® poss├¡vel converter um literal nulo em um tipo de refer├¬ncia n├úo anul├ível. [D:\PROJETOS\LAUNCHER C#\launcher\L2Updater_g4gic3ee_wpftmp.csproj]
     3>D:\PROJETOS\LAUNCHER C#\launcher\Updater\HashZip\ZIPLib\Zip\ZipFile.cs(2471,76): warning CS8625: N├úo ├® poss├¡vel converter um literal nulo em um tipo de refer├¬ncia n├úo anul├ível. [D:\PROJETOS\LAUNCHER C#\launcher\L2Updater_g4gic3ee_wpftmp.csproj]
     3>D:\PROJETOS\LAUNCHER C#\launcher\Updater\HashZip\ZIPLib\Zip\ZipFile.cs(2476,99): warning CS8625: N├úo ├® poss├¡vel converter um literal nulo em um tipo de refer├¬ncia n├úo anul├ível. [D:\PROJETOS\LAUNCHER C#\launcher\L2Updater_g4gic3ee_wpftmp.csproj]
     3>D:\PROJETOS\LAUNCHER C#\launcher\Updater\HashZip\ZIPLib\Zip\ZipFile.cs(2483,20): warning CS8625: N├úo ├® poss├¡vel converter um literal nulo em um tipo de refer├¬ncia n├úo anul├ível. [D:\PROJETOS\LAUNCHER C#\launcher\L2Updater_g4gic3ee_wpftmp.csproj]
     3>D:\PROJETOS\LAUNCHER C#\launcher\Updater\HashZip\ZIPLib\Zip\ZipEntry.cs(2199,20): warning CS8600: Convers├úo de literal nula ou poss├¡vel valor nulo em tipo n├úo anul├ível. [D:\PROJETOS\LAUNCHER C#\launcher\L2Updater_g4gic3ee_wpftmp.csproj]
     3>D:\PROJETOS\LAUNCHER C#\launcher\Updater\HashZip\ZIPLib\Zip\ZipEntry.cs(2200,46): warning CS8600: Convers├úo de literal nula ou poss├¡vel valor nulo em tipo n├úo anul├ível. [D:\PROJETOS\LAUNCHER C#\launcher\L2Updater_g4gic3ee_wpftmp.csproj]
     3>D:\PROJETOS\LAUNCHER C#\launcher\Updater\HashZip\ZIPLib\Zip\ZipEntry.cs(2201,36): warning CS8600: Convers├úo de literal nula ou poss├¡vel valor nulo em tipo n├úo anul├ível. [D:\PROJETOS\LAUNCHER C#\launcher\L2Updater_g4gic3ee_wpftmp.csproj]
     3>D:\PROJETOS\LAUNCHER C#\launcher\Updater\HashZip\ZIPLib\Zip\ZipEntry.cs(2239,22): warning CS8600: Convers├úo de literal nula ou poss├¡vel valor nulo em tipo n├úo anul├ível. [D:\PROJETOS\LAUNCHER C#\launcher\L2Updater_g4gic3ee_wpftmp.csproj]
     3>D:\PROJETOS\LAUNCHER C#\launcher\Updater\HashZip\ZIPLib\Zip\ZipFile.cs(2502,26): warning CS8600: Convers├úo de literal nula ou poss├¡vel valor nulo em tipo n├úo anul├ível. [D:\PROJETOS\LAUNCHER C#\launcher\L2Updater_g4gic3ee_wpftmp.csproj]
     3>D:\PROJETOS\LAUNCHER C#\launcher\Updater\HashZip\ZIPLib\Zip\ZipEntry.cs(2480,12): warning CS0219: A vari├ível "flag3" ├® atribu├¡da, mas seu valor nunca ├® usado [D:\PROJETOS\LAUNCHER C#\launcher\L2Updater_g4gic3ee_wpftmp.csproj]
     3>D:\PROJETOS\LAUNCHER C#\launcher\Updater\HashZip\ZIPLib\Zip\ZipEntry.cs(27,22): warning CS8618: O campo n├úo anul├ível '_zipCrypto' precisa conter um valor n├úo nulo ao sair do construtor. Considere adicionar o modificador "obrigat├│rio" ou declarar o campo como anul├ível. [D:\PROJETOS\LAUNCHER C#\launcher\L2Updater_g4gic3ee_wpftmp.csproj]
     3>D:\PROJETOS\LAUNCHER C#\launcher\Updater\HashZip\ZIPLib\Zip\ZipEntry.cs(47,19): warning CS8618: O campo n├úo anul├ível '_LocalFileName' precisa conter um valor n├úo nulo ao sair do construtor. Considere adicionar o modificador "obrigat├│rio" ou declarar o campo como anul├ível. [D:\PROJETOS\LAUNCHER C#\launcher\L2Updater_g4gic3ee_wpftmp.csproj]
     3>D:\PROJETOS\LAUNCHER C#\launcher\Updater\HashZip\ZIPLib\Zip\ZipEntry.cs(49,18): warning CS8618: O campo n├úo anul├ível '_FileNameInArchive' precisa conter um valor n├úo nulo ao sair do construtor. Considere adicionar o modificador "obrigat├│rio" ou declarar o campo como anul├ível. [D:\PROJETOS\LAUNCHER C#\launcher\L2Updater_g4gic3ee_wpftmp.csproj]
     3>D:\PROJETOS\LAUNCHER C#\launcher\Updater\HashZip\ZIPLib\Zip\ZipEntry.cs(57,19): warning CS8618: O campo n├úo anul├ível '_Comment' precisa conter um valor n├úo nulo ao sair do construtor. Considere adicionar o modificador "obrigat├│rio" ou declarar o campo como anul├ível. [D:\PROJETOS\LAUNCHER C#\launcher\L2Updater_g4gic3ee_wpftmp.csproj]
     3>D:\PROJETOS\LAUNCHER C#\launcher\Updater\HashZip\ZIPLib\Zip\ZipEntry.cs(61,18): warning CS8618: O campo n├úo anul├ível '_CommentBytes' precisa conter um valor n├úo nulo ao sair do construtor. Considere adicionar o modificador "obrigat├│rio" ou declarar o campo como anul├ível. [D:\PROJETOS\LAUNCHER C#\launcher\L2Updater_g4gic3ee_wpftmp.csproj]
     3>D:\PROJETOS\LAUNCHER C#\launcher\Updater\HashZip\ZIPLib\Zip\ZipEntry.cs(75,19): warning CS8618: O campo n├úo anul├ível '_Extra' precisa conter um valor n├úo nulo ao sair do construtor. Considere adicionar o modificador "obrigat├│rio" ou declarar o campo como anul├ível. [D:\PROJETOS\LAUNCHER C#\launcher\L2Updater_g4gic3ee_wpftmp.csproj]
     3>D:\PROJETOS\LAUNCHER C#\launcher\Updater\HashZip\ZIPLib\Zip\ZipEntry.cs(89,20): warning CS8618: O campo n├úo anul├ível '_actualEncoding' precisa conter um valor n├úo nulo ao sair do construtor. Considere adicionar o modificador "obrigat├│rio" ou declarar o campo como anul├ível. [D:\PROJETOS\LAUNCHER C#\launcher\L2Updater_g4gic3ee_wpftmp.csproj]
     3>D:\PROJETOS\LAUNCHER C#\launcher\Updater\HashZip\ZIPLib\Zip\ZipEntry.cs(91,20): warning CS8618: O campo n├úo anul├ível '_zipfile' precisa conter um valor n├úo nulo ao sair do construtor. Considere adicionar o modificador "obrigat├│rio" ou declarar o campo como anul├ível. [D:\PROJETOS\LAUNCHER C#\launcher\L2Updater_g4gic3ee_wpftmp.csproj]
     3>D:\PROJETOS\LAUNCHER C#\launcher\Updater\HashZip\ZIPLib\Zip\ZipEntry.cs(95,18): warning CS8618: O campo n├úo anul├ível '_EntryHeader' precisa conter um valor n├úo nulo ao sair do construtor. Considere adicionar o modificador "obrigat├│rio" ou declarar o campo como anul├ível. [D:\PROJETOS\LAUNCHER C#\launcher\L2Updater_g4gic3ee_wpftmp.csproj]
     3>D:\PROJETOS\LAUNCHER C#\launcher\Updater\HashZip\ZIPLib\Zip\ZipEntry.cs(109,19): warning CS8618: O campo n├úo anul├ível '_Password' precisa conter um valor n├úo nulo ao sair do construtor. Considere adicionar o modificador "obrigat├│rio" ou declarar o campo como anul├ível. [D:\PROJETOS\LAUNCHER C#\launcher\L2Updater_g4gic3ee_wpftmp.csproj]
     3>D:\PROJETOS\LAUNCHER C#\launcher\Updater\HashZip\ZIPLib\Zip\ZipEntry.cs(115,19): warning CS8618: O campo n├úo anul├ível '_WeakEncryptionHeader' precisa conter um valor n├úo nulo ao sair do construtor. Considere adicionar o modificador "obrigat├│rio" ou declarar o campo como anul├ível. [D:\PROJETOS\LAUNCHER C#\launcher\L2Updater_g4gic3ee_wpftmp.csproj]
     3>D:\PROJETOS\LAUNCHER C#\launcher\Updater\HashZip\ZIPLib\Zip\ZipEntry.cs(117,19): warning CS8618: O campo n├úo anul├ível '_archiveStream' precisa conter um valor n├úo nulo ao sair do construtor. Considere adicionar o modificador "obrigat├│rio" ou declarar o campo como anul├ível. [D:\PROJETOS\LAUNCHER C#\launcher\L2Updater_g4gic3ee_wpftmp.csproj]
     3>D:\PROJETOS\LAUNCHER C#\launcher\Updater\HashZip\ZIPLib\Zip\ZipEntry.cs(119,18): warning CS8618: O campo n├úo anul├ível '_sourceStream' precisa conter um valor n├úo nulo ao sair do construtor. Considere adicionar o modificador "obrigat├│rio" ou declarar o campo como anul├ível. [D:\PROJETOS\LAUNCHER C#\launcher\L2Updater_g4gic3ee_wpftmp.csproj]
     3>D:\PROJETOS\LAUNCHER C#\launcher\Updater\HashZip\ZIPLib\Zip\ZipEntry.cs(420,33): warning CS8618: O propriedade n├úo anul├ível 'WillReadTwiceOnInflation' precisa conter um valor n├úo nulo ao sair do construtor. Considere adicionar o modificador "obrigat├│rio" ou declarar o propriedade como anul├ível. [D:\PROJETOS\LAUNCHER C#\launcher\L2Updater_g4gic3ee_wpftmp.csproj]
     3>D:\PROJETOS\LAUNCHER C#\launcher\Updater\HashZip\ZIPLib\Zip\ZipEntry.cs(426,34): warning CS8618: O propriedade n├úo anul├ível 'WantCompression' precisa conter um valor n├úo nulo ao sair do construtor. Considere adicionar o modificador "obrigat├│rio" ou declarar o propriedade como anul├ível. [D:\PROJETOS\LAUNCHER C#\launcher\L2Updater_g4gic3ee_wpftmp.csproj]
     3>D:\PROJETOS\LAUNCHER C#\launcher\Updater\HashZip\ZIPLib\Zip\ZipFile.cs(2519,18): warning CS8600: Convers├úo de literal nula ou poss├¡vel valor nulo em tipo n├úo anul├ível. [D:\PROJETOS\LAUNCHER C#\launcher\L2Updater_g4gic3ee_wpftmp.csproj]
     3>D:\PROJETOS\LAUNCHER C#\launcher\Updater\HashZip\ZIPLib\Zip\ZipFile.cs(2520,19): warning CS8600: Convers├úo de literal nula ou poss├¡vel valor nulo em tipo n├úo anul├ível. [D:\PROJETOS\LAUNCHER C#\launcher\L2Updater_g4gic3ee_wpftmp.csproj]
     3>D:\PROJETOS\LAUNCHER C#\launcher\Updater\HashZip\ZIPLib\Zip\ZipFile.cs(2531,40): warning CS8625: N├úo ├® poss├¡vel converter um literal nulo em um tipo de refer├¬ncia n├úo anul├ível. [D:\PROJETOS\LAUNCHER C#\launcher\L2Updater_g4gic3ee_wpftmp.csproj]
     3>D:\PROJETOS\LAUNCHER C#\launcher\Updater\HashZip\ZIPLib\Zip\ZipFile.cs(2534,43): warning CS8600: Convers├úo de literal nula ou poss├¡vel valor nulo em tipo n├úo anul├ível. [D:\PROJETOS\LAUNCHER C#\launcher\L2Updater_g4gic3ee_wpftmp.csproj]
     3>D:\PROJETOS\LAUNCHER C#\launcher\Updater\HashZip\ZIPLib\Zip\ZipFile.cs(2565,51): warning CS8625: N├úo ├® poss├¡vel converter um literal nulo em um tipo de refer├¬ncia n├úo anul├ível. [D:\PROJETOS\LAUNCHER C#\launcher\L2Updater_g4gic3ee_wpftmp.csproj]
     3>D:\PROJETOS\LAUNCHER C#\launcher\Updater\HashZip\ZIPLib\Zip\ZipFile.cs(2582,41): warning CS8625: N├úo ├® poss├¡vel converter um literal nulo em um tipo de refer├¬ncia n├úo anul├ível. [D:\PROJETOS\LAUNCHER C#\launcher\L2Updater_g4gic3ee_wpftmp.csproj]
     3>D:\PROJETOS\LAUNCHER C#\launcher\Updater\HashZip\ZIPLib\Zip\ZipFile.cs(2602,31): warning CS8602: Desrefer├¬ncia de uma refer├¬ncia possivelmente nula. [D:\PROJETOS\LAUNCHER C#\launcher\L2Updater_g4gic3ee_wpftmp.csproj]
     3>D:\PROJETOS\LAUNCHER C#\launcher\Updater\HashZip\ZIPLib\Zip\ZipFile.cs(2606,38): warning CS8600: Convers├úo de literal nula ou poss├¡vel valor nulo em tipo n├úo anul├ível. [D:\PROJETOS\LAUNCHER C#\launcher\L2Updater_g4gic3ee_wpftmp.csproj]
     3>D:\PROJETOS\LAUNCHER C#\launcher\Updater\HashZip\ZIPLib\Zip\ZipFile.cs(2615,23): warning CS8600: Convers├úo de literal nula ou poss├¡vel valor nulo em tipo n├úo anul├ível. [D:\PROJETOS\LAUNCHER C#\launcher\L2Updater_g4gic3ee_wpftmp.csproj]
     3>D:\PROJETOS\LAUNCHER C#\launcher\Updater\HashZip\ZIPLib\Zip\ZipFile.cs(2618,17): warning CS8602: Desrefer├¬ncia de uma refer├¬ncia possivelmente nula. [D:\PROJETOS\LAUNCHER C#\launcher\L2Updater_g4gic3ee_wpftmp.csproj]
     3>D:\PROJETOS\LAUNCHER C#\launcher\Updater\HashZip\ZIPLib\Zip\ZipFile.cs(2622,17): warning CS8602: Desrefer├¬ncia de uma refer├¬ncia possivelmente nula. [D:\PROJETOS\LAUNCHER C#\launcher\L2Updater_g4gic3ee_wpftmp.csproj]
     3>D:\PROJETOS\LAUNCHER C#\launcher\Updater\HashZip\ZIPLib\Zip\ZipFile.cs(2642,26): warning CS8600: Convers├úo de literal nula ou poss├¡vel valor nulo em tipo n├úo anul├ível. [D:\PROJETOS\LAUNCHER C#\launcher\L2Updater_g4gic3ee_wpftmp.csproj]
     3>D:\PROJETOS\LAUNCHER C#\launcher\Updater\HashZip\ZIPLib\Zip\ZipFile.cs(2653,48): warning CS8625: N├úo ├® poss├¡vel converter um literal nulo em um tipo de refer├¬ncia n├úo anul├ível. [D:\PROJETOS\LAUNCHER C#\launcher\L2Updater_g4gic3ee_wpftmp.csproj]
     3>D:\PROJETOS\LAUNCHER C#\launcher\Updater\HashZip\ZIPLib\Zip\ZipFile.cs(2719,18): warning CS8600: Convers├úo de literal nula ou poss├¡vel valor nulo em tipo n├úo anul├ível. [D:\PROJETOS\LAUNCHER C#\launcher\L2Updater_g4gic3ee_wpftmp.csproj]
     3>D:\PROJETOS\LAUNCHER C#\launcher\Updater\HashZip\ZIPLib\Zip\ZipFile.cs(2720,18): warning CS8600: Convers├úo de literal nula ou poss├¡vel valor nulo em tipo n├úo anul├ível. [D:\PROJETOS\LAUNCHER C#\launcher\L2Updater_g4gic3ee_wpftmp.csproj]
     3>D:\PROJETOS\LAUNCHER C#\launcher\Updater\HashZip\ZIPLib\Zip\ZipFile.cs(2735,45): warning CS8625: N├úo ├® poss├¡vel converter um literal nulo em um tipo de refer├¬ncia n├úo anul├ível. [D:\PROJETOS\LAUNCHER C#\launcher\L2Updater_g4gic3ee_wpftmp.csproj]
     3>D:\PROJETOS\LAUNCHER C#\launcher\Updater\HashZip\ZIPLib\Zip\ZipFile.cs(2740,45): warning CS8625: N├úo ├® poss├¡vel converter um literal nulo em um tipo de refer├¬ncia n├úo anul├ível. [D:\PROJETOS\LAUNCHER C#\launcher\L2Updater_g4gic3ee_wpftmp.csproj]
     3>D:\PROJETOS\LAUNCHER C#\launcher\Updater\HashZip\ZIPLib\Zip\ZipFile.cs(2745,57): warning CS8625: N├úo ├® poss├¡vel converter um literal nulo em um tipo de refer├¬ncia n├úo anul├ível. [D:\PROJETOS\LAUNCHER C#\launcher\L2Updater_g4gic3ee_wpftmp.csproj]
     3>D:\PROJETOS\LAUNCHER C#\launcher\Updater\HashZip\ZIPLib\Zip\ZipFile.cs(2750,57): warning CS8625: N├úo ├® poss├¡vel converter um literal nulo em um tipo de refer├¬ncia n├úo anul├ível. [D:\PROJETOS\LAUNCHER C#\launcher\L2Updater_g4gic3ee_wpftmp.csproj]
     3>D:\PROJETOS\LAUNCHER C#\launcher\Updater\HashZip\ZIPLib\Zip\ZipFile.cs(2794,39): warning CS8602: Desrefer├¬ncia de uma refer├¬ncia possivelmente nula. [D:\PROJETOS\LAUNCHER C#\launcher\L2Updater_g4gic3ee_wpftmp.csproj]
     3>D:\PROJETOS\LAUNCHER C#\launcher\Updater\HashZip\ZIPLib\Zip\ZipFile.cs(2806,23): warning CS8625: N├úo ├® poss├¡vel converter um literal nulo em um tipo de refer├¬ncia n├úo anul├ível. [D:\PROJETOS\LAUNCHER C#\launcher\L2Updater_g4gic3ee_wpftmp.csproj]
     3>D:\PROJETOS\LAUNCHER C#\launcher\Updater\HashZip\ZIPLib\Zip\ZipFile.cs(2810,20): warning CS8625: N├úo ├® poss├¡vel converter um literal nulo em um tipo de refer├¬ncia n├úo anul├ível. [D:\PROJETOS\LAUNCHER C#\launcher\L2Updater_g4gic3ee_wpftmp.csproj]
     3>D:\PROJETOS\LAUNCHER C#\launcher\Updater\HashZip\ZIPLib\Zip\ZipFile.cs(136,28): warning CS8625: N├úo ├® poss├¡vel converter um literal nulo em um tipo de refer├¬ncia n├úo anul├ível. [D:\PROJETOS\LAUNCHER C#\launcher\L2Updater_g4gic3ee_wpftmp.csproj]
     3>D:\PROJETOS\LAUNCHER C#\launcher\Updater\HashZip\ZIPLib\ZlibBaseStream.cs(373,6): warning CA2022: Evitar leitura inexata com 'Updater.HashZip.ZIPLib.ZlibBaseStream.Read(byte[], int, int)' (https://learn.microsoft.com/dotnet/fundamentals/code-analysis/quality-rules/ca2022) [D:\PROJETOS\LAUNCHER C#\launcher\L2Updater_g4gic3ee_wpftmp.csproj]
     3>D:\PROJETOS\LAUNCHER C#\launcher\Updater\HashZip\ZIPLib\Zip\ZipEntry.cs(779,4): warning CA2022: Evitar leitura inexata com 'System.IO.Stream.Read(byte[], int, int)' (https://learn.microsoft.com/dotnet/fundamentals/code-analysis/quality-rules/ca2022) [D:\PROJETOS\LAUNCHER C#\launcher\L2Updater_g4gic3ee_wpftmp.csproj]
     3>D:\PROJETOS\LAUNCHER C#\launcher\Updater\HashZip\ZIPLib\Zip\ZipEntry.cs(1270,4): warning CA2022: Evitar leitura inexata com 'System.IO.Stream.Read(byte[], int, int)' (https://learn.microsoft.com/dotnet/fundamentals/code-analysis/quality-rules/ca2022) [D:\PROJETOS\LAUNCHER C#\launcher\L2Updater_g4gic3ee_wpftmp.csproj]
     3>D:\PROJETOS\LAUNCHER C#\launcher\Updater\HashZip\ZIPLib\Zip\ZipFile.cs(1852,6): warning CA2022: Evitar leitura inexata com 'System.IO.Stream.Read(byte[], int, int)' (https://learn.microsoft.com/dotnet/fundamentals/code-analysis/quality-rules/ca2022) [D:\PROJETOS\LAUNCHER C#\launcher\L2Updater_g4gic3ee_wpftmp.csproj]
     3>D:\PROJETOS\LAUNCHER C#\launcher\Updater\HashZip\ZIPLib\Zip\ZipFile.cs(1895,4): warning CA2022: Evitar leitura inexata com 'System.IO.Stream.Read(byte[], int, int)' (https://learn.microsoft.com/dotnet/fundamentals/code-analysis/quality-rules/ca2022) [D:\PROJETOS\LAUNCHER C#\launcher\L2Updater_g4gic3ee_wpftmp.csproj]
     3>D:\PROJETOS\LAUNCHER C#\launcher\Updater\HashZip\ZIPLib\Zip\ZipFile.cs(1903,4): warning CA2022: Evitar leitura inexata com 'System.IO.Stream.Read(byte[], int, int)' (https://learn.microsoft.com/dotnet/fundamentals/code-analysis/quality-rules/ca2022) [D:\PROJETOS\LAUNCHER C#\launcher\L2Updater_g4gic3ee_wpftmp.csproj]
     3>D:\PROJETOS\LAUNCHER C#\launcher\Updater\HashZip\ZIPLib\Zip\ZipFile.cs(1906,4): warning CA2022: Evitar leitura inexata com 'System.IO.Stream.Read(byte[], int, int)' (https://learn.microsoft.com/dotnet/fundamentals/code-analysis/quality-rules/ca2022) [D:\PROJETOS\LAUNCHER C#\launcher\L2Updater_g4gic3ee_wpftmp.csproj]
     3>D:\PROJETOS\LAUNCHER C#\launcher\Updater\HashZip\ZIPLib\Zip\ZipFile.cs(2007,5): warning CA2022: Evitar leitura inexata com 'System.IO.Stream.Read(byte[], int, int)' (https://learn.microsoft.com/dotnet/fundamentals/code-analysis/quality-rules/ca2022) [D:\PROJETOS\LAUNCHER C#\launcher\L2Updater_g4gic3ee_wpftmp.csproj]
     3>D:\PROJETOS\LAUNCHER C#\launcher\Updater\HashZip\ZIPLib\Zip\ZipFile.cs(2014,5): warning CA2022: Evitar leitura inexata com 'System.IO.Stream.Read(byte[], int, int)' (https://learn.microsoft.com/dotnet/fundamentals/code-analysis/quality-rules/ca2022) [D:\PROJETOS\LAUNCHER C#\launcher\L2Updater_g4gic3ee_wpftmp.csproj]
     3>D:\PROJETOS\LAUNCHER C#\launcher\Updater\HashZip\ZIPLib\Zip\ZipFile.cs(2021,5): warning CA2022: Evitar leitura inexata com 'System.IO.Stream.Read(byte[], int, int)' (https://learn.microsoft.com/dotnet/fundamentals/code-analysis/quality-rules/ca2022) [D:\PROJETOS\LAUNCHER C#\launcher\L2Updater_g4gic3ee_wpftmp.csproj]
     3>D:\PROJETOS\LAUNCHER C#\launcher\Updater\HashZip\ZIPLib\Zip\ZipFile.cs(2030,4): warning CA2022: Evitar leitura inexata com 'System.IO.Stream.Read(byte[], int, int)' (https://learn.microsoft.com/dotnet/fundamentals/code-analysis/quality-rules/ca2022) [D:\PROJETOS\LAUNCHER C#\launcher\L2Updater_g4gic3ee_wpftmp.csproj]
     3>D:\PROJETOS\LAUNCHER C#\launcher\Updater\HashZip\ZIPLib\Zip\ZipFile.cs(2037,4): warning CA2022: Evitar leitura inexata com 'System.IO.Stream.Read(byte[], int, int)' (https://learn.microsoft.com/dotnet/fundamentals/code-analysis/quality-rules/ca2022) [D:\PROJETOS\LAUNCHER C#\launcher\L2Updater_g4gic3ee_wpftmp.csproj]
     3>D:\PROJETOS\LAUNCHER C#\launcher\Updater\HashZip\ZIPLib\Zip\ZipFile.cs(2042,5): warning CA2022: Evitar leitura inexata com 'System.IO.Stream.Read(byte[], int, int)' (https://learn.microsoft.com/dotnet/fundamentals/code-analysis/quality-rules/ca2022) [D:\PROJETOS\LAUNCHER C#\launcher\L2Updater_g4gic3ee_wpftmp.csproj]
     3>D:\PROJETOS\LAUNCHER C#\launcher\Updater\HashZip\ZIPLib\Zip\ZipEntry.cs(2571,6): warning CA2022: Evitar leitura inexata com 'System.IO.Stream.Read(byte[], int, int)' (https://learn.microsoft.com/dotnet/fundamentals/code-analysis/quality-rules/ca2022) [D:\PROJETOS\LAUNCHER C#\launcher\L2Updater_g4gic3ee_wpftmp.csproj]
     3>D:\PROJETOS\LAUNCHER C#\launcher\Updater\HashZip\ZIPLib\Zip\ZipFile.cs(2549,49): warning IL3000: 'System.Reflection.Assembly.Location.get' always returns an empty string for assemblies embedded in a single-file app. If the path to the app directory is needed, consider calling 'System.AppContext.BaseDirectory'. [D:\PROJETOS\LAUNCHER C#\launcher\L2Updater_g4gic3ee_wpftmp.csproj]
     3>D:\PROJETOS\LAUNCHER C#\launcher\Updater\HashZip\ZIPLib\Zip\ZipFile.cs(2593,46): warning IL3000: 'System.Reflection.Assembly.Location.get' always returns an empty string for assemblies embedded in a single-file app. If the path to the app directory is needed, consider calling 'System.AppContext.BaseDirectory'. [D:\PROJETOS\LAUNCHER C#\launcher\L2Updater_g4gic3ee_wpftmp.csproj]
         CompilerServer: server - server processed compilation - L2Updater_g4gic3ee_wpftmp (net9.0-windows)
       Tarefa em execu├º├úo pronta "Csc".
       A tarefa "CallTarget" foi ignorada devido a condi├º├úo falsa; ('$(TargetsTriggeredByCompilation)' != '') foi avaliado como ('' != '').
     3>Destino de compila├º├úo pronto"CoreCompile" no projeto "L2Updater_g4gic3ee_wpftmp.csproj".
       Destino "_TouchLastBuildWithSkipAnalyzers" ignorado devido ├á condi├º├úo falsa; ('$(_SkipAnalyzers)' == 'true') foi avaliado como ('' == 'true').
     3>Destino "_CompileTemporaryAssembly" no arquivo "C:\Program Files\dotnet\sdk\9.0.304\Sdks\Microsoft.NET.Sdk.WindowsDesktop\targets\Microsoft.WinFX.targets" do projeto "D:\PROJETOS\LAUNCHER C#\launcher\L2Updater_g4gic3ee_wpftmp.csproj" (ponto de entrada):
     3>Destino de compila├º├úo pronto"_CompileTemporaryAssembly" no projeto "L2Updater_g4gic3ee_wpftmp.csproj".
     3>Projeto de compila├º├úo pronto "D:\PROJETOS\LAUNCHER C#\launcher\L2Updater_g4gic3ee_wpftmp.csproj" (_CompileTemporaryAssembly destino(s)).
   2:6>Tarefa em execu├º├úo pronta "GenerateTemporaryTargetAssembly".
       Usando a tarefa "CreateItem" do assembly "Microsoft.Build.Tasks.Core, Version=15.1.0.0, Culture=neutral, PublicKeyToken=b03f5f7f11d50a3a".
       Tarefa "CreateItem"
       Tarefa em execu├º├úo pronta "CreateItem".
       Usando a tarefa "Delete" do assembly "Microsoft.Build.Tasks.Core, Version=15.1.0.0, Culture=neutral, PublicKeyToken=b03f5f7f11d50a3a".
       Tarefa "Delete"
         Excluindo o arquivo "obj\L2Updater_g4gic3ee_wpftmp.csproj.nuget.g.props".
         Excluindo o arquivo "obj\L2Updater_g4gic3ee_wpftmp.csproj.nuget.g.targets".
         Excluindo o arquivo "obj\L2Updater_g4gic3ee_wpftmp.csproj.nuget.dgspec.json".
       Tarefa em execu├º├úo pronta "Delete".
   2:6>Destino de compila├º├úo pronto"GenerateTemporaryTargetAssembly" no projeto "L2Updater.csproj".
   2:6>Destino "MarkupCompilePass2" no arquivo "C:\Program Files\dotnet\sdk\9.0.304\Sdks\Microsoft.NET.Sdk.WindowsDesktop\targets\Microsoft.WinFX.targets" do projeto "D:\PROJETOS\LAUNCHER C#\launcher\L2Updater.csproj" (o destino "MarkupCompilePass2ForMainAssembly" depende dele):
       A tarefa "Message" foi ignorada devido a condi├º├úo falsa; ('$(MSBuildTargetsVerbose)'=='true') foi avaliado como (''=='true').
       Usando a tarefa "MarkupCompilePass2" do assembly "C:\Program Files\dotnet\sdk\9.0.304\Sdks\Microsoft.NET.Sdk.WindowsDesktop\tools\net9.0\PresentationBuildTasks.dll".
       Tarefa "MarkupCompilePass2"
         
         
         Microsoft (R) Build Task 'MarkupCompilePass2' Vers├úo '9.0.825.36809'.
         Copyright (C) Microsoft Corporation 2005. Todos os direitos reservados.
         
         
         O diret├│rio atual do projeto ├® 'D:\PROJETOS\LAUNCHER C#\launcher\'.
         Preparando para a compila├º├úo da marca├º├úo...
         OutputType ├® 'winexe'.
         Entrada: o arquivo ApplicationDefinition de marca├º├úo de refer├¬ncia local ├® 'D:\PROJETOS\LAUNCHER C#\launcher\App.xaml'.
         Entrada: arquivo Page de marca├º├úo de refer├¬ncia local: 'D:\PROJETOS\LAUNCHER C#\launcher\Updater\MainStyleDict.xaml'.
         Entrada: arquivo Page de marca├º├úo de refer├¬ncia local: 'D:\PROJETOS\LAUNCHER C#\launcher\Updater\MainWindow.xaml'.
         Entrada: arquivo Page de marca├º├úo de refer├¬ncia local: 'D:\PROJETOS\LAUNCHER C#\launcher\Updater\NotificationWindow.xaml'.
         Entrada: arquivo Page de marca├º├úo de refer├¬ncia local: 'D:\PROJETOS\LAUNCHER C#\launcher\Updater\Properties\designtimeresources.xaml'.
         Iniciada a compila├º├úo da marca├º├úo.
         O arquivo de entrada 'D:\PROJETOS\LAUNCHER C#\launcher\App.xaml' est├í resolvido para o novo caminho relativo 'App.xaml' no diret├│rio 'D:\PROJETOS\LAUNCHER C#\launcher\'.
         O arquivo de entrada 'D:\PROJETOS\LAUNCHER C#\launcher\Updater\MainStyleDict.xaml' est├í resolvido para o novo caminho relativo 'Updater\MainStyleDict.xaml' no diret├│rio 'D:\PROJETOS\LAUNCHER C#\launcher\'.
         O arquivo de entrada 'D:\PROJETOS\LAUNCHER C#\launcher\Updater\MainWindow.xaml' est├í resolvido para o novo caminho relativo 'Updater\MainWindow.xaml' no diret├│rio 'D:\PROJETOS\LAUNCHER C#\launcher\'.
         O arquivo de entrada 'D:\PROJETOS\LAUNCHER C#\launcher\Updater\NotificationWindow.xaml' est├í resolvido para o novo caminho relativo 'Updater\NotificationWindow.xaml' no diret├│rio 'D:\PROJETOS\LAUNCHER C#\launcher\'.
         O arquivo de entrada 'D:\PROJETOS\LAUNCHER C#\launcher\Updater\Properties\designtimeresources.xaml' est├í resolvido para o novo caminho relativo 'Updater\Properties\designtimeresources.xaml' no diret├│rio 'D:\PROJETOS\LAUNCHER C#\launcher\'.
         Arquivo BAML gerado: 'D:\PROJETOS\LAUNCHER C#\launcher\obj\Debug\net9.0-windows\win-x64\App.baml'.
         Arquivo BAML gerado: 'D:\PROJETOS\LAUNCHER C#\launcher\obj\Debug\net9.0-windows\win-x64\Updater\MainStyleDict.baml'.
         Arquivo BAML gerado: 'D:\PROJETOS\LAUNCHER C#\launcher\obj\Debug\net9.0-windows\win-x64\Updater\MainWindow.baml'.
         Arquivo BAML gerado: 'D:\PROJETOS\LAUNCHER C#\launcher\obj\Debug\net9.0-windows\win-x64\Updater\NotificationWindow.baml'.
         Arquivo BAML gerado: 'D:\PROJETOS\LAUNCHER C#\launcher\obj\Debug\net9.0-windows\win-x64\Updater\Properties\designtimeresources.baml'.
         Compila├º├úo da marca├º├úo conclu├¡da.
         MarkupCompilePass2 gerou arquivos BAML ou de c├│digo-fonte com ├¬xito.
       Tarefa em execu├º├úo pronta "MarkupCompilePass2".
       A tarefa "Message" foi ignorada devido a condi├º├úo falsa; ('$(MSBuildTargetsVerbose)'=='true') foi avaliado como (''=='true').
       A tarefa "Message" foi ignorada devido a condi├º├úo falsa; ('$(MSBuildTargetsVerbose)'=='true') foi avaliado como (''=='true').
   2:6>Destino de compila├º├úo pronto"MarkupCompilePass2" no projeto "L2Updater.csproj".
   2:6>Destino "AfterMarkupCompilePass2" no arquivo "C:\Program Files\dotnet\sdk\9.0.304\Sdks\Microsoft.NET.Sdk.WindowsDesktop\targets\Microsoft.WinFX.targets" do projeto "D:\PROJETOS\LAUNCHER C#\launcher\L2Updater.csproj" (o destino "MarkupCompilePass2ForMainAssembly" depende dele):
   2:6>Destino de compila├º├úo pronto"AfterMarkupCompilePass2" no projeto "L2Updater.csproj".
   2:6>Destino "CleanupTemporaryTargetAssembly" no arquivo "C:\Program Files\dotnet\sdk\9.0.304\Sdks\Microsoft.NET.Sdk.WindowsDesktop\targets\Microsoft.WinFX.targets" do projeto "D:\PROJETOS\LAUNCHER C#\launcher\L2Updater.csproj" (o destino "MarkupCompilePass2ForMainAssembly" depende dele):
       A tarefa "Message" foi ignorada devido a condi├º├úo falsa; ('$(MSBuildTargetsVerbose)'=='true') foi avaliado como (''=='true').
       Tarefa "Delete"
         Excluindo o arquivo "obj\Debug\net9.0-windows\win-x64\L2Updater.dll".
       Tarefa em execu├º├úo pronta "Delete".
   2:6>Destino de compila├º├úo pronto"CleanupTemporaryTargetAssembly" no projeto "L2Updater.csproj".
   2:6>Destino "MarkupCompilePass2ForMainAssembly" no arquivo "C:\Program Files\dotnet\sdk\9.0.304\Sdks\Microsoft.NET.Sdk.WindowsDesktop\targets\Microsoft.WinFX.targets" do projeto "D:\PROJETOS\LAUNCHER C#\launcher\L2Updater.csproj" (o destino "PrepareResources" depende dele):
   2:6>Destino de compila├º├úo pronto"MarkupCompilePass2ForMainAssembly" no projeto "L2Updater.csproj".
   2:6>Destino "FileClassification" no arquivo "C:\Program Files\dotnet\sdk\9.0.304\Sdks\Microsoft.NET.Sdk.WindowsDesktop\targets\Microsoft.WinFX.targets" do projeto "D:\PROJETOS\LAUNCHER C#\launcher\L2Updater.csproj" (o destino "PrepareResources" depende dele):
       Usando a tarefa "FileClassifier" do assembly "C:\Program Files\dotnet\sdk\9.0.304\Sdks\Microsoft.NET.Sdk.WindowsDesktop\tools\net9.0\PresentationBuildTasks.dll".
       Tarefa "FileClassifier"
         
         
         Microsoft (R) Build Task 'FileClassifier' Vers├úo '9.0.825.36809'.
         Copyright (C) Microsoft Corporation 2005. Todos os direitos reservados.
         
         
       Tarefa em execu├º├úo pronta "FileClassifier".
       A tarefa "Message" foi ignorada devido a condi├º├úo falsa; ('$(MSBuildTargetsVerbose)'=='true') foi avaliado como (''=='true').
       A tarefa "Message" foi ignorada devido a condi├º├úo falsa; ('$(MSBuildTargetsVerbose)'=='true') foi avaliado como (''=='true').
   2:6>Destino de compila├º├úo pronto"FileClassification" no projeto "L2Updater.csproj".
   2:6>Destino "MainResourcesGeneration" no arquivo "C:\Program Files\dotnet\sdk\9.0.304\Sdks\Microsoft.NET.Sdk.WindowsDesktop\targets\Microsoft.WinFX.targets" do projeto "D:\PROJETOS\LAUNCHER C#\launcher\L2Updater.csproj" (o destino "PrepareResources" depende dele):
       Compila├º├úo de destino "MainResourcesGeneration" conclu├¡da.
       O arquivo de sa├¡da "obj\Debug\net9.0-windows\win-x64\L2Updater.g.resources" n├úo existe.
       A tarefa "Message" foi ignorada devido a condi├º├úo falsa; ('$(MSBuildTargetsVerbose)'=='true') foi avaliado como (''=='true').
       Usando a tarefa "ResourcesGenerator" do assembly "C:\Program Files\dotnet\sdk\9.0.304\Sdks\Microsoft.NET.Sdk.WindowsDesktop\tools\net9.0\PresentationBuildTasks.dll".
       Tarefa "ResourcesGenerator"
         
         
         Microsoft (R) Build Task 'ResourcesGenerator' Vers├úo '9.0.825.36809'.
         Copyright (C) Microsoft Corporation 2005. Todos os direitos reservados.
         
         
         Gerando arquivo .resources: 'obj\Debug\net9.0-windows\win-x64\L2Updater.g.resources'...
         Lendo o arquivo Resource: 'D:\PROJETOS\LAUNCHER C#\launcher\obj\Debug\net9.0-windows\win-x64\App.baml'...
         A ID de recurso ├® 'app.baml'.
         Lendo o arquivo Resource: 'D:\PROJETOS\LAUNCHER C#\launcher\obj\Debug\net9.0-windows\win-x64\Updater\MainStyleDict.baml'...
         A ID de recurso ├® 'updater/mainstyledict.baml'.
         Lendo o arquivo Resource: 'D:\PROJETOS\LAUNCHER C#\launcher\obj\Debug\net9.0-windows\win-x64\Updater\MainWindow.baml'...
         A ID de recurso ├® 'updater/mainwindow.baml'.
         Lendo o arquivo Resource: 'D:\PROJETOS\LAUNCHER C#\launcher\obj\Debug\net9.0-windows\win-x64\Updater\NotificationWindow.baml'...
         A ID de recurso ├® 'updater/notificationwindow.baml'.
         Lendo o arquivo Resource: 'D:\PROJETOS\LAUNCHER C#\launcher\obj\Debug\net9.0-windows\win-x64\Updater\Properties\designtimeresources.baml'...
         A ID de recurso ├® 'updater/properties/designtimeresources.baml'.
         Lendo o arquivo Resource: 'l2.ico'...
         A ID de recurso ├® 'l2.ico'.
         Lendo o arquivo Resource: 'Updater\pictures\background.png'...
         A ID de recurso ├® 'updater/pictures/background.png'.
         Lendo o arquivo Resource: 'Updater\pictures\button.png'...
         A ID de recurso ├® 'updater/pictures/button.png'.
         Lendo o arquivo Resource: 'Updater\pictures\button2.png'...
         A ID de recurso ├® 'updater/pictures/button2.png'.
         Lendo o arquivo Resource: 'Updater\pictures\button_hover.png'...
         A ID de recurso ├® 'updater/pictures/button_hover.png'.
         Lendo o arquivo Resource: 'Updater\pictures\button_press.png'...
         A ID de recurso ├® 'updater/pictures/button_press.png'.
         Lendo o arquivo Resource: 'Updater\pictures\chekl.png'...
         A ID de recurso ├® 'updater/pictures/chekl.png'.
         Lendo o arquivo Resource: 'Updater\pictures\close.png'...
         A ID de recurso ├® 'updater/pictures/close.png'.
         Lendo o arquivo Resource: 'Updater\pictures\close_hover.png'...
         A ID de recurso ├® 'updater/pictures/close_hover.png'.
         Lendo o arquivo Resource: 'Updater\pictures\dom.png'...
         A ID de recurso ├® 'updater/pictures/dom.png'.
         Lendo o arquivo Resource: 'Updater\pictures\donate.png'...
         A ID de recurso ├® 'updater/pictures/donate.png'.
         Lendo o arquivo Resource: 'Updater\pictures\eng.png'...
         A ID de recurso ├® 'updater/pictures/eng.png'.
         Lendo o arquivo Resource: 'Updater\pictures\l2.ico'...
         A ID de recurso ├® 'updater/pictures/l2.ico'.
         Lendo o arquivo Resource: 'Updater\pictures\logo.ico'...
         A ID de recurso ├® 'updater/pictures/logo.ico'.
         Lendo o arquivo Resource: 'Updater\pictures\logo.png'...
         A ID de recurso ├® 'updater/pictures/logo.png'.
         Lendo o arquivo Resource: 'Updater\pictures\progress.png'...
         A ID de recurso ├® 'updater/pictures/progress.png'.
         Lendo o arquivo Resource: 'Updater\pictures\progress2.png'...
         A ID de recurso ├® 'updater/pictures/progress2.png'.
         Lendo o arquivo Resource: 'Updater\pictures\progressblue.png'...
         A ID de recurso ├® 'updater/pictures/progressblue.png'.
         Lendo o arquivo Resource: 'Updater\pictures\progressred.png'...
         A ID de recurso ├® 'updater/pictures/progressred.png'.
         Lendo o arquivo Resource: 'Updater\pictures\progress_down.png'...
         A ID de recurso ├® 'updater/pictures/progress_down.png'.
         Lendo o arquivo Resource: 'Updater\pictures\progress_up.png'...
         A ID de recurso ├® 'updater/pictures/progress_up.png'.
         Lendo o arquivo Resource: 'Updater\pictures\rus.png'...
         A ID de recurso ├® 'updater/pictures/rus.png'.
         Lendo o arquivo Resource: 'Updater\pictures\shaiba.png'...
         A ID de recurso ├® 'updater/pictures/shaiba.png'.
         Lendo o arquivo Resource: 'Updater\pictures\start.png'...
         A ID de recurso ├® 'updater/pictures/start.png'.
         Lendo o arquivo Resource: 'Updater\pictures\start_hover.png'...
         A ID de recurso ├® 'updater/pictures/start_hover.png'.
         Lendo o arquivo Resource: 'Updater\pictures\start_press.png'...
         A ID de recurso ├® 'updater/pictures/start_press.png'.
         Lendo o arquivo Resource: 'Updater\pictures\vector.png'...
         A ID de recurso ├® 'updater/pictures/vector.png'.
         Lendo o arquivo Resource: 'Updater\pictures\checkdisable.png'...
         A ID de recurso ├® 'updater/pictures/checkdisable.png'.
         Arquivo .resources gerado: 'obj\Debug\net9.0-windows\win-x64\L2Updater.g.resources'.
       Tarefa em execu├º├úo pronta "ResourcesGenerator".
   2:6>Destino de compila├º├úo pronto"MainResourcesGeneration" no projeto "L2Updater.csproj".
       Destino "ResolvePackageDependenciesForBuild" ignorado. Compilado anteriormente com ├¬xito.
       Destino "_HandlePackageFileConflicts" ignorado. Compilado anteriormente com ├¬xito.
       Destino "AssignWinFXEmbeddedResource" ignorado devido ├á condi├º├úo falsa; ('@(WinFXEmbeddedResource)' != '') foi avaliado como ('' != '').
   2:6>Destino "CopyAdditionalFiles" no arquivo "C:\Program Files\dotnet\sdk\9.0.304\Roslyn\Microsoft.Managed.Core.targets" do projeto "D:\PROJETOS\LAUNCHER C#\launcher\L2Updater.csproj" (o destino "AssignTargetPaths" depende dele):
   2:6>Destino de compila├º├úo pronto"CopyAdditionalFiles" no projeto "L2Updater.csproj".
       Destino "ResolvePackageAssets" ignorado. Compilado anteriormente com ├¬xito.
       Destino "ResolveFrameworkReferences" ignorado. Compilado anteriormente com ├¬xito.
   2:6>Destino "_GetAppHostPaths" no arquivo "C:\Program Files\dotnet\sdk\9.0.304\Sdks\Microsoft.NET.Sdk\targets\Microsoft.NET.Sdk.targets" do projeto "D:\PROJETOS\LAUNCHER C#\launcher\L2Updater.csproj" (o destino "_ComputeNETCoreBuildOutputFiles" depende dele):
       A tarefa "NETSdkError" foi ignorada devido a condi├º├úo falsa; ('@(_NativeRestoredAppHostNETCore->Count())' > 1) foi avaliado como ('0' > 1).
   2:6>Destino de compila├º├úo pronto"_GetAppHostPaths" no projeto "L2Updater.csproj".
   2:6>Destino "_GetAppHostCreationConfiguration" no arquivo "C:\Program Files\dotnet\sdk\9.0.304\Sdks\Microsoft.NET.Sdk\targets\Microsoft.NET.Sdk.targets" do projeto "D:\PROJETOS\LAUNCHER C#\launcher\L2Updater.csproj" (o destino "_ComputeNETCoreBuildOutputFiles" depende dele):
   2:6>Destino de compila├º├úo pronto"_GetAppHostCreationConfiguration" no projeto "L2Updater.csproj".
       Destino "_GetComHostPaths" ignorado devido ├á condi├º├úo falsa; ('$(EnableComHosting)' == 'true' and '$(_IsExecutable)' != 'true') foi avaliado como ('' == 'true' and 'true' != 'true').
       Destino "_GetIjwHostPaths" ignorado devido ├á condi├º├úo falsa; ('$(UseIJWHost)' == 'true') foi avaliado como ('' == 'true').
   2:6>Destino "_ComputeNETCoreBuildOutputFiles" no arquivo "C:\Program Files\dotnet\sdk\9.0.304\Sdks\Microsoft.NET.Sdk\targets\Microsoft.NET.Sdk.targets" do projeto "D:\PROJETOS\LAUNCHER C#\launcher\L2Updater.csproj" (o destino "AssignTargetPaths" depende dele):
   2:6>Destino de compila├º├úo pronto"_ComputeNETCoreBuildOutputFiles" no projeto "L2Updater.csproj".
   2:6>Destino "AssignTargetPaths" no arquivo "C:\Program Files\dotnet\sdk\9.0.304\Microsoft.Common.CurrentVersion.targets" do projeto "D:\PROJETOS\LAUNCHER C#\launcher\L2Updater.csproj" (o destino "PrepareResourceNames" depende dele):
       Usando a tarefa "AssignTargetPath" do assembly "Microsoft.Build.Tasks.Core, Version=15.1.0.0, Culture=neutral, PublicKeyToken=b03f5f7f11d50a3a".
       Tarefa "AssignTargetPath"
       Tarefa em execu├º├úo pronta "AssignTargetPath".
       Tarefa "AssignTargetPath"
       Tarefa em execu├º├úo pronta "AssignTargetPath".
       Tarefa "AssignTargetPath"
       Tarefa em execu├º├úo pronta "AssignTargetPath".
       Tarefa "AssignTargetPath"
       Tarefa em execu├º├úo pronta "AssignTargetPath".
       A tarefa "AssignTargetPath" foi ignorada devido a condi├º├úo falsa; ('@(_DeploymentBaseManifestWithTargetPath)'=='' and '%(None.Extension)'=='.manifest') foi avaliado como (''=='' and '.gitignore'=='.manifest').
       Tarefa "AssignTargetPath"
       Tarefa em execu├º├úo pronta "AssignTargetPath".
       A tarefa "AssignTargetPath" foi ignorada devido a condi├º├úo falsa; ('@(_DeploymentBaseManifestWithTargetPath)'=='' and '%(None.Extension)'=='.manifest') foi avaliado como (''=='' and '.bat'=='.manifest').
       A tarefa "AssignTargetPath" foi ignorada devido a condi├º├úo falsa; ('@(_DeploymentBaseManifestWithTargetPath)'=='' and '%(None.Extension)'=='.manifest') foi avaliado como (''=='' and '.txt'=='.manifest').
       A tarefa "AssignTargetPath" foi ignorada devido a condi├º├úo falsa; ('@(_DeploymentBaseManifestWithTargetPath)'=='' and '%(None.Extension)'=='.manifest') foi avaliado como (''=='' and '.md'=='.manifest').
       A tarefa "AssignTargetPath" foi ignorada devido a condi├º├úo falsa; ('@(_DeploymentBaseManifestWithTargetPath)'=='' and '%(None.Extension)'=='.manifest') foi avaliado como (''=='' and ''=='.manifest').
       A tarefa "AssignTargetPath" foi ignorada devido a condi├º├úo falsa; ('@(_DeploymentBaseManifestWithTargetPath)'=='' and '%(None.Extension)'=='.manifest') foi avaliado como (''=='' and '.json'=='.manifest').
       A tarefa "AssignTargetPath" foi ignorada devido a condi├º├úo falsa; ('@(_DeploymentBaseManifestWithTargetPath)'=='' and '%(None.Extension)'=='.manifest') foi avaliado como (''=='' and '.exe'=='.manifest').
       A tarefa "AssignTargetPath" foi ignorada devido a condi├º├úo falsa; ('@(_DeploymentBaseManifestWithTargetPath)'=='' and '%(None.Extension)'=='.manifest') foi avaliado como (''=='' and '.pdb'=='.manifest').
       A tarefa "AssignTargetPath" foi ignorada devido a condi├º├úo falsa; ('@(_DeploymentBaseManifestWithTargetPath)'=='' and '%(None.Extension)'=='.manifest') foi avaliado como (''=='' and '.log'=='.manifest').
   2:6>Destino de compila├º├úo pronto"AssignTargetPaths" no projeto "L2Updater.csproj".
       Destino "AssignTargetPaths" ignorado. Compilado anteriormente com ├¬xito.
   2:6>Destino "SplitResourcesByCulture" no arquivo "C:\Program Files\dotnet\sdk\9.0.304\Microsoft.Common.CurrentVersion.targets" do projeto "D:\PROJETOS\LAUNCHER C#\launcher\L2Updater.csproj" (o destino "PrepareResourceNames" depende dele):
       A tarefa "MSBuildInternalMessage" foi ignorada devido a condi├º├úo falsa; ('@(ResxWithNoCulture)'!='') foi avaliado como (''!='').
       A tarefa "MSBuildInternalMessage" foi ignorada devido a condi├º├úo falsa; ('@(ResxWithCulture)'!='') foi avaliado como (''!='').
       A tarefa "MSBuildInternalMessage" foi ignorada devido a condi├º├úo falsa; ('@(NonResxWithCulture)'!='') foi avaliado como (''!='').
       A tarefa "MSBuildInternalMessage" foi ignorada devido a condi├º├úo falsa; ('@(NonResxWithNoCulture)'!='') foi avaliado como (''!='').
       Usando a tarefa "AssignCulture" do assembly "Microsoft.Build.Tasks.Core, Version=15.1.0.0, Culture=neutral, PublicKeyToken=b03f5f7f11d50a3a".
       Tarefa "AssignCulture"
         A cultura de "" foi atribu├¡da ao arquivo "Updater\Properties\Resources.resx".
       Tarefa em execu├º├úo pronta "AssignCulture".
       Tarefa "AssignCulture"
         A cultura de "" foi atribu├¡da ao arquivo "obj\Debug\net9.0-windows\win-x64\L2Updater.g.resources".
       Tarefa em execu├º├úo pronta "AssignCulture".
   2:6>Destino de compila├º├úo pronto"SplitResourcesByCulture" no projeto "L2Updater.csproj".
   2:6>Destino "CreateManifestResourceNames" no arquivo "C:\Program Files\dotnet\sdk\9.0.304\Microsoft.CSharp.CurrentVersion.targets" do projeto "D:\PROJETOS\LAUNCHER C#\launcher\L2Updater.csproj" (o destino "PrepareResourceNames" depende dele):
       Usando a tarefa "CreateCSharpManifestResourceName" do assembly "Microsoft.Build.Tasks.Core, Version=15.1.0.0, Culture=neutral, PublicKeyToken=b03f5f7f11d50a3a".
       Tarefa "CreateCSharpManifestResourceName"
         O namespace de raiz ├® "L2Updater".
         O arquivo de recurso "Updater\Properties\Resources.resx" depende de "Resources.cs".
         O arquivo de recurso "Updater\Properties\Resources.resx" recebe o nome de recurso de manifesto "Updater.Properties.Resources".
         O arquivo de recurso "obj\Debug\net9.0-windows\win-x64\L2Updater.g.resources" n├úo depende de nenhum outro arquivo.
         O arquivo de recurso "obj\Debug\net9.0-windows\win-x64\L2Updater.g.resources" recebe o nome de recurso de manifesto "L2Updater.obj.Debug.net9._0_windows.win_x64.L2Updater.g.resources".
       Tarefa em execu├º├úo pronta "CreateCSharpManifestResourceName".
       A tarefa "CreateCSharpManifestResourceName" foi ignorada devido a condi├º├úo falsa; ('%(EmbeddedResource.ManifestResourceName)' == '' and '%(EmbeddedResource.WithCulture)' == 'true' and '%(EmbeddedResource.Type)' == 'Non-Resx') foi avaliado como ('' == '' and 'false' == 'true' and 'Resx' == 'Non-Resx').
   2:6>Destino de compila├º├úo pronto"CreateManifestResourceNames" no projeto "L2Updater.csproj".
   2:6>Destino "CreateCustomManifestResourceNames" no arquivo "C:\Program Files\dotnet\sdk\9.0.304\Microsoft.Common.CurrentVersion.targets" do projeto "D:\PROJETOS\LAUNCHER C#\launcher\L2Updater.csproj" (o destino "PrepareResourceNames" depende dele):
   2:6>Destino de compila├º├úo pronto"CreateCustomManifestResourceNames" no projeto "L2Updater.csproj".
   2:6>Destino "PrepareResourceNames" no arquivo "C:\Program Files\dotnet\sdk\9.0.304\Microsoft.Common.CurrentVersion.targets" do projeto "D:\PROJETOS\LAUNCHER C#\launcher\L2Updater.csproj" (o destino "PrepareResources" depende dele):
   2:6>Destino de compila├º├úo pronto"PrepareResourceNames" no projeto "L2Updater.csproj".
       Destino "ResolveAssemblyReferences" ignorado. Compilado anteriormente com ├¬xito.
       Destino "SplitResourcesByCulture" ignorado. Compilado anteriormente com ├¬xito.
   2:6>Destino "BeforeResGen" no arquivo "C:\Program Files\dotnet\sdk\9.0.304\Microsoft.Common.CurrentVersion.targets" do projeto "D:\PROJETOS\LAUNCHER C#\launcher\L2Updater.csproj" (o destino "ResGen" depende dele):
   2:6>Destino de compila├º├úo pronto"BeforeResGen" no projeto "L2Updater.csproj".
       Destino "ResolveReferences" ignorado. Compilado anteriormente com ├¬xito.
   2:6>Destino "FindReferenceAssembliesForReferences" no arquivo "C:\Program Files\dotnet\sdk\9.0.304\Microsoft.Common.CurrentVersion.targets" do projeto "D:\PROJETOS\LAUNCHER C#\launcher\L2Updater.csproj" (o destino "CoreResGen" depende dele):
   2:6>Destino de compila├º├úo pronto"FindReferenceAssembliesForReferences" no projeto "L2Updater.csproj".
   2:6>Destino "CoreResGen" no arquivo "C:\Program Files\dotnet\sdk\9.0.304\Microsoft.Common.CurrentVersion.targets" do projeto "D:\PROJETOS\LAUNCHER C#\launcher\L2Updater.csproj" (o destino "ResGen" depende dele):
       Usando a tarefa "GenerateResource" do assembly "Microsoft.Build.Tasks.Core, Version=15.1.0.0, Culture=neutral, PublicKeyToken=b03f5f7f11d50a3a".
       Tarefa "GenerateResource"
         O arquivo de sa├¡da "obj\Debug\net9.0-windows\win-x64\Updater.Properties.Resources.resources" n├úo existe.
         resgen.exe /useSourcePath /r:"C:\Program Files\dotnet\packs\Microsoft.WindowsDesktop.App.Ref\9.0.8\ref\net9.0\Accessibility.dll" /r:C:\Users\danie\.nuget\packages\communitytoolkit.mvvm\8.2.2\lib\net6.0\CommunityToolkit.Mvvm.dll /r:"C:\Program Files\dotnet\packs\Microsoft.NETCore.App.Ref\9.0.8\ref\net9.0\Microsoft.CSharp.dll" /r:C:\Users\danie\.nuget\packages\microsoft.extensions.configuration.abstractions\9.0.0\lib\net9.0\Microsoft.Extensions.Configuration.Abstractions.dll /r:C:\Users\danie\.nuget\packages\microsoft.extensions.configuration.binder\9.0.0\lib\net9.0\Microsoft.Extensions.Configuration.Binder.dll /r:C:\Users\danie\.nuget\packages\microsoft.extensions.configuration\9.0.0\lib\net9.0\Microsoft.Extensions.Configuration.dll /r:C:\Users\danie\.nuget\packages\microsoft.extensions.configuration.fileextensions\9.0.0\lib\net9.0\Microsoft.Extensions.Configuration.FileExtensions.dll /r:C:\Users\danie\.nuget\packages\microsoft.extensions.configuration.json\9.0.0\lib\net9.0\Microsoft.Extensions.Configuration.Json.dll /r:C:\Users\danie\.nuget\packages\microsoft.extensions.dependencyinjection.abstractions\9.0.0\lib\net9.0\Microsoft.Extensions.DependencyInjection.Abstractions.dll /r:C:\Users\danie\.nuget\packages\microsoft.extensions.dependencyinjection\9.0.0\lib\net9.0\Microsoft.Extensions.DependencyInjection.dll /r:C:\Users\danie\.nuget\packages\microsoft.extensions.diagnostics.abstractions\9.0.0\lib\net9.0\Microsoft.Extensions.Diagnostics.Abstractions.dll /r:C:\Users\danie\.nuget\packages\microsoft.extensions.diagnostics\9.0.0\lib\net9.0\Microsoft.Extensions.Diagnostics.dll /r:C:\Users\danie\.nuget\packages\microsoft.extensions.fileproviders.abstractions\9.0.0\lib\net9.0\Microsoft.Extensions.FileProviders.Abstractions.dll /r:C:\Users\danie\.nuget\packages\microsoft.extensions.fileproviders.physical\9.0.0\lib\net9.0\Microsoft.Extensions.FileProviders.Physical.dll /r:C:\Users\danie\.nuget\packages\microsoft.extensions.filesystemglobbing\9.0.0\lib\net9.0\Microsoft.Extensions.FileSystemGlobbing.dll /r:C:\Users\danie\.nuget\packages\microsoft.extensions.http\9.0.0\lib\net9.0\Microsoft.Extensions.Http.dll /r:C:\Users\danie\.nuget\packages\microsoft.extensions.logging.abstractions\9.0.0\lib\net9.0\Microsoft.Extensions.Logging.Abstractions.dll /r:C:\Users\danie\.nuget\packages\microsoft.extensions.logging.configuration\9.0.0\lib\net9.0\Microsoft.Extensions.Logging.Configuration.dll /r:C:\Users\danie\.nuget\packages\microsoft.extensions.logging.console\9.0.0\lib\net9.0\Microsoft.Extensions.Logging.Console.dll /r:C:\Users\danie\.nuget\packages\microsoft.extensions.logging\9.0.0\lib\net9.0\Microsoft.Extensions.Logging.dll /r:C:\Users\danie\.nuget\packages\microsoft.extensions.options.configurationextensions\9.0.0\lib\net9.0\Microsoft.Extensions.Options.ConfigurationExtensions.dll /r:C:\Users\danie\.nuget\packages\microsoft.extensions.options\9.0.0\lib\net9.0\Microsoft.Extensions.Options.dll /r:C:\Users\danie\.nuget\packages\microsoft.extensions.primitives\9.0.0\lib\net9.0\Microsoft.Extensions.Primitives.dll /r:"C:\Program Files\dotnet\packs\Microsoft.NETCore.App.Ref\9.0.8\ref\net9.0\Microsoft.VisualBasic.Core.dll" /r:"C:\Program Files\dotnet\packs\Microsoft.WindowsDesktop.App.Ref\9.0.8\ref\net9.0\Microsoft.VisualBasic.dll" /r:"C:\Program Files\dotnet\packs\Microsoft.WindowsDesktop.App.Ref\9.0.8\ref\net9.0\Microsoft.VisualBasic.Forms.dll" /r:"C:\Program Files\dotnet\packs\Microsoft.NETCore.App.Ref\9.0.8\ref\net9.0\Microsoft.Win32.Primitives.dll" /r:"C:\Program Files\dotnet\packs\Microsoft.WindowsDesktop.App.Ref\9.0.8\ref\net9.0\Microsoft.Win32.Registry.AccessControl.dll" /r:"C:\Program Files\dotnet\packs\Microsoft.NETCore.App.Ref\9.0.8\ref\net9.0\Microsoft.Win32.Registry.dll" /r:"C:\Program Files\dotnet\packs\Microsoft.WindowsDesktop.App.Ref\9.0.8\ref\net9.0\Microsoft.Win32.SystemEvents.dll" /r:"C:\Program Files\dotnet\packs\Microsoft.NETCore.App.Ref\9.0.8\ref\net9.0\mscorlib.dll" /r:"C:\Program Files\dotnet\packs\Microsoft.NETCore.App.Ref\9.0.8\ref\net9.0\netstandard.dll" /r:C:\Users\danie\.nuget\packages\newtonsoft.json\13.0.3\lib\net6.0\Newtonsoft.Json.dll /r:"C:\Program Files\dotnet\packs\Microsoft.WindowsDesktop.App.Ref\9.0.8\ref\net9.0\PresentationCore.dll" /r:"C:\Program Files\dotnet\packs\Microsoft.WindowsDesktop.App.Ref\9.0.8\ref\net9.0\PresentationFramework.Aero.dll" /r:"C:\Program Files\dotnet\packs\Microsoft.WindowsDesktop.App.Ref\9.0.8\ref\net9.0\PresentationFramework.Aero2.dll" /r:"C:\Program Files\dotnet\packs\Microsoft.WindowsDesktop.App.Ref\9.0.8\ref\net9.0\PresentationFramework.AeroLite.dll" /r:"C:\Program Files\dotnet\packs\Microsoft.WindowsDesktop.App.Ref\9.0.8\ref\net9.0\PresentationFramework.Classic.dll" /r:"C:\Program Files\dotnet\packs\Microsoft.WindowsDesktop.App.Ref\9.0.8\ref\net9.0\PresentationFramework.dll" /r:"C:\Program Files\dotnet\packs\Microsoft.WindowsDesktop.App.Ref\9.0.8\ref\net9.0\PresentationFramework.Luna.dll" /r:"C:\Program Files\dotnet\packs\Microsoft.WindowsDesktop.App.Ref\9.0.8\ref\net9.0\PresentationFramework.Royale.dll" /r:"C:\Program Files\dotnet\packs\Microsoft.WindowsDesktop.App.Ref\9.0.8\ref\net9.0\PresentationUI.dll" /r:"C:\Program Files\dotnet\packs\Microsoft.WindowsDesktop.App.Ref\9.0.8\ref\net9.0\ReachFramework.dll" /r:C:\Users\danie\.nuget\packages\serilog\4.0.0\lib\net8.0\Serilog.dll /r:C:\Users\danie\.nuget\packages\serilog.extensions.logging\8.0.0\lib\net8.0\Serilog.Extensions.Logging.dll /r:C:\Users\danie\.nuget\packages\serilog.sinks.console\6.0.0\lib\net8.0\Serilog.Sinks.Console.dll /r:C:\Users\danie\.nuget\packages\serilog.sinks.file\6.0.0\lib\net8.0\Serilog.Sinks.File.dll /r:"C:\Program Files\dotnet\packs\Microsoft.NETCore.App.Ref\9.0.8\ref\net9.0\System.AppContext.dll" /r:"C:\Program Files\dotnet\packs\Microsoft.NETCore.App.Ref\9.0.8\ref\net9.0\System.Buffers.dll" /r:"C:\Program Files\dotnet\packs\Microsoft.WindowsDesktop.App.Ref\9.0.8\ref\net9.0\System.CodeDom.dll" /r:"C:\Program Files\dotnet\packs\Microsoft.NETCore.App.Ref\9.0.8\ref\net9.0\System.Collections.Concurrent.dll" /r:"C:\Program Files\dotnet\packs\Microsoft.NETCore.App.Ref\9.0.8\ref\net9.0\System.Collections.dll" /r:"C:\Program Files\dotnet\packs\Microsoft.NETCore.App.Ref\9.0.8\ref\net9.0\System.Collections.Immutable.dll" /r:"C:\Program Files\dotnet\packs\Microsoft.NETCore.App.Ref\9.0.8\ref\net9.0\System.Collections.NonGeneric.dll" /r:"C:\Program Files\dotnet\packs\Microsoft.NETCore.App.Ref\9.0.8\ref\net9.0\System.Collections.Specialized.dll" /r:"C:\Program Files\dotnet\packs\Microsoft.NETCore.App.Ref\9.0.8\ref\net9.0\System.ComponentModel.Annotations.dll" /r:"C:\Program Files\dotnet\packs\Microsoft.NETCore.App.Ref\9.0.8\ref\net9.0\System.ComponentModel.DataAnnotations.dll" /r:"C:\Program Files\dotnet\packs\Microsoft.NETCore.App.Ref\9.0.8\ref\net9.0\System.ComponentModel.dll" /r:"C:\Program Files\dotnet\packs\Microsoft.NETCore.App.Ref\9.0.8\ref\net9.0\System.ComponentModel.EventBasedAsync.dll" /r:"C:\Program Files\dotnet\packs\Microsoft.NETCore.App.Ref\9.0.8\ref\net9.0\System.ComponentModel.Primitives.dll" /r:"C:\Program Files\dotnet\packs\Microsoft.NETCore.App.Ref\9.0.8\ref\net9.0\System.ComponentModel.TypeConverter.dll" /r:"C:\Program Files\dotnet\packs\Microsoft.WindowsDesktop.App.Ref\9.0.8\ref\net9.0\System.Configuration.ConfigurationManager.dll" /r:"C:\Program Files\dotnet\packs\Microsoft.NETCore.App.Ref\9.0.8\ref\net9.0\System.Configuration.dll" /r:"C:\Program Files\dotnet\packs\Microsoft.NETCore.App.Ref\9.0.8\ref\net9.0\System.Console.dll" /r:"C:\Program Files\dotnet\packs\Microsoft.NETCore.App.Ref\9.0.8\ref\net9.0\System.Core.dll" /r:"C:\Program Files\dotnet\packs\Microsoft.NETCore.App.Ref\9.0.8\ref\net9.0\System.Data.Common.dll" /r:"C:\Program Files\dotnet\packs\Microsoft.NETCore.App.Ref\9.0.8\ref\net9.0\System.Data.DataSetExtensions.dll" /r:"C:\Program Files\dotnet\packs\Microsoft.NETCore.App.Ref\9.0.8\ref\net9.0\System.Data.dll" /r:"C:\Program Files\dotnet\packs\Microsoft.WindowsDesktop.App.Ref\9.0.8\ref\net9.0\System.Design.dll" /r:"C:\Program Files\dotnet\packs\Microsoft.NETCore.App.Ref\9.0.8\ref\net9.0\System.Diagnostics.Contracts.dll" /r:"C:\Program Files\dotnet\packs\Microsoft.NETCore.App.Ref\9.0.8\ref\net9.0\System.Diagnostics.Debug.dll" /r:"C:\Program Files\dotnet\packs\Microsoft.NETCore.App.Ref\9.0.8\ref\net9.0\System.Diagnostics.DiagnosticSource.dll" /r:"C:\Program Files\dotnet\packs\Microsoft.WindowsDesktop.App.Ref\9.0.8\ref\net9.0\System.Diagnostics.EventLog.dll" /r:"C:\Program Files\dotnet\packs\Microsoft.NETCore.App.Ref\9.0.8\ref\net9.0\System.Diagnostics.FileVersionInfo.dll" /r:"C:\Program Files\dotnet\packs\Microsoft.WindowsDesktop.App.Ref\9.0.8\ref\net9.0\System.Diagnostics.PerformanceCounter.dll" /r:"C:\Program Files\dotnet\packs\Microsoft.NETCore.App.Ref\9.0.8\ref\net9.0\System.Diagnostics.Process.dll" /r:"C:\Program Files\dotnet\packs\Microsoft.NETCore.App.Ref\9.0.8\ref\net9.0\System.Diagnostics.StackTrace.dll" /r:"C:\Program Files\dotnet\packs\Microsoft.NETCore.App.Ref\9.0.8\ref\net9.0\System.Diagnostics.TextWriterTraceListener.dll" /r:"C:\Program Files\dotnet\packs\Microsoft.NETCore.App.Ref\9.0.8\ref\net9.0\System.Diagnostics.Tools.dll" /r:"C:\Program Files\dotnet\packs\Microsoft.NETCore.App.Ref\9.0.8\ref\net9.0\System.Diagnostics.TraceSource.dll" /r:"C:\Program Files\dotnet\packs\Microsoft.NETCore.App.Ref\9.0.8\ref\net9.0\System.Diagnostics.Tracing.dll" /r:"C:\Program Files\dotnet\packs\Microsoft.WindowsDesktop.App.Ref\9.0.8\ref\net9.0\System.DirectoryServices.dll" /r:"C:\Program Files\dotnet\packs\Microsoft.NETCore.App.Ref\9.0.8\ref\net9.0\System.dll" /r:"C:\Program Files\dotnet\packs\Microsoft.WindowsDesktop.App.Ref\9.0.8\ref\net9.0\System.Drawing.Common.dll" /r:"C:\Program Files\dotnet\packs\Microsoft.WindowsDesktop.App.Ref\9.0.8\ref\net9.0\System.Drawing.Design.dll" /r:"C:\Program Files\dotnet\packs\Microsoft.WindowsDesktop.App.Ref\9.0.8\ref\net9.0\System.Drawing.dll" /r:"C:\Program Files\dotnet\packs\Microsoft.NETCore.App.Ref\9.0.8\ref\net9.0\System.Drawing.Primitives.dll" /r:"C:\Program Files\dotnet\packs\Microsoft.NETCore.App.Ref\9.0.8\ref\net9.0\System.Dynamic.Runtime.dll" /r:"C:\Program Files\dotnet\packs\Microsoft.NETCore.App.Ref\9.0.8\ref\net9.0\System.Formats.Asn1.dll" /r:"C:\Program Files\dotnet\packs\Microsoft.WindowsDesktop.App.Ref\9.0.8\ref\net9.0\System.Formats.Nrbf.dll" /r:"C:\Program Files\dotnet\packs\Microsoft.NETCore.App.Ref\9.0.8\ref\net9.0\System.Formats.Tar.dll" /r:"C:\Program Files\dotnet\packs\Microsoft.NETCore.App.Ref\9.0.8\ref\net9.0\System.Globalization.Calendars.dll" /r:"C:\Program Files\dotnet\packs\Microsoft.NETCore.App.Ref\9.0.8\ref\net9.0\System.Globalization.dll" /r:"C:\Program Files\dotnet\packs\Microsoft.NETCore.App.Ref\9.0.8\ref\net9.0\System.Globalization.Extensions.dll" /r:"C:\Program Files\dotnet\packs\Microsoft.NETCore.App.Ref\9.0.8\ref\net9.0\System.IO.Compression.Brotli.dll" /r:"C:\Program Files\dotnet\packs\Microsoft.NETCore.App.Ref\9.0.8\ref\net9.0\System.IO.Compression.dll" /r:"C:\Program Files\dotnet\packs\Microsoft.NETCore.App.Ref\9.0.8\ref\net9.0\System.IO.Compression.FileSystem.dll" /r:"C:\Program Files\dotnet\packs\Microsoft.NETCore.App.Ref\9.0.8\ref\net9.0\System.IO.Compression.ZipFile.dll" /r:"C:\Program Files\dotnet\packs\Microsoft.NETCore.App.Ref\9.0.8\ref\net9.0\System.IO.dll" /r:"C:\Program Files\dotnet\packs\Microsoft.NETCore.App.Ref\9.0.8\ref\net9.0\System.IO.FileSystem.AccessControl.dll" /r:"C:\Program Files\dotnet\packs\Microsoft.NETCore.App.Ref\9.0.8\ref\net9.0\System.IO.FileSystem.dll" /r:"C:\Program Files\dotnet\packs\Microsoft.NETCore.App.Ref\9.0.8\ref\net9.0\System.IO.FileSystem.DriveInfo.dll" /r:"C:\Program Files\dotnet\packs\Microsoft.NETCore.App.Ref\9.0.8\ref\net9.0\System.IO.FileSystem.Primitives.dll" /r:"C:\Program Files\dotnet\packs\Microsoft.NETCore.App.Ref\9.0.8\ref\net9.0\System.IO.FileSystem.Watcher.dll" /r:"C:\Program Files\dotnet\packs\Microsoft.NETCore.App.Ref\9.0.8\ref\net9.0\System.IO.IsolatedStorage.dll" /r:"C:\Program Files\dotnet\packs\Microsoft.NETCore.App.Ref\9.0.8\ref\net9.0\System.IO.MemoryMappedFiles.dll" /r:"C:\Program Files\dotnet\packs\Microsoft.WindowsDesktop.App.Ref\9.0.8\ref\net9.0\System.IO.Packaging.dll" /r:"C:\Program Files\dotnet\packs\Microsoft.NETCore.App.Ref\9.0.8\ref\net9.0\System.IO.Pipelines.dll" /r:"C:\Program Files\dotnet\packs\Microsoft.NETCore.App.Ref\9.0.8\ref\net9.0\System.IO.Pipes.AccessControl.dll" /r:"C:\Program Files\dotnet\packs\Microsoft.NETCore.App.Ref\9.0.8\ref\net9.0\System.IO.Pipes.dll" /r:"C:\Program Files\dotnet\packs\Microsoft.NETCore.App.Ref\9.0.8\ref\net9.0\System.IO.UnmanagedMemoryStream.dll" /r:"C:\Program Files\dotnet\packs\Microsoft.NETCore.App.Ref\9.0.8\ref\net9.0\System.Linq.dll" /r:"C:\Program Files\dotnet\packs\Microsoft.NETCore.App.Ref\9.0.8\ref\net9.0\System.Linq.Expressions.dll" /r:"C:\Program Files\dotnet\packs\Microsoft.NETCore.App.Ref\9.0.8\ref\net9.0\System.Linq.Parallel.dll" /r:"C:\Program Files\dotnet\packs\Microsoft.NETCore.App.Ref\9.0.8\ref\net9.0\System.Linq.Queryable.dll" /r:"C:\Program Files\dotnet\packs\Microsoft.NETCore.App.Ref\9.0.8\ref\net9.0\System.Memory.dll" /r:"C:\Program Files\dotnet\packs\Microsoft.NETCore.App.Ref\9.0.8\ref\net9.0\System.Net.dll" /r:"C:\Program Files\dotnet\packs\Microsoft.NETCore.App.Ref\9.0.8\ref\net9.0\System.Net.Http.dll" /r:"C:\Program Files\dotnet\packs\Microsoft.NETCore.App.Ref\9.0.8\ref\net9.0\System.Net.Http.Json.dll" /r:"C:\Program Files\dotnet\packs\Microsoft.NETCore.App.Ref\9.0.8\ref\net9.0\System.Net.HttpListener.dll" /r:"C:\Program Files\dotnet\packs\Microsoft.NETCore.App.Ref\9.0.8\ref\net9.0\System.Net.Mail.dll" /r:"C:\Program Files\dotnet\packs\Microsoft.NETCore.App.Ref\9.0.8\ref\net9.0\System.Net.NameResolution.dll" /r:"C:\Program Files\dotnet\packs\Microsoft.NETCore.App.Ref\9.0.8\ref\net9.0\System.Net.NetworkInformation.dll" /r:"C:\Program Files\dotnet\packs\Microsoft.NETCore.App.Ref\9.0.8\ref\net9.0\System.Net.Ping.dll" /r:"C:\Program Files\dotnet\packs\Microsoft.NETCore.App.Ref\9.0.8\ref\net9.0\System.Net.Primitives.dll" /r:"C:\Program Files\dotnet\packs\Microsoft.NETCore.App.Ref\9.0.8\ref\net9.0\System.Net.Quic.dll" /r:"C:\Program Files\dotnet\packs\Microsoft.NETCore.App.Ref\9.0.8\ref\net9.0\System.Net.Requests.dll" /r:"C:\Program Files\dotnet\packs\Microsoft.NETCore.App.Ref\9.0.8\ref\net9.0\System.Net.Security.dll" /r:"C:\Program Files\dotnet\packs\Microsoft.NETCore.App.Ref\9.0.8\ref\net9.0\System.Net.ServicePoint.dll" /r:"C:\Program Files\dotnet\packs\Microsoft.NETCore.App.Ref\9.0.8\ref\net9.0\System.Net.Sockets.dll" /r:"C:\Program Files\dotnet\packs\Microsoft.NETCore.App.Ref\9.0.8\ref\net9.0\System.Net.WebClient.dll" /r:"C:\Program Files\dotnet\packs\Microsoft.NETCore.App.Ref\9.0.8\ref\net9.0\System.Net.WebHeaderCollection.dll" /r:"C:\Program Files\dotnet\packs\Microsoft.NETCore.App.Ref\9.0.8\ref\net9.0\System.Net.WebProxy.dll" /r:"C:\Program Files\dotnet\packs\Microsoft.NETCore.App.Ref\9.0.8\ref\net9.0\System.Net.WebSockets.Client.dll" /r:"C:\Program Files\dotnet\packs\Microsoft.NETCore.App.Ref\9.0.8\ref\net9.0\System.Net.WebSockets.dll" /r:"C:\Program Files\dotnet\packs\Microsoft.NETCore.App.Ref\9.0.8\ref\net9.0\System.Numerics.dll" /r:"C:\Program Files\dotnet\packs\Microsoft.NETCore.App.Ref\9.0.8\ref\net9.0\System.Numerics.Vectors.dll" /r:"C:\Program Files\dotnet\packs\Microsoft.NETCore.App.Ref\9.0.8\ref\net9.0\System.ObjectModel.dll" /r:"C:\Program Files\dotnet\packs\Microsoft.WindowsDesktop.App.Ref\9.0.8\ref\net9.0\System.Printing.dll" /r:"C:\Program Files\dotnet\packs\Microsoft.WindowsDesktop.App.Ref\9.0.8\ref\net9.0\System.Private.Windows.Core.dll" /r:"C:\Program Files\dotnet\packs\Microsoft.NETCore.App.Ref\9.0.8\ref\net9.0\System.Reflection.DispatchProxy.dll" /r:"C:\Program Files\dotnet\packs\Microsoft.NETCore.App.Ref\9.0.8\ref\net9.0\System.Reflection.dll" /r:"C:\Program Files\dotnet\packs\Microsoft.NETCore.App.Ref\9.0.8\ref\net9.0\System.Reflection.Emit.dll" /r:"C:\Program Files\dotnet\packs\Microsoft.NETCore.App.Ref\9.0.8\ref\net9.0\System.Reflection.Emit.ILGeneration.dll" /r:"C:\Program Files\dotnet\packs\Microsoft.NETCore.App.Ref\9.0.8\ref\net9.0\System.Reflection.Emit.Lightweight.dll" /r:"C:\Program Files\dotnet\packs\Microsoft.NETCore.App.Ref\9.0.8\ref\net9.0\System.Reflection.Extensions.dll" /r:"C:\Program Files\dotnet\packs\Microsoft.NETCore.App.Ref\9.0.8\ref\net9.0\System.Reflection.Metadata.dll" /r:"C:\Program Files\dotnet\packs\Microsoft.NETCore.App.Ref\9.0.8\ref\net9.0\System.Reflection.Primitives.dll" /r:"C:\Program Files\dotnet\packs\Microsoft.NETCore.App.Ref\9.0.8\ref\net9.0\System.Reflection.TypeExtensions.dll" /r:"C:\Program Files\dotnet\packs\Microsoft.WindowsDesktop.App.Ref\9.0.8\ref\net9.0\System.Resources.Extensions.dll" /r:"C:\Program Files\dotnet\packs\Microsoft.NETCore.App.Ref\9.0.8\ref\net9.0\System.Resources.Reader.dll" /r:"C:\Program Files\dotnet\packs\Microsoft.NETCore.App.Ref\9.0.8\ref\net9.0\System.Resources.ResourceManager.dll" /r:"C:\Program Files\dotnet\packs\Microsoft.NETCore.App.Ref\9.0.8\ref\net9.0\System.Resources.Writer.dll" /r:"C:\Program Files\dotnet\packs\Microsoft.NETCore.App.Ref\9.0.8\ref\net9.0\System.Runtime.CompilerServices.Unsafe.dll" /r:"C:\Program Files\dotnet\packs\Microsoft.NETCore.App.Ref\9.0.8\ref\net9.0\System.Runtime.CompilerServices.VisualC.dll" /r:"C:\Program Files\dotnet\packs\Microsoft.NETCore.App.Ref\9.0.8\ref\net9.0\System.Runtime.dll" /r:"C:\Program Files\dotnet\packs\Microsoft.NETCore.App.Ref\9.0.8\ref\net9.0\System.Runtime.Extensions.dll" /r:"C:\Program Files\dotnet\packs\Microsoft.NETCore.App.Ref\9.0.8\ref\net9.0\System.Runtime.Handles.dll" /r:"C:\Program Files\dotnet\packs\Microsoft.NETCore.App.Ref\9.0.8\ref\net9.0\System.Runtime.InteropServices.dll" /r:"C:\Program Files\dotnet\packs\Microsoft.NETCore.App.Ref\9.0.8\ref\net9.0\System.Runtime.InteropServices.JavaScript.dll" /r:"C:\Program Files\dotnet\packs\Microsoft.NETCore.App.Ref\9.0.8\ref\net9.0\System.Runtime.InteropServices.RuntimeInformation.dll" /r:"C:\Program Files\dotnet\packs\Microsoft.NETCore.App.Ref\9.0.8\ref\net9.0\System.Runtime.Intrinsics.dll" /r:"C:\Program Files\dotnet\packs\Microsoft.NETCore.App.Ref\9.0.8\ref\net9.0\System.Runtime.Loader.dll" /r:"C:\Program Files\dotnet\packs\Microsoft.NETCore.App.Ref\9.0.8\ref\net9.0\System.Runtime.Numerics.dll" /r:"C:\Program Files\dotnet\packs\Microsoft.NETCore.App.Ref\9.0.8\ref\net9.0\System.Runtime.Serialization.dll" /r:"C:\Program Files\dotnet\packs\Microsoft.NETCore.App.Ref\9.0.8\ref\net9.0\System.Runtime.Serialization.Formatters.dll" /r:"C:\Program Files\dotnet\packs\Microsoft.NETCore.App.Ref\9.0.8\ref\net9.0\System.Runtime.Serialization.Json.dll" /r:"C:\Program Files\dotnet\packs\Microsoft.NETCore.App.Ref\9.0.8\ref\net9.0\System.Runtime.Serialization.Primitives.dll" /r:"C:\Program Files\dotnet\packs\Microsoft.NETCore.App.Ref\9.0.8\ref\net9.0\System.Runtime.Serialization.Xml.dll" /r:"C:\Program Files\dotnet\packs\Microsoft.NETCore.App.Ref\9.0.8\ref\net9.0\System.Security.AccessControl.dll" /r:"C:\Program Files\dotnet\packs\Microsoft.NETCore.App.Ref\9.0.8\ref\net9.0\System.Security.Claims.dll" /r:"C:\Program Files\dotnet\packs\Microsoft.NETCore.App.Ref\9.0.8\ref\net9.0\System.Security.Cryptography.Algorithms.dll" /r:"C:\Program Files\dotnet\packs\Microsoft.NETCore.App.Ref\9.0.8\ref\net9.0\System.Security.Cryptography.Cng.dll" /r:"C:\Program Files\dotnet\packs\Microsoft.NETCore.App.Ref\9.0.8\ref\net9.0\System.Security.Cryptography.Csp.dll" /r:"C:\Program Files\dotnet\packs\Microsoft.NETCore.App.Ref\9.0.8\ref\net9.0\System.Security.Cryptography.dll" /r:"C:\Program Files\dotnet\packs\Microsoft.NETCore.App.Ref\9.0.8\ref\net9.0\System.Security.Cryptography.Encoding.dll" /r:"C:\Program Files\dotnet\packs\Microsoft.NETCore.App.Ref\9.0.8\ref\net9.0\System.Security.Cryptography.OpenSsl.dll" /r:"C:\Program Files\dotnet\packs\Microsoft.WindowsDesktop.App.Ref\9.0.8\ref\net9.0\System.Security.Cryptography.Pkcs.dll" /r:"C:\Program Files\dotnet\packs\Microsoft.NETCore.App.Ref\9.0.8\ref\net9.0\System.Security.Cryptography.Primitives.dll" /r:"C:\Program Files\dotnet\packs\Microsoft.WindowsDesktop.App.Ref\9.0.8\ref\net9.0\System.Security.Cryptography.ProtectedData.dll" /r:"C:\Program Files\dotnet\packs\Microsoft.NETCore.App.Ref\9.0.8\ref\net9.0\System.Security.Cryptography.X509Certificates.dll" /r:"C:\Program Files\dotnet\packs\Microsoft.WindowsDesktop.App.Ref\9.0.8\ref\net9.0\System.Security.Cryptography.Xml.dll" /r:"C:\Program Files\dotnet\packs\Microsoft.NETCore.App.Ref\9.0.8\ref\net9.0\System.Security.dll" /r:"C:\Program Files\dotnet\packs\Microsoft.WindowsDesktop.App.Ref\9.0.8\ref\net9.0\System.Security.Permissions.dll" /r:"C:\Program Files\dotnet\packs\Microsoft.NETCore.App.Ref\9.0.8\ref\net9.0\System.Security.Principal.dll" /r:"C:\Program Files\dotnet\packs\Microsoft.NETCore.App.Ref\9.0.8\ref\net9.0\System.Security.Principal.Windows.dll" /r:"C:\Program Files\dotnet\packs\Microsoft.NETCore.App.Ref\9.0.8\ref\net9.0\System.Security.SecureString.dll" /r:"C:\Program Files\dotnet\packs\Microsoft.NETCore.App.Ref\9.0.8\ref\net9.0\System.ServiceModel.Web.dll" /r:"C:\Program Files\dotnet\packs\Microsoft.NETCore.App.Ref\9.0.8\ref\net9.0\System.ServiceProcess.dll" /r:"C:\Program Files\dotnet\packs\Microsoft.NETCore.App.Ref\9.0.8\ref\net9.0\System.Text.Encoding.CodePages.dll" /r:"C:\Program Files\dotnet\packs\Microsoft.NETCore.App.Ref\9.0.8\ref\net9.0\System.Text.Encoding.dll" /r:"C:\Program Files\dotnet\packs\Microsoft.NETCore.App.Ref\9.0.8\ref\net9.0\System.Text.Encoding.Extensions.dll" /r:"C:\Program Files\dotnet\packs\Microsoft.NETCore.App.Ref\9.0.8\ref\net9.0\System.Text.Encodings.Web.dll" /r:"C:\Program Files\dotnet\packs\Microsoft.NETCore.App.Ref\9.0.8\ref\net9.0\System.Text.Json.dll" /r:"C:\Program Files\dotnet\packs\Microsoft.NETCore.App.Ref\9.0.8\ref\net9.0\System.Text.RegularExpressions.dll" /r:"C:\Program Files\dotnet\packs\Microsoft.WindowsDesktop.App.Ref\9.0.8\ref\net9.0\System.Threading.AccessControl.dll" /r:"C:\Program Files\dotnet\packs\Microsoft.NETCore.App.Ref\9.0.8\ref\net9.0\System.Threading.Channels.dll" /r:"C:\Program Files\dotnet\packs\Microsoft.NETCore.App.Ref\9.0.8\ref\net9.0\System.Threading.dll" /r:"C:\Program Files\dotnet\packs\Microsoft.NETCore.App.Ref\9.0.8\ref\net9.0\System.Threading.Overlapped.dll" /r:"C:\Program Files\dotnet\packs\Microsoft.NETCore.App.Ref\9.0.8\ref\net9.0\System.Threading.Tasks.Dataflow.dll" /r:"C:\Program Files\dotnet\packs\Microsoft.NETCore.App.Ref\9.0.8\ref\net9.0\System.Threading.Tasks.dll" /r:"C:\Program Files\dotnet\packs\Microsoft.NETCore.App.Ref\9.0.8\ref\net9.0\System.Threading.Tasks.Extensions.dll" /r:"C:\Program Files\dotnet\packs\Microsoft.NETCore.App.Ref\9.0.8\ref\net9.0\System.Threading.Tasks.Parallel.dll" /r:"C:\Program Files\dotnet\packs\Microsoft.NETCore.App.Ref\9.0.8\ref\net9.0\System.Threading.Thread.dll" /r:"C:\Program Files\dotnet\packs\Microsoft.NETCore.App.Ref\9.0.8\ref\net9.0\System.Threading.ThreadPool.dll" /r:"C:\Program Files\dotnet\packs\Microsoft.NETCore.App.Ref\9.0.8\ref\net9.0\System.Threading.Timer.dll" /r:"C:\Program Files\dotnet\packs\Microsoft.NETCore.App.Ref\9.0.8\ref\net9.0\System.Transactions.dll" /r:"C:\Program Files\dotnet\packs\Microsoft.NETCore.App.Ref\9.0.8\ref\net9.0\System.Transactions.Local.dll" /r:"C:\Program Files\dotnet\packs\Microsoft.NETCore.App.Ref\9.0.8\ref\net9.0\System.ValueTuple.dll" /r:"C:\Program Files\dotnet\packs\Microsoft.NETCore.App.Ref\9.0.8\ref\net9.0\System.Web.dll" /r:"C:\Program Files\dotnet\packs\Microsoft.NETCore.App.Ref\9.0.8\ref\net9.0\System.Web.HttpUtility.dll" /r:"C:\Program Files\dotnet\packs\Microsoft.WindowsDesktop.App.Ref\9.0.8\ref\net9.0\System.Windows.Controls.Ribbon.dll" /r:"C:\Program Files\dotnet\packs\Microsoft.NETCore.App.Ref\9.0.8\ref\net9.0\System.Windows.dll" /r:"C:\Program Files\dotnet\packs\Microsoft.WindowsDesktop.App.Ref\9.0.8\ref\net9.0\System.Windows.Extensions.dll" /r:"C:\Program Files\dotnet\packs\Microsoft.WindowsDesktop.App.Ref\9.0.8\ref\net9.0\System.Windows.Forms.Design.dll" /r:"C:\Program Files\dotnet\packs\Microsoft.WindowsDesktop.App.Ref\9.0.8\ref\net9.0\System.Windows.Forms.Design.Editors.dll" /r:"C:\Program Files\dotnet\packs\Microsoft.WindowsDesktop.App.Ref\9.0.8\ref\net9.0\System.Windows.Forms.dll" /r:"C:\Program Files\dotnet\packs\Microsoft.WindowsDesktop.App.Ref\9.0.8\ref\net9.0\System.Windows.Forms.Primitives.dll" /r:"C:\Program Files\dotnet\packs\Microsoft.WindowsDesktop.App.Ref\9.0.8\ref\net9.0\System.Windows.Input.Manipulations.dll" /r:"C:\Program Files\dotnet\packs\Microsoft.WindowsDesktop.App.Ref\9.0.8\ref\net9.0\System.Windows.Presentation.dll" /r:"C:\Program Files\dotnet\packs\Microsoft.WindowsDesktop.App.Ref\9.0.8\ref\net9.0\System.Xaml.dll" /r:"C:\Program Files\dotnet\packs\Microsoft.NETCore.App.Ref\9.0.8\ref\net9.0\System.Xml.dll" /r:"C:\Program Files\dotnet\packs\Microsoft.NETCore.App.Ref\9.0.8\ref\net9.0\System.Xml.Linq.dll" /r:"C:\Program Files\dotnet\packs\Microsoft.NETCore.App.Ref\9.0.8\ref\net9.0\System.Xml.ReaderWriter.dll" /r:"C:\Program Files\dotnet\packs\Microsoft.NETCore.App.Ref\9.0.8\ref\net9.0\System.Xml.Serialization.dll" /r:"C:\Program Files\dotnet\packs\Microsoft.NETCore.App.Ref\9.0.8\ref\net9.0\System.Xml.XDocument.dll" /r:"C:\Program Files\dotnet\packs\Microsoft.NETCore.App.Ref\9.0.8\ref\net9.0\System.Xml.XmlDocument.dll" /r:"C:\Program Files\dotnet\packs\Microsoft.NETCore.App.Ref\9.0.8\ref\net9.0\System.Xml.XmlSerializer.dll" /r:"C:\Program Files\dotnet\packs\Microsoft.NETCore.App.Ref\9.0.8\ref\net9.0\System.Xml.XPath.dll" /r:"C:\Program Files\dotnet\packs\Microsoft.NETCore.App.Ref\9.0.8\ref\net9.0\System.Xml.XPath.XDocument.dll" /r:"C:\Program Files\dotnet\packs\Microsoft.WindowsDesktop.App.Ref\9.0.8\ref\net9.0\UIAutomationClient.dll" /r:"C:\Program Files\dotnet\packs\Microsoft.WindowsDesktop.App.Ref\9.0.8\ref\net9.0\UIAutomationClientSideProviders.dll" /r:"C:\Program Files\dotnet\packs\Microsoft.WindowsDesktop.App.Ref\9.0.8\ref\net9.0\UIAutomationProvider.dll" /r:"C:\Program Files\dotnet\packs\Microsoft.WindowsDesktop.App.Ref\9.0.8\ref\net9.0\UIAutomationTypes.dll" /r:"C:\Program Files\dotnet\packs\Microsoft.WindowsDesktop.App.Ref\9.0.8\ref\net9.0\WindowsBase.dll" /r:"C:\Program Files\dotnet\packs\Microsoft.WindowsDesktop.App.Ref\9.0.8\ref\net9.0\WindowsFormsIntegration.dll" /compile Updater\Properties\Resources.resx,obj\Debug\net9.0-windows\win-x64\Updater.Properties.Resources.resources
         Processando arquivo de recurso "Updater\Properties\Resources.resx" em "obj\Debug\net9.0-windows\win-x64\Updater.Properties.Resources.resources".
         Processando 1 recursos do arquivo "Updater\Properties\Resources.resx".
       Tarefa em execu├º├úo pronta "GenerateResource".
       A tarefa "GenerateResource" foi ignorada devido a condi├º├úo falsa; ('%(EmbeddedResource.Type)' == 'Resx' and '%(EmbeddedResource.GenerateResource)' != 'false' and '$(GenerateResourceMSBuildRuntime)' != 'CLR2') foi avaliado como ('Resx' == 'Resx' and 'false' != 'false' and 'CurrentRuntime' != 'CLR2').
       A tarefa "GenerateResource" foi ignorada devido a condi├º├úo falsa; ('%(EmbeddedResource.Type)' == 'Resx' and '%(EmbeddedResource.GenerateResource)' != 'false' and '$(GenerateResourceMSBuildRuntime)' == 'CLR2') foi avaliado como ('Resx' == 'Resx' and '' != 'false' and 'CurrentRuntime' == 'CLR2').
       A tarefa "GenerateResource" foi ignorada devido a condi├º├úo falsa; ('%(EmbeddedResource.Type)' == 'Resx' and '%(EmbeddedResource.GenerateResource)' != 'false' and '$(GenerateResourceMSBuildRuntime)' == 'CLR2') foi avaliado como ('Resx' == 'Resx' and 'false' != 'false' and 'CurrentRuntime' == 'CLR2').
   2:6>Destino de compila├º├úo pronto"CoreResGen" no projeto "L2Updater.csproj".
   2:6>Destino "AfterResGen" no arquivo "C:\Program Files\dotnet\sdk\9.0.304\Microsoft.Common.CurrentVersion.targets" do projeto "D:\PROJETOS\LAUNCHER C#\launcher\L2Updater.csproj" (o destino "ResGen" depende dele):
   2:6>Destino de compila├º├úo pronto"AfterResGen" no projeto "L2Updater.csproj".
   2:6>Destino "ResGen" no arquivo "C:\Program Files\dotnet\sdk\9.0.304\Microsoft.Common.CurrentVersion.targets" do projeto "D:\PROJETOS\LAUNCHER C#\launcher\L2Updater.csproj" (o destino "PrepareResources" depende dele):
   2:6>Destino de compila├º├úo pronto"ResGen" no projeto "L2Updater.csproj".
       Destino "CompileLicxFiles" ignorado devido ├á condi├º├úo falsa; ('@(_LicxFile)'!='') foi avaliado como (''!='').
   2:6>Destino "PrepareResources" no arquivo "C:\Program Files\dotnet\sdk\9.0.304\Microsoft.Common.CurrentVersion.targets" do projeto "D:\PROJETOS\LAUNCHER C#\launcher\L2Updater.csproj" (o destino "CoreBuild" depende dele):
   2:6>Destino de compila├º├úo pronto"PrepareResources" no projeto "L2Updater.csproj".
       Destino "ResolveKeySource" ignorado devido ├á condi├º├úo falsa; ($(SignManifests) == 'true' or $(SignAssembly) == 'true') foi avaliado como ( == 'true' or false == 'true').
       Destino "ResolveReferences" ignorado. Compilado anteriormente com ├¬xito.
       Destino "ResolveKeySource" ignorado devido ├á condi├º├úo falsa; ($(SignManifests) == 'true' or $(SignAssembly) == 'true') foi avaliado como ( == 'true' or false == 'true').
       Destino "ResolveComReferences" ignorado devido ├á condi├º├úo falsa; ('@(COMReference)'!='' or '@(COMFileReference)'!='') foi avaliado como (''!='' or ''!='').
       Destino "ResolveNativeReferences" ignorado devido ├á condi├º├úo falsa; ('@(NativeReference)'!='') foi avaliado como (''!='').
       Destino "_SetExternalWin32ManifestProperties" ignorado devido ├á condi├º├úo falsa; ('$(GenerateClickOnceManifests)'=='true' or '@(NativeReference)'!='' or '@(ResolvedIsolatedComModules)'!='') foi avaliado como (''=='true' or ''!='' or ''!='').
   2:6>Destino "_SetEmbeddedWin32ManifestProperties" no arquivo "C:\Program Files\dotnet\sdk\9.0.304\Microsoft.Common.CurrentVersion.targets" do projeto "D:\PROJETOS\LAUNCHER C#\launcher\L2Updater.csproj" (o destino "SetWin32ManifestProperties" depende dele):
       C:\Program Files\dotnet\sdk\9.0.304\Microsoft.Common.CurrentVersion.targets(4209,7): message : Reatribui├º├úo de propriedade: $(EmbeddedWin32Manifest)="app.manifest" (valor anterior: "") em C:\Program Files\dotnet\sdk\9.0.304\Microsoft.Common.CurrentVersion.targets (4209,7) [D:\PROJETOS\LAUNCHER C#\launcher\L2Updater.csproj]
       A tarefa "GetFrameworkPath" foi ignorada devido a condi├º├úo falsa; ('$(ApplicationManifest)'=='' and '$(NoWin32Manifest)'!='true' and '$(PreferNativeArm64)' != 'true') foi avaliado como ('app.manifest'=='' and ''!='true' and 'false' != 'true').
   2:6>Destino de compila├º├úo pronto"_SetEmbeddedWin32ManifestProperties" no projeto "L2Updater.csproj".
   2:6>Destino "SetWin32ManifestProperties" no arquivo "C:\Program Files\dotnet\sdk\9.0.304\Microsoft.Common.CurrentVersion.targets" do projeto "D:\PROJETOS\LAUNCHER C#\launcher\L2Updater.csproj" (o destino "Compile" depende dele):
   2:6>Destino de compila├º├úo pronto"SetWin32ManifestProperties" no projeto "L2Updater.csproj".
       Destino "_SetPreferNativeArm64Win32ManifestProperties" ignorado devido ├á condi├º├úo falsa; ( '$(PreferNativeArm64)'=='true' and '$(NoWin32Manifest)'!='true') foi avaliado como ( 'false'=='true' and ''!='true').
       Destino "FindReferenceAssembliesForReferences" ignorado. Compilado anteriormente com ├¬xito.
   2:6>Destino "_GenerateCompileInputs" no arquivo "C:\Program Files\dotnet\sdk\9.0.304\Microsoft.Common.CurrentVersion.targets" do projeto "D:\PROJETOS\LAUNCHER C#\launcher\L2Updater.csproj" (o destino "Compile" depende dele):
       A tarefa "MSBuildInternalMessage" foi ignorada devido a condi├º├úo falsa; ('@(ManifestResourceWithNoCulture)'!='' and '%(ManifestResourceWithNoCulture.EmittedForCompatibilityOnly)'=='') foi avaliado como ('obj\Debug\net9.0-windows\win-x64\L2Updater.g.resources;obj\Debug\net9.0-windows\win-x64\Updater.Properties.Resources.resources'!='' and 'true'=='').
       A tarefa "MSBuildInternalMessage" foi ignorada devido a condi├º├úo falsa; ('@(ManifestNonResxWithNoCultureOnDisk)'!='' and '%(ManifestNonResxWithNoCultureOnDisk.EmittedForCompatibilityOnly)'=='') foi avaliado como (''!='' and ''=='').
   2:6>Destino de compila├º├úo pronto"_GenerateCompileInputs" no projeto "L2Updater.csproj".
       Destino "PrepareForBuild" ignorado. Compilado anteriormente com ├¬xito.
   2:6>Destino "GenerateMSBuildEditorConfigFileShouldRun" no arquivo "C:\Program Files\dotnet\sdk\9.0.304\Roslyn\Microsoft.Managed.Core.targets" do projeto "D:\PROJETOS\LAUNCHER C#\launcher\L2Updater.csproj" (o destino "GenerateMSBuildEditorConfigFile" depende dele):
   2:6>Destino de compila├º├úo pronto"GenerateMSBuildEditorConfigFileShouldRun" no projeto "L2Updater.csproj".
   2:6>Destino "AddGlobalAnalyzerConfigForPackage_MicrosoftCodeAnalysisCSharpCodeStyle" no arquivo "C:\Program Files\dotnet\sdk\9.0.304\Sdks\Microsoft.NET.Sdk\codestyle\cs\build\Microsoft.CodeAnalysis.CSharp.CodeStyle.targets" do projeto "D:\PROJETOS\LAUNCHER C#\launcher\L2Updater.csproj" (o destino "GenerateMSBuildEditorConfigFileCore" depende dele):
   2:6>Destino de compila├º├úo pronto"AddGlobalAnalyzerConfigForPackage_MicrosoftCodeAnalysisCSharpCodeStyle" no projeto "L2Updater.csproj".
   2:6>Destino "GenerateMSBuildEditorConfigFileCore" no arquivo "C:\Program Files\dotnet\sdk\9.0.304\Roslyn\Microsoft.Managed.Core.targets" do projeto "D:\PROJETOS\LAUNCHER C#\launcher\L2Updater.csproj" (o destino "GenerateMSBuildEditorConfigFile" depende dele):
       Compila├º├úo de destino "GenerateMSBuildEditorConfigFileCore" conclu├¡da.
       N├úo h├í arquivos de entrada especificados.
       Usando a tarefa "GenerateMSBuildEditorConfig" do assembly "C:\Program Files\dotnet\sdk\9.0.304\Roslyn\Microsoft.Build.Tasks.CodeAnalysis.dll".
       Tarefa "GenerateMSBuildEditorConfig"
       Tarefa em execu├º├úo pronta "GenerateMSBuildEditorConfig".
   2:6>Destino de compila├º├úo pronto"GenerateMSBuildEditorConfigFileCore" no projeto "L2Updater.csproj".
   2:6>Destino "GenerateMSBuildEditorConfigFile" no arquivo "C:\Program Files\dotnet\sdk\9.0.304\Roslyn\Microsoft.Managed.Core.targets" do projeto "D:\PROJETOS\LAUNCHER C#\launcher\L2Updater.csproj" (o destino "BeforeCompile" depende dele):
   2:6>Destino de compila├º├úo pronto"GenerateMSBuildEditorConfigFile" no projeto "L2Updater.csproj".
       Destino "PrepareForBuild" ignorado. Compilado anteriormente com ├¬xito.
       Destino "GetReferenceAssemblyPaths" ignorado. Compilado anteriormente com ├¬xito.
   2:6>Destino "_SetTargetFrameworkMonikerAttribute" no arquivo "C:\Program Files\dotnet\sdk\9.0.304\Microsoft.CSharp.CurrentVersion.targets" do projeto "D:\PROJETOS\LAUNCHER C#\launcher\L2Updater.csproj" (o destino "GenerateTargetFrameworkMonikerAttribute" depende dele):
   2:6>Destino de compila├º├úo pronto"_SetTargetFrameworkMonikerAttribute" no projeto "L2Updater.csproj".
   2:6>Destino "GenerateTargetFrameworkMonikerAttribute" no arquivo "C:\Program Files\dotnet\sdk\9.0.304\Microsoft.Common.CurrentVersion.targets" do projeto "D:\PROJETOS\LAUNCHER C#\launcher\L2Updater.csproj" (o destino "BeforeCompile" depende dele):
       Ignorando o destino "GenerateTargetFrameworkMonikerAttribute" porque todos os arquivos de sa├¡da est├úo atualizados em rela├º├úo aos arquivos de entrada.
       Arquivos de entrada: C:\Program Files\dotnet\sdk\9.0.304\Microsoft.Common.targets
       Arquivos de sa├¡da: obj\Debug\net9.0-windows\win-x64\.NETCoreApp,Version=v9.0.AssemblyAttributes.cs
   2:6>Destino de compila├º├úo pronto"GenerateTargetFrameworkMonikerAttribute" no projeto "L2Updater.csproj".
       Destino "GenerateAdditionalSources" ignorado devido ├á condi├º├úo falsa; ('@(AssemblyAttributes)' != '' and '$(GenerateAdditionalSources)' == 'true') foi avaliado como ('' != '' and '' == 'true').
       Destino "GenerateAssemblyInfo" ignorado devido ├á condi├º├úo falsa; ('$(GenerateAssemblyInfo)' == 'true') foi avaliado como ('false' == 'true').
       Destino "GenerateGlobalUsings" ignorado devido ├á condi├º├úo falsa; (@(Using->Count()) != 0) foi avaliado como (0 != 0).
   2:6>Destino "BeforeCompile" no arquivo "C:\Program Files\dotnet\sdk\9.0.304\Microsoft.Common.CurrentVersion.targets" do projeto "D:\PROJETOS\LAUNCHER C#\launcher\L2Updater.csproj" (o destino "Compile" depende dele):
   2:6>Destino de compila├º├úo pronto"BeforeCompile" no projeto "L2Updater.csproj".
       Destino "_TimeStampBeforeCompile" ignorado devido ├á condi├º├úo falsa; ('$(RunPostBuildEvent)'=='OnOutputUpdated' or ('$(RegisterForComInterop)'=='true' and '$(OutputType)'=='library')) foi avaliado como (''=='OnOutputUpdated' or (''=='true' and 'WinExe'=='library')).
       Destino "ResolveAssemblyReferences" ignorado. Compilado anteriormente com ├¬xito.
       Destino "_GenerateCompileInputs" ignorado. Compilado anteriormente com ├¬xito.
   2:6>Destino "_GenerateCompileDependencyCache" no arquivo "C:\Program Files\dotnet\sdk\9.0.304\Microsoft.Common.CurrentVersion.targets" do projeto "D:\PROJETOS\LAUNCHER C#\launcher\L2Updater.csproj" (o destino "Compile" depende dele):
       Usando a tarefa "Hash" do assembly "Microsoft.Build.Tasks.Core, Version=15.1.0.0, Culture=neutral, PublicKeyToken=b03f5f7f11d50a3a".
       Tarefa "Hash"
       Tarefa em execu├º├úo pronta "Hash".
       Usando a tarefa "WriteLinesToFile" do assembly "Microsoft.Build.Tasks.Core, Version=15.1.0.0, Culture=neutral, PublicKeyToken=b03f5f7f11d50a3a".
       Tarefa "WriteLinesToFile"
       Tarefa em execu├º├úo pronta "WriteLinesToFile".
   2:6>Destino de compila├º├úo pronto"_GenerateCompileDependencyCache" no projeto "L2Updater.csproj".
       Destino "_ComputeNonExistentFileProperty" ignorado devido ├á condi├º├úo falsa; (('$(BuildingInsideVisualStudio)' == 'true') and ('$(BuildingOutOfProcess)' != 'true') and (('$(BuildingProject)' == 'false') or ('$(UseHostCompilerIfAvailable)' == 'true'))) foi avaliado como (('' == 'true') and ('' != 'true') and (('true' == 'false') or ('true' == 'true'))).
       Destino "ResolveCodeAnalysisRuleSet" ignorado devido ├á condi├º├úo falsa; ('$(CodeAnalysisRuleSet)' != '') foi avaliado como ('' != '').
       Destino "ShimReferencePathsWhenCommonTargetsDoesNotUnderstandReferenceAssemblies" ignorado devido ├á condi├º├úo falsa; ('@(ReferencePathWithRefAssemblies)' == '') foi avaliado como ('C:\Program Files\dotnet\packs\Microsoft.WindowsDesktop.App.Ref\9.0.8\ref\net9.0\Accessibility.dll;C:\Users\danie\.nuget\packages\communitytoolkit.mvvm\8.2.2\lib\net6.0\CommunityToolkit.Mvvm.dll;C:\Program Files\dotnet\packs\Microsoft.NETCore.App.Ref\9.0.8\ref\net9.0\Microsoft.CSharp.dll;...' == '').
   2:6>Destino "_BeforeVBCSCoreCompile" no arquivo "C:\Program Files\dotnet\sdk\9.0.304\Roslyn\Microsoft.Managed.Core.targets" do projeto "D:\PROJETOS\LAUNCHER C#\launcher\L2Updater.csproj" (o destino "CoreCompile" depende dele):
   2:6>Destino de compila├º├úo pronto"_BeforeVBCSCoreCompile" no projeto "L2Updater.csproj".
       Destino "AdjustDefaultPlatformTargetForNetFrameworkExeWithNoNativeCopyLocalItems" ignorado devido ├á condi├º├úo falsa; ('$(_UsingDefaultPlatformTarget)' == 'true' and
                            '$(_UsingDefaultRuntimeIdentifier)' == 'true') foi avaliado como ('true' == 'true' and
                            '' == 'true').
       Destino "_DisableDiagnosticTracing" ignorado devido ├á condi├º├úo falsa; ('$(DisableDiagnosticTracing)' == 'true') foi avaliado como ('' == 'true').
       Destino "ShimReferencePathsWhenCommonTargetsDoesNotUnderstandReferenceAssemblies" ignorado devido ├á condi├º├úo falsa; ('@(ReferencePathWithRefAssemblies)' == '') foi avaliado como ('C:\Program Files\dotnet\packs\Microsoft.WindowsDesktop.App.Ref\9.0.8\ref\net9.0\Accessibility.dll;C:\Users\danie\.nuget\packages\communitytoolkit.mvvm\8.2.2\lib\net6.0\CommunityToolkit.Mvvm.dll;C:\Program Files\dotnet\packs\Microsoft.NETCore.App.Ref\9.0.8\ref\net9.0\Microsoft.CSharp.dll;...' == '').
   2:6>Destino "_ComputeSkipAnalyzers" no arquivo "C:\Program Files\dotnet\sdk\9.0.304\Roslyn\Microsoft.Managed.Core.targets" do projeto "D:\PROJETOS\LAUNCHER C#\launcher\L2Updater.csproj" (o destino "CoreCompile" depende dele):
       A tarefa "ShowMessageForImplicitlySkipAnalyzers" foi ignorada devido a condi├º├úo falsa; ('$(_ImplicitlySkipAnalyzers)' == 'true') foi avaliado como ('' == 'true').
   2:6>Destino de compila├º├úo pronto"_ComputeSkipAnalyzers" no projeto "L2Updater.csproj".
       Destino "_SetPathMapFromSourceRoots" ignorado devido ├á condi├º├úo falsa; ('$(DeterministicSourcePaths)' == 'true') foi avaliado como ('' == 'true').
       Destino "CreateCompilerGeneratedFilesOutputPath" ignorado devido ├á condi├º├úo falsa; ('$(EmitCompilerGeneratedFiles)' == 'true' and !('$(DesignTimeBuild)' == 'true' OR '$(BuildingProject)' != 'true')) foi avaliado como ('false' == 'true' and !('' == 'true' OR 'true' != 'true')).
       Destino "_CheckMicrosoftNetSdkCompilersToolsetPackageExists" ignorado devido ├á condi├º├úo falsa; ('$(_NeedToDownloadMicrosoftNetSdkCompilersToolsetPackage)' == 'true' and '$(DesignTimeBuild)' != 'true') foi avaliado como ('' == 'true' and '' != 'true').
       Destino "BeforeCompile" ignorado. Compilado anteriormente com ├¬xito.
   2:6>Destino "InitializeSourceControlInformationFromSourceControlManager" no arquivo "C:\Program Files\dotnet\sdk\9.0.304\Sdks\Microsoft.Build.Tasks.Git\build\Microsoft.Build.Tasks.Git.targets" do projeto "D:\PROJETOS\LAUNCHER C#\launcher\L2Updater.csproj" (o destino "SetEmbeddedFilesFromSourceControlManagerUntrackedFiles" depende dele):
       Usando a tarefa "Microsoft.Build.Tasks.Git.LocateRepository" do assembly "C:\Program Files\dotnet\sdk\9.0.304\Sdks\Microsoft.Build.Tasks.Git\build\..\tools\net\Microsoft.Build.Tasks.Git.dll".
       Tarefa "Microsoft.Build.Tasks.Git.LocateRepository"
         SourceLink: Reusing cached git repository information.
       Tarefa em execu├º├úo pronta "Microsoft.Build.Tasks.Git.LocateRepository".
   2:6>Destino de compila├º├úo pronto"InitializeSourceControlInformationFromSourceControlManager" no projeto "L2Updater.csproj".
   2:6>Destino "SetEmbeddedFilesFromSourceControlManagerUntrackedFiles" no arquivo "C:\Program Files\dotnet\sdk\9.0.304\Sdks\Microsoft.Build.Tasks.Git\build\Microsoft.Build.Tasks.Git.targets" do projeto "D:\PROJETOS\LAUNCHER C#\launcher\L2Updater.csproj" (o destino "_SetEmbeddedFilesFromSourceControlManagerUntrackedFiles" depende dele):
       Usando a tarefa "Microsoft.Build.Tasks.Git.GetUntrackedFiles" do assembly "C:\Program Files\dotnet\sdk\9.0.304\Sdks\Microsoft.Build.Tasks.Git\build\..\tools\net\Microsoft.Build.Tasks.Git.dll".
       Tarefa "Microsoft.Build.Tasks.Git.GetUntrackedFiles"
         SourceLink: Reusing cached git repository information.
       Tarefa em execu├º├úo pronta "Microsoft.Build.Tasks.Git.GetUntrackedFiles".
   2:6>Destino de compila├º├úo pronto"SetEmbeddedFilesFromSourceControlManagerUntrackedFiles" no projeto "L2Updater.csproj".
   2:6>Destino "_SetEmbeddedFilesFromSourceControlManagerUntrackedFiles" no arquivo "C:\Program Files\dotnet\sdk\9.0.304\Sdks\Microsoft.SourceLink.Common\build\Microsoft.SourceLink.Common.targets" do projeto "D:\PROJETOS\LAUNCHER C#\launcher\L2Updater.csproj" (o destino "CoreCompile" depende dele):
   2:6>Destino de compila├º├úo pronto"_SetEmbeddedFilesFromSourceControlManagerUntrackedFiles" no projeto "L2Updater.csproj".
       Destino "InitializeSourceControlInformationFromSourceControlManager" ignorado. Compilado anteriormente com ├¬xito.
   2:6>Destino "_SourceLinkHasSingleProvider" no arquivo "C:\Program Files\dotnet\sdk\9.0.304\Sdks\Microsoft.SourceLink.Common\build\InitializeSourceControlInformation.targets" do projeto "D:\PROJETOS\LAUNCHER C#\launcher\L2Updater.csproj" (o destino "_InitializeSourceControlInformationFromSourceControlManager" depende dele):
       Usando a tarefa "Microsoft.SourceLink.Common.SourceLinkHasSingleProvider" do assembly "C:\Program Files\dotnet\sdk\9.0.304\Sdks\Microsoft.SourceLink.Common\build\..\tools\net\Microsoft.SourceLink.Common.dll".
       Tarefa "Microsoft.SourceLink.Common.SourceLinkHasSingleProvider"
       Tarefa em execu├º├úo pronta "Microsoft.SourceLink.Common.SourceLinkHasSingleProvider".
   2:6>Destino de compila├º├úo pronto"_SourceLinkHasSingleProvider" no projeto "L2Updater.csproj".
   2:6>Destino "TranslateGitHubUrlsInSourceControlInformation" no arquivo "C:\Program Files\dotnet\sdk\9.0.304\Sdks\Microsoft.SourceLink.GitHub\build\Microsoft.SourceLink.GitHub.targets" do projeto "D:\PROJETOS\LAUNCHER C#\launcher\L2Updater.csproj" (o destino "_InitializeSourceControlInformationFromSourceControlManager" depende dele):
       Usando a tarefa "Microsoft.SourceLink.GitHub.TranslateRepositoryUrls" do assembly "C:\Program Files\dotnet\sdk\9.0.304\Sdks\Microsoft.SourceLink.GitHub\build\..\tools\net\Microsoft.SourceLink.GitHub.dll".
       Tarefa "Microsoft.SourceLink.GitHub.TranslateRepositoryUrls"
       Tarefa em execu├º├úo pronta "Microsoft.SourceLink.GitHub.TranslateRepositoryUrls".
   2:6>Destino de compila├º├úo pronto"TranslateGitHubUrlsInSourceControlInformation" no projeto "L2Updater.csproj".
   2:6>Destino "TranslateGitLabUrlsInSourceControlInformation" no arquivo "C:\Program Files\dotnet\sdk\9.0.304\Sdks\Microsoft.SourceLink.GitLab\build\Microsoft.SourceLink.GitLab.targets" do projeto "D:\PROJETOS\LAUNCHER C#\launcher\L2Updater.csproj" (o destino "_InitializeSourceControlInformationFromSourceControlManager" depende dele):
       Usando a tarefa "Microsoft.SourceLink.GitLab.TranslateRepositoryUrls" do assembly "C:\Program Files\dotnet\sdk\9.0.304\Sdks\Microsoft.SourceLink.GitLab\build\..\tools\net\Microsoft.SourceLink.GitLab.dll".
       Tarefa "Microsoft.SourceLink.GitLab.TranslateRepositoryUrls"
       Tarefa em execu├º├úo pronta "Microsoft.SourceLink.GitLab.TranslateRepositoryUrls".
   2:6>Destino de compila├º├úo pronto"TranslateGitLabUrlsInSourceControlInformation" no projeto "L2Updater.csproj".
   2:6>Destino "TranslateAzureReposGitUrlsInSourceControlInformation" no arquivo "C:\Program Files\dotnet\sdk\9.0.304\Sdks\Microsoft.SourceLink.AzureRepos.Git\build\Microsoft.SourceLink.AzureRepos.Git.targets" do projeto "D:\PROJETOS\LAUNCHER C#\launcher\L2Updater.csproj" (o destino "_InitializeSourceControlInformationFromSourceControlManager" depende dele):
       Usando a tarefa "Microsoft.SourceLink.AzureRepos.Git.TranslateRepositoryUrls" do assembly "C:\Program Files\dotnet\sdk\9.0.304\Sdks\Microsoft.SourceLink.AzureRepos.Git\build\..\tools\net\Microsoft.SourceLink.AzureRepos.Git.dll".
       Tarefa "Microsoft.SourceLink.AzureRepos.Git.TranslateRepositoryUrls"
       Tarefa em execu├º├úo pronta "Microsoft.SourceLink.AzureRepos.Git.TranslateRepositoryUrls".
   2:6>Destino de compila├º├úo pronto"TranslateAzureReposGitUrlsInSourceControlInformation" no projeto "L2Updater.csproj".
   2:6>Destino "TranslateBitbucketGitUrlsInSourceControlInformation" no arquivo "C:\Program Files\dotnet\sdk\9.0.304\Sdks\Microsoft.SourceLink.Bitbucket.Git\build\Microsoft.SourceLink.Bitbucket.Git.targets" do projeto "D:\PROJETOS\LAUNCHER C#\launcher\L2Updater.csproj" (o destino "_InitializeSourceControlInformationFromSourceControlManager" depende dele):
       Usando a tarefa "Microsoft.SourceLink.Bitbucket.Git.TranslateRepositoryUrls" do assembly "C:\Program Files\dotnet\sdk\9.0.304\Sdks\Microsoft.SourceLink.Bitbucket.Git\build\..\tools\net\Microsoft.SourceLink.Bitbucket.Git.dll".
       Tarefa "Microsoft.SourceLink.Bitbucket.Git.TranslateRepositoryUrls"
       Tarefa em execu├º├úo pronta "Microsoft.SourceLink.Bitbucket.Git.TranslateRepositoryUrls".
   2:6>Destino de compila├º├úo pronto"TranslateBitbucketGitUrlsInSourceControlInformation" no projeto "L2Updater.csproj".
   2:6>Destino "SourceControlManagerPublishTranslatedUrls" no arquivo "C:\Program Files\dotnet\sdk\9.0.304\Sdks\Microsoft.SourceLink.Common\build\InitializeSourceControlInformation.targets" do projeto "D:\PROJETOS\LAUNCHER C#\launcher\L2Updater.csproj" (o destino "_InitializeSourceControlInformationFromSourceControlManager" depende dele):
   2:6>Destino de compila├º├úo pronto"SourceControlManagerPublishTranslatedUrls" no projeto "L2Updater.csproj".
   2:6>Destino "_InitializeSourceControlInformationFromSourceControlManager" no arquivo "C:\Program Files\dotnet\sdk\9.0.304\Sdks\Microsoft.SourceLink.Common\build\InitializeSourceControlInformation.targets" do projeto "D:\PROJETOS\LAUNCHER C#\launcher\L2Updater.csproj" (o destino "InitializeSourceControlInformation" depende dele):
   2:6>Destino de compila├º├úo pronto"_InitializeSourceControlInformationFromSourceControlManager" no projeto "L2Updater.csproj".
   2:6>Destino "InitializeSourceControlInformation" no arquivo "C:\Program Files\dotnet\sdk\9.0.304\Microsoft.Common.CurrentVersion.targets" do projeto "D:\PROJETOS\LAUNCHER C#\launcher\L2Updater.csproj" (o destino "GenerateSourceLinkFile" depende dele):
   2:6>Destino de compila├º├úo pronto"InitializeSourceControlInformation" no projeto "L2Updater.csproj".
   2:6>Destino "_SetSourceLinkFilePath" no arquivo "C:\Program Files\dotnet\sdk\9.0.304\Sdks\Microsoft.SourceLink.Common\build\Microsoft.SourceLink.Common.targets" do projeto "D:\PROJETOS\LAUNCHER C#\launcher\L2Updater.csproj" (o destino "_GenerateSourceLinkFile" depende dele):
   2:6>Destino de compila├º├úo pronto"_SetSourceLinkFilePath" no projeto "L2Updater.csproj".
       Destino "InitializeSourceControlInformation" ignorado. Compilado anteriormente com ├¬xito.
   2:6>Destino "_InitializeSourceRootMappedPathsFromSourceControl" no arquivo "C:\Program Files\dotnet\sdk\9.0.304\Roslyn\Microsoft.Managed.Core.targets" do projeto "D:\PROJETOS\LAUNCHER C#\launcher\L2Updater.csproj" (o destino "InitializeSourceRootMappedPaths" depende dele):
   2:6>Destino de compila├º├úo pronto"_InitializeSourceRootMappedPathsFromSourceControl" no projeto "L2Updater.csproj".
   2:6>Destino "InitializeSourceRootMappedPaths" no arquivo "C:\Program Files\dotnet\sdk\9.0.304\Roslyn\Microsoft.Managed.Core.targets" do projeto "D:\PROJETOS\LAUNCHER C#\launcher\L2Updater.csproj" (o destino "_InitializeSourceRootMappedPathsOpt" depende dele):
       Usando a tarefa "Microsoft.CodeAnalysis.BuildTasks.MapSourceRoots" do assembly "C:\Program Files\dotnet\sdk\9.0.304\Roslyn\Microsoft.Build.Tasks.CodeAnalysis.dll".
       Tarefa "Microsoft.CodeAnalysis.BuildTasks.MapSourceRoots"
       Tarefa em execu├º├úo pronta "Microsoft.CodeAnalysis.BuildTasks.MapSourceRoots".
   2:6>Destino de compila├º├úo pronto"InitializeSourceRootMappedPaths" no projeto "L2Updater.csproj".
   2:6>Destino "_InitializeSourceRootMappedPathsOpt" no arquivo "C:\Program Files\dotnet\sdk\9.0.304\Sdks\Microsoft.SourceLink.Common\build\Microsoft.SourceLink.Common.targets" do projeto "D:\PROJETOS\LAUNCHER C#\launcher\L2Updater.csproj" (o destino "_GenerateSourceLinkFile" depende dele):
   2:6>Destino de compila├º├úo pronto"_InitializeSourceRootMappedPathsOpt" no projeto "L2Updater.csproj".
   2:6>Destino "_InitializeGitHubSourceLinkUrl" no arquivo "C:\Program Files\dotnet\sdk\9.0.304\Sdks\Microsoft.SourceLink.GitHub\build\Microsoft.SourceLink.GitHub.targets" do projeto "D:\PROJETOS\LAUNCHER C#\launcher\L2Updater.csproj" (o destino "_GenerateSourceLinkFile" depende dele):
       Compila├º├úo de destino "_InitializeGitHubSourceLinkUrl" conclu├¡da.
       N├úo h├í arquivos de entrada especificados.
       Usando a tarefa "Microsoft.SourceLink.GitHub.GetSourceLinkUrl" do assembly "C:\Program Files\dotnet\sdk\9.0.304\Sdks\Microsoft.SourceLink.GitHub\build\..\tools\net\Microsoft.SourceLink.GitHub.dll".
       Tarefa "Microsoft.SourceLink.GitHub.GetSourceLinkUrl"
       Tarefa em execu├º├úo pronta "Microsoft.SourceLink.GitHub.GetSourceLinkUrl".
   2:6>Destino de compila├º├úo pronto"_InitializeGitHubSourceLinkUrl" no projeto "L2Updater.csproj".
   2:6>Destino "_InitializeGitHubSourceLinkUrl" no arquivo "C:\Program Files\dotnet\sdk\9.0.304\Sdks\Microsoft.SourceLink.GitHub\build\Microsoft.SourceLink.GitHub.targets" do projeto "D:\PROJETOS\LAUNCHER C#\launcher\L2Updater.csproj" (o destino "_GenerateSourceLinkFile" depende dele):
       Compila├º├úo de destino "_InitializeGitHubSourceLinkUrl" conclu├¡da.
       N├úo h├í arquivos de entrada especificados.
       Tarefa "Microsoft.SourceLink.GitHub.GetSourceLinkUrl"
       Tarefa em execu├º├úo pronta "Microsoft.SourceLink.GitHub.GetSourceLinkUrl".
   2:6>Destino de compila├º├úo pronto"_InitializeGitHubSourceLinkUrl" no projeto "L2Updater.csproj".
   2:6>Destino "_InitializeGitHubSourceLinkUrl" no arquivo "C:\Program Files\dotnet\sdk\9.0.304\Sdks\Microsoft.SourceLink.GitHub\build\Microsoft.SourceLink.GitHub.targets" do projeto "D:\PROJETOS\LAUNCHER C#\launcher\L2Updater.csproj" (o destino "_GenerateSourceLinkFile" depende dele):
       Compila├º├úo de destino "_InitializeGitHubSourceLinkUrl" conclu├¡da.
       N├úo h├í arquivos de entrada especificados.
       Tarefa "Microsoft.SourceLink.GitHub.GetSourceLinkUrl"
       Tarefa em execu├º├úo pronta "Microsoft.SourceLink.GitHub.GetSourceLinkUrl".
   2:6>Destino de compila├º├úo pronto"_InitializeGitHubSourceLinkUrl" no projeto "L2Updater.csproj".
   2:6>Destino "_InitializeGitLabSourceLinkUrl" no arquivo "C:\Program Files\dotnet\sdk\9.0.304\Sdks\Microsoft.SourceLink.GitLab\build\Microsoft.SourceLink.GitLab.targets" do projeto "D:\PROJETOS\LAUNCHER C#\launcher\L2Updater.csproj" (o destino "_GenerateSourceLinkFile" depende dele):
       Compila├º├úo de destino "_InitializeGitLabSourceLinkUrl" conclu├¡da.
       N├úo h├í arquivos de entrada especificados.
       Usando a tarefa "Microsoft.SourceLink.GitLab.GetSourceLinkUrl" do assembly "C:\Program Files\dotnet\sdk\9.0.304\Sdks\Microsoft.SourceLink.GitLab\build\..\tools\net\Microsoft.SourceLink.GitLab.dll".
       Tarefa "Microsoft.SourceLink.GitLab.GetSourceLinkUrl"
       C:\Program Files\dotnet\sdk\9.0.304\Sdks\Microsoft.SourceLink.GitLab\build\Microsoft.SourceLink.GitLab.targets(37,7): message : Reatribui├º├úo de propriedade: $(_SourceLinkUrlToUpdate)="N/A" (valor anterior: "https://raw.githubusercontent.com/D3NKYT0/launcher/9e470c576859cab1cb5c69faf10504075c82f87f/*") em C:\Program Files\dotnet\sdk\9.0.304\Sdks\Microsoft.SourceLink.GitLab\build\Microsoft.SourceLink.GitLab.targets (37,7) [D:\PROJETOS\LAUNCHER C#\launcher\L2Updater.csproj]
       Tarefa em execu├º├úo pronta "Microsoft.SourceLink.GitLab.GetSourceLinkUrl".
   2:6>Destino de compila├º├úo pronto"_InitializeGitLabSourceLinkUrl" no projeto "L2Updater.csproj".
   2:6>Destino "_InitializeGitLabSourceLinkUrl" no arquivo "C:\Program Files\dotnet\sdk\9.0.304\Sdks\Microsoft.SourceLink.GitLab\build\Microsoft.SourceLink.GitLab.targets" do projeto "D:\PROJETOS\LAUNCHER C#\launcher\L2Updater.csproj" (o destino "_GenerateSourceLinkFile" depende dele):
       Compila├º├úo de destino "_InitializeGitLabSourceLinkUrl" conclu├¡da.
       N├úo h├í arquivos de entrada especificados.
       Tarefa "Microsoft.SourceLink.GitLab.GetSourceLinkUrl"
       C:\Program Files\dotnet\sdk\9.0.304\Sdks\Microsoft.SourceLink.GitLab\build\Microsoft.SourceLink.GitLab.targets(37,7): message : Reatribui├º├úo de propriedade: $(_SourceLinkUrlToUpdate)="N/A" (valor anterior: "https://raw.githubusercontent.com/D3NKYT0/launcher/9e470c576859cab1cb5c69faf10504075c82f87f/*") em C:\Program Files\dotnet\sdk\9.0.304\Sdks\Microsoft.SourceLink.GitLab\build\Microsoft.SourceLink.GitLab.targets (37,7) [D:\PROJETOS\LAUNCHER C#\launcher\L2Updater.csproj]
       Tarefa em execu├º├úo pronta "Microsoft.SourceLink.GitLab.GetSourceLinkUrl".
   2:6>Destino de compila├º├úo pronto"_InitializeGitLabSourceLinkUrl" no projeto "L2Updater.csproj".
   2:6>Destino "_InitializeGitLabSourceLinkUrl" no arquivo "C:\Program Files\dotnet\sdk\9.0.304\Sdks\Microsoft.SourceLink.GitLab\build\Microsoft.SourceLink.GitLab.targets" do projeto "D:\PROJETOS\LAUNCHER C#\launcher\L2Updater.csproj" (o destino "_GenerateSourceLinkFile" depende dele):
       Compila├º├úo de destino "_InitializeGitLabSourceLinkUrl" conclu├¡da.
       N├úo h├í arquivos de entrada especificados.
       Tarefa "Microsoft.SourceLink.GitLab.GetSourceLinkUrl"
       C:\Program Files\dotnet\sdk\9.0.304\Sdks\Microsoft.SourceLink.GitLab\build\Microsoft.SourceLink.GitLab.targets(37,7): message : Reatribui├º├úo de propriedade: $(_SourceLinkUrlToUpdate)="N/A" (valor anterior: "https://raw.githubusercontent.com/D3NKYT0/launcher/9e470c576859cab1cb5c69faf10504075c82f87f/*") em C:\Program Files\dotnet\sdk\9.0.304\Sdks\Microsoft.SourceLink.GitLab\build\Microsoft.SourceLink.GitLab.targets (37,7) [D:\PROJETOS\LAUNCHER C#\launcher\L2Updater.csproj]
       Tarefa em execu├º├úo pronta "Microsoft.SourceLink.GitLab.GetSourceLinkUrl".
   2:6>Destino de compila├º├úo pronto"_InitializeGitLabSourceLinkUrl" no projeto "L2Updater.csproj".
   2:6>Destino "_InitializeAzureReposGitSourceLinkUrl" no arquivo "C:\Program Files\dotnet\sdk\9.0.304\Sdks\Microsoft.SourceLink.AzureRepos.Git\build\Microsoft.SourceLink.AzureRepos.Git.targets" do projeto "D:\PROJETOS\LAUNCHER C#\launcher\L2Updater.csproj" (o destino "_GenerateSourceLinkFile" depende dele):
       Compila├º├úo de destino "_InitializeAzureReposGitSourceLinkUrl" conclu├¡da.
       N├úo h├í arquivos de entrada especificados.
       Usando a tarefa "Microsoft.SourceLink.AzureRepos.Git.GetSourceLinkUrl" do assembly "C:\Program Files\dotnet\sdk\9.0.304\Sdks\Microsoft.SourceLink.AzureRepos.Git\build\..\tools\net\Microsoft.SourceLink.AzureRepos.Git.dll".
       Tarefa "Microsoft.SourceLink.AzureRepos.Git.GetSourceLinkUrl"
       Tarefa em execu├º├úo pronta "Microsoft.SourceLink.AzureRepos.Git.GetSourceLinkUrl".
   2:6>Destino de compila├º├úo pronto"_InitializeAzureReposGitSourceLinkUrl" no projeto "L2Updater.csproj".
   2:6>Destino "_InitializeAzureReposGitSourceLinkUrl" no arquivo "C:\Program Files\dotnet\sdk\9.0.304\Sdks\Microsoft.SourceLink.AzureRepos.Git\build\Microsoft.SourceLink.AzureRepos.Git.targets" do projeto "D:\PROJETOS\LAUNCHER C#\launcher\L2Updater.csproj" (o destino "_GenerateSourceLinkFile" depende dele):
       Compila├º├úo de destino "_InitializeAzureReposGitSourceLinkUrl" conclu├¡da.
       N├úo h├í arquivos de entrada especificados.
       Tarefa "Microsoft.SourceLink.AzureRepos.Git.GetSourceLinkUrl"
       Tarefa em execu├º├úo pronta "Microsoft.SourceLink.AzureRepos.Git.GetSourceLinkUrl".
   2:6>Destino de compila├º├úo pronto"_InitializeAzureReposGitSourceLinkUrl" no projeto "L2Updater.csproj".
   2:6>Destino "_InitializeAzureReposGitSourceLinkUrl" no arquivo "C:\Program Files\dotnet\sdk\9.0.304\Sdks\Microsoft.SourceLink.AzureRepos.Git\build\Microsoft.SourceLink.AzureRepos.Git.targets" do projeto "D:\PROJETOS\LAUNCHER C#\launcher\L2Updater.csproj" (o destino "_GenerateSourceLinkFile" depende dele):
       Compila├º├úo de destino "_InitializeAzureReposGitSourceLinkUrl" conclu├¡da.
       N├úo h├í arquivos de entrada especificados.
       Tarefa "Microsoft.SourceLink.AzureRepos.Git.GetSourceLinkUrl"
       Tarefa em execu├º├úo pronta "Microsoft.SourceLink.AzureRepos.Git.GetSourceLinkUrl".
   2:6>Destino de compila├º├úo pronto"_InitializeAzureReposGitSourceLinkUrl" no projeto "L2Updater.csproj".
   2:6>Destino "_InitializeBitbucketGitSourceLinkUrl" no arquivo "C:\Program Files\dotnet\sdk\9.0.304\Sdks\Microsoft.SourceLink.Bitbucket.Git\build\Microsoft.SourceLink.Bitbucket.Git.targets" do projeto "D:\PROJETOS\LAUNCHER C#\launcher\L2Updater.csproj" (o destino "_GenerateSourceLinkFile" depende dele):
       Compila├º├úo de destino "_InitializeBitbucketGitSourceLinkUrl" conclu├¡da.
       N├úo h├í arquivos de entrada especificados.
       Usando a tarefa "Microsoft.SourceLink.Bitbucket.Git.GetSourceLinkUrl" do assembly "C:\Program Files\dotnet\sdk\9.0.304\Sdks\Microsoft.SourceLink.Bitbucket.Git\build\..\tools\net\Microsoft.SourceLink.Bitbucket.Git.dll".
       Tarefa "Microsoft.SourceLink.Bitbucket.Git.GetSourceLinkUrl"
       Tarefa em execu├º├úo pronta "Microsoft.SourceLink.Bitbucket.Git.GetSourceLinkUrl".
   2:6>Destino de compila├º├úo pronto"_InitializeBitbucketGitSourceLinkUrl" no projeto "L2Updater.csproj".
   2:6>Destino "_InitializeBitbucketGitSourceLinkUrl" no arquivo "C:\Program Files\dotnet\sdk\9.0.304\Sdks\Microsoft.SourceLink.Bitbucket.Git\build\Microsoft.SourceLink.Bitbucket.Git.targets" do projeto "D:\PROJETOS\LAUNCHER C#\launcher\L2Updater.csproj" (o destino "_GenerateSourceLinkFile" depende dele):
       Compila├º├úo de destino "_InitializeBitbucketGitSourceLinkUrl" conclu├¡da.
       N├úo h├í arquivos de entrada especificados.
       Tarefa "Microsoft.SourceLink.Bitbucket.Git.GetSourceLinkUrl"
       Tarefa em execu├º├úo pronta "Microsoft.SourceLink.Bitbucket.Git.GetSourceLinkUrl".
   2:6>Destino de compila├º├úo pronto"_InitializeBitbucketGitSourceLinkUrl" no projeto "L2Updater.csproj".
   2:6>Destino "_InitializeBitbucketGitSourceLinkUrl" no arquivo "C:\Program Files\dotnet\sdk\9.0.304\Sdks\Microsoft.SourceLink.Bitbucket.Git\build\Microsoft.SourceLink.Bitbucket.Git.targets" do projeto "D:\PROJETOS\LAUNCHER C#\launcher\L2Updater.csproj" (o destino "_GenerateSourceLinkFile" depende dele):
       Compila├º├úo de destino "_InitializeBitbucketGitSourceLinkUrl" conclu├¡da.
       N├úo h├í arquivos de entrada especificados.
       Tarefa "Microsoft.SourceLink.Bitbucket.Git.GetSourceLinkUrl"
       Tarefa em execu├º├úo pronta "Microsoft.SourceLink.Bitbucket.Git.GetSourceLinkUrl".
   2:6>Destino de compila├º├úo pronto"_InitializeBitbucketGitSourceLinkUrl" no projeto "L2Updater.csproj".
   2:6>Destino "_GenerateSourceLinkFile" no arquivo "C:\Program Files\dotnet\sdk\9.0.304\Sdks\Microsoft.SourceLink.Common\build\Microsoft.SourceLink.Common.targets" do projeto "D:\PROJETOS\LAUNCHER C#\launcher\L2Updater.csproj" (o destino "GenerateSourceLinkFile" depende dele):
       Compila├º├úo de destino "_GenerateSourceLinkFile" conclu├¡da.
       N├úo h├í arquivos de entrada especificados.
       Usando a tarefa "Microsoft.SourceLink.Common.GenerateSourceLinkFile" do assembly "C:\Program Files\dotnet\sdk\9.0.304\Sdks\Microsoft.SourceLink.Common\build\..\tools\net\Microsoft.SourceLink.Common.dll".
       Tarefa "Microsoft.SourceLink.Common.GenerateSourceLinkFile"
         Atualizando o arquivo de link de origem 'obj\Debug\net9.0-windows\win-x64\L2Updater.sourcelink.json'.
       Tarefa em execu├º├úo pronta "Microsoft.SourceLink.Common.GenerateSourceLinkFile".
   2:6>Destino de compila├º├úo pronto"_GenerateSourceLinkFile" no projeto "L2Updater.csproj".
   2:6>Destino "GenerateSourceLinkFile" no arquivo "C:\Program Files\dotnet\sdk\9.0.304\Sdks\Microsoft.SourceLink.Common\build\Microsoft.SourceLink.Common.targets" do projeto "D:\PROJETOS\LAUNCHER C#\launcher\L2Updater.csproj" (o destino "CoreCompile" depende dele):
   2:6>Destino de compila├º├úo pronto"GenerateSourceLinkFile" no projeto "L2Updater.csproj".
       Destino "GenerateAssemblyInfo" ignorado devido ├á condi├º├úo falsa; ('$(GenerateAssemblyInfo)' == 'true') foi avaliado como ('false' == 'true').
       Destino "GenerateGlobalUsings" ignorado devido ├á condi├º├úo falsa; (@(Using->Count()) != 0) foi avaliado como (0 != 0).
   2:6>Destino "AddGlobalAnalyzerConfigForPackage_MicrosoftCodeAnalysisNetAnalyzers" no arquivo "C:\Program Files\dotnet\sdk\9.0.304\Sdks\Microsoft.NET.Sdk\analyzers\build\Microsoft.CodeAnalysis.NetAnalyzers.targets" do projeto "D:\PROJETOS\LAUNCHER C#\launcher\L2Updater.csproj" (o destino "CoreCompile" depende dele):
   2:6>Destino de compila├º├úo pronto"AddGlobalAnalyzerConfigForPackage_MicrosoftCodeAnalysisNetAnalyzers" no projeto "L2Updater.csproj".
       Destino "AddGlobalAnalyzerConfigForPackage_MicrosoftCodeAnalysisNetAnalyzersDesign" ignorado devido ├á condi├º├úo falsa; ('$(SkipGlobalAnalyzerConfigForPackage)' != 'true' and ('$(AnalysisLevelDesign)' != '' or '$(AnalysisModeDesign)' != '')) foi avaliado como ('' != 'true' and ('' != '' or '' != '')).
       Destino "AddGlobalAnalyzerConfigForPackage_MicrosoftCodeAnalysisNetAnalyzersDocumentation" ignorado devido ├á condi├º├úo falsa; ('$(SkipGlobalAnalyzerConfigForPackage)' != 'true' and ('$(AnalysisLevelDocumentation)' != '' or '$(AnalysisModeDocumentation)' != '')) foi avaliado como ('' != 'true' and ('' != '' or '' != '')).
       Destino "AddGlobalAnalyzerConfigForPackage_MicrosoftCodeAnalysisNetAnalyzersGlobalization" ignorado devido ├á condi├º├úo falsa; ('$(SkipGlobalAnalyzerConfigForPackage)' != 'true' and ('$(AnalysisLevelGlobalization)' != '' or '$(AnalysisModeGlobalization)' != '')) foi avaliado como ('' != 'true' and ('' != '' or '' != '')).
       Destino "AddGlobalAnalyzerConfigForPackage_MicrosoftCodeAnalysisNetAnalyzersInteroperability" ignorado devido ├á condi├º├úo falsa; ('$(SkipGlobalAnalyzerConfigForPackage)' != 'true' and ('$(AnalysisLevelInteroperability)' != '' or '$(AnalysisModeInteroperability)' != '')) foi avaliado como ('' != 'true' and ('' != '' or '' != '')).
       Destino "AddGlobalAnalyzerConfigForPackage_MicrosoftCodeAnalysisNetAnalyzersMaintainability" ignorado devido ├á condi├º├úo falsa; ('$(SkipGlobalAnalyzerConfigForPackage)' != 'true' and ('$(AnalysisLevelMaintainability)' != '' or '$(AnalysisModeMaintainability)' != '')) foi avaliado como ('' != 'true' and ('' != '' or '' != '')).
       Destino "AddGlobalAnalyzerConfigForPackage_MicrosoftCodeAnalysisNetAnalyzersNaming" ignorado devido ├á condi├º├úo falsa; ('$(SkipGlobalAnalyzerConfigForPackage)' != 'true' and ('$(AnalysisLevelNaming)' != '' or '$(AnalysisModeNaming)' != '')) foi avaliado como ('' != 'true' and ('' != '' or '' != '')).
       Destino "AddGlobalAnalyzerConfigForPackage_MicrosoftCodeAnalysisNetAnalyzersPerformance" ignorado devido ├á condi├º├úo falsa; ('$(SkipGlobalAnalyzerConfigForPackage)' != 'true' and ('$(AnalysisLevelPerformance)' != '' or '$(AnalysisModePerformance)' != '')) foi avaliado como ('' != 'true' and ('' != '' or '' != '')).
       Destino "AddGlobalAnalyzerConfigForPackage_MicrosoftCodeAnalysisNetAnalyzersReliability" ignorado devido ├á condi├º├úo falsa; ('$(SkipGlobalAnalyzerConfigForPackage)' != 'true' and ('$(AnalysisLevelReliability)' != '' or '$(AnalysisModeReliability)' != '')) foi avaliado como ('' != 'true' and ('' != '' or '' != '')).
       Destino "AddGlobalAnalyzerConfigForPackage_MicrosoftCodeAnalysisNetAnalyzersSecurity" ignorado devido ├á condi├º├úo falsa; ('$(SkipGlobalAnalyzerConfigForPackage)' != 'true' and ('$(AnalysisLevelSecurity)' != '' or '$(AnalysisModeSecurity)' != '')) foi avaliado como ('' != 'true' and ('' != '' or '' != '')).
       Destino "AddGlobalAnalyzerConfigForPackage_MicrosoftCodeAnalysisNetAnalyzersUsage" ignorado devido ├á condi├º├úo falsa; ('$(SkipGlobalAnalyzerConfigForPackage)' != 'true' and ('$(AnalysisLevelUsage)' != '' or '$(AnalysisModeUsage)' != '')) foi avaliado como ('' != 'true' and ('' != '' or '' != '')).
       Destino "_CodeAnalysisTreatWarningsAsErrors" ignorado devido ├á condi├º├úo falsa; ('$(DesignTimeBuild)' == 'true' OR '$(BuildingProject)' != 'true') foi avaliado como ('' == 'true' OR 'true' != 'true').
   2:6>Destino "RemoveDuplicateAnalyzers" no arquivo "C:\Program Files\dotnet\sdk\9.0.304\Sdks\Microsoft.NET.Sdk.WindowsDesktop\targets\Microsoft.WinFX.targets" do projeto "D:\PROJETOS\LAUNCHER C#\launcher\L2Updater.csproj" (o destino "CoreCompile" depende dele):
   2:6>Destino de compila├º├úo pronto"RemoveDuplicateAnalyzers" no projeto "L2Updater.csproj".
   2:6>Destino "CoreCompile" no arquivo "C:\Program Files\dotnet\sdk\9.0.304\Roslyn\Microsoft.CSharp.Core.targets" do projeto "D:\PROJETOS\LAUNCHER C#\launcher\L2Updater.csproj" (o destino "Compile" depende dele):
       Compila├º├úo de destino "CoreCompile" conclu├¡da.
       O arquivo de sa├¡da "obj\Debug\net9.0-windows\win-x64\L2Updater.dll" n├úo existe.
       C:\Program Files\dotnet\sdk\9.0.304\Roslyn\Microsoft.CSharp.Core.targets(66,7): message : Reatribui├º├úo de propriedade: $(NoWarn)="1701;1702;1701;1702" (valor anterior: "1701;1702") em C:\Program Files\dotnet\sdk\9.0.304\Roslyn\Microsoft.CSharp.Core.targets (66,7) [D:\PROJETOS\LAUNCHER C#\launcher\L2Updater.csproj]
       Usando a tarefa "Csc" do assembly "C:\Program Files\dotnet\sdk\9.0.304\Roslyn\Microsoft.Build.Tasks.CodeAnalysis.dll".
       Tarefa "Csc"
         C:\Program Files\dotnet\dotnet.exe exec "C:\Program Files\dotnet\sdk\9.0.304\Roslyn\bincore\csc.dll" /noconfig /unsafe- /checked- /nowarn:1701,1702,1701,1702 /fullpaths /nostdlib+ /platform:x64 /errorreport:prompt /warn:9 /define:TRACE;DEBUG;NET;NET9_0;NETCOREAPP;WINDOWS;WINDOWS7_0;NET5_0_OR_GREATER;NET6_0_OR_GREATER;NET7_0_OR_GREATER;NET8_0_OR_GREATER;NET9_0_OR_GREATER;NETCOREAPP3_0_OR_GREATER;NETCOREAPP3_1_OR_GREATER;WINDOWS7_0_OR_GREATER /highentropyva+ /nullable:enable /reference:"C:\Program Files\dotnet\packs\Microsoft.WindowsDesktop.App.Ref\9.0.8\ref\net9.0\Accessibility.dll" /reference:C:\Users\danie\.nuget\packages\communitytoolkit.mvvm\8.2.2\lib\net6.0\CommunityToolkit.Mvvm.dll /reference:"C:\Program Files\dotnet\packs\Microsoft.NETCore.App.Ref\9.0.8\ref\net9.0\Microsoft.CSharp.dll" /reference:C:\Users\danie\.nuget\packages\microsoft.extensions.configuration.abstractions\9.0.0\lib\net9.0\Microsoft.Extensions.Configuration.Abstractions.dll /reference:C:\Users\danie\.nuget\packages\microsoft.extensions.configuration.binder\9.0.0\lib\net9.0\Microsoft.Extensions.Configuration.Binder.dll /reference:C:\Users\danie\.nuget\packages\microsoft.extensions.configuration\9.0.0\lib\net9.0\Microsoft.Extensions.Configuration.dll /reference:C:\Users\danie\.nuget\packages\microsoft.extensions.configuration.fileextensions\9.0.0\lib\net9.0\Microsoft.Extensions.Configuration.FileExtensions.dll /reference:C:\Users\danie\.nuget\packages\microsoft.extensions.configuration.json\9.0.0\lib\net9.0\Microsoft.Extensions.Configuration.Json.dll /reference:C:\Users\danie\.nuget\packages\microsoft.extensions.dependencyinjection.abstractions\9.0.0\lib\net9.0\Microsoft.Extensions.DependencyInjection.Abstractions.dll /reference:C:\Users\danie\.nuget\packages\microsoft.extensions.dependencyinjection\9.0.0\lib\net9.0\Microsoft.Extensions.DependencyInjection.dll /reference:C:\Users\danie\.nuget\packages\microsoft.extensions.diagnostics.abstractions\9.0.0\lib\net9.0\Microsoft.Extensions.Diagnostics.Abstractions.dll /reference:C:\Users\danie\.nuget\packages\microsoft.extensions.diagnostics\9.0.0\lib\net9.0\Microsoft.Extensions.Diagnostics.dll /reference:C:\Users\danie\.nuget\packages\microsoft.extensions.fileproviders.abstractions\9.0.0\lib\net9.0\Microsoft.Extensions.FileProviders.Abstractions.dll /reference:C:\Users\danie\.nuget\packages\microsoft.extensions.fileproviders.physical\9.0.0\lib\net9.0\Microsoft.Extensions.FileProviders.Physical.dll /reference:C:\Users\danie\.nuget\packages\microsoft.extensions.filesystemglobbing\9.0.0\lib\net9.0\Microsoft.Extensions.FileSystemGlobbing.dll /reference:C:\Users\danie\.nuget\packages\microsoft.extensions.http\9.0.0\lib\net9.0\Microsoft.Extensions.Http.dll /reference:C:\Users\danie\.nuget\packages\microsoft.extensions.logging.abstractions\9.0.0\lib\net9.0\Microsoft.Extensions.Logging.Abstractions.dll /reference:C:\Users\danie\.nuget\packages\microsoft.extensions.logging.configuration\9.0.0\lib\net9.0\Microsoft.Extensions.Logging.Configuration.dll /reference:C:\Users\danie\.nuget\packages\microsoft.extensions.logging.console\9.0.0\lib\net9.0\Microsoft.Extensions.Logging.Console.dll /reference:C:\Users\danie\.nuget\packages\microsoft.extensions.logging\9.0.0\lib\net9.0\Microsoft.Extensions.Logging.dll /reference:C:\Users\danie\.nuget\packages\microsoft.extensions.options.configurationextensions\9.0.0\lib\net9.0\Microsoft.Extensions.Options.ConfigurationExtensions.dll /reference:C:\Users\danie\.nuget\packages\microsoft.extensions.options\9.0.0\lib\net9.0\Microsoft.Extensions.Options.dll /reference:C:\Users\danie\.nuget\packages\microsoft.extensions.primitives\9.0.0\lib\net9.0\Microsoft.Extensions.Primitives.dll /reference:"C:\Program Files\dotnet\packs\Microsoft.NETCore.App.Ref\9.0.8\ref\net9.0\Microsoft.VisualBasic.Core.dll" /reference:"C:\Program Files\dotnet\packs\Microsoft.WindowsDesktop.App.Ref\9.0.8\ref\net9.0\Microsoft.VisualBasic.dll" /reference:"C:\Program Files\dotnet\packs\Microsoft.WindowsDesktop.App.Ref\9.0.8\ref\net9.0\Microsoft.VisualBasic.Forms.dll" /reference:"C:\Program Files\dotnet\packs\Microsoft.NETCore.App.Ref\9.0.8\ref\net9.0\Microsoft.Win32.Primitives.dll" /reference:"C:\Program Files\dotnet\packs\Microsoft.WindowsDesktop.App.Ref\9.0.8\ref\net9.0\Microsoft.Win32.Registry.AccessControl.dll" /reference:"C:\Program Files\dotnet\packs\Microsoft.NETCore.App.Ref\9.0.8\ref\net9.0\Microsoft.Win32.Registry.dll" /reference:"C:\Program Files\dotnet\packs\Microsoft.WindowsDesktop.App.Ref\9.0.8\ref\net9.0\Microsoft.Win32.SystemEvents.dll" /reference:"C:\Program Files\dotnet\packs\Microsoft.NETCore.App.Ref\9.0.8\ref\net9.0\mscorlib.dll" /reference:"C:\Program Files\dotnet\packs\Microsoft.NETCore.App.Ref\9.0.8\ref\net9.0\netstandard.dll" /reference:C:\Users\danie\.nuget\packages\newtonsoft.json\13.0.3\lib\net6.0\Newtonsoft.Json.dll /reference:"C:\Program Files\dotnet\packs\Microsoft.WindowsDesktop.App.Ref\9.0.8\ref\net9.0\PresentationCore.dll" /reference:"C:\Program Files\dotnet\packs\Microsoft.WindowsDesktop.App.Ref\9.0.8\ref\net9.0\PresentationFramework.Aero.dll" /reference:"C:\Program Files\dotnet\packs\Microsoft.WindowsDesktop.App.Ref\9.0.8\ref\net9.0\PresentationFramework.Aero2.dll" /reference:"C:\Program Files\dotnet\packs\Microsoft.WindowsDesktop.App.Ref\9.0.8\ref\net9.0\PresentationFramework.AeroLite.dll" /reference:"C:\Program Files\dotnet\packs\Microsoft.WindowsDesktop.App.Ref\9.0.8\ref\net9.0\PresentationFramework.Classic.dll" /reference:"C:\Program Files\dotnet\packs\Microsoft.WindowsDesktop.App.Ref\9.0.8\ref\net9.0\PresentationFramework.dll" /reference:"C:\Program Files\dotnet\packs\Microsoft.WindowsDesktop.App.Ref\9.0.8\ref\net9.0\PresentationFramework.Luna.dll" /reference:"C:\Program Files\dotnet\packs\Microsoft.WindowsDesktop.App.Ref\9.0.8\ref\net9.0\PresentationFramework.Royale.dll" /reference:"C:\Program Files\dotnet\packs\Microsoft.WindowsDesktop.App.Ref\9.0.8\ref\net9.0\PresentationUI.dll" /reference:"C:\Program Files\dotnet\packs\Microsoft.WindowsDesktop.App.Ref\9.0.8\ref\net9.0\ReachFramework.dll" /reference:C:\Users\danie\.nuget\packages\serilog\4.0.0\lib\net8.0\Serilog.dll /reference:C:\Users\danie\.nuget\packages\serilog.extensions.logging\8.0.0\lib\net8.0\Serilog.Extensions.Logging.dll /reference:C:\Users\danie\.nuget\packages\serilog.sinks.console\6.0.0\lib\net8.0\Serilog.Sinks.Console.dll /reference:C:\Users\danie\.nuget\packages\serilog.sinks.file\6.0.0\lib\net8.0\Serilog.Sinks.File.dll /reference:"C:\Program Files\dotnet\packs\Microsoft.NETCore.App.Ref\9.0.8\ref\net9.0\System.AppContext.dll" /reference:"C:\Program Files\dotnet\packs\Microsoft.NETCore.App.Ref\9.0.8\ref\net9.0\System.Buffers.dll" /reference:"C:\Program Files\dotnet\packs\Microsoft.WindowsDesktop.App.Ref\9.0.8\ref\net9.0\System.CodeDom.dll" /reference:"C:\Program Files\dotnet\packs\Microsoft.NETCore.App.Ref\9.0.8\ref\net9.0\System.Collections.Concurrent.dll" /reference:"C:\Program Files\dotnet\packs\Microsoft.NETCore.App.Ref\9.0.8\ref\net9.0\System.Collections.dll" /reference:"C:\Program Files\dotnet\packs\Microsoft.NETCore.App.Ref\9.0.8\ref\net9.0\System.Collections.Immutable.dll" /reference:"C:\Program Files\dotnet\packs\Microsoft.NETCore.App.Ref\9.0.8\ref\net9.0\System.Collections.NonGeneric.dll" /reference:"C:\Program Files\dotnet\packs\Microsoft.NETCore.App.Ref\9.0.8\ref\net9.0\System.Collections.Specialized.dll" /reference:"C:\Program Files\dotnet\packs\Microsoft.NETCore.App.Ref\9.0.8\ref\net9.0\System.ComponentModel.Annotations.dll" /reference:"C:\Program Files\dotnet\packs\Microsoft.NETCore.App.Ref\9.0.8\ref\net9.0\System.ComponentModel.DataAnnotations.dll" /reference:"C:\Program Files\dotnet\packs\Microsoft.NETCore.App.Ref\9.0.8\ref\net9.0\System.ComponentModel.dll" /reference:"C:\Program Files\dotnet\packs\Microsoft.NETCore.App.Ref\9.0.8\ref\net9.0\System.ComponentModel.EventBasedAsync.dll" /reference:"C:\Program Files\dotnet\packs\Microsoft.NETCore.App.Ref\9.0.8\ref\net9.0\System.ComponentModel.Primitives.dll" /reference:"C:\Program Files\dotnet\packs\Microsoft.NETCore.App.Ref\9.0.8\ref\net9.0\System.ComponentModel.TypeConverter.dll" /reference:"C:\Program Files\dotnet\packs\Microsoft.WindowsDesktop.App.Ref\9.0.8\ref\net9.0\System.Configuration.ConfigurationManager.dll" /reference:"C:\Program Files\dotnet\packs\Microsoft.NETCore.App.Ref\9.0.8\ref\net9.0\System.Configuration.dll" /reference:"C:\Program Files\dotnet\packs\Microsoft.NETCore.App.Ref\9.0.8\ref\net9.0\System.Console.dll" /reference:"C:\Program Files\dotnet\packs\Microsoft.NETCore.App.Ref\9.0.8\ref\net9.0\System.Core.dll" /reference:"C:\Program Files\dotnet\packs\Microsoft.NETCore.App.Ref\9.0.8\ref\net9.0\System.Data.Common.dll" /reference:"C:\Program Files\dotnet\packs\Microsoft.NETCore.App.Ref\9.0.8\ref\net9.0\System.Data.DataSetExtensions.dll" /reference:"C:\Program Files\dotnet\packs\Microsoft.NETCore.App.Ref\9.0.8\ref\net9.0\System.Data.dll" /reference:"C:\Program Files\dotnet\packs\Microsoft.WindowsDesktop.App.Ref\9.0.8\ref\net9.0\System.Design.dll" /reference:"C:\Program Files\dotnet\packs\Microsoft.NETCore.App.Ref\9.0.8\ref\net9.0\System.Diagnostics.Contracts.dll" /reference:"C:\Program Files\dotnet\packs\Microsoft.NETCore.App.Ref\9.0.8\ref\net9.0\System.Diagnostics.Debug.dll" /reference:"C:\Program Files\dotnet\packs\Microsoft.NETCore.App.Ref\9.0.8\ref\net9.0\System.Diagnostics.DiagnosticSource.dll" /reference:"C:\Program Files\dotnet\packs\Microsoft.WindowsDesktop.App.Ref\9.0.8\ref\net9.0\System.Diagnostics.EventLog.dll" /reference:"C:\Program Files\dotnet\packs\Microsoft.NETCore.App.Ref\9.0.8\ref\net9.0\System.Diagnostics.FileVersionInfo.dll" /reference:"C:\Program Files\dotnet\packs\Microsoft.WindowsDesktop.App.Ref\9.0.8\ref\net9.0\System.Diagnostics.PerformanceCounter.dll" /reference:"C:\Program Files\dotnet\packs\Microsoft.NETCore.App.Ref\9.0.8\ref\net9.0\System.Diagnostics.Process.dll" /reference:"C:\Program Files\dotnet\packs\Microsoft.NETCore.App.Ref\9.0.8\ref\net9.0\System.Diagnostics.StackTrace.dll" /reference:"C:\Program Files\dotnet\packs\Microsoft.NETCore.App.Ref\9.0.8\ref\net9.0\System.Diagnostics.TextWriterTraceListener.dll" /reference:"C:\Program Files\dotnet\packs\Microsoft.NETCore.App.Ref\9.0.8\ref\net9.0\System.Diagnostics.Tools.dll" /reference:"C:\Program Files\dotnet\packs\Microsoft.NETCore.App.Ref\9.0.8\ref\net9.0\System.Diagnostics.TraceSource.dll" /reference:"C:\Program Files\dotnet\packs\Microsoft.NETCore.App.Ref\9.0.8\ref\net9.0\System.Diagnostics.Tracing.dll" /reference:"C:\Program Files\dotnet\packs\Microsoft.WindowsDesktop.App.Ref\9.0.8\ref\net9.0\System.DirectoryServices.dll" /reference:"C:\Program Files\dotnet\packs\Microsoft.NETCore.App.Ref\9.0.8\ref\net9.0\System.dll" /reference:"C:\Program Files\dotnet\packs\Microsoft.WindowsDesktop.App.Ref\9.0.8\ref\net9.0\System.Drawing.Common.dll" /reference:"C:\Program Files\dotnet\packs\Microsoft.WindowsDesktop.App.Ref\9.0.8\ref\net9.0\System.Drawing.Design.dll" /reference:"C:\Program Files\dotnet\packs\Microsoft.WindowsDesktop.App.Ref\9.0.8\ref\net9.0\System.Drawing.dll" /reference:"C:\Program Files\dotnet\packs\Microsoft.NETCore.App.Ref\9.0.8\ref\net9.0\System.Drawing.Primitives.dll" /reference:"C:\Program Files\dotnet\packs\Microsoft.NETCore.App.Ref\9.0.8\ref\net9.0\System.Dynamic.Runtime.dll" /reference:"C:\Program Files\dotnet\packs\Microsoft.NETCore.App.Ref\9.0.8\ref\net9.0\System.Formats.Asn1.dll" /reference:"C:\Program Files\dotnet\packs\Microsoft.WindowsDesktop.App.Ref\9.0.8\ref\net9.0\System.Formats.Nrbf.dll" /reference:"C:\Program Files\dotnet\packs\Microsoft.NETCore.App.Ref\9.0.8\ref\net9.0\System.Formats.Tar.dll" /reference:"C:\Program Files\dotnet\packs\Microsoft.NETCore.App.Ref\9.0.8\ref\net9.0\System.Globalization.Calendars.dll" /reference:"C:\Program Files\dotnet\packs\Microsoft.NETCore.App.Ref\9.0.8\ref\net9.0\System.Globalization.dll" /reference:"C:\Program Files\dotnet\packs\Microsoft.NETCore.App.Ref\9.0.8\ref\net9.0\System.Globalization.Extensions.dll" /reference:"C:\Program Files\dotnet\packs\Microsoft.NETCore.App.Ref\9.0.8\ref\net9.0\System.IO.Compression.Brotli.dll" /reference:"C:\Program Files\dotnet\packs\Microsoft.NETCore.App.Ref\9.0.8\ref\net9.0\System.IO.Compression.dll" /reference:"C:\Program Files\dotnet\packs\Microsoft.NETCore.App.Ref\9.0.8\ref\net9.0\System.IO.Compression.FileSystem.dll" /reference:"C:\Program Files\dotnet\packs\Microsoft.NETCore.App.Ref\9.0.8\ref\net9.0\System.IO.Compression.ZipFile.dll" /reference:"C:\Program Files\dotnet\packs\Microsoft.NETCore.App.Ref\9.0.8\ref\net9.0\System.IO.dll" /reference:"C:\Program Files\dotnet\packs\Microsoft.NETCore.App.Ref\9.0.8\ref\net9.0\System.IO.FileSystem.AccessControl.dll" /reference:"C:\Program Files\dotnet\packs\Microsoft.NETCore.App.Ref\9.0.8\ref\net9.0\System.IO.FileSystem.dll" /reference:"C:\Program Files\dotnet\packs\Microsoft.NETCore.App.Ref\9.0.8\ref\net9.0\System.IO.FileSystem.DriveInfo.dll" /reference:"C:\Program Files\dotnet\packs\Microsoft.NETCore.App.Ref\9.0.8\ref\net9.0\System.IO.FileSystem.Primitives.dll" /reference:"C:\Program Files\dotnet\packs\Microsoft.NETCore.App.Ref\9.0.8\ref\net9.0\System.IO.FileSystem.Watcher.dll" /reference:"C:\Program Files\dotnet\packs\Microsoft.NETCore.App.Ref\9.0.8\ref\net9.0\System.IO.IsolatedStorage.dll" /reference:"C:\Program Files\dotnet\packs\Microsoft.NETCore.App.Ref\9.0.8\ref\net9.0\System.IO.MemoryMappedFiles.dll" /reference:"C:\Program Files\dotnet\packs\Microsoft.WindowsDesktop.App.Ref\9.0.8\ref\net9.0\System.IO.Packaging.dll" /reference:"C:\Program Files\dotnet\packs\Microsoft.NETCore.App.Ref\9.0.8\ref\net9.0\System.IO.Pipelines.dll" /reference:"C:\Program Files\dotnet\packs\Microsoft.NETCore.App.Ref\9.0.8\ref\net9.0\System.IO.Pipes.AccessControl.dll" /reference:"C:\Program Files\dotnet\packs\Microsoft.NETCore.App.Ref\9.0.8\ref\net9.0\System.IO.Pipes.dll" /reference:"C:\Program Files\dotnet\packs\Microsoft.NETCore.App.Ref\9.0.8\ref\net9.0\System.IO.UnmanagedMemoryStream.dll" /reference:"C:\Program Files\dotnet\packs\Microsoft.NETCore.App.Ref\9.0.8\ref\net9.0\System.Linq.dll" /reference:"C:\Program Files\dotnet\packs\Microsoft.NETCore.App.Ref\9.0.8\ref\net9.0\System.Linq.Expressions.dll" /reference:"C:\Program Files\dotnet\packs\Microsoft.NETCore.App.Ref\9.0.8\ref\net9.0\System.Linq.Parallel.dll" /reference:"C:\Program Files\dotnet\packs\Microsoft.NETCore.App.Ref\9.0.8\ref\net9.0\System.Linq.Queryable.dll" /reference:"C:\Program Files\dotnet\packs\Microsoft.NETCore.App.Ref\9.0.8\ref\net9.0\System.Memory.dll" /reference:"C:\Program Files\dotnet\packs\Microsoft.NETCore.App.Ref\9.0.8\ref\net9.0\System.Net.dll" /reference:"C:\Program Files\dotnet\packs\Microsoft.NETCore.App.Ref\9.0.8\ref\net9.0\System.Net.Http.dll" /reference:"C:\Program Files\dotnet\packs\Microsoft.NETCore.App.Ref\9.0.8\ref\net9.0\System.Net.Http.Json.dll" /reference:"C:\Program Files\dotnet\packs\Microsoft.NETCore.App.Ref\9.0.8\ref\net9.0\System.Net.HttpListener.dll" /reference:"C:\Program Files\dotnet\packs\Microsoft.NETCore.App.Ref\9.0.8\ref\net9.0\System.Net.Mail.dll" /reference:"C:\Program Files\dotnet\packs\Microsoft.NETCore.App.Ref\9.0.8\ref\net9.0\System.Net.NameResolution.dll" /reference:"C:\Program Files\dotnet\packs\Microsoft.NETCore.App.Ref\9.0.8\ref\net9.0\System.Net.NetworkInformation.dll" /reference:"C:\Program Files\dotnet\packs\Microsoft.NETCore.App.Ref\9.0.8\ref\net9.0\System.Net.Ping.dll" /reference:"C:\Program Files\dotnet\packs\Microsoft.NETCore.App.Ref\9.0.8\ref\net9.0\System.Net.Primitives.dll" /reference:"C:\Program Files\dotnet\packs\Microsoft.NETCore.App.Ref\9.0.8\ref\net9.0\System.Net.Quic.dll" /reference:"C:\Program Files\dotnet\packs\Microsoft.NETCore.App.Ref\9.0.8\ref\net9.0\System.Net.Requests.dll" /reference:"C:\Program Files\dotnet\packs\Microsoft.NETCore.App.Ref\9.0.8\ref\net9.0\System.Net.Security.dll" /reference:"C:\Program Files\dotnet\packs\Microsoft.NETCore.App.Ref\9.0.8\ref\net9.0\System.Net.ServicePoint.dll" /reference:"C:\Program Files\dotnet\packs\Microsoft.NETCore.App.Ref\9.0.8\ref\net9.0\System.Net.Sockets.dll" /reference:"C:\Program Files\dotnet\packs\Microsoft.NETCore.App.Ref\9.0.8\ref\net9.0\System.Net.WebClient.dll" /reference:"C:\Program Files\dotnet\packs\Microsoft.NETCore.App.Ref\9.0.8\ref\net9.0\System.Net.WebHeaderCollection.dll" /reference:"C:\Program Files\dotnet\packs\Microsoft.NETCore.App.Ref\9.0.8\ref\net9.0\System.Net.WebProxy.dll" /reference:"C:\Program Files\dotnet\packs\Microsoft.NETCore.App.Ref\9.0.8\ref\net9.0\System.Net.WebSockets.Client.dll" /reference:"C:\Program Files\dotnet\packs\Microsoft.NETCore.App.Ref\9.0.8\ref\net9.0\System.Net.WebSockets.dll" /reference:"C:\Program Files\dotnet\packs\Microsoft.NETCore.App.Ref\9.0.8\ref\net9.0\System.Numerics.dll" /reference:"C:\Program Files\dotnet\packs\Microsoft.NETCore.App.Ref\9.0.8\ref\net9.0\System.Numerics.Vectors.dll" /reference:"C:\Program Files\dotnet\packs\Microsoft.NETCore.App.Ref\9.0.8\ref\net9.0\System.ObjectModel.dll" /reference:"C:\Program Files\dotnet\packs\Microsoft.WindowsDesktop.App.Ref\9.0.8\ref\net9.0\System.Printing.dll" /reference:"C:\Program Files\dotnet\packs\Microsoft.WindowsDesktop.App.Ref\9.0.8\ref\net9.0\System.Private.Windows.Core.dll" /reference:"C:\Program Files\dotnet\packs\Microsoft.NETCore.App.Ref\9.0.8\ref\net9.0\System.Reflection.DispatchProxy.dll" /reference:"C:\Program Files\dotnet\packs\Microsoft.NETCore.App.Ref\9.0.8\ref\net9.0\System.Reflection.dll" /reference:"C:\Program Files\dotnet\packs\Microsoft.NETCore.App.Ref\9.0.8\ref\net9.0\System.Reflection.Emit.dll" /reference:"C:\Program Files\dotnet\packs\Microsoft.NETCore.App.Ref\9.0.8\ref\net9.0\System.Reflection.Emit.ILGeneration.dll" /reference:"C:\Program Files\dotnet\packs\Microsoft.NETCore.App.Ref\9.0.8\ref\net9.0\System.Reflection.Emit.Lightweight.dll" /reference:"C:\Program Files\dotnet\packs\Microsoft.NETCore.App.Ref\9.0.8\ref\net9.0\System.Reflection.Extensions.dll" /reference:"C:\Program Files\dotnet\packs\Microsoft.NETCore.App.Ref\9.0.8\ref\net9.0\System.Reflection.Metadata.dll" /reference:"C:\Program Files\dotnet\packs\Microsoft.NETCore.App.Ref\9.0.8\ref\net9.0\System.Reflection.Primitives.dll" /reference:"C:\Program Files\dotnet\packs\Microsoft.NETCore.App.Ref\9.0.8\ref\net9.0\System.Reflection.TypeExtensions.dll" /reference:"C:\Program Files\dotnet\packs\Microsoft.WindowsDesktop.App.Ref\9.0.8\ref\net9.0\System.Resources.Extensions.dll" /reference:"C:\Program Files\dotnet\packs\Microsoft.NETCore.App.Ref\9.0.8\ref\net9.0\System.Resources.Reader.dll" /reference:"C:\Program Files\dotnet\packs\Microsoft.NETCore.App.Ref\9.0.8\ref\net9.0\System.Resources.ResourceManager.dll" /reference:"C:\Program Files\dotnet\packs\Microsoft.NETCore.App.Ref\9.0.8\ref\net9.0\System.Resources.Writer.dll" /reference:"C:\Program Files\dotnet\packs\Microsoft.NETCore.App.Ref\9.0.8\ref\net9.0\System.Runtime.CompilerServices.Unsafe.dll" /reference:"C:\Program Files\dotnet\packs\Microsoft.NETCore.App.Ref\9.0.8\ref\net9.0\System.Runtime.CompilerServices.VisualC.dll" /reference:"C:\Program Files\dotnet\packs\Microsoft.NETCore.App.Ref\9.0.8\ref\net9.0\System.Runtime.dll" /reference:"C:\Program Files\dotnet\packs\Microsoft.NETCore.App.Ref\9.0.8\ref\net9.0\System.Runtime.Extensions.dll" /reference:"C:\Program Files\dotnet\packs\Microsoft.NETCore.App.Ref\9.0.8\ref\net9.0\System.Runtime.Handles.dll" /reference:"C:\Program Files\dotnet\packs\Microsoft.NETCore.App.Ref\9.0.8\ref\net9.0\System.Runtime.InteropServices.dll" /reference:"C:\Program Files\dotnet\packs\Microsoft.NETCore.App.Ref\9.0.8\ref\net9.0\System.Runtime.InteropServices.JavaScript.dll" /reference:"C:\Program Files\dotnet\packs\Microsoft.NETCore.App.Ref\9.0.8\ref\net9.0\System.Runtime.InteropServices.RuntimeInformation.dll" /reference:"C:\Program Files\dotnet\packs\Microsoft.NETCore.App.Ref\9.0.8\ref\net9.0\System.Runtime.Intrinsics.dll" /reference:"C:\Program Files\dotnet\packs\Microsoft.NETCore.App.Ref\9.0.8\ref\net9.0\System.Runtime.Loader.dll" /reference:"C:\Program Files\dotnet\packs\Microsoft.NETCore.App.Ref\9.0.8\ref\net9.0\System.Runtime.Numerics.dll" /reference:"C:\Program Files\dotnet\packs\Microsoft.NETCore.App.Ref\9.0.8\ref\net9.0\System.Runtime.Serialization.dll" /reference:"C:\Program Files\dotnet\packs\Microsoft.NETCore.App.Ref\9.0.8\ref\net9.0\System.Runtime.Serialization.Formatters.dll" /reference:"C:\Program Files\dotnet\packs\Microsoft.NETCore.App.Ref\9.0.8\ref\net9.0\System.Runtime.Serialization.Json.dll" /reference:"C:\Program Files\dotnet\packs\Microsoft.NETCore.App.Ref\9.0.8\ref\net9.0\System.Runtime.Serialization.Primitives.dll" /reference:"C:\Program Files\dotnet\packs\Microsoft.NETCore.App.Ref\9.0.8\ref\net9.0\System.Runtime.Serialization.Xml.dll" /reference:"C:\Program Files\dotnet\packs\Microsoft.NETCore.App.Ref\9.0.8\ref\net9.0\System.Security.AccessControl.dll" /reference:"C:\Program Files\dotnet\packs\Microsoft.NETCore.App.Ref\9.0.8\ref\net9.0\System.Security.Claims.dll" /reference:"C:\Program Files\dotnet\packs\Microsoft.NETCore.App.Ref\9.0.8\ref\net9.0\System.Security.Cryptography.Algorithms.dll" /reference:"C:\Program Files\dotnet\packs\Microsoft.NETCore.App.Ref\9.0.8\ref\net9.0\System.Security.Cryptography.Cng.dll" /reference:"C:\Program Files\dotnet\packs\Microsoft.NETCore.App.Ref\9.0.8\ref\net9.0\System.Security.Cryptography.Csp.dll" /reference:"C:\Program Files\dotnet\packs\Microsoft.NETCore.App.Ref\9.0.8\ref\net9.0\System.Security.Cryptography.dll" /reference:"C:\Program Files\dotnet\packs\Microsoft.NETCore.App.Ref\9.0.8\ref\net9.0\System.Security.Cryptography.Encoding.dll" /reference:"C:\Program Files\dotnet\packs\Microsoft.NETCore.App.Ref\9.0.8\ref\net9.0\System.Security.Cryptography.OpenSsl.dll" /reference:"C:\Program Files\dotnet\packs\Microsoft.WindowsDesktop.App.Ref\9.0.8\ref\net9.0\System.Security.Cryptography.Pkcs.dll" /reference:"C:\Program Files\dotnet\packs\Microsoft.NETCore.App.Ref\9.0.8\ref\net9.0\System.Security.Cryptography.Primitives.dll" /reference:"C:\Program Files\dotnet\packs\Microsoft.WindowsDesktop.App.Ref\9.0.8\ref\net9.0\System.Security.Cryptography.ProtectedData.dll" /reference:"C:\Program Files\dotnet\packs\Microsoft.NETCore.App.Ref\9.0.8\ref\net9.0\System.Security.Cryptography.X509Certificates.dll" /reference:"C:\Program Files\dotnet\packs\Microsoft.WindowsDesktop.App.Ref\9.0.8\ref\net9.0\System.Security.Cryptography.Xml.dll" /reference:"C:\Program Files\dotnet\packs\Microsoft.NETCore.App.Ref\9.0.8\ref\net9.0\System.Security.dll" /reference:"C:\Program Files\dotnet\packs\Microsoft.WindowsDesktop.App.Ref\9.0.8\ref\net9.0\System.Security.Permissions.dll" /reference:"C:\Program Files\dotnet\packs\Microsoft.NETCore.App.Ref\9.0.8\ref\net9.0\System.Security.Principal.dll" /reference:"C:\Program Files\dotnet\packs\Microsoft.NETCore.App.Ref\9.0.8\ref\net9.0\System.Security.Principal.Windows.dll" /reference:"C:\Program Files\dotnet\packs\Microsoft.NETCore.App.Ref\9.0.8\ref\net9.0\System.Security.SecureString.dll" /reference:"C:\Program Files\dotnet\packs\Microsoft.NETCore.App.Ref\9.0.8\ref\net9.0\System.ServiceModel.Web.dll" /reference:"C:\Program Files\dotnet\packs\Microsoft.NETCore.App.Ref\9.0.8\ref\net9.0\System.ServiceProcess.dll" /reference:"C:\Program Files\dotnet\packs\Microsoft.NETCore.App.Ref\9.0.8\ref\net9.0\System.Text.Encoding.CodePages.dll" /reference:"C:\Program Files\dotnet\packs\Microsoft.NETCore.App.Ref\9.0.8\ref\net9.0\System.Text.Encoding.dll" /reference:"C:\Program Files\dotnet\packs\Microsoft.NETCore.App.Ref\9.0.8\ref\net9.0\System.Text.Encoding.Extensions.dll" /reference:"C:\Program Files\dotnet\packs\Microsoft.NETCore.App.Ref\9.0.8\ref\net9.0\System.Text.Encodings.Web.dll" /reference:"C:\Program Files\dotnet\packs\Microsoft.NETCore.App.Ref\9.0.8\ref\net9.0\System.Text.Json.dll" /reference:"C:\Program Files\dotnet\packs\Microsoft.NETCore.App.Ref\9.0.8\ref\net9.0\System.Text.RegularExpressions.dll" /reference:"C:\Program Files\dotnet\packs\Microsoft.WindowsDesktop.App.Ref\9.0.8\ref\net9.0\System.Threading.AccessControl.dll" /reference:"C:\Program Files\dotnet\packs\Microsoft.NETCore.App.Ref\9.0.8\ref\net9.0\System.Threading.Channels.dll" /reference:"C:\Program Files\dotnet\packs\Microsoft.NETCore.App.Ref\9.0.8\ref\net9.0\System.Threading.dll" /reference:"C:\Program Files\dotnet\packs\Microsoft.NETCore.App.Ref\9.0.8\ref\net9.0\System.Threading.Overlapped.dll" /reference:"C:\Program Files\dotnet\packs\Microsoft.NETCore.App.Ref\9.0.8\ref\net9.0\System.Threading.Tasks.Dataflow.dll" /reference:"C:\Program Files\dotnet\packs\Microsoft.NETCore.App.Ref\9.0.8\ref\net9.0\System.Threading.Tasks.dll" /reference:"C:\Program Files\dotnet\packs\Microsoft.NETCore.App.Ref\9.0.8\ref\net9.0\System.Threading.Tasks.Extensions.dll" /reference:"C:\Program Files\dotnet\packs\Microsoft.NETCore.App.Ref\9.0.8\ref\net9.0\System.Threading.Tasks.Parallel.dll" /reference:"C:\Program Files\dotnet\packs\Microsoft.NETCore.App.Ref\9.0.8\ref\net9.0\System.Threading.Thread.dll" /reference:"C:\Program Files\dotnet\packs\Microsoft.NETCore.App.Ref\9.0.8\ref\net9.0\System.Threading.ThreadPool.dll" /reference:"C:\Program Files\dotnet\packs\Microsoft.NETCore.App.Ref\9.0.8\ref\net9.0\System.Threading.Timer.dll" /reference:"C:\Program Files\dotnet\packs\Microsoft.NETCore.App.Ref\9.0.8\ref\net9.0\System.Transactions.dll" /reference:"C:\Program Files\dotnet\packs\Microsoft.NETCore.App.Ref\9.0.8\ref\net9.0\System.Transactions.Local.dll" /reference:"C:\Program Files\dotnet\packs\Microsoft.NETCore.App.Ref\9.0.8\ref\net9.0\System.ValueTuple.dll" /reference:"C:\Program Files\dotnet\packs\Microsoft.NETCore.App.Ref\9.0.8\ref\net9.0\System.Web.dll" /reference:"C:\Program Files\dotnet\packs\Microsoft.NETCore.App.Ref\9.0.8\ref\net9.0\System.Web.HttpUtility.dll" /reference:"C:\Program Files\dotnet\packs\Microsoft.WindowsDesktop.App.Ref\9.0.8\ref\net9.0\System.Windows.Controls.Ribbon.dll" /reference:"C:\Program Files\dotnet\packs\Microsoft.NETCore.App.Ref\9.0.8\ref\net9.0\System.Windows.dll" /reference:"C:\Program Files\dotnet\packs\Microsoft.WindowsDesktop.App.Ref\9.0.8\ref\net9.0\System.Windows.Extensions.dll" /reference:"C:\Program Files\dotnet\packs\Microsoft.WindowsDesktop.App.Ref\9.0.8\ref\net9.0\System.Windows.Forms.Design.dll" /reference:"C:\Program Files\dotnet\packs\Microsoft.WindowsDesktop.App.Ref\9.0.8\ref\net9.0\System.Windows.Forms.Design.Editors.dll" /reference:"C:\Program Files\dotnet\packs\Microsoft.WindowsDesktop.App.Ref\9.0.8\ref\net9.0\System.Windows.Forms.dll" /reference:"C:\Program Files\dotnet\packs\Microsoft.WindowsDesktop.App.Ref\9.0.8\ref\net9.0\System.Windows.Forms.Primitives.dll" /reference:"C:\Program Files\dotnet\packs\Microsoft.WindowsDesktop.App.Ref\9.0.8\ref\net9.0\System.Windows.Input.Manipulations.dll" /reference:"C:\Program Files\dotnet\packs\Microsoft.WindowsDesktop.App.Ref\9.0.8\ref\net9.0\System.Windows.Presentation.dll" /reference:"C:\Program Files\dotnet\packs\Microsoft.WindowsDesktop.App.Ref\9.0.8\ref\net9.0\System.Xaml.dll" /reference:"C:\Program Files\dotnet\packs\Microsoft.NETCore.App.Ref\9.0.8\ref\net9.0\System.Xml.dll" /reference:"C:\Program Files\dotnet\packs\Microsoft.NETCore.App.Ref\9.0.8\ref\net9.0\System.Xml.Linq.dll" /reference:"C:\Program Files\dotnet\packs\Microsoft.NETCore.App.Ref\9.0.8\ref\net9.0\System.Xml.ReaderWriter.dll" /reference:"C:\Program Files\dotnet\packs\Microsoft.NETCore.App.Ref\9.0.8\ref\net9.0\System.Xml.Serialization.dll" /reference:"C:\Program Files\dotnet\packs\Microsoft.NETCore.App.Ref\9.0.8\ref\net9.0\System.Xml.XDocument.dll" /reference:"C:\Program Files\dotnet\packs\Microsoft.NETCore.App.Ref\9.0.8\ref\net9.0\System.Xml.XmlDocument.dll" /reference:"C:\Program Files\dotnet\packs\Microsoft.NETCore.App.Ref\9.0.8\ref\net9.0\System.Xml.XmlSerializer.dll" /reference:"C:\Program Files\dotnet\packs\Microsoft.NETCore.App.Ref\9.0.8\ref\net9.0\System.Xml.XPath.dll" /reference:"C:\Program Files\dotnet\packs\Microsoft.NETCore.App.Ref\9.0.8\ref\net9.0\System.Xml.XPath.XDocument.dll" /reference:"C:\Program Files\dotnet\packs\Microsoft.WindowsDesktop.App.Ref\9.0.8\ref\net9.0\UIAutomationClient.dll" /reference:"C:\Program Files\dotnet\packs\Microsoft.WindowsDesktop.App.Ref\9.0.8\ref\net9.0\UIAutomationClientSideProviders.dll" /reference:"C:\Program Files\dotnet\packs\Microsoft.WindowsDesktop.App.Ref\9.0.8\ref\net9.0\UIAutomationProvider.dll" /reference:"C:\Program Files\dotnet\packs\Microsoft.WindowsDesktop.App.Ref\9.0.8\ref\net9.0\UIAutomationTypes.dll" /reference:"C:\Program Files\dotnet\packs\Microsoft.WindowsDesktop.App.Ref\9.0.8\ref\net9.0\WindowsBase.dll" /reference:"C:\Program Files\dotnet\packs\Microsoft.WindowsDesktop.App.Ref\9.0.8\ref\net9.0\WindowsFormsIntegration.dll" /debug+ /debug:portable /filealign:512 /optimize- /out:obj\Debug\net9.0-windows\win-x64\L2Updater.dll /refout:obj\Debug\net9.0-windows\win-x64\refint\L2Updater.dll /resource:obj\Debug\net9.0-windows\win-x64\L2Updater.g.resources /resource:obj\Debug\net9.0-windows\win-x64\Updater.Properties.Resources.resources /target:winexe /warnaserror- /utf8output /win32icon:l2.ico /win32manifest:app.manifest /deterministic+ /sourcelink:obj\Debug\net9.0-windows\win-x64\L2Updater.sourcelink.json /langversion:latest /embed:"D:\PROJETOS\LAUNCHER C#\launcher\obj\Debug\net9.0-windows\win-x64\Updater\MainWindow.g.cs" /embed:"D:\PROJETOS\LAUNCHER C#\launcher\obj\Debug\net9.0-windows\win-x64\Updater\NotificationWindow.g.cs" /embed:"D:\PROJETOS\LAUNCHER C#\launcher\obj\Debug\net9.0-windows\win-x64\App.g.cs" /embed:"D:\PROJETOS\LAUNCHER C#\launcher\obj\Debug\net9.0-windows\win-x64\L2Updater_Content.g.cs" /embed:"obj\Debug\net9.0-windows\win-x64\.NETCoreApp,Version=v9.0.AssemblyAttributes.cs" /analyzerconfig:obj\Debug\net9.0-windows\win-x64\L2Updater.GeneratedMSBuildEditorConfig.editorconfig /analyzerconfig:"C:\Program Files\dotnet\sdk\9.0.304\Sdks\Microsoft.NET.Sdk\analyzers\build\config\analysislevel_9_default.globalconfig" /analyzer:"C:\Program Files\dotnet\sdk\9.0.304\Sdks\Microsoft.NET.Sdk\targets\..\analyzers\Microsoft.CodeAnalysis.CSharp.NetAnalyzers.dll" /analyzer:"C:\Program Files\dotnet\sdk\9.0.304\Sdks\Microsoft.NET.Sdk\targets\..\analyzers\Microsoft.CodeAnalysis.NetAnalyzers.dll" /analyzer:C:\Users\danie\.nuget\packages\communitytoolkit.mvvm\8.2.2\analyzers\dotnet\roslyn4.3\cs\CommunityToolkit.Mvvm.CodeFixers.dll /analyzer:C:\Users\danie\.nuget\packages\communitytoolkit.mvvm\8.2.2\analyzers\dotnet\roslyn4.3\cs\CommunityToolkit.Mvvm.SourceGenerators.dll /analyzer:C:\Users\danie\.nuget\packages\microsoft.extensions.logging.abstractions\9.0.0\analyzers\dotnet\roslyn4.4\cs\Microsoft.Extensions.Logging.Generators.dll /analyzer:C:\Users\danie\.nuget\packages\microsoft.extensions.options\9.0.0\analyzers\dotnet\roslyn4.4\cs\Microsoft.Extensions.Options.SourceGeneration.dll /analyzer:C:\Users\danie\.nuget\packages\microsoft.net.illink.tasks\9.0.8\analyzers\dotnet\cs\ILLink.CodeFixProvider.dll /analyzer:C:\Users\danie\.nuget\packages\microsoft.net.illink.tasks\9.0.8\analyzers\dotnet\cs\ILLink.RoslynAnalyzer.dll /analyzer:"C:\Program Files\dotnet\packs\Microsoft.NETCore.App.Ref\9.0.8\analyzers/dotnet/cs/Microsoft.Interop.ComInterfaceGenerator.dll" /analyzer:"C:\Program Files\dotnet\packs\Microsoft.NETCore.App.Ref\9.0.8\analyzers/dotnet/cs/Microsoft.Interop.JavaScript.JSImportGenerator.dll" /analyzer:"C:\Program Files\dotnet\packs\Microsoft.NETCore.App.Ref\9.0.8\analyzers/dotnet/cs/Microsoft.Interop.LibraryImportGenerator.dll" /analyzer:"C:\Program Files\dotnet\packs\Microsoft.NETCore.App.Ref\9.0.8\analyzers/dotnet/cs/Microsoft.Interop.SourceGeneration.dll" /analyzer:"C:\Program Files\dotnet\packs\Microsoft.NETCore.App.Ref\9.0.8\analyzers/dotnet/cs/System.Text.Json.SourceGeneration.dll" /analyzer:"C:\Program Files\dotnet\packs\Microsoft.NETCore.App.Ref\9.0.8\analyzers/dotnet/cs/System.Text.RegularExpressions.Generator.dll" /analyzer:"C:\Program Files\dotnet\packs\Microsoft.WindowsDesktop.App.Ref\9.0.8\analyzers/dotnet/System.Windows.Forms.Analyzers.dll" /analyzer:"C:\Program Files\dotnet\packs\Microsoft.WindowsDesktop.App.Ref\9.0.8\analyzers/dotnet/cs/System.Windows.Forms.Analyzers.CSharp.dll" /analyzer:"C:\Program Files\dotnet\packs\Microsoft.WindowsDesktop.App.Ref\9.0.8\analyzers/dotnet/cs/System.Windows.Forms.Analyzers.CodeFixes.CSharp.dll" /additionalfile:app.manifest App.xaml.cs Updater\Annotations\AspChildControlTypeAttribute.cs Updater\Annotations\AspDataFieldAttribute.cs Updater\Annotations\AspDataFieldsAttribute.cs Updater\Annotations\AspMethodPropertyAttribute.cs Updater\Annotations\AspMvcActionAttribute.cs Updater\Annotations\AspMvcActionSelectorAttribute.cs Updater\Annotations\AspMvcAreaAttribute.cs Updater\Annotations\AspMvcAreaMasterLocationFormatAttribute.cs Updater\Annotations\AspMvcAreaPartialViewLocationFormatAttribute.cs Updater\Annotations\AspMvcAreaViewLocationFormatAttribute.cs Updater\Annotations\AspMvcControllerAttribute.cs Updater\Annotations\AspMvcDisplayTemplateAttribute.cs Updater\Annotations\AspMvcEditorTemplateAttribute.cs Updater\Annotations\AspMvcMasterAttribute.cs Updater\Annotations\AspMvcMasterLocationFormatAttribute.cs Updater\Annotations\AspMvcModelTypeAttribute.cs Updater\Annotations\AspMvcPartialViewAttribute.cs Updater\Annotations\AspMvcPartialViewLocationFormatAttribute.cs Updater\Annotations\AspMvcSuppressViewErrorAttribute.cs Updater\Annotations\AspMvcTemplateAttribute.cs Updater\Annotations\AspMvcViewAttribute.cs Updater\Annotations\AspMvcViewComponentAttribute.cs Updater\Annotations\AspMvcViewComponentViewAttribute.cs Updater\Annotations\AspMvcViewLocationFormatAttribute.cs Updater\Annotations\AspRequiredAttributeAttribute.cs Updater\Annotations\AspTypePropertyAttribute.cs Updater\Annotations\AssertionConditionAttribute.cs Updater\Annotations\AssertionConditionType.cs Updater\Annotations\AssertionMethodAttribute.cs Updater\Annotations\BaseTypeRequiredAttribute.cs Updater\Annotations\CanBeNullAttribute.cs Updater\Annotations\CannotApplyEqualityOperatorAttribute.cs Updater\Annotations\CollectionAccessAttribute.cs Updater\Annotations\CollectionAccessType.cs Updater\Annotations\ContractAnnotationAttribute.cs Updater\Annotations\HtmlAttributeValueAttribute.cs Updater\Annotations\HtmlElementAttributesAttribute.cs Updater\Annotations\ImplicitUseKindFlags.cs Updater\Annotations\ImplicitUseTargetFlags.cs Updater\Annotations\InstantHandleAttribute.cs Updater\Annotations\InvokerParameterNameAttribute.cs Updater\Annotations\ItemCanBeNullAttribute.cs Updater\Annotations\ItemNotNullAttribute.cs Updater\Annotations\LinqTunnelAttribute.cs Updater\Annotations\LocalizationRequiredAttribute.cs Updater\Annotations\MacroAttribute.cs Updater\Annotations\MeansImplicitUseAttribute.cs Updater\Annotations\MustUseReturnValueAttribute.cs Updater\Annotations\NoEnumerationAttribute.cs Updater\Annotations\NoReorderAttribute.cs Updater\Annotations\NotifyPropertyChangedInvocatorAttribute.cs Updater\Annotations\NotNullAttribute.cs Updater\Annotations\PathReferenceAttribute.cs Updater\Annotations\ProvidesContextAttribute.cs Updater\Annotations\PublicAPIAttribute.cs Updater\Annotations\PureAttribute.cs Updater\Annotations\RazorDirectiveAttribute.cs Updater\Annotations\RazorHelperCommonAttribute.cs Updater\Annotations\RazorImportNamespaceAttribute.cs Updater\Annotations\RazorInjectionAttribute.cs Updater\Annotations\RazorLayoutAttribute.cs Updater\Annotations\RazorPageBaseTypeAttribute.cs Updater\Annotations\RazorSectionAttribute.cs Updater\Annotations\RazorWriteLiteralMethodAttribute.cs Updater\Annotations\RazorWriteMethodAttribute.cs Updater\Annotations\RazorWriteMethodParameterAttribute.cs Updater\Annotations\RegexPatternAttribute.cs Updater\Annotations\SourceTemplateAttribute.cs Updater\Annotations\StringFormatMethodAttribute.cs Updater\Annotations\TerminatesProgramAttribute.cs Updater\Annotations\UsedImplicitlyAttribute.cs Updater\Annotations\ValueProviderAttribute.cs Updater\Annotations\XamlItemBindingOfItemsControlAttribute.cs Updater\Annotations\XamlItemsControlAttribute.cs Updater\DataContractModels\FileModel.cs Updater\DataContractModels\FileUpdateModel.cs Updater\DataContractModels\FolderModel.cs Updater\DataContractModels\UpdateConfig.cs Updater\DataContractModels\UpdateInfoModel.cs Updater\HashCalc\Crc32.cs Updater\Localization\LangInfo.cs Updater\Localization\Languages.cs Updater\Localization\LocString.cs Updater\Localization\LocStringTwoParams.cs Updater\MainWindow.xaml.cs Updater\Models\AppSettings.cs Updater\Models\Languages.cs Updater\Models\UpdateTypes.cs Updater\NotificationWindow.xaml.cs Updater\Properties\AssemblyInfo.cs Updater\Properties\Resources.cs Updater\Properties\Settings.cs Updater\Services\ISecurityService.cs Updater\Services\IUpdateService.cs Updater\Services\SecurityService.cs Updater\Services\UpdateService.cs Updater\UtillsClasses\DownloadUtills.cs Updater\UtillsClasses\FolderUtills.cs Updater\UtillsClasses\InverseBooleanConverter.cs Updater\UtillsClasses\RelayCommand.cs Updater\UtillsClasses\UpdateUtills.cs Updater\UtillsClasses\ViewModelBase.cs Updater\ViewModels\MainViewModel.cs Updater\HashZip\HashCalc\Crc32.cs Updater\HashZip\ZIPLib\Adler.cs Updater\HashZip\ZIPLib\BlockState.cs Updater\HashZip\ZIPLib\CompressionLevel.cs Updater\HashZip\ZIPLib\CompressionMode.cs Updater\HashZip\ZIPLib\CompressionStrategy.cs Updater\HashZip\ZIPLib\CRC32.cs Updater\HashZip\ZIPLib\CrcCalculatorStream.cs Updater\HashZip\ZIPLib\DeflateFlavor.cs Updater\HashZip\ZIPLib\DeflateManager.cs Updater\HashZip\ZIPLib\DeflateStream.cs Updater\HashZip\ZIPLib\FlushType.cs Updater\HashZip\ZIPLib\GZipStream.cs Updater\HashZip\ZIPLib\InflateBlocks.cs Updater\HashZip\ZIPLib\InflateCodes.cs Updater\HashZip\ZIPLib\InflateManager.cs Updater\HashZip\ZIPLib\InfTree.cs Updater\HashZip\ZIPLib\SharedUtils.cs Updater\HashZip\ZIPLib\StaticTree.cs Updater\HashZip\ZIPLib\Tree.cs Updater\HashZip\ZIPLib\Zip\AddOrUpdateAction.cs Updater\HashZip\ZIPLib\Zip\AddProgressEventArgs.cs Updater\HashZip\ZIPLib\Zip\AttributesCriterion.cs Updater\HashZip\ZIPLib\Zip\BadCrcException.cs Updater\HashZip\ZIPLib\Zip\BadPasswordException.cs Updater\HashZip\ZIPLib\Zip\BadReadException.cs Updater\HashZip\ZIPLib\Zip\BadStateException.cs Updater\HashZip\ZIPLib\Zip\ComparisonOperator.cs Updater\HashZip\ZIPLib\Zip\CompoundCriterion.cs Updater\HashZip\ZIPLib\Zip\CountingStream.cs Updater\HashZip\ZIPLib\Zip\CryptoMode.cs Updater\HashZip\ZIPLib\Zip\EncryptionAlgorithm.cs Updater\HashZip\ZIPLib\Zip\EnumUtil.cs Updater\HashZip\ZIPLib\Zip\ExtractExistingFileAction.cs Updater\HashZip\ZIPLib\Zip\ExtractProgressEventArgs.cs Updater\HashZip\ZIPLib\Zip\FileSelector.cs Updater\HashZip\ZIPLib\Zip\LogicalConjunction.cs Updater\HashZip\ZIPLib\Zip\NameCriterion.cs Updater\HashZip\ZIPLib\Zip\ReadProgressEventArgs.cs Updater\HashZip\ZIPLib\Zip\ReReadApprovalCallback.cs Updater\HashZip\ZIPLib\Zip\SaveProgressEventArgs.cs Updater\HashZip\ZIPLib\Zip\SelectionCriterion.cs Updater\HashZip\ZIPLib\Zip\SelfExtractorFlavor.cs Updater\HashZip\ZIPLib\Zip\SfxGenerationException.cs Updater\HashZip\ZIPLib\Zip\SharedUtilities.cs Updater\HashZip\ZIPLib\Zip\SizeCriterion.cs Updater\HashZip\ZIPLib\Zip\TimeCriterion.cs Updater\HashZip\ZIPLib\Zip\WantCompressionCallback.cs Updater\HashZip\ZIPLib\Zip\WhichTime.cs Updater\HashZip\ZIPLib\Zip\Zip64Option.cs Updater\HashZip\ZIPLib\Zip\ZipCipherStream.cs Updater\HashZip\ZIPLib\Zip\ZipConstants.cs Updater\HashZip\ZIPLib\Zip\ZipCrypto.cs Updater\HashZip\ZIPLib\Zip\ZipEntry.cs Updater\HashZip\ZIPLib\Zip\ZipEntrySource.cs Updater\HashZip\ZIPLib\Zip\ZipEntryTimestamp.cs Updater\HashZip\ZIPLib\Zip\ZipErrorAction.cs Updater\HashZip\ZIPLib\Zip\ZipErrorEventArgs.cs Updater\HashZip\ZIPLib\Zip\ZipException.cs Updater\HashZip\ZIPLib\Zip\ZipFile.cs Updater\HashZip\ZIPLib\Zip\ZipProgressEventArgs.cs Updater\HashZip\ZIPLib\Zip\ZipProgressEventType.cs Updater\HashZip\ZIPLib\ZlibBaseStream.cs Updater\HashZip\ZIPLib\ZlibCodec.cs Updater\HashZip\ZIPLib\ZlibConstants.cs Updater\HashZip\ZIPLib\ZlibException.cs Updater\HashZip\ZIPLib\ZlibStream.cs Updater\HashZip\ZIPLib\ZlibStreamFlavor.cs "D:\PROJETOS\LAUNCHER C#\launcher\obj\Debug\net9.0-windows\win-x64\Updater\MainWindow.g.cs" "D:\PROJETOS\LAUNCHER C#\launcher\obj\Debug\net9.0-windows\win-x64\Updater\NotificationWindow.g.cs" "D:\PROJETOS\LAUNCHER C#\launcher\obj\Debug\net9.0-windows\win-x64\App.g.cs" "D:\PROJETOS\LAUNCHER C#\launcher\obj\Debug\net9.0-windows\win-x64\L2Updater_Content.g.cs" "obj\Debug\net9.0-windows\win-x64\.NETCoreApp,Version=v9.0.AssemblyAttributes.cs" /warnaserror+:NU1605,SYSLIB0011
         Compilador do Microsoft (R) Visual C# vers├úo 4.14.0-3.25359.3 (6dbcfd2f)
         Copyright (C) Microsoft Corporation. Todos os direitos reservados.
   2:6>D:\PROJETOS\LAUNCHER C#\launcher\Updater\UtillsClasses\DownloadUtills.cs(32,52): warning SYSLIB0014: "WebRequest.Create(string)" ├® obsoleto: "WebRequest, HttpWebRequest, ServicePoint, and WebClient are obsolete. Use HttpClient instead." (https://aka.ms/dotnet-warnings/SYSLIB0014) [D:\PROJETOS\LAUNCHER C#\launcher\L2Updater.csproj]
   2:6>D:\PROJETOS\LAUNCHER C#\launcher\Updater\HashZip\ZIPLib\DeflateManager.cs(247,12): warning CS8618: O campo n├úo anul├ível 'DeflateFunction' precisa conter um valor n├úo nulo ao sair do construtor. Considere adicionar o modificador "obrigat├│rio" ou declarar o campo como anul├ível. [D:\PROJETOS\LAUNCHER C#\launcher\L2Updater.csproj]
   2:6>D:\PROJETOS\LAUNCHER C#\launcher\Updater\HashZip\ZIPLib\DeflateManager.cs(247,12): warning CS8618: O campo n├úo anul├ível '_codec' precisa conter um valor n├úo nulo ao sair do construtor. Considere adicionar o modificador "obrigat├│rio" ou declarar o campo como anul├ível. [D:\PROJETOS\LAUNCHER C#\launcher\L2Updater.csproj]
   2:6>D:\PROJETOS\LAUNCHER C#\launcher\Updater\HashZip\ZIPLib\DeflateManager.cs(247,12): warning CS8618: O campo n├úo anul├ível 'pending' precisa conter um valor n├úo nulo ao sair do construtor. Considere adicionar o modificador "obrigat├│rio" ou declarar o campo como anul├ível. [D:\PROJETOS\LAUNCHER C#\launcher\L2Updater.csproj]
   2:6>D:\PROJETOS\LAUNCHER C#\launcher\Updater\HashZip\ZIPLib\DeflateManager.cs(247,12): warning CS8618: O campo n├úo anul├ível 'window' precisa conter um valor n├úo nulo ao sair do construtor. Considere adicionar o modificador "obrigat├│rio" ou declarar o campo como anul├ível. [D:\PROJETOS\LAUNCHER C#\launcher\L2Updater.csproj]
   2:6>D:\PROJETOS\LAUNCHER C#\launcher\Updater\HashZip\ZIPLib\DeflateManager.cs(247,12): warning CS8618: O campo n├úo anul├ível 'prev' precisa conter um valor n├úo nulo ao sair do construtor. Considere adicionar o modificador "obrigat├│rio" ou declarar o campo como anul├ível. [D:\PROJETOS\LAUNCHER C#\launcher\L2Updater.csproj]
   2:6>D:\PROJETOS\LAUNCHER C#\launcher\Updater\HashZip\ZIPLib\DeflateManager.cs(247,12): warning CS8618: O campo n├úo anul├ível 'head' precisa conter um valor n├úo nulo ao sair do construtor. Considere adicionar o modificador "obrigat├│rio" ou declarar o campo como anul├ível. [D:\PROJETOS\LAUNCHER C#\launcher\L2Updater.csproj]
   2:6>D:\PROJETOS\LAUNCHER C#\launcher\Updater\HashZip\ZIPLib\DeflateManager.cs(247,12): warning CS8618: O campo n├úo anul├ível 'config' precisa conter um valor n├úo nulo ao sair do construtor. Considere adicionar o modificador "obrigat├│rio" ou declarar o campo como anul├ível. [D:\PROJETOS\LAUNCHER C#\launcher\L2Updater.csproj]
   2:6>D:\PROJETOS\LAUNCHER C#\launcher\Updater\HashZip\ZIPLib\CRC32.cs(25,34): warning CS8625: N├úo ├® poss├¡vel converter um literal nulo em um tipo de refer├¬ncia n├úo anul├ível. [D:\PROJETOS\LAUNCHER C#\launcher\L2Updater.csproj]
   2:6>D:\PROJETOS\LAUNCHER C#\launcher\Updater\HashZip\ZIPLib\InflateBlocks.cs(121,10): warning CS8625: N├úo ├® poss├¡vel converter um literal nulo em um tipo de refer├¬ncia n├úo anul├ível. [D:\PROJETOS\LAUNCHER C#\launcher\L2Updater.csproj]
   2:6>D:\PROJETOS\LAUNCHER C#\launcher\Updater\HashZip\ZIPLib\InflateBlocks.cs(113,12): warning CS8618: O campo n├úo anul├ível 'blens' precisa conter um valor n├úo nulo ao sair do construtor. Considere adicionar o modificador "obrigat├│rio" ou declarar o campo como anul├ível. [D:\PROJETOS\LAUNCHER C#\launcher\L2Updater.csproj]
   2:6>D:\PROJETOS\LAUNCHER C#\launcher\Updater\HashZip\ZIPLib\InflateBlocks.cs(142,50): warning CS8625: N├úo ├® poss├¡vel converter um literal nulo em um tipo de refer├¬ncia n├úo anul├ível. [D:\PROJETOS\LAUNCHER C#\launcher\L2Updater.csproj]
   2:6>D:\PROJETOS\LAUNCHER C#\launcher\Updater\HashZip\ZIPLib\InflateCodes.cs(76,12): warning CS8618: O campo n├úo anul├ível 'tree' precisa conter um valor n├úo nulo ao sair do construtor. Considere adicionar o modificador "obrigat├│rio" ou declarar o campo como anul├ível. [D:\PROJETOS\LAUNCHER C#\launcher\L2Updater.csproj]
   2:6>D:\PROJETOS\LAUNCHER C#\launcher\Updater\HashZip\ZIPLib\InflateCodes.cs(76,12): warning CS8618: O campo n├úo anul├ível 'ltree' precisa conter um valor n├úo nulo ao sair do construtor. Considere adicionar o modificador "obrigat├│rio" ou declarar o campo como anul├ível. [D:\PROJETOS\LAUNCHER C#\launcher\L2Updater.csproj]
   2:6>D:\PROJETOS\LAUNCHER C#\launcher\Updater\HashZip\ZIPLib\InflateCodes.cs(76,12): warning CS8618: O campo n├úo anul├ível 'dtree' precisa conter um valor n├úo nulo ao sair do construtor. Considere adicionar o modificador "obrigat├│rio" ou declarar o campo como anul├ível. [D:\PROJETOS\LAUNCHER C#\launcher\L2Updater.csproj]
   2:6>D:\PROJETOS\LAUNCHER C#\launcher\Updater\HashZip\ZIPLib\InflateCodes.cs(89,11): warning CS8625: N├úo ├® poss├¡vel converter um literal nulo em um tipo de refer├¬ncia n├úo anul├ível. [D:\PROJETOS\LAUNCHER C#\launcher\L2Updater.csproj]
   2:6>D:\PROJETOS\LAUNCHER C#\launcher\Updater\HashZip\ZIPLib\ZlibCodec.cs(43,10): warning CS8618: O campo n├úo anul├ível 'InputBuffer' precisa conter um valor n├úo nulo ao sair do construtor. Considere adicionar o modificador "obrigat├│rio" ou declarar o campo como anul├ível. [D:\PROJETOS\LAUNCHER C#\launcher\L2Updater.csproj]
   2:6>D:\PROJETOS\LAUNCHER C#\launcher\Updater\HashZip\ZIPLib\ZlibCodec.cs(43,10): warning CS8618: O campo n├úo anul├ível 'OutputBuffer' precisa conter um valor n├úo nulo ao sair do construtor. Considere adicionar o modificador "obrigat├│rio" ou declarar o campo como anul├ível. [D:\PROJETOS\LAUNCHER C#\launcher\L2Updater.csproj]
   2:6>D:\PROJETOS\LAUNCHER C#\launcher\Updater\HashZip\ZIPLib\ZlibCodec.cs(43,10): warning CS8618: O campo n├úo anul├ível 'Message' precisa conter um valor n├úo nulo ao sair do construtor. Considere adicionar o modificador "obrigat├│rio" ou declarar o campo como anul├ível. [D:\PROJETOS\LAUNCHER C#\launcher\L2Updater.csproj]
   2:6>D:\PROJETOS\LAUNCHER C#\launcher\Updater\HashZip\ZIPLib\ZlibCodec.cs(43,10): warning CS8618: O campo n├úo anul├ível 'dstate' precisa conter um valor n├úo nulo ao sair do construtor. Considere adicionar o modificador "obrigat├│rio" ou declarar o campo como anul├ível. [D:\PROJETOS\LAUNCHER C#\launcher\L2Updater.csproj]
   2:6>D:\PROJETOS\LAUNCHER C#\launcher\Updater\HashZip\ZIPLib\ZlibCodec.cs(43,10): warning CS8618: O campo n├úo anul├ível 'istate' precisa conter um valor n├úo nulo ao sair do construtor. Considere adicionar o modificador "obrigat├│rio" ou declarar o campo como anul├ível. [D:\PROJETOS\LAUNCHER C#\launcher\L2Updater.csproj]
   2:6>D:\PROJETOS\LAUNCHER C#\launcher\Updater\HashZip\ZIPLib\InflateManager.cs(75,10): warning CS8618: O campo n├úo anul├ível '_codec' precisa conter um valor n├úo nulo ao sair do construtor. Considere adicionar o modificador "obrigat├│rio" ou declarar o campo como anul├ível. [D:\PROJETOS\LAUNCHER C#\launcher\L2Updater.csproj]
   2:6>D:\PROJETOS\LAUNCHER C#\launcher\Updater\HashZip\ZIPLib\InflateManager.cs(75,10): warning CS8618: O campo n├úo anul├ível 'blocks' precisa conter um valor n├úo nulo ao sair do construtor. Considere adicionar o modificador "obrigat├│rio" ou declarar o campo como anul├ível. [D:\PROJETOS\LAUNCHER C#\launcher\L2Updater.csproj]
   2:6>D:\PROJETOS\LAUNCHER C#\launcher\Updater\HashZip\ZIPLib\ZlibCodec.cs(47,10): warning CS8618: O campo n├úo anul├ível 'InputBuffer' precisa conter um valor n├úo nulo ao sair do construtor. Considere adicionar o modificador "obrigat├│rio" ou declarar o campo como anul├ível. [D:\PROJETOS\LAUNCHER C#\launcher\L2Updater.csproj]
   2:6>D:\PROJETOS\LAUNCHER C#\launcher\Updater\HashZip\ZIPLib\ZlibCodec.cs(47,10): warning CS8618: O campo n├úo anul├ível 'OutputBuffer' precisa conter um valor n├úo nulo ao sair do construtor. Considere adicionar o modificador "obrigat├│rio" ou declarar o campo como anul├ível. [D:\PROJETOS\LAUNCHER C#\launcher\L2Updater.csproj]
   2:6>D:\PROJETOS\LAUNCHER C#\launcher\Updater\HashZip\ZIPLib\ZlibCodec.cs(47,10): warning CS8618: O campo n├úo anul├ível 'Message' precisa conter um valor n├úo nulo ao sair do construtor. Considere adicionar o modificador "obrigat├│rio" ou declarar o campo como anul├ível. [D:\PROJETOS\LAUNCHER C#\launcher\L2Updater.csproj]
   2:6>D:\PROJETOS\LAUNCHER C#\launcher\Updater\HashZip\ZIPLib\ZlibCodec.cs(47,10): warning CS8618: O campo n├úo anul├ível 'dstate' precisa conter um valor n├úo nulo ao sair do construtor. Considere adicionar o modificador "obrigat├│rio" ou declarar o campo como anul├ível. [D:\PROJETOS\LAUNCHER C#\launcher\L2Updater.csproj]
   2:6>D:\PROJETOS\LAUNCHER C#\launcher\Updater\HashZip\ZIPLib\ZlibCodec.cs(47,10): warning CS8618: O campo n├úo anul├ível 'istate' precisa conter um valor n├úo nulo ao sair do construtor. Considere adicionar o modificador "obrigat├│rio" ou declarar o campo como anul├ível. [D:\PROJETOS\LAUNCHER C#\launcher\L2Updater.csproj]
   2:6>D:\PROJETOS\LAUNCHER C#\launcher\Updater\HashZip\ZIPLib\InflateManager.cs(79,10): warning CS8618: O campo n├úo anul├ível '_codec' precisa conter um valor n├úo nulo ao sair do construtor. Considere adicionar o modificador "obrigat├│rio" ou declarar o campo como anul├ível. [D:\PROJETOS\LAUNCHER C#\launcher\L2Updater.csproj]
   2:6>D:\PROJETOS\LAUNCHER C#\launcher\Updater\HashZip\ZIPLib\InflateManager.cs(79,10): warning CS8618: O campo n├úo anul├ível 'blocks' precisa conter um valor n├úo nulo ao sair do construtor. Considere adicionar o modificador "obrigat├│rio" ou declarar o campo como anul├ível. [D:\PROJETOS\LAUNCHER C#\launcher\L2Updater.csproj]
   2:6>D:\PROJETOS\LAUNCHER C#\launcher\Updater\HashZip\ZIPLib\InflateManager.cs(87,21): warning CS8625: N├úo ├® poss├¡vel converter um literal nulo em um tipo de refer├¬ncia n├úo anul├ível. [D:\PROJETOS\LAUNCHER C#\launcher\L2Updater.csproj]
   2:6>D:\PROJETOS\LAUNCHER C#\launcher\Updater\HashZip\ZIPLib\InflateManager.cs(89,17): warning CS8625: N├úo ├® poss├¡vel converter um literal nulo em um tipo de refer├¬ncia n├úo anul├ível. [D:\PROJETOS\LAUNCHER C#\launcher\L2Updater.csproj]
   2:6>D:\PROJETOS\LAUNCHER C#\launcher\Updater\HashZip\ZIPLib\InflateManager.cs(99,13): warning CS8625: N├úo ├® poss├¡vel converter um literal nulo em um tipo de refer├¬ncia n├úo anul├ível. [D:\PROJETOS\LAUNCHER C#\launcher\L2Updater.csproj]
   2:6>D:\PROJETOS\LAUNCHER C#\launcher\Updater\HashZip\ZIPLib\InflateManager.cs(106,21): warning CS8625: N├úo ├® poss├¡vel converter um literal nulo em um tipo de refer├¬ncia n├úo anul├ível. [D:\PROJETOS\LAUNCHER C#\launcher\L2Updater.csproj]
   2:6>D:\PROJETOS\LAUNCHER C#\launcher\Updater\HashZip\ZIPLib\InflateManager.cs(107,13): warning CS8625: N├úo ├® poss├¡vel converter um literal nulo em um tipo de refer├¬ncia n├úo anul├ível. [D:\PROJETOS\LAUNCHER C#\launcher\L2Updater.csproj]
   2:6>D:\PROJETOS\LAUNCHER C#\launcher\Updater\HashZip\ZIPLib\InflateManager.cs(114,38): warning CS8604: Poss├¡vel argumento de refer├¬ncia nula para o par├ómetro 'checkfn' em 'InflateBlocks.InflateBlocks(ZlibCodec codec, object checkfn, int w)'. [D:\PROJETOS\LAUNCHER C#\launcher\L2Updater.csproj]
   2:6>D:\PROJETOS\LAUNCHER C#\launcher\Updater\HashZip\ZIPLib\ZlibCodec.cs(111,13): warning CS8625: N├úo ├® poss├¡vel converter um literal nulo em um tipo de refer├¬ncia n├úo anul├ível. [D:\PROJETOS\LAUNCHER C#\launcher\L2Updater.csproj]
   2:6>D:\PROJETOS\LAUNCHER C#\launcher\Updater\HashZip\ZIPLib\Zip\ZipProgressEventArgs.cs(105,12): warning CS8618: O campo n├úo anul├ível '_latestEntry' precisa conter um valor n├úo nulo ao sair do construtor. Considere adicionar o modificador "obrigat├│rio" ou declarar o campo como anul├ível. [D:\PROJETOS\LAUNCHER C#\launcher\L2Updater.csproj]
   2:6>D:\PROJETOS\LAUNCHER C#\launcher\Updater\HashZip\ZIPLib\Zip\ZipProgressEventArgs.cs(105,12): warning CS8618: O campo n├úo anul├ível '_archiveName' precisa conter um valor n├úo nulo ao sair do construtor. Considere adicionar o modificador "obrigat├│rio" ou declarar o campo como anul├ível. [D:\PROJETOS\LAUNCHER C#\launcher\L2Updater.csproj]
   2:6>D:\PROJETOS\LAUNCHER C#\launcher\Updater\HashZip\ZIPLib\GZipStream.cs(191,10): warning CS8618: O campo n├úo anul├ível '_FileName' precisa conter um valor n├úo nulo ao sair do construtor. Considere adicionar o modificador "obrigat├│rio" ou declarar o campo como anul├ível. [D:\PROJETOS\LAUNCHER C#\launcher\L2Updater.csproj]
   2:6>D:\PROJETOS\LAUNCHER C#\launcher\Updater\HashZip\ZIPLib\GZipStream.cs(191,10): warning CS8618: O campo n├úo anul├ível '_Comment' precisa conter um valor n├úo nulo ao sair do construtor. Considere adicionar o modificador "obrigat├│rio" ou declarar o campo como anul├ível. [D:\PROJETOS\LAUNCHER C#\launcher\L2Updater.csproj]
   2:6>D:\PROJETOS\LAUNCHER C#\launcher\Updater\HashZip\ZIPLib\Zip\ZipProgressEventArgs.cs(109,12): warning CS8618: O campo n├úo anul├ível '_latestEntry' precisa conter um valor n├úo nulo ao sair do construtor. Considere adicionar o modificador "obrigat├│rio" ou declarar o campo como anul├ível. [D:\PROJETOS\LAUNCHER C#\launcher\L2Updater.csproj]
   2:6>D:\PROJETOS\LAUNCHER C#\launcher\Updater\HashZip\ZIPLib\StaticTree.cs(695,36): warning CS8625: N├úo ├® poss├¡vel converter um literal nulo em um tipo de refer├¬ncia n├úo anul├ível. [D:\PROJETOS\LAUNCHER C#\launcher\L2Updater.csproj]
   2:6>D:\PROJETOS\LAUNCHER C#\launcher\Updater\HashZip\ZIPLib\ZlibCodec.cs(182,13): warning CS8625: N├úo ├® poss├¡vel converter um literal nulo em um tipo de refer├¬ncia n├úo anul├ível. [D:\PROJETOS\LAUNCHER C#\launcher\L2Updater.csproj]
   2:6>D:\PROJETOS\LAUNCHER C#\launcher\Updater\HashZip\ZIPLib\InfTree.cs(1992,39): warning CS8625: N├úo ├® poss├¡vel converter um literal nulo em um tipo de refer├¬ncia n├úo anul├ível. [D:\PROJETOS\LAUNCHER C#\launcher\L2Updater.csproj]
   2:6>D:\PROJETOS\LAUNCHER C#\launcher\Updater\HashZip\ZIPLib\InfTree.cs(1992,45): warning CS8625: N├úo ├® poss├¡vel converter um literal nulo em um tipo de refer├¬ncia n├úo anul├ível. [D:\PROJETOS\LAUNCHER C#\launcher\L2Updater.csproj]
   2:6>D:\PROJETOS\LAUNCHER C#\launcher\Updater\HashZip\ZIPLib\Zip\EnumUtil.cs(15,22): warning CS8600: Convers├úo de literal nula ou poss├¡vel valor nulo em tipo n├úo anul├ível. [D:\PROJETOS\LAUNCHER C#\launcher\L2Updater.csproj]
   2:6>D:\PROJETOS\LAUNCHER C#\launcher\Updater\HashZip\ZIPLib\Zip\EnumUtil.cs(16,59): warning CS8602: Desrefer├¬ncia de uma refer├¬ncia possivelmente nula. [D:\PROJETOS\LAUNCHER C#\launcher\L2Updater.csproj]
   2:6>D:\PROJETOS\LAUNCHER C#\launcher\Updater\HashZip\ZIPLib\InfTree.cs(1811,23): warning CS8625: N├úo ├® poss├¡vel converter um literal nulo em um tipo de refer├¬ncia n├úo anul├ível. [D:\PROJETOS\LAUNCHER C#\launcher\L2Updater.csproj]
   2:6>D:\PROJETOS\LAUNCHER C#\launcher\Updater\HashZip\ZIPLib\InfTree.cs(1813,22): warning CS8625: N├úo ├® poss├¡vel converter um literal nulo em um tipo de refer├¬ncia n├úo anul├ível. [D:\PROJETOS\LAUNCHER C#\launcher\L2Updater.csproj]
   2:6>D:\PROJETOS\LAUNCHER C#\launcher\Updater\HashZip\ZIPLib\InfTree.cs(1815,22): warning CS8625: N├úo ├® poss├¡vel converter um literal nulo em um tipo de refer├¬ncia n├úo anul├ível. [D:\PROJETOS\LAUNCHER C#\launcher\L2Updater.csproj]
   2:6>D:\PROJETOS\LAUNCHER C#\launcher\Updater\HashZip\ZIPLib\InfTree.cs(1817,22): warning CS8625: N├úo ├® poss├¡vel converter um literal nulo em um tipo de refer├¬ncia n├úo anul├ível. [D:\PROJETOS\LAUNCHER C#\launcher\L2Updater.csproj]
   2:6>D:\PROJETOS\LAUNCHER C#\launcher\Updater\HashZip\ZIPLib\InfTree.cs(1819,22): warning CS8625: N├úo ├® poss├¡vel converter um literal nulo em um tipo de refer├¬ncia n├úo anul├ível. [D:\PROJETOS\LAUNCHER C#\launcher\L2Updater.csproj]
   2:6>D:\PROJETOS\LAUNCHER C#\launcher\Updater\HashZip\ZIPLib\InfTree.cs(1821,22): warning CS8625: N├úo ├® poss├¡vel converter um literal nulo em um tipo de refer├¬ncia n├úo anul├ível. [D:\PROJETOS\LAUNCHER C#\launcher\L2Updater.csproj]
   2:6>D:\PROJETOS\LAUNCHER C#\launcher\Updater\HashZip\ZIPLib\Zip\ExtractProgressEventArgs.cs(22,12): warning CS8618: O campo n├úo anul├ível '_target' precisa conter um valor n├úo nulo ao sair do construtor. Considere adicionar o modificador "obrigat├│rio" ou declarar o campo como anul├ível. [D:\PROJETOS\LAUNCHER C#\launcher\L2Updater.csproj]
   2:6>D:\PROJETOS\LAUNCHER C#\launcher\Updater\HashZip\ZIPLib\Zip\ExtractProgressEventArgs.cs(27,12): warning CS8618: O campo n├úo anul├ível '_target' precisa conter um valor n├úo nulo ao sair do construtor. Considere adicionar o modificador "obrigat├│rio" ou declarar o campo como anul├ível. [D:\PROJETOS\LAUNCHER C#\launcher\L2Updater.csproj]
   2:6>D:\PROJETOS\LAUNCHER C#\launcher\Updater\HashZip\ZIPLib\Tree.cs(991,20): warning CS8618: O campo n├úo anul├ível 'dyn_tree' precisa conter um valor n├úo nulo ao sair do construtor. Considere adicionar o modificador "obrigat├│rio" ou declarar o campo como anul├ível. [D:\PROJETOS\LAUNCHER C#\launcher\L2Updater.csproj]
   2:6>D:\PROJETOS\LAUNCHER C#\launcher\Updater\HashZip\ZIPLib\Tree.cs(995,23): warning CS8618: O campo n├úo anul├ível 'stat_desc' precisa conter um valor n├úo nulo ao sair do construtor. Considere adicionar o modificador "obrigat├│rio" ou declarar o campo como anul├ível. [D:\PROJETOS\LAUNCHER C#\launcher\L2Updater.csproj]
   2:6>D:\PROJETOS\LAUNCHER C#\launcher\Updater\HashZip\ZIPLib\Zip\CompoundCriterion.cs(10,31): warning CS8618: O campo n├úo anul├ível 'Left' precisa conter um valor n├úo nulo ao sair do construtor. Considere adicionar o modificador "obrigat├│rio" ou declarar o campo como anul├ível. [D:\PROJETOS\LAUNCHER C#\launcher\L2Updater.csproj]
   2:6>D:\PROJETOS\LAUNCHER C#\launcher\Updater\HashZip\ZIPLib\Zip\CompoundCriterion.cs(12,30): warning CS8618: O campo n├úo anul├ível '_Right' precisa conter um valor n├úo nulo ao sair do construtor. Considere adicionar o modificador "obrigat├│rio" ou declarar o campo como anul├ível. [D:\PROJETOS\LAUNCHER C#\launcher\L2Updater.csproj]
   2:6>D:\PROJETOS\LAUNCHER C#\launcher\Updater\HashZip\ZIPLib\Zip\FileSelector.cs(28,13): warning CS8603: Poss├¡vel retorno de refer├¬ncia nula. [D:\PROJETOS\LAUNCHER C#\launcher\L2Updater.csproj]
   2:6>D:\PROJETOS\LAUNCHER C#\launcher\Updater\HashZip\ZIPLib\Zip\FileSelector.cs(30,12): warning CS8603: Poss├¡vel retorno de refer├¬ncia nula. [D:\PROJETOS\LAUNCHER C#\launcher\L2Updater.csproj]
   2:6>D:\PROJETOS\LAUNCHER C#\launcher\Updater\HashZip\ZIPLib\Zip\NameCriterion.cs(9,17): warning CS8618: O campo n├úo anul├ível '_re' precisa conter um valor n├úo nulo ao sair do construtor. Considere adicionar o modificador "obrigat├│rio" ou declarar o campo como anul├ível. [D:\PROJETOS\LAUNCHER C#\launcher\L2Updater.csproj]
   2:6>D:\PROJETOS\LAUNCHER C#\launcher\Updater\HashZip\ZIPLib\Zip\NameCriterion.cs(11,18): warning CS8618: O campo n├úo anul├ível '_regexString' precisa conter um valor n├úo nulo ao sair do construtor. Considere adicionar o modificador "obrigat├│rio" ou declarar o campo como anul├ível. [D:\PROJETOS\LAUNCHER C#\launcher\L2Updater.csproj]
   2:6>D:\PROJETOS\LAUNCHER C#\launcher\Updater\HashZip\ZIPLib\Zip\NameCriterion.cs(15,18): warning CS8618: O campo n├úo anul├ível '_MatchingFileSpec' precisa conter um valor n├úo nulo ao sair do construtor. Considere adicionar o modificador "obrigat├│rio" ou declarar o campo como anul├ível. [D:\PROJETOS\LAUNCHER C#\launcher\L2Updater.csproj]
   2:6>D:\PROJETOS\LAUNCHER C#\launcher\Updater\HashZip\ZIPLib\Zip\FileSelector.cs(36,19): warning CS8625: N├úo ├® poss├¡vel converter um literal nulo em um tipo de refer├¬ncia n├úo anul├ível. [D:\PROJETOS\LAUNCHER C#\launcher\L2Updater.csproj]
   2:6>D:\PROJETOS\LAUNCHER C#\launcher\Updater\HashZip\ZIPLib\Zip\FileSelector.cs(40,19): warning CS8625: N├úo ├® poss├¡vel converter um literal nulo em um tipo de refer├¬ncia n├úo anul├ível. [D:\PROJETOS\LAUNCHER C#\launcher\L2Updater.csproj]
   2:6>D:\PROJETOS\LAUNCHER C#\launcher\Updater\HashZip\ZIPLib\Zip\FileSelector.cs(49,10): warning CS8618: O campo n├úo anul├ível '_Criterion' precisa conter um valor n├úo nulo ao sair do construtor. Considere adicionar o modificador "obrigat├│rio" ou declarar o campo como anul├ível. [D:\PROJETOS\LAUNCHER C#\launcher\L2Updater.csproj]
   2:6>D:\PROJETOS\LAUNCHER C#\launcher\Updater\HashZip\ZIPLib\Zip\AttributesCriterion.cs(100,9): warning CS0219: A vari├ível "flag" ├® atribu├¡da, mas seu valor nunca ├® usado [D:\PROJETOS\LAUNCHER C#\launcher\L2Updater.csproj]
   2:6>D:\PROJETOS\LAUNCHER C#\launcher\Updater\HashZip\ZIPLib\InflateManager.cs(329,40): warning CS8625: N├úo ├® poss├¡vel converter um literal nulo em um tipo de refer├¬ncia n├úo anul├ível. [D:\PROJETOS\LAUNCHER C#\launcher\L2Updater.csproj]
   2:6>D:\PROJETOS\LAUNCHER C#\launcher\Updater\HashZip\ZIPLib\Zip\ZipException.cs(26,4): warning SYSLIB0051: "Exception.Exception(SerializationInfo, StreamingContext)" ├® obsoleto: "This API supports obsolete formatter-based serialization. It should not be called or extended by application code." (https://aka.ms/dotnet-warnings/SYSLIB0051) [D:\PROJETOS\LAUNCHER C#\launcher\L2Updater.csproj]
   2:6>D:\PROJETOS\LAUNCHER C#\launcher\Updater\HashZip\ZIPLib\Zip\ZipFile.cs(24,24): warning CS8618: O campo n├úo anul├ível 'ReferencedAssemblies' precisa conter um valor n├úo nulo ao sair do construtor. Considere adicionar o modificador "obrigat├│rio" ou declarar o campo como anul├ível. [D:\PROJETOS\LAUNCHER C#\launcher\L2Updater.csproj]
   2:6>D:\PROJETOS\LAUNCHER C#\launcher\Updater\HashZip\ZIPLib\Zip\ZipFile.cs(26,24): warning CS8618: O campo n├úo anul├ível 'CopyThroughResources' precisa conter um valor n├úo nulo ao sair do construtor. Considere adicionar o modificador "obrigat├│rio" ou declarar o campo como anul├ível. [D:\PROJETOS\LAUNCHER C#\launcher\L2Updater.csproj]
   2:6>D:\PROJETOS\LAUNCHER C#\launcher\Updater\HashZip\ZIPLib\Zip\ZipFile.cs(28,24): warning CS8618: O campo n├úo anul├ível 'ResourcesToCompile' precisa conter um valor n├úo nulo ao sair do construtor. Considere adicionar o modificador "obrigat├│rio" ou declarar o campo como anul├ível. [D:\PROJETOS\LAUNCHER C#\launcher\L2Updater.csproj]
   2:6>D:\PROJETOS\LAUNCHER C#\launcher\Updater\HashZip\ZIPLib\Zip\ZipFile.cs(293,10): warning CS8629: O tipo de valor de nulidade pode ser nulo. [D:\PROJETOS\LAUNCHER C#\launcher\L2Updater.csproj]
   2:6>D:\PROJETOS\LAUNCHER C#\launcher\Updater\HashZip\ZIPLib\Zip\SizeCriterion.cs(29,9): warning CS0219: A vari├ível "flag" ├® atribu├¡da, mas seu valor nunca ├® usado [D:\PROJETOS\LAUNCHER C#\launcher\L2Updater.csproj]
   2:6>D:\PROJETOS\LAUNCHER C#\launcher\Updater\HashZip\ZIPLib\ZlibBaseStream.cs(16,37): warning CS8625: N├úo ├® poss├¡vel converter um literal nulo em um tipo de refer├¬ncia n├úo anul├ível. [D:\PROJETOS\LAUNCHER C#\launcher\L2Updater.csproj]
   2:6>D:\PROJETOS\LAUNCHER C#\launcher\Updater\HashZip\ZIPLib\ZlibBaseStream.cs(120,10): warning CS8618: O campo n├úo anul├ível '_workingBuffer' precisa conter um valor n├úo nulo ao sair do construtor. Considere adicionar o modificador "obrigat├│rio" ou declarar o campo como anul├ível. [D:\PROJETOS\LAUNCHER C#\launcher\L2Updater.csproj]
   2:6>D:\PROJETOS\LAUNCHER C#\launcher\Updater\HashZip\ZIPLib\ZlibBaseStream.cs(120,10): warning CS8618: O campo n├úo anul├ível 'crc' precisa conter um valor n├úo nulo ao sair do construtor. Considere adicionar o modificador "obrigat├│rio" ou declarar o campo como anul├ível. [D:\PROJETOS\LAUNCHER C#\launcher\L2Updater.csproj]
   2:6>D:\PROJETOS\LAUNCHER C#\launcher\Updater\HashZip\ZIPLib\ZlibBaseStream.cs(120,10): warning CS8618: O campo n├úo anul├ível '_GzipFileName' precisa conter um valor n├úo nulo ao sair do construtor. Considere adicionar o modificador "obrigat├│rio" ou declarar o campo como anul├ível. [D:\PROJETOS\LAUNCHER C#\launcher\L2Updater.csproj]
   2:6>D:\PROJETOS\LAUNCHER C#\launcher\Updater\HashZip\ZIPLib\ZlibBaseStream.cs(120,10): warning CS8618: O campo n├úo anul├ível '_GzipComment' precisa conter um valor n├úo nulo ao sair do construtor. Considere adicionar o modificador "obrigat├│rio" ou declarar o campo como anul├ível. [D:\PROJETOS\LAUNCHER C#\launcher\L2Updater.csproj]
   2:6>D:\PROJETOS\LAUNCHER C#\launcher\Updater\HashZip\ZIPLib\Zip\TimeCriterion.cs(37,9): warning CS0219: A vari├ível "flag" ├® atribu├¡da, mas seu valor nunca ├® usado [D:\PROJETOS\LAUNCHER C#\launcher\L2Updater.csproj]
   2:6>D:\PROJETOS\LAUNCHER C#\launcher\Updater\HashZip\ZIPLib\Zip\ZipErrorEventArgs.cs(13,11): warning CS8618: O campo n├úo anul├ível '_exc' precisa conter um valor n├úo nulo ao sair do construtor. Considere adicionar o modificador "obrigat├│rio" ou declarar o campo como anul├ível. [D:\PROJETOS\LAUNCHER C#\launcher\L2Updater.csproj]
   2:6>D:\PROJETOS\LAUNCHER C#\launcher\Updater\HashZip\ZIPLib\GZipStream.cs(270,19): warning CS8600: Convers├úo de literal nula ou poss├¡vel valor nulo em tipo n├úo anul├ível. [D:\PROJETOS\LAUNCHER C#\launcher\L2Updater.csproj]
   2:6>D:\PROJETOS\LAUNCHER C#\launcher\Updater\HashZip\ZIPLib\GZipStream.cs(271,20): warning CS8600: Convers├úo de literal nula ou poss├¡vel valor nulo em tipo n├úo anul├ível. [D:\PROJETOS\LAUNCHER C#\launcher\L2Updater.csproj]
   2:6>D:\PROJETOS\LAUNCHER C#\launcher\Updater\HashZip\ZIPLib\GZipStream.cs(272,35): warning CS8602: Desrefer├¬ncia de uma refer├¬ncia possivelmente nula. [D:\PROJETOS\LAUNCHER C#\launcher\L2Updater.csproj]
   2:6>D:\PROJETOS\LAUNCHER C#\launcher\Updater\HashZip\ZIPLib\GZipStream.cs(273,37): warning CS8602: Desrefer├¬ncia de uma refer├¬ncia possivelmente nula. [D:\PROJETOS\LAUNCHER C#\launcher\L2Updater.csproj]
   2:6>D:\PROJETOS\LAUNCHER C#\launcher\Updater\HashZip\ZIPLib\GZipStream.cs(301,16): warning CS8604: Poss├¡vel argumento de refer├¬ncia nula para o par├ómetro 'sourceArray' em 'void Array.Copy(Array sourceArray, int sourceIndex, Array destinationArray, int destinationIndex, int length)'. [D:\PROJETOS\LAUNCHER C#\launcher\L2Updater.csproj]
   2:6>D:\PROJETOS\LAUNCHER C#\launcher\Updater\HashZip\ZIPLib\GZipStream.cs(307,16): warning CS8604: Poss├¡vel argumento de refer├¬ncia nula para o par├ómetro 'sourceArray' em 'void Array.Copy(Array sourceArray, int sourceIndex, Array destinationArray, int destinationIndex, int length)'. [D:\PROJETOS\LAUNCHER C#\launcher\L2Updater.csproj]
   2:6>D:\PROJETOS\LAUNCHER C#\launcher\Updater\HashZip\ZIPLib\Zip\ZipFile.cs(413,43): warning CS8603: Poss├¡vel retorno de refer├¬ncia nula. [D:\PROJETOS\LAUNCHER C#\launcher\L2Updater.csproj]
   2:6>D:\PROJETOS\LAUNCHER C#\launcher\Updater\HashZip\ZIPLib\Zip\ZipCipherStream.cs(73,19): warning CS8600: Convers├úo de literal nula ou poss├¡vel valor nulo em tipo n├úo anul├ível. [D:\PROJETOS\LAUNCHER C#\launcher\L2Updater.csproj]
   2:6>D:\PROJETOS\LAUNCHER C#\launcher\Updater\HashZip\ZIPLib\Zip\ZipFile.cs(431,12): warning CS8603: Poss├¡vel retorno de refer├¬ncia nula. [D:\PROJETOS\LAUNCHER C#\launcher\L2Updater.csproj]
   2:6>D:\PROJETOS\LAUNCHER C#\launcher\Updater\HashZip\ZIPLib\Zip\SharedUtilities.cs(150,10): warning CS0219: A vari├ível "flag2" ├® atribu├¡da, mas seu valor nunca ├® usado [D:\PROJETOS\LAUNCHER C#\launcher\L2Updater.csproj]
   2:6>D:\PROJETOS\LAUNCHER C#\launcher\Updater\HashZip\ZIPLib\ZlibBaseStream.cs(265,10): warning CS8625: N├úo ├® poss├¡vel converter um literal nulo em um tipo de refer├¬ncia n├úo anul├ível. [D:\PROJETOS\LAUNCHER C#\launcher\L2Updater.csproj]
   2:6>D:\PROJETOS\LAUNCHER C#\launcher\Updater\HashZip\ZIPLib\ZlibBaseStream.cs(286,15): warning CS8625: N├úo ├® poss├¡vel converter um literal nulo em um tipo de refer├¬ncia n├úo anul├ível. [D:\PROJETOS\LAUNCHER C#\launcher\L2Updater.csproj]
   2:6>D:\PROJETOS\LAUNCHER C#\launcher\Updater\HashZip\ZIPLib\Zip\ZipEntry.cs(242,40): warning CS8625: N├úo ├® poss├¡vel converter um literal nulo em um tipo de refer├¬ncia n├úo anul├ível. [D:\PROJETOS\LAUNCHER C#\launcher\L2Updater.csproj]
   2:6>D:\PROJETOS\LAUNCHER C#\launcher\Updater\HashZip\ZIPLib\Zip\ZipFile.cs(518,12): warning CS8603: Poss├¡vel retorno de refer├¬ncia nula. [D:\PROJETOS\LAUNCHER C#\launcher\L2Updater.csproj]
   2:6>D:\PROJETOS\LAUNCHER C#\launcher\Updater\HashZip\ZIPLib\InflateCodes.cs(503,15): warning CS0219: A vari├ível "flag" ├® atribu├¡da, mas seu valor nunca ├® usado [D:\PROJETOS\LAUNCHER C#\launcher\L2Updater.csproj]
   2:6>D:\PROJETOS\LAUNCHER C#\launcher\Updater\HashZip\ZIPLib\InflateCodes.cs(605,13): warning CS0219: A vari├ível "flag2" ├® atribu├¡da, mas seu valor nunca ├® usado [D:\PROJETOS\LAUNCHER C#\launcher\L2Updater.csproj]
   2:6>D:\PROJETOS\LAUNCHER C#\launcher\Updater\HashZip\ZIPLib\InflateBlocks.cs(408,16): warning CS8625: N├úo ├® poss├¡vel converter um literal nulo em um tipo de refer├¬ncia n├úo anul├ível. [D:\PROJETOS\LAUNCHER C#\launcher\L2Updater.csproj]
   2:6>D:\PROJETOS\LAUNCHER C#\launcher\Updater\HashZip\ZIPLib\InflateBlocks.cs(490,16): warning CS8625: N├úo ├® poss├¡vel converter um literal nulo em um tipo de refer├¬ncia n├úo anul├ível. [D:\PROJETOS\LAUNCHER C#\launcher\L2Updater.csproj]
   2:6>D:\PROJETOS\LAUNCHER C#\launcher\Updater\HashZip\ZIPLib\InflateBlocks.cs(527,16): warning CS8625: N├úo ├® poss├¡vel converter um literal nulo em um tipo de refer├¬ncia n├úo anul├ível. [D:\PROJETOS\LAUNCHER C#\launcher\L2Updater.csproj]
   2:6>D:\PROJETOS\LAUNCHER C#\launcher\Updater\HashZip\ZIPLib\Zip\SharedUtilities.cs(273,18): warning CS8600: Convers├úo de literal nula ou poss├¡vel valor nulo em tipo n├úo anul├ível. [D:\PROJETOS\LAUNCHER C#\launcher\L2Updater.csproj]
   2:6>D:\PROJETOS\LAUNCHER C#\launcher\Updater\HashZip\ZIPLib\InflateBlocks.cs(618,10): warning CS8625: N├úo ├® poss├¡vel converter um literal nulo em um tipo de refer├¬ncia n├úo anul├ível. [D:\PROJETOS\LAUNCHER C#\launcher\L2Updater.csproj]
   2:6>D:\PROJETOS\LAUNCHER C#\launcher\Updater\HashZip\ZIPLib\InflateBlocks.cs(619,13): warning CS8625: N├úo ├® poss├¡vel converter um literal nulo em um tipo de refer├¬ncia n├úo anul├ível. [D:\PROJETOS\LAUNCHER C#\launcher\L2Updater.csproj]
   2:6>D:\PROJETOS\LAUNCHER C#\launcher\Updater\HashZip\ZIPLib\InflateBlocks.cs(620,12): warning CS8625: N├úo ├® poss├¡vel converter um literal nulo em um tipo de refer├¬ncia n├úo anul├ível. [D:\PROJETOS\LAUNCHER C#\launcher\L2Updater.csproj]
   2:6>D:\PROJETOS\LAUNCHER C#\launcher\Updater\HashZip\ZIPLib\Zip\ZipFile.cs(559,30): warning CS8600: Convers├úo de literal nula ou poss├¡vel valor nulo em tipo n├úo anul├ível. [D:\PROJETOS\LAUNCHER C#\launcher\L2Updater.csproj]
   2:6>D:\PROJETOS\LAUNCHER C#\launcher\Updater\HashZip\ZIPLib\Zip\ZipFile.cs(560,41): warning CS8604: Poss├¡vel argumento de refer├¬ncia nula para o par├ómetro 'path1' em 'string Path.Combine(string path1, string path2)'. [D:\PROJETOS\LAUNCHER C#\launcher\L2Updater.csproj]
   2:6>D:\PROJETOS\LAUNCHER C#\launcher\Updater\HashZip\ZIPLib\Zip\ZipFile.cs(564,12): warning CS8603: Poss├¡vel retorno de refer├¬ncia nula. [D:\PROJETOS\LAUNCHER C#\launcher\L2Updater.csproj]
   2:6>D:\PROJETOS\LAUNCHER C#\launcher\Updater\HashZip\ZIPLib\Zip\ZipFile.cs(572,20): warning CS8625: N├úo ├® poss├¡vel converter um literal nulo em um tipo de refer├¬ncia n├úo anul├ível. [D:\PROJETOS\LAUNCHER C#\launcher\L2Updater.csproj]
   2:6>D:\PROJETOS\LAUNCHER C#\launcher\Updater\HashZip\ZIPLib\Zip\SharedUtilities.cs(285,11): warning CS0219: A vari├ível "text" ├® atribu├¡da, mas seu valor nunca ├® usado [D:\PROJETOS\LAUNCHER C#\launcher\L2Updater.csproj]
   2:6>D:\PROJETOS\LAUNCHER C#\launcher\Updater\HashZip\ZIPLib\Zip\ZipFile.cs(612,40): warning CS8625: N├úo ├® poss├¡vel converter um literal nulo em um tipo de refer├¬ncia n├úo anul├ível. [D:\PROJETOS\LAUNCHER C#\launcher\L2Updater.csproj]
   2:6>D:\PROJETOS\LAUNCHER C#\launcher\Updater\HashZip\ZIPLib\Zip\SharedUtilities.cs(317,6): warning SYSLIB0003: "SecurityPermission" ├® obsoleto: "Code Access Security is not supported or honored by the runtime." (https://aka.ms/dotnet-warnings/SYSLIB0003) [D:\PROJETOS\LAUNCHER C#\launcher\L2Updater.csproj]
   2:6>D:\PROJETOS\LAUNCHER C#\launcher\Updater\HashZip\ZIPLib\Zip\SharedUtilities.cs(317,50): warning SYSLIB0003: "SecurityPermission" ├® obsoleto: "Code Access Security is not supported or honored by the runtime." (https://aka.ms/dotnet-warnings/SYSLIB0003) [D:\PROJETOS\LAUNCHER C#\launcher\L2Updater.csproj]
   2:6>D:\PROJETOS\LAUNCHER C#\launcher\Updater\HashZip\ZIPLib\Zip\SharedUtilities.cs(317,69): warning SYSLIB0003: "SecurityPermissionFlag" ├® obsoleto: "Code Access Security is not supported or honored by the runtime." (https://aka.ms/dotnet-warnings/SYSLIB0003) [D:\PROJETOS\LAUNCHER C#\launcher\L2Updater.csproj]
   2:6>D:\PROJETOS\LAUNCHER C#\launcher\Updater\HashZip\ZIPLib\Zip\ZipFile.cs(630,29): warning CS8625: N├úo ├® poss├¡vel converter um literal nulo em um tipo de refer├¬ncia n├úo anul├ível. [D:\PROJETOS\LAUNCHER C#\launcher\L2Updater.csproj]
   2:6>D:\PROJETOS\LAUNCHER C#\launcher\Updater\HashZip\ZIPLib\DeflateManager.cs(1112,21): warning CS8625: N├úo ├® poss├¡vel converter um literal nulo em um tipo de refer├¬ncia n├úo anul├ível. [D:\PROJETOS\LAUNCHER C#\launcher\L2Updater.csproj]
   2:6>D:\PROJETOS\LAUNCHER C#\launcher\Updater\HashZip\ZIPLib\Zip\ZipFile.cs(677,24): warning CS8625: N├úo ├® poss├¡vel converter um literal nulo em um tipo de refer├¬ncia n├úo anul├ível. [D:\PROJETOS\LAUNCHER C#\launcher\L2Updater.csproj]
   2:6>D:\PROJETOS\LAUNCHER C#\launcher\Updater\HashZip\ZIPLib\Zip\ZipFile.cs(682,27): warning CS8625: N├úo ├® poss├¡vel converter um literal nulo em um tipo de refer├¬ncia n├úo anul├ível. [D:\PROJETOS\LAUNCHER C#\launcher\L2Updater.csproj]
   2:6>D:\PROJETOS\LAUNCHER C#\launcher\Updater\HashZip\ZIPLib\DeflateManager.cs(1146,21): warning CS8625: N├úo ├® poss├¡vel converter um literal nulo em um tipo de refer├¬ncia n├úo anul├ível. [D:\PROJETOS\LAUNCHER C#\launcher\L2Updater.csproj]
   2:6>D:\PROJETOS\LAUNCHER C#\launcher\Updater\HashZip\ZIPLib\DeflateManager.cs(1151,40): warning CS8625: N├úo ├® poss├¡vel converter um literal nulo em um tipo de refer├¬ncia n├úo anul├ível. [D:\PROJETOS\LAUNCHER C#\launcher\L2Updater.csproj]
   2:6>D:\PROJETOS\LAUNCHER C#\launcher\Updater\HashZip\ZIPLib\DeflateManager.cs(1163,14): warning CS8625: N├úo ├® poss├¡vel converter um literal nulo em um tipo de refer├¬ncia n├úo anul├ível. [D:\PROJETOS\LAUNCHER C#\launcher\L2Updater.csproj]
   2:6>D:\PROJETOS\LAUNCHER C#\launcher\Updater\HashZip\ZIPLib\DeflateManager.cs(1164,11): warning CS8625: N├úo ├® poss├¡vel converter um literal nulo em um tipo de refer├¬ncia n├úo anul├ível. [D:\PROJETOS\LAUNCHER C#\launcher\L2Updater.csproj]
   2:6>D:\PROJETOS\LAUNCHER C#\launcher\Updater\HashZip\ZIPLib\DeflateManager.cs(1165,11): warning CS8625: N├úo ├® poss├¡vel converter um literal nulo em um tipo de refer├¬ncia n├úo anul├ível. [D:\PROJETOS\LAUNCHER C#\launcher\L2Updater.csproj]
   2:6>D:\PROJETOS\LAUNCHER C#\launcher\Updater\HashZip\ZIPLib\DeflateManager.cs(1166,13): warning CS8625: N├úo ├® poss├¡vel converter um literal nulo em um tipo de refer├¬ncia n├úo anul├ível. [D:\PROJETOS\LAUNCHER C#\launcher\L2Updater.csproj]
   2:6>D:\PROJETOS\LAUNCHER C#\launcher\Updater\HashZip\ZIPLib\Zip\ZipEntry.cs(519,12): warning CS8603: Poss├¡vel retorno de refer├¬ncia nula. [D:\PROJETOS\LAUNCHER C#\launcher\L2Updater.csproj]
   2:6>D:\PROJETOS\LAUNCHER C#\launcher\Updater\HashZip\ZIPLib\Zip\ZipFile.cs(699,107): warning CS8604: Poss├¡vel argumento de refer├¬ncia nula para o par├ómetro 'path2' em 'string Path.Combine(string path1, string path2)'. [D:\PROJETOS\LAUNCHER C#\launcher\L2Updater.csproj]
   2:6>D:\PROJETOS\LAUNCHER C#\launcher\Updater\HashZip\ZIPLib\Zip\ZipFile.cs(704,25): warning CS8625: N├úo ├® poss├¡vel converter um literal nulo em um tipo de refer├¬ncia n├úo anul├ível. [D:\PROJETOS\LAUNCHER C#\launcher\L2Updater.csproj]
   2:6>D:\PROJETOS\LAUNCHER C#\launcher\Updater\HashZip\ZIPLib\Zip\ZipFile.cs(730,32): warning CS8625: N├úo ├® poss├¡vel converter um literal nulo em um tipo de refer├¬ncia n├úo anul├ível. [D:\PROJETOS\LAUNCHER C#\launcher\L2Updater.csproj]
   2:6>D:\PROJETOS\LAUNCHER C#\launcher\Updater\HashZip\ZIPLib\Zip\FileSelector.cs(61,12): warning CS8603: Poss├¡vel retorno de refer├¬ncia nula. [D:\PROJETOS\LAUNCHER C#\launcher\L2Updater.csproj]
   2:6>D:\PROJETOS\LAUNCHER C#\launcher\Updater\HashZip\ZIPLib\Zip\FileSelector.cs(84,44): warning CS8600: Convers├úo de literal nula ou poss├¡vel valor nulo em tipo n├úo anul├ível. [D:\PROJETOS\LAUNCHER C#\launcher\L2Updater.csproj]
   2:6>D:\PROJETOS\LAUNCHER C#\launcher\Updater\HashZip\ZIPLib\Zip\FileSelector.cs(109,14): warning CS8601: Poss├¡vel atribui├º├úo de refer├¬ncia nula. [D:\PROJETOS\LAUNCHER C#\launcher\L2Updater.csproj]
   2:6>D:\PROJETOS\LAUNCHER C#\launcher\Updater\HashZip\ZIPLib\Zip\FileSelector.cs(110,15): warning CS8625: N├úo ├® poss├¡vel converter um literal nulo em um tipo de refer├¬ncia n├úo anul├ível. [D:\PROJETOS\LAUNCHER C#\launcher\L2Updater.csproj]
   2:6>D:\PROJETOS\LAUNCHER C#\launcher\Updater\HashZip\ZIPLib\Zip\FileSelector.cs(257,46): warning CS8600: Convers├úo de literal nula ou poss├¡vel valor nulo em tipo n├úo anul├ível. [D:\PROJETOS\LAUNCHER C#\launcher\L2Updater.csproj]
   2:6>D:\PROJETOS\LAUNCHER C#\launcher\Updater\HashZip\ZIPLib\Zip\FileSelector.cs(258,8): warning CS8602: Desrefer├¬ncia de uma refer├¬ncia possivelmente nula. [D:\PROJETOS\LAUNCHER C#\launcher\L2Updater.csproj]
   2:6>D:\PROJETOS\LAUNCHER C#\launcher\Updater\HashZip\ZIPLib\Zip\FileSelector.cs(258,34): warning CS8601: Poss├¡vel atribui├º├úo de refer├¬ncia nula. [D:\PROJETOS\LAUNCHER C#\launcher\L2Updater.csproj]
   2:6>D:\PROJETOS\LAUNCHER C#\launcher\Updater\HashZip\ZIPLib\Zip\FileSelector.cs(278,11): warning CS8603: Poss├¡vel retorno de refer├¬ncia nula. [D:\PROJETOS\LAUNCHER C#\launcher\L2Updater.csproj]
   2:6>D:\PROJETOS\LAUNCHER C#\launcher\Updater\HashZip\ZIPLib\Zip\ZipFile.cs(745,42): warning CS8625: N├úo ├® poss├¡vel converter um literal nulo em um tipo de refer├¬ncia n├úo anul├ível. [D:\PROJETOS\LAUNCHER C#\launcher\L2Updater.csproj]
   2:6>D:\PROJETOS\LAUNCHER C#\launcher\Updater\HashZip\ZIPLib\Zip\ZipFile.cs(755,25): warning CS8625: N├úo ├® poss├¡vel converter um literal nulo em um tipo de refer├¬ncia n├úo anul├ível. [D:\PROJETOS\LAUNCHER C#\launcher\L2Updater.csproj]
   2:6>D:\PROJETOS\LAUNCHER C#\launcher\Updater\HashZip\ZIPLib\Zip\FileSelector.cs(357,15): warning CS8600: Convers├úo de literal nula ou poss├¡vel valor nulo em tipo n├úo anul├ível. [D:\PROJETOS\LAUNCHER C#\launcher\L2Updater.csproj]
   2:6>D:\PROJETOS\LAUNCHER C#\launcher\Updater\HashZip\ZIPLib\DeflateManager.cs(1266,41): warning CS8625: N├úo ├® poss├¡vel converter um literal nulo em um tipo de refer├¬ncia n├úo anul├ível. [D:\PROJETOS\LAUNCHER C#\launcher\L2Updater.csproj]
   2:6>D:\PROJETOS\LAUNCHER C#\launcher\Updater\HashZip\ZIPLib\Zip\ZipFile.cs(896,39): warning CS8625: N├úo ├® poss├¡vel converter um literal nulo em um tipo de refer├¬ncia n├úo anul├ível. [D:\PROJETOS\LAUNCHER C#\launcher\L2Updater.csproj]
   2:6>D:\PROJETOS\LAUNCHER C#\launcher\Updater\HashZip\ZIPLib\Zip\ZipEntry.cs(584,12): warning CS8603: Poss├¡vel retorno de refer├¬ncia nula. [D:\PROJETOS\LAUNCHER C#\launcher\L2Updater.csproj]
   2:6>D:\PROJETOS\LAUNCHER C#\launcher\Updater\HashZip\ZIPLib\Zip\ZipEntry.cs(591,12): warning CS8603: Poss├¡vel retorno de refer├¬ncia nula. [D:\PROJETOS\LAUNCHER C#\launcher\L2Updater.csproj]
   2:6>D:\PROJETOS\LAUNCHER C#\launcher\Updater\HashZip\ZIPLib\Zip\ZipEntry.cs(704,18): warning CS8600: Convers├úo de literal nula ou poss├¡vel valor nulo em tipo n├úo anul├ível. [D:\PROJETOS\LAUNCHER C#\launcher\L2Updater.csproj]
   2:6>D:\PROJETOS\LAUNCHER C#\launcher\Updater\HashZip\ZIPLib\Zip\ZipEntry.cs(717,60): warning CS8625: N├úo ├® poss├¡vel converter um literal nulo em um tipo de refer├¬ncia n├úo anul├ível. [D:\PROJETOS\LAUNCHER C#\launcher\L2Updater.csproj]
   2:6>D:\PROJETOS\LAUNCHER C#\launcher\Updater\HashZip\ZIPLib\Zip\ZipFile.cs(937,24): warning CS8600: Convers├úo de literal nula ou poss├¡vel valor nulo em tipo n├úo anul├ível. [D:\PROJETOS\LAUNCHER C#\launcher\L2Updater.csproj]
   2:6>D:\PROJETOS\LAUNCHER C#\launcher\Updater\HashZip\ZIPLib\Zip\ZipFile.cs(985,11): warning CS8603: Poss├¡vel retorno de refer├¬ncia nula. [D:\PROJETOS\LAUNCHER C#\launcher\L2Updater.csproj]
   2:6>D:\PROJETOS\LAUNCHER C#\launcher\Updater\HashZip\ZIPLib\Zip\ZipEntry.cs(790,25): warning CS8625: N├úo ├® poss├¡vel converter um literal nulo em um tipo de refer├¬ncia n├úo anul├ível. [D:\PROJETOS\LAUNCHER C#\launcher\L2Updater.csproj]
   2:6>D:\PROJETOS\LAUNCHER C#\launcher\Updater\HashZip\ZIPLib\Zip\ZipEntry.cs(790,31): warning CS8625: N├úo ├® poss├¡vel converter um literal nulo em um tipo de refer├¬ncia n├úo anul├ível. [D:\PROJETOS\LAUNCHER C#\launcher\L2Updater.csproj]
   2:6>D:\PROJETOS\LAUNCHER C#\launcher\Updater\HashZip\ZIPLib\Zip\ZipEntry.cs(797,25): warning CS8625: N├úo ├® poss├¡vel converter um literal nulo em um tipo de refer├¬ncia n├úo anul├ível. [D:\PROJETOS\LAUNCHER C#\launcher\L2Updater.csproj]
   2:6>D:\PROJETOS\LAUNCHER C#\launcher\Updater\HashZip\ZIPLib\Zip\ZipEntry.cs(797,31): warning CS8625: N├úo ├® poss├¡vel converter um literal nulo em um tipo de refer├¬ncia n├úo anul├ível. [D:\PROJETOS\LAUNCHER C#\launcher\L2Updater.csproj]
   2:6>D:\PROJETOS\LAUNCHER C#\launcher\Updater\HashZip\ZIPLib\Zip\ZipEntry.cs(803,25): warning CS8625: N├úo ├® poss├¡vel converter um literal nulo em um tipo de refer├¬ncia n├úo anul├ível. [D:\PROJETOS\LAUNCHER C#\launcher\L2Updater.csproj]
   2:6>D:\PROJETOS\LAUNCHER C#\launcher\Updater\HashZip\ZIPLib\Zip\ZipEntry.cs(803,31): warning CS8625: N├úo ├® poss├¡vel converter um literal nulo em um tipo de refer├¬ncia n├úo anul├ível. [D:\PROJETOS\LAUNCHER C#\launcher\L2Updater.csproj]
   2:6>D:\PROJETOS\LAUNCHER C#\launcher\Updater\HashZip\ZIPLib\Zip\ZipEntry.cs(808,20): warning CS8625: N├úo ├® poss├¡vel converter um literal nulo em um tipo de refer├¬ncia n├úo anul├ível. [D:\PROJETOS\LAUNCHER C#\launcher\L2Updater.csproj]
   2:6>D:\PROJETOS\LAUNCHER C#\launcher\Updater\HashZip\ZIPLib\Zip\ZipEntry.cs(808,34): warning CS8625: N├úo ├® poss├¡vel converter um literal nulo em um tipo de refer├¬ncia n├úo anul├ível. [D:\PROJETOS\LAUNCHER C#\launcher\L2Updater.csproj]
   2:6>D:\PROJETOS\LAUNCHER C#\launcher\Updater\HashZip\ZIPLib\Zip\ZipEntry.cs(813,35): warning CS8625: N├úo ├® poss├¡vel converter um literal nulo em um tipo de refer├¬ncia n├úo anul├ível. [D:\PROJETOS\LAUNCHER C#\launcher\L2Updater.csproj]
   2:6>D:\PROJETOS\LAUNCHER C#\launcher\Updater\HashZip\ZIPLib\Zip\ZipEntry.cs(813,41): warning CS8625: N├úo ├® poss├¡vel converter um literal nulo em um tipo de refer├¬ncia n├úo anul├ível. [D:\PROJETOS\LAUNCHER C#\launcher\L2Updater.csproj]
   2:6>D:\PROJETOS\LAUNCHER C#\launcher\Updater\HashZip\ZIPLib\Zip\ZipEntry.cs(820,35): warning CS8625: N├úo ├® poss├¡vel converter um literal nulo em um tipo de refer├¬ncia n├úo anul├ível. [D:\PROJETOS\LAUNCHER C#\launcher\L2Updater.csproj]
   2:6>D:\PROJETOS\LAUNCHER C#\launcher\Updater\HashZip\ZIPLib\Zip\ZipEntry.cs(820,41): warning CS8625: N├úo ├® poss├¡vel converter um literal nulo em um tipo de refer├¬ncia n├úo anul├ível. [D:\PROJETOS\LAUNCHER C#\launcher\L2Updater.csproj]
   2:6>D:\PROJETOS\LAUNCHER C#\launcher\Updater\HashZip\ZIPLib\Zip\ZipEntry.cs(826,35): warning CS8625: N├úo ├® poss├¡vel converter um literal nulo em um tipo de refer├¬ncia n├úo anul├ível. [D:\PROJETOS\LAUNCHER C#\launcher\L2Updater.csproj]
   2:6>D:\PROJETOS\LAUNCHER C#\launcher\Updater\HashZip\ZIPLib\Zip\ZipEntry.cs(826,41): warning CS8625: N├úo ├® poss├¡vel converter um literal nulo em um tipo de refer├¬ncia n├úo anul├ível. [D:\PROJETOS\LAUNCHER C#\launcher\L2Updater.csproj]
   2:6>D:\PROJETOS\LAUNCHER C#\launcher\Updater\HashZip\ZIPLib\Zip\ZipEntry.cs(831,25): warning CS8625: N├úo ├® poss├¡vel converter um literal nulo em um tipo de refer├¬ncia n├úo anul├ível. [D:\PROJETOS\LAUNCHER C#\launcher\L2Updater.csproj]
   2:6>D:\PROJETOS\LAUNCHER C#\launcher\Updater\HashZip\ZIPLib\Zip\ZipEntry.cs(836,35): warning CS8625: N├úo ├® poss├¡vel converter um literal nulo em um tipo de refer├¬ncia n├úo anul├ível. [D:\PROJETOS\LAUNCHER C#\launcher\L2Updater.csproj]
   2:6>D:\PROJETOS\LAUNCHER C#\launcher\Updater\HashZip\ZIPLib\Zip\ZipEntry.cs(843,25): warning CS8625: N├úo ├® poss├¡vel converter um literal nulo em um tipo de refer├¬ncia n├úo anul├ível. [D:\PROJETOS\LAUNCHER C#\launcher\L2Updater.csproj]
   2:6>D:\PROJETOS\LAUNCHER C#\launcher\Updater\HashZip\ZIPLib\Zip\ZipEntry.cs(849,25): warning CS8625: N├úo ├® poss├¡vel converter um literal nulo em um tipo de refer├¬ncia n├úo anul├ível. [D:\PROJETOS\LAUNCHER C#\launcher\L2Updater.csproj]
   2:6>D:\PROJETOS\LAUNCHER C#\launcher\Updater\HashZip\ZIPLib\Zip\ZipEntry.cs(856,35): warning CS8625: N├úo ├® poss├¡vel converter um literal nulo em um tipo de refer├¬ncia n├úo anul├ível. [D:\PROJETOS\LAUNCHER C#\launcher\L2Updater.csproj]
   2:6>D:\PROJETOS\LAUNCHER C#\launcher\Updater\HashZip\ZIPLib\Zip\ZipEntry.cs(862,35): warning CS8625: N├úo ├® poss├¡vel converter um literal nulo em um tipo de refer├¬ncia n├úo anul├ível. [D:\PROJETOS\LAUNCHER C#\launcher\L2Updater.csproj]
   2:6>D:\PROJETOS\LAUNCHER C#\launcher\Updater\HashZip\ZIPLib\Zip\ZipEntry.cs(867,20): warning CS8625: N├úo ├® poss├¡vel converter um literal nulo em um tipo de refer├¬ncia n├úo anul├ível. [D:\PROJETOS\LAUNCHER C#\launcher\L2Updater.csproj]
   2:6>D:\PROJETOS\LAUNCHER C#\launcher\Updater\HashZip\ZIPLib\Zip\ZipFile.cs(997,22): warning CS8600: Convers├úo de literal nula ou poss├¡vel valor nulo em tipo n├úo anul├ível. [D:\PROJETOS\LAUNCHER C#\launcher\L2Updater.csproj]
   2:6>D:\PROJETOS\LAUNCHER C#\launcher\Updater\HashZip\ZIPLib\Zip\ZipFile.cs(998,23): warning CS8600: Convers├úo de literal nula ou poss├¡vel valor nulo em tipo n├úo anul├ível. [D:\PROJETOS\LAUNCHER C#\launcher\L2Updater.csproj]
   2:6>D:\PROJETOS\LAUNCHER C#\launcher\Updater\HashZip\ZIPLib\Zip\ZipFile.cs(1042,16): warning CS8600: Convers├úo de literal nula ou poss├¡vel valor nulo em tipo n├úo anul├ível. [D:\PROJETOS\LAUNCHER C#\launcher\L2Updater.csproj]
   2:6>D:\PROJETOS\LAUNCHER C#\launcher\Updater\HashZip\ZIPLib\Zip\ZipFile.cs(1106,29): warning CS8625: N├úo ├® poss├¡vel converter um literal nulo em um tipo de refer├¬ncia n├úo anul├ível. [D:\PROJETOS\LAUNCHER C#\launcher\L2Updater.csproj]
   2:6>D:\PROJETOS\LAUNCHER C#\launcher\Updater\HashZip\ZIPLib\Zip\ZipFile.cs(1102,10): warning CS8618: O campo n├úo anul├ível '_StatusMessageTextWriter' precisa conter um valor n├úo nulo ao sair do construtor. Considere adicionar o modificador "obrigat├│rio" ou declarar o campo como anul├ível. [D:\PROJETOS\LAUNCHER C#\launcher\L2Updater.csproj]
   2:6>D:\PROJETOS\LAUNCHER C#\launcher\Updater\HashZip\ZIPLib\Zip\ZipFile.cs(1102,10): warning CS8618: O campo n├úo anul├ível '_readstream' precisa conter um valor n├úo nulo ao sair do construtor. Considere adicionar o modificador "obrigat├│rio" ou declarar o campo como anul├ível. [D:\PROJETOS\LAUNCHER C#\launcher\L2Updater.csproj]
   2:6>D:\PROJETOS\LAUNCHER C#\launcher\Updater\HashZip\ZIPLib\Zip\ZipFile.cs(1102,10): warning CS8618: O campo n├úo anul├ível '_writestream' precisa conter um valor n├úo nulo ao sair do construtor. Considere adicionar o modificador "obrigat├│rio" ou declarar o campo como anul├ível. [D:\PROJETOS\LAUNCHER C#\launcher\L2Updater.csproj]
   2:6>D:\PROJETOS\LAUNCHER C#\launcher\Updater\HashZip\ZIPLib\Zip\ZipFile.cs(1102,10): warning CS8618: O campo n├úo anul├ível '_entries' precisa conter um valor n├úo nulo ao sair do construtor. Considere adicionar o modificador "obrigat├│rio" ou declarar o campo como anul├ível. [D:\PROJETOS\LAUNCHER C#\launcher\L2Updater.csproj]
   2:6>D:\PROJETOS\LAUNCHER C#\launcher\Updater\HashZip\ZIPLib\Zip\ZipFile.cs(1102,10): warning CS8618: O campo n├úo anul├ível '_name' precisa conter um valor n├úo nulo ao sair do construtor. Considere adicionar o modificador "obrigat├│rio" ou declarar o campo como anul├ível. [D:\PROJETOS\LAUNCHER C#\launcher\L2Updater.csproj]
   2:6>D:\PROJETOS\LAUNCHER C#\launcher\Updater\HashZip\ZIPLib\Zip\ZipFile.cs(1102,10): warning CS8618: O campo n├úo anul├ível '_Comment' precisa conter um valor n├úo nulo ao sair do construtor. Considere adicionar o modificador "obrigat├│rio" ou declarar o campo como anul├ível. [D:\PROJETOS\LAUNCHER C#\launcher\L2Updater.csproj]
   2:6>D:\PROJETOS\LAUNCHER C#\launcher\Updater\HashZip\ZIPLib\Zip\ZipFile.cs(1102,10): warning CS8618: O campo n├úo anul├ível '_Password' precisa conter um valor n├úo nulo ao sair do construtor. Considere adicionar o modificador "obrigat├│rio" ou declarar o campo como anul├ível. [D:\PROJETOS\LAUNCHER C#\launcher\L2Updater.csproj]
   2:6>D:\PROJETOS\LAUNCHER C#\launcher\Updater\HashZip\ZIPLib\Zip\ZipFile.cs(1102,10): warning CS8618: O campo n├úo anul├ível '_temporaryFileName' precisa conter um valor n├úo nulo ao sair do construtor. Considere adicionar o modificador "obrigat├│rio" ou declarar o campo como anul├ível. [D:\PROJETOS\LAUNCHER C#\launcher\L2Updater.csproj]
   2:6>D:\PROJETOS\LAUNCHER C#\launcher\Updater\HashZip\ZIPLib\Zip\ZipFile.cs(1102,10): warning CS8618: O campo n├úo anul├ível '_TempFileFolder' precisa conter um valor n├úo nulo ao sair do construtor. Considere adicionar o modificador "obrigat├│rio" ou declarar o campo como anul├ível. [D:\PROJETOS\LAUNCHER C#\launcher\L2Updater.csproj]
   2:6>D:\PROJETOS\LAUNCHER C#\launcher\Updater\HashZip\ZIPLib\Zip\ZipFile.cs(1102,10): warning CS8618: O propriedade n├úo anul├ível 'WillReadTwiceOnInflation' precisa conter um valor n├úo nulo ao sair do construtor. Considere adicionar o modificador "obrigat├│rio" ou declarar o propriedade como anul├ível. [D:\PROJETOS\LAUNCHER C#\launcher\L2Updater.csproj]
   2:6>D:\PROJETOS\LAUNCHER C#\launcher\Updater\HashZip\ZIPLib\Zip\ZipFile.cs(1102,10): warning CS8618: O propriedade n├úo anul├ível 'WantCompression' precisa conter um valor n├úo nulo ao sair do construtor. Considere adicionar o modificador "obrigat├│rio" ou declarar o propriedade como anul├ível. [D:\PROJETOS\LAUNCHER C#\launcher\L2Updater.csproj]
   2:6>D:\PROJETOS\LAUNCHER C#\launcher\Updater\HashZip\ZIPLib\Zip\ZipFile.cs(1102,10): warning CS8618: O evento n├úo anul├ível 'SaveProgress' precisa conter um valor n├úo nulo ao sair do construtor. Considere adicionar o modificador "obrigat├│rio" ou declarar o evento como anul├ível. [D:\PROJETOS\LAUNCHER C#\launcher\L2Updater.csproj]
   2:6>D:\PROJETOS\LAUNCHER C#\launcher\Updater\HashZip\ZIPLib\Zip\ZipFile.cs(1102,10): warning CS8618: O evento n├úo anul├ível 'ReadProgress' precisa conter um valor n├úo nulo ao sair do construtor. Considere adicionar o modificador "obrigat├│rio" ou declarar o evento como anul├ível. [D:\PROJETOS\LAUNCHER C#\launcher\L2Updater.csproj]
   2:6>D:\PROJETOS\LAUNCHER C#\launcher\Updater\HashZip\ZIPLib\Zip\ZipFile.cs(1102,10): warning CS8618: O evento n├úo anul├ível 'ExtractProgress' precisa conter um valor n├úo nulo ao sair do construtor. Considere adicionar o modificador "obrigat├│rio" ou declarar o evento como anul├ível. [D:\PROJETOS\LAUNCHER C#\launcher\L2Updater.csproj]
   2:6>D:\PROJETOS\LAUNCHER C#\launcher\Updater\HashZip\ZIPLib\Zip\ZipFile.cs(1102,10): warning CS8618: O evento n├úo anul├ível 'AddProgress' precisa conter um valor n├úo nulo ao sair do construtor. Considere adicionar o modificador "obrigat├│rio" ou declarar o evento como anul├ível. [D:\PROJETOS\LAUNCHER C#\launcher\L2Updater.csproj]
   2:6>D:\PROJETOS\LAUNCHER C#\launcher\Updater\HashZip\ZIPLib\Zip\ZipFile.cs(1102,10): warning CS8618: O evento n├úo anul├ível 'ZipError' precisa conter um valor n├úo nulo ao sair do construtor. Considere adicionar o modificador "obrigat├│rio" ou declarar o evento como anul├ível. [D:\PROJETOS\LAUNCHER C#\launcher\L2Updater.csproj]
   2:6>D:\PROJETOS\LAUNCHER C#\launcher\Updater\HashZip\ZIPLib\Zip\ZipFile.cs(1118,29): warning CS8625: N├úo ├® poss├¡vel converter um literal nulo em um tipo de refer├¬ncia n├úo anul├ível. [D:\PROJETOS\LAUNCHER C#\launcher\L2Updater.csproj]
   2:6>D:\PROJETOS\LAUNCHER C#\launcher\Updater\HashZip\ZIPLib\Zip\ZipFile.cs(1114,10): warning CS8618: O campo n├úo anul├ível '_StatusMessageTextWriter' precisa conter um valor n├úo nulo ao sair do construtor. Considere adicionar o modificador "obrigat├│rio" ou declarar o campo como anul├ível. [D:\PROJETOS\LAUNCHER C#\launcher\L2Updater.csproj]
   2:6>D:\PROJETOS\LAUNCHER C#\launcher\Updater\HashZip\ZIPLib\Zip\ZipFile.cs(1114,10): warning CS8618: O campo n├úo anul├ível '_readstream' precisa conter um valor n├úo nulo ao sair do construtor. Considere adicionar o modificador "obrigat├│rio" ou declarar o campo como anul├ível. [D:\PROJETOS\LAUNCHER C#\launcher\L2Updater.csproj]
   2:6>D:\PROJETOS\LAUNCHER C#\launcher\Updater\HashZip\ZIPLib\Zip\ZipFile.cs(1114,10): warning CS8618: O campo n├úo anul├ível '_writestream' precisa conter um valor n├úo nulo ao sair do construtor. Considere adicionar o modificador "obrigat├│rio" ou declarar o campo como anul├ível. [D:\PROJETOS\LAUNCHER C#\launcher\L2Updater.csproj]
   2:6>D:\PROJETOS\LAUNCHER C#\launcher\Updater\HashZip\ZIPLib\Zip\ZipFile.cs(1114,10): warning CS8618: O campo n├úo anul├ível '_entries' precisa conter um valor n├úo nulo ao sair do construtor. Considere adicionar o modificador "obrigat├│rio" ou declarar o campo como anul├ível. [D:\PROJETOS\LAUNCHER C#\launcher\L2Updater.csproj]
   2:6>D:\PROJETOS\LAUNCHER C#\launcher\Updater\HashZip\ZIPLib\Zip\ZipFile.cs(1114,10): warning CS8618: O campo n├úo anul├ível '_name' precisa conter um valor n├úo nulo ao sair do construtor. Considere adicionar o modificador "obrigat├│rio" ou declarar o campo como anul├ível. [D:\PROJETOS\LAUNCHER C#\launcher\L2Updater.csproj]
   2:6>D:\PROJETOS\LAUNCHER C#\launcher\Updater\HashZip\ZIPLib\Zip\ZipFile.cs(1114,10): warning CS8618: O campo n├úo anul├ível '_Comment' precisa conter um valor n├úo nulo ao sair do construtor. Considere adicionar o modificador "obrigat├│rio" ou declarar o campo como anul├ível. [D:\PROJETOS\LAUNCHER C#\launcher\L2Updater.csproj]
   2:6>D:\PROJETOS\LAUNCHER C#\launcher\Updater\HashZip\ZIPLib\Zip\ZipFile.cs(1114,10): warning CS8618: O campo n├úo anul├ível '_Password' precisa conter um valor n├úo nulo ao sair do construtor. Considere adicionar o modificador "obrigat├│rio" ou declarar o campo como anul├ível. [D:\PROJETOS\LAUNCHER C#\launcher\L2Updater.csproj]
   2:6>D:\PROJETOS\LAUNCHER C#\launcher\Updater\HashZip\ZIPLib\Zip\ZipFile.cs(1114,10): warning CS8618: O campo n├úo anul├ível '_temporaryFileName' precisa conter um valor n├úo nulo ao sair do construtor. Considere adicionar o modificador "obrigat├│rio" ou declarar o campo como anul├ível. [D:\PROJETOS\LAUNCHER C#\launcher\L2Updater.csproj]
   2:6>D:\PROJETOS\LAUNCHER C#\launcher\Updater\HashZip\ZIPLib\Zip\ZipFile.cs(1114,10): warning CS8618: O campo n├úo anul├ível '_TempFileFolder' precisa conter um valor n├úo nulo ao sair do construtor. Considere adicionar o modificador "obrigat├│rio" ou declarar o campo como anul├ível. [D:\PROJETOS\LAUNCHER C#\launcher\L2Updater.csproj]
   2:6>D:\PROJETOS\LAUNCHER C#\launcher\Updater\HashZip\ZIPLib\Zip\ZipFile.cs(1114,10): warning CS8618: O propriedade n├úo anul├ível 'WillReadTwiceOnInflation' precisa conter um valor n├úo nulo ao sair do construtor. Considere adicionar o modificador "obrigat├│rio" ou declarar o propriedade como anul├ível. [D:\PROJETOS\LAUNCHER C#\launcher\L2Updater.csproj]
   2:6>D:\PROJETOS\LAUNCHER C#\launcher\Updater\HashZip\ZIPLib\Zip\ZipFile.cs(1114,10): warning CS8618: O propriedade n├úo anul├ível 'WantCompression' precisa conter um valor n├úo nulo ao sair do construtor. Considere adicionar o modificador "obrigat├│rio" ou declarar o propriedade como anul├ível. [D:\PROJETOS\LAUNCHER C#\launcher\L2Updater.csproj]
   2:6>D:\PROJETOS\LAUNCHER C#\launcher\Updater\HashZip\ZIPLib\Zip\ZipFile.cs(1114,10): warning CS8618: O evento n├úo anul├ível 'SaveProgress' precisa conter um valor n├úo nulo ao sair do construtor. Considere adicionar o modificador "obrigat├│rio" ou declarar o evento como anul├ível. [D:\PROJETOS\LAUNCHER C#\launcher\L2Updater.csproj]
   2:6>D:\PROJETOS\LAUNCHER C#\launcher\Updater\HashZip\ZIPLib\Zip\ZipFile.cs(1114,10): warning CS8618: O evento n├úo anul├ível 'ReadProgress' precisa conter um valor n├úo nulo ao sair do construtor. Considere adicionar o modificador "obrigat├│rio" ou declarar o evento como anul├ível. [D:\PROJETOS\LAUNCHER C#\launcher\L2Updater.csproj]
   2:6>D:\PROJETOS\LAUNCHER C#\launcher\Updater\HashZip\ZIPLib\Zip\ZipFile.cs(1114,10): warning CS8618: O evento n├úo anul├ível 'ExtractProgress' precisa conter um valor n├úo nulo ao sair do construtor. Considere adicionar o modificador "obrigat├│rio" ou declarar o evento como anul├ível. [D:\PROJETOS\LAUNCHER C#\launcher\L2Updater.csproj]
   2:6>D:\PROJETOS\LAUNCHER C#\launcher\Updater\HashZip\ZIPLib\Zip\ZipFile.cs(1114,10): warning CS8618: O evento n├úo anul├ível 'AddProgress' precisa conter um valor n├úo nulo ao sair do construtor. Considere adicionar o modificador "obrigat├│rio" ou declarar o evento como anul├ível. [D:\PROJETOS\LAUNCHER C#\launcher\L2Updater.csproj]
   2:6>D:\PROJETOS\LAUNCHER C#\launcher\Updater\HashZip\ZIPLib\Zip\ZipFile.cs(1114,10): warning CS8618: O evento n├úo anul├ível 'ZipError' precisa conter um valor n├úo nulo ao sair do construtor. Considere adicionar o modificador "obrigat├│rio" ou declarar o evento como anul├ível. [D:\PROJETOS\LAUNCHER C#\launcher\L2Updater.csproj]
   2:6>D:\PROJETOS\LAUNCHER C#\launcher\Updater\HashZip\ZIPLib\Zip\ZipFile.cs(1129,18): warning CS8625: N├úo ├® poss├¡vel converter um literal nulo em um tipo de refer├¬ncia n├úo anul├ível. [D:\PROJETOS\LAUNCHER C#\launcher\L2Updater.csproj]
   2:6>D:\PROJETOS\LAUNCHER C#\launcher\Updater\HashZip\ZIPLib\Zip\ZipFile.cs(1129,24): warning CS8625: N├úo ├® poss├¡vel converter um literal nulo em um tipo de refer├¬ncia n├úo anul├ível. [D:\PROJETOS\LAUNCHER C#\launcher\L2Updater.csproj]
   2:6>D:\PROJETOS\LAUNCHER C#\launcher\Updater\HashZip\ZIPLib\Zip\ZipFile.cs(1127,10): warning CS8618: O campo n├úo anul├ível '_StatusMessageTextWriter' precisa conter um valor n├úo nulo ao sair do construtor. Considere adicionar o modificador "obrigat├│rio" ou declarar o campo como anul├ível. [D:\PROJETOS\LAUNCHER C#\launcher\L2Updater.csproj]
   2:6>D:\PROJETOS\LAUNCHER C#\launcher\Updater\HashZip\ZIPLib\Zip\ZipFile.cs(1127,10): warning CS8618: O campo n├úo anul├ível '_readstream' precisa conter um valor n├úo nulo ao sair do construtor. Considere adicionar o modificador "obrigat├│rio" ou declarar o campo como anul├ível. [D:\PROJETOS\LAUNCHER C#\launcher\L2Updater.csproj]
   2:6>D:\PROJETOS\LAUNCHER C#\launcher\Updater\HashZip\ZIPLib\Zip\ZipFile.cs(1127,10): warning CS8618: O campo n├úo anul├ível '_writestream' precisa conter um valor n├úo nulo ao sair do construtor. Considere adicionar o modificador "obrigat├│rio" ou declarar o campo como anul├ível. [D:\PROJETOS\LAUNCHER C#\launcher\L2Updater.csproj]
   2:6>D:\PROJETOS\LAUNCHER C#\launcher\Updater\HashZip\ZIPLib\Zip\ZipFile.cs(1127,10): warning CS8618: O campo n├úo anul├ível '_entries' precisa conter um valor n├úo nulo ao sair do construtor. Considere adicionar o modificador "obrigat├│rio" ou declarar o campo como anul├ível. [D:\PROJETOS\LAUNCHER C#\launcher\L2Updater.csproj]
   2:6>D:\PROJETOS\LAUNCHER C#\launcher\Updater\HashZip\ZIPLib\Zip\ZipFile.cs(1127,10): warning CS8618: O campo n├úo anul├ível '_name' precisa conter um valor n├úo nulo ao sair do construtor. Considere adicionar o modificador "obrigat├│rio" ou declarar o campo como anul├ível. [D:\PROJETOS\LAUNCHER C#\launcher\L2Updater.csproj]
   2:6>D:\PROJETOS\LAUNCHER C#\launcher\Updater\HashZip\ZIPLib\Zip\ZipFile.cs(1127,10): warning CS8618: O campo n├úo anul├ível '_Comment' precisa conter um valor n├úo nulo ao sair do construtor. Considere adicionar o modificador "obrigat├│rio" ou declarar o campo como anul├ível. [D:\PROJETOS\LAUNCHER C#\launcher\L2Updater.csproj]
   2:6>D:\PROJETOS\LAUNCHER C#\launcher\Updater\HashZip\ZIPLib\Zip\ZipFile.cs(1127,10): warning CS8618: O campo n├úo anul├ível '_Password' precisa conter um valor n├úo nulo ao sair do construtor. Considere adicionar o modificador "obrigat├│rio" ou declarar o campo como anul├ível. [D:\PROJETOS\LAUNCHER C#\launcher\L2Updater.csproj]
   2:6>D:\PROJETOS\LAUNCHER C#\launcher\Updater\HashZip\ZIPLib\Zip\ZipFile.cs(1127,10): warning CS8618: O campo n├úo anul├ível '_temporaryFileName' precisa conter um valor n├úo nulo ao sair do construtor. Considere adicionar o modificador "obrigat├│rio" ou declarar o campo como anul├ível. [D:\PROJETOS\LAUNCHER C#\launcher\L2Updater.csproj]
   2:6>D:\PROJETOS\LAUNCHER C#\launcher\Updater\HashZip\ZIPLib\Zip\ZipFile.cs(1127,10): warning CS8618: O campo n├úo anul├ível '_TempFileFolder' precisa conter um valor n├úo nulo ao sair do construtor. Considere adicionar o modificador "obrigat├│rio" ou declarar o campo como anul├ível. [D:\PROJETOS\LAUNCHER C#\launcher\L2Updater.csproj]
   2:6>D:\PROJETOS\LAUNCHER C#\launcher\Updater\HashZip\ZIPLib\Zip\ZipFile.cs(1127,10): warning CS8618: O propriedade n├úo anul├ível 'WillReadTwiceOnInflation' precisa conter um valor n├úo nulo ao sair do construtor. Considere adicionar o modificador "obrigat├│rio" ou declarar o propriedade como anul├ível. [D:\PROJETOS\LAUNCHER C#\launcher\L2Updater.csproj]
   2:6>D:\PROJETOS\LAUNCHER C#\launcher\Updater\HashZip\ZIPLib\Zip\ZipFile.cs(1127,10): warning CS8618: O propriedade n├úo anul├ível 'WantCompression' precisa conter um valor n├úo nulo ao sair do construtor. Considere adicionar o modificador "obrigat├│rio" ou declarar o propriedade como anul├ível. [D:\PROJETOS\LAUNCHER C#\launcher\L2Updater.csproj]
   2:6>D:\PROJETOS\LAUNCHER C#\launcher\Updater\HashZip\ZIPLib\Zip\ZipFile.cs(1127,10): warning CS8618: O evento n├úo anul├ível 'SaveProgress' precisa conter um valor n├úo nulo ao sair do construtor. Considere adicionar o modificador "obrigat├│rio" ou declarar o evento como anul├ível. [D:\PROJETOS\LAUNCHER C#\launcher\L2Updater.csproj]
   2:6>D:\PROJETOS\LAUNCHER C#\launcher\Updater\HashZip\ZIPLib\Zip\ZipFile.cs(1127,10): warning CS8618: O evento n├úo anul├ível 'ReadProgress' precisa conter um valor n├úo nulo ao sair do construtor. Considere adicionar o modificador "obrigat├│rio" ou declarar o evento como anul├ível. [D:\PROJETOS\LAUNCHER C#\launcher\L2Updater.csproj]
   2:6>D:\PROJETOS\LAUNCHER C#\launcher\Updater\HashZip\ZIPLib\Zip\ZipFile.cs(1127,10): warning CS8618: O evento n├úo anul├ível 'ExtractProgress' precisa conter um valor n├úo nulo ao sair do construtor. Considere adicionar o modificador "obrigat├│rio" ou declarar o evento como anul├ível. [D:\PROJETOS\LAUNCHER C#\launcher\L2Updater.csproj]
   2:6>D:\PROJETOS\LAUNCHER C#\launcher\Updater\HashZip\ZIPLib\Zip\ZipFile.cs(1127,10): warning CS8618: O evento n├úo anul├ível 'AddProgress' precisa conter um valor n├úo nulo ao sair do construtor. Considere adicionar o modificador "obrigat├│rio" ou declarar o evento como anul├ível. [D:\PROJETOS\LAUNCHER C#\launcher\L2Updater.csproj]
   2:6>D:\PROJETOS\LAUNCHER C#\launcher\Updater\HashZip\ZIPLib\Zip\ZipFile.cs(1127,10): warning CS8618: O evento n├úo anul├ível 'ZipError' precisa conter um valor n├úo nulo ao sair do construtor. Considere adicionar o modificador "obrigat├│rio" ou declarar o evento como anul├ível. [D:\PROJETOS\LAUNCHER C#\launcher\L2Updater.csproj]
   2:6>D:\PROJETOS\LAUNCHER C#\launcher\Updater\HashZip\ZIPLib\Zip\ZipFile.cs(1134,18): warning CS8625: N├úo ├® poss├¡vel converter um literal nulo em um tipo de refer├¬ncia n├úo anul├ível. [D:\PROJETOS\LAUNCHER C#\launcher\L2Updater.csproj]
   2:6>D:\PROJETOS\LAUNCHER C#\launcher\Updater\HashZip\ZIPLib\Zip\ZipFile.cs(1134,24): warning CS8625: N├úo ├® poss├¡vel converter um literal nulo em um tipo de refer├¬ncia n├úo anul├ível. [D:\PROJETOS\LAUNCHER C#\launcher\L2Updater.csproj]
   2:6>D:\PROJETOS\LAUNCHER C#\launcher\Updater\HashZip\ZIPLib\Zip\ZipFile.cs(1132,10): warning CS8618: O campo n├úo anul├ível '_StatusMessageTextWriter' precisa conter um valor n├úo nulo ao sair do construtor. Considere adicionar o modificador "obrigat├│rio" ou declarar o campo como anul├ível. [D:\PROJETOS\LAUNCHER C#\launcher\L2Updater.csproj]
   2:6>D:\PROJETOS\LAUNCHER C#\launcher\Updater\HashZip\ZIPLib\Zip\ZipFile.cs(1132,10): warning CS8618: O campo n├úo anul├ível '_readstream' precisa conter um valor n├úo nulo ao sair do construtor. Considere adicionar o modificador "obrigat├│rio" ou declarar o campo como anul├ível. [D:\PROJETOS\LAUNCHER C#\launcher\L2Updater.csproj]
   2:6>D:\PROJETOS\LAUNCHER C#\launcher\Updater\HashZip\ZIPLib\Zip\ZipFile.cs(1132,10): warning CS8618: O campo n├úo anul├ível '_writestream' precisa conter um valor n├úo nulo ao sair do construtor. Considere adicionar o modificador "obrigat├│rio" ou declarar o campo como anul├ível. [D:\PROJETOS\LAUNCHER C#\launcher\L2Updater.csproj]
   2:6>D:\PROJETOS\LAUNCHER C#\launcher\Updater\HashZip\ZIPLib\Zip\ZipFile.cs(1132,10): warning CS8618: O campo n├úo anul├ível '_entries' precisa conter um valor n├úo nulo ao sair do construtor. Considere adicionar o modificador "obrigat├│rio" ou declarar o campo como anul├ível. [D:\PROJETOS\LAUNCHER C#\launcher\L2Updater.csproj]
   2:6>D:\PROJETOS\LAUNCHER C#\launcher\Updater\HashZip\ZIPLib\Zip\ZipFile.cs(1132,10): warning CS8618: O campo n├úo anul├ível '_name' precisa conter um valor n├úo nulo ao sair do construtor. Considere adicionar o modificador "obrigat├│rio" ou declarar o campo como anul├ível. [D:\PROJETOS\LAUNCHER C#\launcher\L2Updater.csproj]
   2:6>D:\PROJETOS\LAUNCHER C#\launcher\Updater\HashZip\ZIPLib\Zip\ZipFile.cs(1132,10): warning CS8618: O campo n├úo anul├ível '_Comment' precisa conter um valor n├úo nulo ao sair do construtor. Considere adicionar o modificador "obrigat├│rio" ou declarar o campo como anul├ível. [D:\PROJETOS\LAUNCHER C#\launcher\L2Updater.csproj]
   2:6>D:\PROJETOS\LAUNCHER C#\launcher\Updater\HashZip\ZIPLib\Zip\ZipFile.cs(1132,10): warning CS8618: O campo n├úo anul├ível '_Password' precisa conter um valor n├úo nulo ao sair do construtor. Considere adicionar o modificador "obrigat├│rio" ou declarar o campo como anul├ível. [D:\PROJETOS\LAUNCHER C#\launcher\L2Updater.csproj]
   2:6>D:\PROJETOS\LAUNCHER C#\launcher\Updater\HashZip\ZIPLib\Zip\ZipFile.cs(1132,10): warning CS8618: O campo n├úo anul├ível '_temporaryFileName' precisa conter um valor n├úo nulo ao sair do construtor. Considere adicionar o modificador "obrigat├│rio" ou declarar o campo como anul├ível. [D:\PROJETOS\LAUNCHER C#\launcher\L2Updater.csproj]
   2:6>D:\PROJETOS\LAUNCHER C#\launcher\Updater\HashZip\ZIPLib\Zip\ZipFile.cs(1132,10): warning CS8618: O campo n├úo anul├ível '_TempFileFolder' precisa conter um valor n├úo nulo ao sair do construtor. Considere adicionar o modificador "obrigat├│rio" ou declarar o campo como anul├ível. [D:\PROJETOS\LAUNCHER C#\launcher\L2Updater.csproj]
   2:6>D:\PROJETOS\LAUNCHER C#\launcher\Updater\HashZip\ZIPLib\Zip\ZipFile.cs(1132,10): warning CS8618: O propriedade n├úo anul├ível 'WillReadTwiceOnInflation' precisa conter um valor n├úo nulo ao sair do construtor. Considere adicionar o modificador "obrigat├│rio" ou declarar o propriedade como anul├ível. [D:\PROJETOS\LAUNCHER C#\launcher\L2Updater.csproj]
   2:6>D:\PROJETOS\LAUNCHER C#\launcher\Updater\HashZip\ZIPLib\Zip\ZipFile.cs(1132,10): warning CS8618: O propriedade n├úo anul├ível 'WantCompression' precisa conter um valor n├úo nulo ao sair do construtor. Considere adicionar o modificador "obrigat├│rio" ou declarar o propriedade como anul├ível. [D:\PROJETOS\LAUNCHER C#\launcher\L2Updater.csproj]
   2:6>D:\PROJETOS\LAUNCHER C#\launcher\Updater\HashZip\ZIPLib\Zip\ZipFile.cs(1132,10): warning CS8618: O evento n├úo anul├ível 'SaveProgress' precisa conter um valor n├úo nulo ao sair do construtor. Considere adicionar o modificador "obrigat├│rio" ou declarar o evento como anul├ível. [D:\PROJETOS\LAUNCHER C#\launcher\L2Updater.csproj]
   2:6>D:\PROJETOS\LAUNCHER C#\launcher\Updater\HashZip\ZIPLib\Zip\ZipFile.cs(1132,10): warning CS8618: O evento n├úo anul├ível 'ReadProgress' precisa conter um valor n├úo nulo ao sair do construtor. Considere adicionar o modificador "obrigat├│rio" ou declarar o evento como anul├ível. [D:\PROJETOS\LAUNCHER C#\launcher\L2Updater.csproj]
   2:6>D:\PROJETOS\LAUNCHER C#\launcher\Updater\HashZip\ZIPLib\Zip\ZipFile.cs(1132,10): warning CS8618: O evento n├úo anul├ível 'ExtractProgress' precisa conter um valor n├úo nulo ao sair do construtor. Considere adicionar o modificador "obrigat├│rio" ou declarar o evento como anul├ível. [D:\PROJETOS\LAUNCHER C#\launcher\L2Updater.csproj]
   2:6>D:\PROJETOS\LAUNCHER C#\launcher\Updater\HashZip\ZIPLib\Zip\ZipFile.cs(1132,10): warning CS8618: O evento n├úo anul├ível 'AddProgress' precisa conter um valor n├úo nulo ao sair do construtor. Considere adicionar o modificador "obrigat├│rio" ou declarar o evento como anul├ível. [D:\PROJETOS\LAUNCHER C#\launcher\L2Updater.csproj]
   2:6>D:\PROJETOS\LAUNCHER C#\launcher\Updater\HashZip\ZIPLib\Zip\ZipFile.cs(1132,10): warning CS8618: O evento n├úo anul├ível 'ZipError' precisa conter um valor n├úo nulo ao sair do construtor. Considere adicionar o modificador "obrigat├│rio" ou declarar o evento como anul├ível. [D:\PROJETOS\LAUNCHER C#\launcher\L2Updater.csproj]
   2:6>D:\PROJETOS\LAUNCHER C#\launcher\Updater\HashZip\ZIPLib\Zip\ZipFile.cs(1138,10): warning CS8618: O campo n├úo anul├ível '_StatusMessageTextWriter' precisa conter um valor n├úo nulo ao sair do construtor. Considere adicionar o modificador "obrigat├│rio" ou declarar o campo como anul├ível. [D:\PROJETOS\LAUNCHER C#\launcher\L2Updater.csproj]
   2:6>D:\PROJETOS\LAUNCHER C#\launcher\Updater\HashZip\ZIPLib\Zip\ZipFile.cs(1138,10): warning CS8618: O campo n├úo anul├ível '_readstream' precisa conter um valor n├úo nulo ao sair do construtor. Considere adicionar o modificador "obrigat├│rio" ou declarar o campo como anul├ível. [D:\PROJETOS\LAUNCHER C#\launcher\L2Updater.csproj]
   2:6>D:\PROJETOS\LAUNCHER C#\launcher\Updater\HashZip\ZIPLib\Zip\ZipFile.cs(1138,10): warning CS8618: O campo n├úo anul├ível '_writestream' precisa conter um valor n├úo nulo ao sair do construtor. Considere adicionar o modificador "obrigat├│rio" ou declarar o campo como anul├ível. [D:\PROJETOS\LAUNCHER C#\launcher\L2Updater.csproj]
   2:6>D:\PROJETOS\LAUNCHER C#\launcher\Updater\HashZip\ZIPLib\Zip\ZipFile.cs(1138,10): warning CS8618: O campo n├úo anul├ível '_entries' precisa conter um valor n├úo nulo ao sair do construtor. Considere adicionar o modificador "obrigat├│rio" ou declarar o campo como anul├ível. [D:\PROJETOS\LAUNCHER C#\launcher\L2Updater.csproj]
   2:6>D:\PROJETOS\LAUNCHER C#\launcher\Updater\HashZip\ZIPLib\Zip\ZipFile.cs(1138,10): warning CS8618: O campo n├úo anul├ível '_name' precisa conter um valor n├úo nulo ao sair do construtor. Considere adicionar o modificador "obrigat├│rio" ou declarar o campo como anul├ível. [D:\PROJETOS\LAUNCHER C#\launcher\L2Updater.csproj]
   2:6>D:\PROJETOS\LAUNCHER C#\launcher\Updater\HashZip\ZIPLib\Zip\ZipFile.cs(1138,10): warning CS8618: O campo n├úo anul├ível '_Comment' precisa conter um valor n├úo nulo ao sair do construtor. Considere adicionar o modificador "obrigat├│rio" ou declarar o campo como anul├ível. [D:\PROJETOS\LAUNCHER C#\launcher\L2Updater.csproj]
   2:6>D:\PROJETOS\LAUNCHER C#\launcher\Updater\HashZip\ZIPLib\Zip\ZipFile.cs(1138,10): warning CS8618: O campo n├úo anul├ível '_Password' precisa conter um valor n├úo nulo ao sair do construtor. Considere adicionar o modificador "obrigat├│rio" ou declarar o campo como anul├ível. [D:\PROJETOS\LAUNCHER C#\launcher\L2Updater.csproj]
   2:6>D:\PROJETOS\LAUNCHER C#\launcher\Updater\HashZip\ZIPLib\Zip\ZipFile.cs(1138,10): warning CS8618: O campo n├úo anul├ível '_temporaryFileName' precisa conter um valor n├úo nulo ao sair do construtor. Considere adicionar o modificador "obrigat├│rio" ou declarar o campo como anul├ível. [D:\PROJETOS\LAUNCHER C#\launcher\L2Updater.csproj]
   2:6>D:\PROJETOS\LAUNCHER C#\launcher\Updater\HashZip\ZIPLib\Zip\ZipFile.cs(1138,10): warning CS8618: O campo n├úo anul├ível '_TempFileFolder' precisa conter um valor n├úo nulo ao sair do construtor. Considere adicionar o modificador "obrigat├│rio" ou declarar o campo como anul├ível. [D:\PROJETOS\LAUNCHER C#\launcher\L2Updater.csproj]
   2:6>D:\PROJETOS\LAUNCHER C#\launcher\Updater\HashZip\ZIPLib\Zip\ZipFile.cs(1138,10): warning CS8618: O propriedade n├úo anul├ível 'WillReadTwiceOnInflation' precisa conter um valor n├úo nulo ao sair do construtor. Considere adicionar o modificador "obrigat├│rio" ou declarar o propriedade como anul├ível. [D:\PROJETOS\LAUNCHER C#\launcher\L2Updater.csproj]
   2:6>D:\PROJETOS\LAUNCHER C#\launcher\Updater\HashZip\ZIPLib\Zip\ZipFile.cs(1138,10): warning CS8618: O propriedade n├úo anul├ível 'WantCompression' precisa conter um valor n├úo nulo ao sair do construtor. Considere adicionar o modificador "obrigat├│rio" ou declarar o propriedade como anul├ível. [D:\PROJETOS\LAUNCHER C#\launcher\L2Updater.csproj]
   2:6>D:\PROJETOS\LAUNCHER C#\launcher\Updater\HashZip\ZIPLib\Zip\ZipFile.cs(1138,10): warning CS8618: O evento n├úo anul├ível 'SaveProgress' precisa conter um valor n├úo nulo ao sair do construtor. Considere adicionar o modificador "obrigat├│rio" ou declarar o evento como anul├ível. [D:\PROJETOS\LAUNCHER C#\launcher\L2Updater.csproj]
   2:6>D:\PROJETOS\LAUNCHER C#\launcher\Updater\HashZip\ZIPLib\Zip\ZipFile.cs(1138,10): warning CS8618: O evento n├úo anul├ível 'ReadProgress' precisa conter um valor n├úo nulo ao sair do construtor. Considere adicionar o modificador "obrigat├│rio" ou declarar o evento como anul├ível. [D:\PROJETOS\LAUNCHER C#\launcher\L2Updater.csproj]
   2:6>D:\PROJETOS\LAUNCHER C#\launcher\Updater\HashZip\ZIPLib\Zip\ZipFile.cs(1138,10): warning CS8618: O evento n├úo anul├ível 'ExtractProgress' precisa conter um valor n├úo nulo ao sair do construtor. Considere adicionar o modificador "obrigat├│rio" ou declarar o evento como anul├ível. [D:\PROJETOS\LAUNCHER C#\launcher\L2Updater.csproj]
   2:6>D:\PROJETOS\LAUNCHER C#\launcher\Updater\HashZip\ZIPLib\Zip\ZipFile.cs(1138,10): warning CS8618: O evento n├úo anul├ível 'AddProgress' precisa conter um valor n├úo nulo ao sair do construtor. Considere adicionar o modificador "obrigat├│rio" ou declarar o evento como anul├ível. [D:\PROJETOS\LAUNCHER C#\launcher\L2Updater.csproj]
   2:6>D:\PROJETOS\LAUNCHER C#\launcher\Updater\HashZip\ZIPLib\Zip\ZipFile.cs(1138,10): warning CS8618: O evento n├úo anul├ível 'ZipError' precisa conter um valor n├úo nulo ao sair do construtor. Considere adicionar o modificador "obrigat├│rio" ou declarar o evento como anul├ível. [D:\PROJETOS\LAUNCHER C#\launcher\L2Updater.csproj]
   2:6>D:\PROJETOS\LAUNCHER C#\launcher\Updater\HashZip\ZIPLib\Zip\ZipFile.cs(1150,10): warning CS8618: O campo n├úo anul├ível '_StatusMessageTextWriter' precisa conter um valor n├úo nulo ao sair do construtor. Considere adicionar o modificador "obrigat├│rio" ou declarar o campo como anul├ível. [D:\PROJETOS\LAUNCHER C#\launcher\L2Updater.csproj]
   2:6>D:\PROJETOS\LAUNCHER C#\launcher\Updater\HashZip\ZIPLib\Zip\ZipFile.cs(1150,10): warning CS8618: O campo n├úo anul├ível '_readstream' precisa conter um valor n├úo nulo ao sair do construtor. Considere adicionar o modificador "obrigat├│rio" ou declarar o campo como anul├ível. [D:\PROJETOS\LAUNCHER C#\launcher\L2Updater.csproj]
   2:6>D:\PROJETOS\LAUNCHER C#\launcher\Updater\HashZip\ZIPLib\Zip\ZipFile.cs(1150,10): warning CS8618: O campo n├úo anul├ível '_writestream' precisa conter um valor n├úo nulo ao sair do construtor. Considere adicionar o modificador "obrigat├│rio" ou declarar o campo como anul├ível. [D:\PROJETOS\LAUNCHER C#\launcher\L2Updater.csproj]
   2:6>D:\PROJETOS\LAUNCHER C#\launcher\Updater\HashZip\ZIPLib\Zip\ZipFile.cs(1150,10): warning CS8618: O campo n├úo anul├ível '_entries' precisa conter um valor n├úo nulo ao sair do construtor. Considere adicionar o modificador "obrigat├│rio" ou declarar o campo como anul├ível. [D:\PROJETOS\LAUNCHER C#\launcher\L2Updater.csproj]
   2:6>D:\PROJETOS\LAUNCHER C#\launcher\Updater\HashZip\ZIPLib\Zip\ZipFile.cs(1150,10): warning CS8618: O campo n├úo anul├ível '_name' precisa conter um valor n├úo nulo ao sair do construtor. Considere adicionar o modificador "obrigat├│rio" ou declarar o campo como anul├ível. [D:\PROJETOS\LAUNCHER C#\launcher\L2Updater.csproj]
   2:6>D:\PROJETOS\LAUNCHER C#\launcher\Updater\HashZip\ZIPLib\Zip\ZipFile.cs(1150,10): warning CS8618: O campo n├úo anul├ível '_Comment' precisa conter um valor n├úo nulo ao sair do construtor. Considere adicionar o modificador "obrigat├│rio" ou declarar o campo como anul├ível. [D:\PROJETOS\LAUNCHER C#\launcher\L2Updater.csproj]
   2:6>D:\PROJETOS\LAUNCHER C#\launcher\Updater\HashZip\ZIPLib\Zip\ZipFile.cs(1150,10): warning CS8618: O campo n├úo anul├ível '_Password' precisa conter um valor n├úo nulo ao sair do construtor. Considere adicionar o modificador "obrigat├│rio" ou declarar o campo como anul├ível. [D:\PROJETOS\LAUNCHER C#\launcher\L2Updater.csproj]
   2:6>D:\PROJETOS\LAUNCHER C#\launcher\Updater\HashZip\ZIPLib\Zip\ZipFile.cs(1150,10): warning CS8618: O campo n├úo anul├ível '_temporaryFileName' precisa conter um valor n├úo nulo ao sair do construtor. Considere adicionar o modificador "obrigat├│rio" ou declarar o campo como anul├ível. [D:\PROJETOS\LAUNCHER C#\launcher\L2Updater.csproj]
   2:6>D:\PROJETOS\LAUNCHER C#\launcher\Updater\HashZip\ZIPLib\Zip\ZipFile.cs(1150,10): warning CS8618: O campo n├úo anul├ível '_TempFileFolder' precisa conter um valor n├úo nulo ao sair do construtor. Considere adicionar o modificador "obrigat├│rio" ou declarar o campo como anul├ível. [D:\PROJETOS\LAUNCHER C#\launcher\L2Updater.csproj]
   2:6>D:\PROJETOS\LAUNCHER C#\launcher\Updater\HashZip\ZIPLib\Zip\ZipFile.cs(1150,10): warning CS8618: O propriedade n├úo anul├ível 'WillReadTwiceOnInflation' precisa conter um valor n├úo nulo ao sair do construtor. Considere adicionar o modificador "obrigat├│rio" ou declarar o propriedade como anul├ível. [D:\PROJETOS\LAUNCHER C#\launcher\L2Updater.csproj]
   2:6>D:\PROJETOS\LAUNCHER C#\launcher\Updater\HashZip\ZIPLib\Zip\ZipFile.cs(1150,10): warning CS8618: O propriedade n├úo anul├ível 'WantCompression' precisa conter um valor n├úo nulo ao sair do construtor. Considere adicionar o modificador "obrigat├│rio" ou declarar o propriedade como anul├ível. [D:\PROJETOS\LAUNCHER C#\launcher\L2Updater.csproj]
   2:6>D:\PROJETOS\LAUNCHER C#\launcher\Updater\HashZip\ZIPLib\Zip\ZipFile.cs(1150,10): warning CS8618: O evento n├úo anul├ível 'SaveProgress' precisa conter um valor n├úo nulo ao sair do construtor. Considere adicionar o modificador "obrigat├│rio" ou declarar o evento como anul├ível. [D:\PROJETOS\LAUNCHER C#\launcher\L2Updater.csproj]
   2:6>D:\PROJETOS\LAUNCHER C#\launcher\Updater\HashZip\ZIPLib\Zip\ZipFile.cs(1150,10): warning CS8618: O evento n├úo anul├ível 'ReadProgress' precisa conter um valor n├úo nulo ao sair do construtor. Considere adicionar o modificador "obrigat├│rio" ou declarar o evento como anul├ível. [D:\PROJETOS\LAUNCHER C#\launcher\L2Updater.csproj]
   2:6>D:\PROJETOS\LAUNCHER C#\launcher\Updater\HashZip\ZIPLib\Zip\ZipFile.cs(1150,10): warning CS8618: O evento n├úo anul├ível 'ExtractProgress' precisa conter um valor n├úo nulo ao sair do construtor. Considere adicionar o modificador "obrigat├│rio" ou declarar o evento como anul├ível. [D:\PROJETOS\LAUNCHER C#\launcher\L2Updater.csproj]
   2:6>D:\PROJETOS\LAUNCHER C#\launcher\Updater\HashZip\ZIPLib\Zip\ZipFile.cs(1150,10): warning CS8618: O evento n├úo anul├ível 'AddProgress' precisa conter um valor n├úo nulo ao sair do construtor. Considere adicionar o modificador "obrigat├│rio" ou declarar o evento como anul├ível. [D:\PROJETOS\LAUNCHER C#\launcher\L2Updater.csproj]
   2:6>D:\PROJETOS\LAUNCHER C#\launcher\Updater\HashZip\ZIPLib\Zip\ZipFile.cs(1150,10): warning CS8618: O evento n├úo anul├ível 'ZipError' precisa conter um valor n├úo nulo ao sair do construtor. Considere adicionar o modificador "obrigat├│rio" ou declarar o evento como anul├ível. [D:\PROJETOS\LAUNCHER C#\launcher\L2Updater.csproj]
   2:6>D:\PROJETOS\LAUNCHER C#\launcher\Updater\HashZip\ZIPLib\Zip\ZipFile.cs(1167,29): warning CS8625: N├úo ├® poss├¡vel converter um literal nulo em um tipo de refer├¬ncia n├úo anul├ível. [D:\PROJETOS\LAUNCHER C#\launcher\L2Updater.csproj]
   2:6>D:\PROJETOS\LAUNCHER C#\launcher\Updater\HashZip\ZIPLib\Zip\ZipFile.cs(1208,56): warning CS8625: N├úo ├® poss├¡vel converter um literal nulo em um tipo de refer├¬ncia n├úo anul├ível. [D:\PROJETOS\LAUNCHER C#\launcher\L2Updater.csproj]
   2:6>D:\PROJETOS\LAUNCHER C#\launcher\Updater\HashZip\ZIPLib\Zip\ZipEntry.cs(952,24): warning CS8600: Convers├úo de literal nula ou poss├¡vel valor nulo em tipo n├úo anul├ível. [D:\PROJETOS\LAUNCHER C#\launcher\L2Updater.csproj]
   2:6>D:\PROJETOS\LAUNCHER C#\launcher\Updater\HashZip\ZIPLib\Zip\ZipEntry.cs(953,20): warning CS8600: Convers├úo de literal nula ou poss├¡vel valor nulo em tipo n├úo anul├ível. [D:\PROJETOS\LAUNCHER C#\launcher\L2Updater.csproj]
   2:6>D:\PROJETOS\LAUNCHER C#\launcher\Updater\HashZip\ZIPLib\Zip\ZipEntry.cs(986,33): warning CS8604: Poss├¡vel argumento de refer├¬ncia nula para o par├ómetro 'path' em 'DirectoryInfo Directory.CreateDirectory(string path)'. [D:\PROJETOS\LAUNCHER C#\launcher\L2Updater.csproj]
   2:6>D:\PROJETOS\LAUNCHER C#\launcher\Updater\HashZip\ZIPLib\Zip\ZipEntry.cs(1027,15): warning CS8600: Convers├úo de literal nula ou poss├¡vel valor nulo em tipo n├úo anul├ível. [D:\PROJETOS\LAUNCHER C#\launcher\L2Updater.csproj]
   2:6>D:\PROJETOS\LAUNCHER C#\launcher\Updater\HashZip\ZIPLib\Zip\ZipEntry.cs(1031,30): warning CS8600: Convers├úo de literal nula ou poss├¡vel valor nulo em tipo n├úo anul├ível. [D:\PROJETOS\LAUNCHER C#\launcher\L2Updater.csproj]
   2:6>D:\PROJETOS\LAUNCHER C#\launcher\Updater\HashZip\ZIPLib\Zip\ZipEntry.cs(1032,20): warning CS8604: Poss├¡vel argumento de refer├¬ncia nula para o par├ómetro 'fileName' em 'ZipEntry ZipFile.this[string fileName]'. [D:\PROJETOS\LAUNCHER C#\launcher\L2Updater.csproj]
   2:6>D:\PROJETOS\LAUNCHER C#\launcher\Updater\HashZip\ZIPLib\Zip\ZipEntry.cs(1034,18): warning CS8604: Poss├¡vel argumento de refer├¬ncia nula para o par├ómetro 'fileOrDirectory' em 'void ZipEntry._SetTimes(string fileOrDirectory, bool isFile)'. [D:\PROJETOS\LAUNCHER C#\launcher\L2Updater.csproj]
   2:6>D:\PROJETOS\LAUNCHER C#\launcher\Updater\HashZip\ZIPLib\Zip\ZipFile.cs(1239,20): warning CS8625: N├úo ├® poss├¡vel converter um literal nulo em um tipo de refer├¬ncia n├úo anul├ível. [D:\PROJETOS\LAUNCHER C#\launcher\L2Updater.csproj]
   2:6>D:\PROJETOS\LAUNCHER C#\launcher\Updater\HashZip\ZIPLib\Zip\ZipFile.cs(1244,21): warning CS8625: N├úo ├® poss├¡vel converter um literal nulo em um tipo de refer├¬ncia n├úo anul├ível. [D:\PROJETOS\LAUNCHER C#\launcher\L2Updater.csproj]
   2:6>D:\PROJETOS\LAUNCHER C#\launcher\Updater\HashZip\ZIPLib\Zip\ZipEntry.cs(1113,10): warning CS0219: A vari├ível "flag" ├® atribu├¡da, mas seu valor nunca ├® usado [D:\PROJETOS\LAUNCHER C#\launcher\L2Updater.csproj]
   2:6>D:\PROJETOS\LAUNCHER C#\launcher\Updater\HashZip\ZIPLib\Zip\ZipEntry.cs(1132,20): warning CS8600: Convers├úo de literal nula ou poss├¡vel valor nulo em tipo n├úo anul├ível. [D:\PROJETOS\LAUNCHER C#\launcher\L2Updater.csproj]
   2:6>D:\PROJETOS\LAUNCHER C#\launcher\Updater\HashZip\ZIPLib\Zip\ZipEntry.cs(1254,18): warning CS8625: N├úo ├® poss├¡vel converter um literal nulo em um tipo de refer├¬ncia n├úo anul├ível. [D:\PROJETOS\LAUNCHER C#\launcher\L2Updater.csproj]
   2:6>D:\PROJETOS\LAUNCHER C#\launcher\Updater\HashZip\ZIPLib\Zip\ZipEntry.cs(1420,33): warning CS8625: N├úo ├® poss├¡vel converter um literal nulo em um tipo de refer├¬ncia n├úo anul├ível. [D:\PROJETOS\LAUNCHER C#\launcher\L2Updater.csproj]
   2:6>D:\PROJETOS\LAUNCHER C#\launcher\Updater\HashZip\ZIPLib\Zip\ZipEntry.cs(1427,12): warning CS8603: Poss├¡vel retorno de refer├¬ncia nula. [D:\PROJETOS\LAUNCHER C#\launcher\L2Updater.csproj]
   2:6>D:\PROJETOS\LAUNCHER C#\launcher\Updater\HashZip\ZIPLib\Zip\ZipFile.cs(1668,26): warning CS8625: N├úo ├® poss├¡vel converter um literal nulo em um tipo de refer├¬ncia n├úo anul├ível. [D:\PROJETOS\LAUNCHER C#\launcher\L2Updater.csproj]
   2:6>D:\PROJETOS\LAUNCHER C#\launcher\Updater\HashZip\ZIPLib\Zip\ZipFile.cs(1673,26): warning CS8625: N├úo ├® poss├¡vel converter um literal nulo em um tipo de refer├¬ncia n├úo anul├ível. [D:\PROJETOS\LAUNCHER C#\launcher\L2Updater.csproj]
   2:6>D:\PROJETOS\LAUNCHER C#\launcher\Updater\HashZip\ZIPLib\Zip\ZipFile.cs(1688,26): warning CS8625: N├úo ├® poss├¡vel converter um literal nulo em um tipo de refer├¬ncia n├úo anul├ível. [D:\PROJETOS\LAUNCHER C#\launcher\L2Updater.csproj]
   2:6>D:\PROJETOS\LAUNCHER C#\launcher\Updater\HashZip\ZIPLib\Zip\ZipFile.cs(1693,26): warning CS8625: N├úo ├® poss├¡vel converter um literal nulo em um tipo de refer├¬ncia n├úo anul├ível. [D:\PROJETOS\LAUNCHER C#\launcher\L2Updater.csproj]
   2:6>D:\PROJETOS\LAUNCHER C#\launcher\Updater\HashZip\ZIPLib\Zip\ZipFile.cs(1698,57): warning CS8625: N├úo ├® poss├¡vel converter um literal nulo em um tipo de refer├¬ncia n├úo anul├ível. [D:\PROJETOS\LAUNCHER C#\launcher\L2Updater.csproj]
   2:6>D:\PROJETOS\LAUNCHER C#\launcher\Updater\HashZip\ZIPLib\Zip\ZipFile.cs(1729,27): warning CS8625: N├úo ├® poss├¡vel converter um literal nulo em um tipo de refer├¬ncia n├úo anul├ível. [D:\PROJETOS\LAUNCHER C#\launcher\L2Updater.csproj]
   2:6>D:\PROJETOS\LAUNCHER C#\launcher\Updater\HashZip\ZIPLib\Zip\ZipFile.cs(1734,27): warning CS8625: N├úo ├® poss├¡vel converter um literal nulo em um tipo de refer├¬ncia n├úo anul├ível. [D:\PROJETOS\LAUNCHER C#\launcher\L2Updater.csproj]
   2:6>D:\PROJETOS\LAUNCHER C#\launcher\Updater\HashZip\ZIPLib\Zip\ZipFile.cs(1749,27): warning CS8625: N├úo ├® poss├¡vel converter um literal nulo em um tipo de refer├¬ncia n├úo anul├ível. [D:\PROJETOS\LAUNCHER C#\launcher\L2Updater.csproj]
   2:6>D:\PROJETOS\LAUNCHER C#\launcher\Updater\HashZip\ZIPLib\Zip\ZipFile.cs(1754,27): warning CS8625: N├úo ├® poss├¡vel converter um literal nulo em um tipo de refer├¬ncia n├úo anul├ível. [D:\PROJETOS\LAUNCHER C#\launcher\L2Updater.csproj]
   2:6>D:\PROJETOS\LAUNCHER C#\launcher\Updater\HashZip\ZIPLib\Zip\ZipFile.cs(1759,58): warning CS8625: N├úo ├® poss├¡vel converter um literal nulo em um tipo de refer├¬ncia n├úo anul├ível. [D:\PROJETOS\LAUNCHER C#\launcher\L2Updater.csproj]
   2:6>D:\PROJETOS\LAUNCHER C#\launcher\Updater\HashZip\ZIPLib\Zip\ZipFile.cs(1787,24): warning CS8625: N├úo ├® poss├¡vel converter um literal nulo em um tipo de refer├¬ncia n├úo anul├ível. [D:\PROJETOS\LAUNCHER C#\launcher\L2Updater.csproj]
   2:6>D:\PROJETOS\LAUNCHER C#\launcher\Updater\HashZip\ZIPLib\Zip\ZipFile.cs(1879,24): warning CS8625: N├úo ├® poss├¡vel converter um literal nulo em um tipo de refer├¬ncia n├úo anul├ível. [D:\PROJETOS\LAUNCHER C#\launcher\L2Updater.csproj]
   2:6>D:\PROJETOS\LAUNCHER C#\launcher\Updater\HashZip\ZIPLib\Zip\ZipEntry.cs(1674,25): warning CS8629: O tipo de valor de nulidade pode ser nulo. [D:\PROJETOS\LAUNCHER C#\launcher\L2Updater.csproj]
   2:6>D:\PROJETOS\LAUNCHER C#\launcher\Updater\HashZip\ZIPLib\Zip\ZipEntry.cs(1763,26): warning CS8602: Desrefer├¬ncia de uma refer├¬ncia possivelmente nula. [D:\PROJETOS\LAUNCHER C#\launcher\L2Updater.csproj]
   2:6>D:\PROJETOS\LAUNCHER C#\launcher\Updater\HashZip\ZIPLib\Zip\ZipFile.cs(1922,34): warning CS8625: N├úo ├® poss├¡vel converter um literal nulo em um tipo de refer├¬ncia n├úo anul├ível. [D:\PROJETOS\LAUNCHER C#\launcher\L2Updater.csproj]
   2:6>D:\PROJETOS\LAUNCHER C#\launcher\Updater\HashZip\ZIPLib\Zip\ZipFile.cs(2003,19): warning CS8600: Convers├úo de literal nula ou poss├¡vel valor nulo em tipo n├úo anul├ível. [D:\PROJETOS\LAUNCHER C#\launcher\L2Updater.csproj]
   2:6>D:\PROJETOS\LAUNCHER C#\launcher\Updater\HashZip\ZIPLib\Zip\ZipEntry.cs(1854,20): warning CS8600: Convers├úo de literal nula ou poss├¡vel valor nulo em tipo n├úo anul├ível. [D:\PROJETOS\LAUNCHER C#\launcher\L2Updater.csproj]
   2:6>D:\PROJETOS\LAUNCHER C#\launcher\Updater\HashZip\ZIPLib\Zip\ZipEntry.cs(1870,11): warning CS8603: Poss├¡vel retorno de refer├¬ncia nula. [D:\PROJETOS\LAUNCHER C#\launcher\L2Updater.csproj]
   2:6>D:\PROJETOS\LAUNCHER C#\launcher\Updater\HashZip\ZIPLib\Zip\ZipFile.cs(2109,43): warning CS8625: N├úo ├® poss├¡vel converter um literal nulo em um tipo de refer├¬ncia n├úo anul├ível. [D:\PROJETOS\LAUNCHER C#\launcher\L2Updater.csproj]
   2:6>D:\PROJETOS\LAUNCHER C#\launcher\Updater\HashZip\ZIPLib\Zip\ZipEntry.cs(1888,19): warning CS8600: Convers├úo de literal nula ou poss├¡vel valor nulo em tipo n├úo anul├ível. [D:\PROJETOS\LAUNCHER C#\launcher\L2Updater.csproj]
   2:6>D:\PROJETOS\LAUNCHER C#\launcher\Updater\HashZip\ZIPLib\Zip\ZipEntry.cs(1908,20): warning CS8625: N├úo ├® poss├¡vel converter um literal nulo em um tipo de refer├¬ncia n├úo anul├ível. [D:\PROJETOS\LAUNCHER C#\launcher\L2Updater.csproj]
   2:6>D:\PROJETOS\LAUNCHER C#\launcher\Updater\HashZip\ZIPLib\Zip\ZipFile.cs(2175,15): warning CS8629: O tipo de valor de nulidade pode ser nulo. [D:\PROJETOS\LAUNCHER C#\launcher\L2Updater.csproj]
   2:6>D:\PROJETOS\LAUNCHER C#\launcher\Updater\HashZip\ZIPLib\Zip\ZipFile.cs(2194,19): warning CS8625: N├úo ├® poss├¡vel converter um literal nulo em um tipo de refer├¬ncia n├úo anul├ível. [D:\PROJETOS\LAUNCHER C#\launcher\L2Updater.csproj]
   2:6>D:\PROJETOS\LAUNCHER C#\launcher\Updater\HashZip\ZIPLib\Zip\ZipFile.cs(2202,20): warning CS8625: N├úo ├® poss├¡vel converter um literal nulo em um tipo de refer├¬ncia n├úo anul├ível. [D:\PROJETOS\LAUNCHER C#\launcher\L2Updater.csproj]
   2:6>D:\PROJETOS\LAUNCHER C#\launcher\Updater\HashZip\ZIPLib\Zip\ZipFile.cs(2268,19): warning CS8625: N├úo ├® poss├¡vel converter um literal nulo em um tipo de refer├¬ncia n├úo anul├ível. [D:\PROJETOS\LAUNCHER C#\launcher\L2Updater.csproj]
   2:6>D:\PROJETOS\LAUNCHER C#\launcher\Updater\HashZip\ZIPLib\Zip\ZipFile.cs(2270,25): warning CS8625: N├úo ├® poss├¡vel converter um literal nulo em um tipo de refer├¬ncia n├úo anul├ível. [D:\PROJETOS\LAUNCHER C#\launcher\L2Updater.csproj]
   2:6>D:\PROJETOS\LAUNCHER C#\launcher\Updater\HashZip\ZIPLib\Zip\ZipFile.cs(2277,20): warning CS8625: N├úo ├® poss├¡vel converter um literal nulo em um tipo de refer├¬ncia n├úo anul├ível. [D:\PROJETOS\LAUNCHER C#\launcher\L2Updater.csproj]
   2:6>D:\PROJETOS\LAUNCHER C#\launcher\Updater\HashZip\ZIPLib\Zip\ZipFile.cs(2295,12): warning CS8625: N├úo ├® poss├¡vel converter um literal nulo em um tipo de refer├¬ncia n├úo anul├ível. [D:\PROJETOS\LAUNCHER C#\launcher\L2Updater.csproj]
   2:6>D:\PROJETOS\LAUNCHER C#\launcher\Updater\HashZip\ZIPLib\Zip\ZipFile.cs(2304,36): warning CS8600: Convers├úo de literal nula ou poss├¡vel valor nulo em tipo n├úo anul├ível. [D:\PROJETOS\LAUNCHER C#\launcher\L2Updater.csproj]
   2:6>D:\PROJETOS\LAUNCHER C#\launcher\Updater\HashZip\ZIPLib\Zip\ZipEntry.cs(2138,21): warning CS8600: Convers├úo de literal nula ou poss├¡vel valor nulo em tipo n├úo anul├ível. [D:\PROJETOS\LAUNCHER C#\launcher\L2Updater.csproj]
   2:6>D:\PROJETOS\LAUNCHER C#\launcher\Updater\HashZip\ZIPLib\Zip\ZipFile.cs(2388,19): warning CS8600: Convers├úo de literal nula ou poss├¡vel valor nulo em tipo n├úo anul├ível. [D:\PROJETOS\LAUNCHER C#\launcher\L2Updater.csproj]
   2:6>D:\PROJETOS\LAUNCHER C#\launcher\Updater\HashZip\ZIPLib\Zip\ZipFile.cs(2456,28): warning CS8602: Desrefer├¬ncia de uma refer├¬ncia possivelmente nula. [D:\PROJETOS\LAUNCHER C#\launcher\L2Updater.csproj]
   2:6>D:\PROJETOS\LAUNCHER C#\launcher\Updater\HashZip\ZIPLib\Zip\ZipFile.cs(2466,45): warning CS8625: N├úo ├® poss├¡vel converter um literal nulo em um tipo de refer├¬ncia n├úo anul├ível. [D:\PROJETOS\LAUNCHER C#\launcher\L2Updater.csproj]
   2:6>D:\PROJETOS\LAUNCHER C#\launcher\Updater\HashZip\ZIPLib\Zip\ZipFile.cs(2466,51): warning CS8625: N├úo ├® poss├¡vel converter um literal nulo em um tipo de refer├¬ncia n├úo anul├ível. [D:\PROJETOS\LAUNCHER C#\launcher\L2Updater.csproj]
   2:6>D:\PROJETOS\LAUNCHER C#\launcher\Updater\HashZip\ZIPLib\Zip\ZipFile.cs(2466,57): warning CS8625: N├úo ├® poss├¡vel converter um literal nulo em um tipo de refer├¬ncia n├úo anul├ível. [D:\PROJETOS\LAUNCHER C#\launcher\L2Updater.csproj]
   2:6>D:\PROJETOS\LAUNCHER C#\launcher\Updater\HashZip\ZIPLib\Zip\ZipFile.cs(2471,70): warning CS8625: N├úo ├® poss├¡vel converter um literal nulo em um tipo de refer├¬ncia n├úo anul├ível. [D:\PROJETOS\LAUNCHER C#\launcher\L2Updater.csproj]
   2:6>D:\PROJETOS\LAUNCHER C#\launcher\Updater\HashZip\ZIPLib\Zip\ZipFile.cs(2471,76): warning CS8625: N├úo ├® poss├¡vel converter um literal nulo em um tipo de refer├¬ncia n├úo anul├ível. [D:\PROJETOS\LAUNCHER C#\launcher\L2Updater.csproj]
   2:6>D:\PROJETOS\LAUNCHER C#\launcher\Updater\HashZip\ZIPLib\Zip\ZipFile.cs(2476,99): warning CS8625: N├úo ├® poss├¡vel converter um literal nulo em um tipo de refer├¬ncia n├úo anul├ível. [D:\PROJETOS\LAUNCHER C#\launcher\L2Updater.csproj]
   2:6>D:\PROJETOS\LAUNCHER C#\launcher\Updater\HashZip\ZIPLib\Zip\ZipFile.cs(2483,20): warning CS8625: N├úo ├® poss├¡vel converter um literal nulo em um tipo de refer├¬ncia n├úo anul├ível. [D:\PROJETOS\LAUNCHER C#\launcher\L2Updater.csproj]
   2:6>D:\PROJETOS\LAUNCHER C#\launcher\Updater\HashZip\ZIPLib\Zip\ZipFile.cs(2502,26): warning CS8600: Convers├úo de literal nula ou poss├¡vel valor nulo em tipo n├úo anul├ível. [D:\PROJETOS\LAUNCHER C#\launcher\L2Updater.csproj]
   2:6>D:\PROJETOS\LAUNCHER C#\launcher\Updater\HashZip\ZIPLib\Zip\ZipEntry.cs(2199,20): warning CS8600: Convers├úo de literal nula ou poss├¡vel valor nulo em tipo n├úo anul├ível. [D:\PROJETOS\LAUNCHER C#\launcher\L2Updater.csproj]
   2:6>D:\PROJETOS\LAUNCHER C#\launcher\Updater\HashZip\ZIPLib\Zip\ZipEntry.cs(2200,46): warning CS8600: Convers├úo de literal nula ou poss├¡vel valor nulo em tipo n├úo anul├ível. [D:\PROJETOS\LAUNCHER C#\launcher\L2Updater.csproj]
   2:6>D:\PROJETOS\LAUNCHER C#\launcher\Updater\HashZip\ZIPLib\Zip\ZipEntry.cs(2201,36): warning CS8600: Convers├úo de literal nula ou poss├¡vel valor nulo em tipo n├úo anul├ível. [D:\PROJETOS\LAUNCHER C#\launcher\L2Updater.csproj]
   2:6>D:\PROJETOS\LAUNCHER C#\launcher\Updater\HashZip\ZIPLib\Zip\ZipEntry.cs(2239,22): warning CS8600: Convers├úo de literal nula ou poss├¡vel valor nulo em tipo n├úo anul├ível. [D:\PROJETOS\LAUNCHER C#\launcher\L2Updater.csproj]
   2:6>D:\PROJETOS\LAUNCHER C#\launcher\Updater\HashZip\ZIPLib\Zip\ZipEntry.cs(2480,12): warning CS0219: A vari├ível "flag3" ├® atribu├¡da, mas seu valor nunca ├® usado [D:\PROJETOS\LAUNCHER C#\launcher\L2Updater.csproj]
   2:6>D:\PROJETOS\LAUNCHER C#\launcher\Updater\HashZip\ZIPLib\Zip\ZipFile.cs(2519,18): warning CS8600: Convers├úo de literal nula ou poss├¡vel valor nulo em tipo n├úo anul├ível. [D:\PROJETOS\LAUNCHER C#\launcher\L2Updater.csproj]
   2:6>D:\PROJETOS\LAUNCHER C#\launcher\Updater\HashZip\ZIPLib\Zip\ZipFile.cs(2520,19): warning CS8600: Convers├úo de literal nula ou poss├¡vel valor nulo em tipo n├úo anul├ível. [D:\PROJETOS\LAUNCHER C#\launcher\L2Updater.csproj]
   2:6>D:\PROJETOS\LAUNCHER C#\launcher\Updater\HashZip\ZIPLib\Zip\ZipFile.cs(2531,40): warning CS8625: N├úo ├® poss├¡vel converter um literal nulo em um tipo de refer├¬ncia n├úo anul├ível. [D:\PROJETOS\LAUNCHER C#\launcher\L2Updater.csproj]
   2:6>D:\PROJETOS\LAUNCHER C#\launcher\Updater\HashZip\ZIPLib\Zip\ZipFile.cs(2534,43): warning CS8600: Convers├úo de literal nula ou poss├¡vel valor nulo em tipo n├úo anul├ível. [D:\PROJETOS\LAUNCHER C#\launcher\L2Updater.csproj]
   2:6>D:\PROJETOS\LAUNCHER C#\launcher\Updater\HashZip\ZIPLib\Zip\ZipFile.cs(2565,51): warning CS8625: N├úo ├® poss├¡vel converter um literal nulo em um tipo de refer├¬ncia n├úo anul├ível. [D:\PROJETOS\LAUNCHER C#\launcher\L2Updater.csproj]
   2:6>D:\PROJETOS\LAUNCHER C#\launcher\Updater\HashZip\ZIPLib\Zip\ZipFile.cs(2582,41): warning CS8625: N├úo ├® poss├¡vel converter um literal nulo em um tipo de refer├¬ncia n├úo anul├ível. [D:\PROJETOS\LAUNCHER C#\launcher\L2Updater.csproj]
   2:6>D:\PROJETOS\LAUNCHER C#\launcher\Updater\HashZip\ZIPLib\Zip\ZipFile.cs(2602,31): warning CS8602: Desrefer├¬ncia de uma refer├¬ncia possivelmente nula. [D:\PROJETOS\LAUNCHER C#\launcher\L2Updater.csproj]
   2:6>D:\PROJETOS\LAUNCHER C#\launcher\Updater\HashZip\ZIPLib\Zip\ZipFile.cs(2606,38): warning CS8600: Convers├úo de literal nula ou poss├¡vel valor nulo em tipo n├úo anul├ível. [D:\PROJETOS\LAUNCHER C#\launcher\L2Updater.csproj]
   2:6>D:\PROJETOS\LAUNCHER C#\launcher\Updater\HashZip\ZIPLib\Zip\ZipFile.cs(2615,23): warning CS8600: Convers├úo de literal nula ou poss├¡vel valor nulo em tipo n├úo anul├ível. [D:\PROJETOS\LAUNCHER C#\launcher\L2Updater.csproj]
   2:6>D:\PROJETOS\LAUNCHER C#\launcher\Updater\HashZip\ZIPLib\Zip\ZipFile.cs(2618,17): warning CS8602: Desrefer├¬ncia de uma refer├¬ncia possivelmente nula. [D:\PROJETOS\LAUNCHER C#\launcher\L2Updater.csproj]
   2:6>D:\PROJETOS\LAUNCHER C#\launcher\Updater\HashZip\ZIPLib\Zip\ZipFile.cs(2622,17): warning CS8602: Desrefer├¬ncia de uma refer├¬ncia possivelmente nula. [D:\PROJETOS\LAUNCHER C#\launcher\L2Updater.csproj]
   2:6>D:\PROJETOS\LAUNCHER C#\launcher\Updater\HashZip\ZIPLib\Zip\ZipFile.cs(2642,26): warning CS8600: Convers├úo de literal nula ou poss├¡vel valor nulo em tipo n├úo anul├ível. [D:\PROJETOS\LAUNCHER C#\launcher\L2Updater.csproj]
   2:6>D:\PROJETOS\LAUNCHER C#\launcher\Updater\HashZip\ZIPLib\Zip\ZipFile.cs(2653,48): warning CS8625: N├úo ├® poss├¡vel converter um literal nulo em um tipo de refer├¬ncia n├úo anul├ível. [D:\PROJETOS\LAUNCHER C#\launcher\L2Updater.csproj]
   2:6>D:\PROJETOS\LAUNCHER C#\launcher\Updater\HashZip\ZIPLib\Zip\ZipFile.cs(2719,18): warning CS8600: Convers├úo de literal nula ou poss├¡vel valor nulo em tipo n├úo anul├ível. [D:\PROJETOS\LAUNCHER C#\launcher\L2Updater.csproj]
   2:6>D:\PROJETOS\LAUNCHER C#\launcher\Updater\HashZip\ZIPLib\Zip\ZipFile.cs(2720,18): warning CS8600: Convers├úo de literal nula ou poss├¡vel valor nulo em tipo n├úo anul├ível. [D:\PROJETOS\LAUNCHER C#\launcher\L2Updater.csproj]
   2:6>D:\PROJETOS\LAUNCHER C#\launcher\Updater\HashZip\ZIPLib\Zip\ZipFile.cs(2735,45): warning CS8625: N├úo ├® poss├¡vel converter um literal nulo em um tipo de refer├¬ncia n├úo anul├ível. [D:\PROJETOS\LAUNCHER C#\launcher\L2Updater.csproj]
   2:6>D:\PROJETOS\LAUNCHER C#\launcher\Updater\HashZip\ZIPLib\Zip\ZipFile.cs(2740,45): warning CS8625: N├úo ├® poss├¡vel converter um literal nulo em um tipo de refer├¬ncia n├úo anul├ível. [D:\PROJETOS\LAUNCHER C#\launcher\L2Updater.csproj]
   2:6>D:\PROJETOS\LAUNCHER C#\launcher\Updater\HashZip\ZIPLib\Zip\ZipFile.cs(2745,57): warning CS8625: N├úo ├® poss├¡vel converter um literal nulo em um tipo de refer├¬ncia n├úo anul├ível. [D:\PROJETOS\LAUNCHER C#\launcher\L2Updater.csproj]
   2:6>D:\PROJETOS\LAUNCHER C#\launcher\Updater\HashZip\ZIPLib\Zip\ZipFile.cs(2750,57): warning CS8625: N├úo ├® poss├¡vel converter um literal nulo em um tipo de refer├¬ncia n├úo anul├ível. [D:\PROJETOS\LAUNCHER C#\launcher\L2Updater.csproj]
   2:6>D:\PROJETOS\LAUNCHER C#\launcher\Updater\HashZip\ZIPLib\Zip\ZipEntry.cs(27,22): warning CS8618: O campo n├úo anul├ível '_zipCrypto' precisa conter um valor n├úo nulo ao sair do construtor. Considere adicionar o modificador "obrigat├│rio" ou declarar o campo como anul├ível. [D:\PROJETOS\LAUNCHER C#\launcher\L2Updater.csproj]
   2:6>D:\PROJETOS\LAUNCHER C#\launcher\Updater\HashZip\ZIPLib\Zip\ZipEntry.cs(47,19): warning CS8618: O campo n├úo anul├ível '_LocalFileName' precisa conter um valor n├úo nulo ao sair do construtor. Considere adicionar o modificador "obrigat├│rio" ou declarar o campo como anul├ível. [D:\PROJETOS\LAUNCHER C#\launcher\L2Updater.csproj]
   2:6>D:\PROJETOS\LAUNCHER C#\launcher\Updater\HashZip\ZIPLib\Zip\ZipEntry.cs(49,18): warning CS8618: O campo n├úo anul├ível '_FileNameInArchive' precisa conter um valor n├úo nulo ao sair do construtor. Considere adicionar o modificador "obrigat├│rio" ou declarar o campo como anul├ível. [D:\PROJETOS\LAUNCHER C#\launcher\L2Updater.csproj]
   2:6>D:\PROJETOS\LAUNCHER C#\launcher\Updater\HashZip\ZIPLib\Zip\ZipEntry.cs(57,19): warning CS8618: O campo n├úo anul├ível '_Comment' precisa conter um valor n├úo nulo ao sair do construtor. Considere adicionar o modificador "obrigat├│rio" ou declarar o campo como anul├ível. [D:\PROJETOS\LAUNCHER C#\launcher\L2Updater.csproj]
   2:6>D:\PROJETOS\LAUNCHER C#\launcher\Updater\HashZip\ZIPLib\Zip\ZipEntry.cs(61,18): warning CS8618: O campo n├úo anul├ível '_CommentBytes' precisa conter um valor n├úo nulo ao sair do construtor. Considere adicionar o modificador "obrigat├│rio" ou declarar o campo como anul├ível. [D:\PROJETOS\LAUNCHER C#\launcher\L2Updater.csproj]
   2:6>D:\PROJETOS\LAUNCHER C#\launcher\Updater\HashZip\ZIPLib\Zip\ZipEntry.cs(75,19): warning CS8618: O campo n├úo anul├ível '_Extra' precisa conter um valor n├úo nulo ao sair do construtor. Considere adicionar o modificador "obrigat├│rio" ou declarar o campo como anul├ível. [D:\PROJETOS\LAUNCHER C#\launcher\L2Updater.csproj]
   2:6>D:\PROJETOS\LAUNCHER C#\launcher\Updater\HashZip\ZIPLib\Zip\ZipEntry.cs(89,20): warning CS8618: O campo n├úo anul├ível '_actualEncoding' precisa conter um valor n├úo nulo ao sair do construtor. Considere adicionar o modificador "obrigat├│rio" ou declarar o campo como anul├ível. [D:\PROJETOS\LAUNCHER C#\launcher\L2Updater.csproj]
   2:6>D:\PROJETOS\LAUNCHER C#\launcher\Updater\HashZip\ZIPLib\Zip\ZipEntry.cs(91,20): warning CS8618: O campo n├úo anul├ível '_zipfile' precisa conter um valor n├úo nulo ao sair do construtor. Considere adicionar o modificador "obrigat├│rio" ou declarar o campo como anul├ível. [D:\PROJETOS\LAUNCHER C#\launcher\L2Updater.csproj]
   2:6>D:\PROJETOS\LAUNCHER C#\launcher\Updater\HashZip\ZIPLib\Zip\ZipEntry.cs(95,18): warning CS8618: O campo n├úo anul├ível '_EntryHeader' precisa conter um valor n├úo nulo ao sair do construtor. Considere adicionar o modificador "obrigat├│rio" ou declarar o campo como anul├ível. [D:\PROJETOS\LAUNCHER C#\launcher\L2Updater.csproj]
   2:6>D:\PROJETOS\LAUNCHER C#\launcher\Updater\HashZip\ZIPLib\Zip\ZipEntry.cs(109,19): warning CS8618: O campo n├úo anul├ível '_Password' precisa conter um valor n├úo nulo ao sair do construtor. Considere adicionar o modificador "obrigat├│rio" ou declarar o campo como anul├ível. [D:\PROJETOS\LAUNCHER C#\launcher\L2Updater.csproj]
   2:6>D:\PROJETOS\LAUNCHER C#\launcher\Updater\HashZip\ZIPLib\Zip\ZipEntry.cs(115,19): warning CS8618: O campo n├úo anul├ível '_WeakEncryptionHeader' precisa conter um valor n├úo nulo ao sair do construtor. Considere adicionar o modificador "obrigat├│rio" ou declarar o campo como anul├ível. [D:\PROJETOS\LAUNCHER C#\launcher\L2Updater.csproj]
   2:6>D:\PROJETOS\LAUNCHER C#\launcher\Updater\HashZip\ZIPLib\Zip\ZipEntry.cs(117,19): warning CS8618: O campo n├úo anul├ível '_archiveStream' precisa conter um valor n├úo nulo ao sair do construtor. Considere adicionar o modificador "obrigat├│rio" ou declarar o campo como anul├ível. [D:\PROJETOS\LAUNCHER C#\launcher\L2Updater.csproj]
   2:6>D:\PROJETOS\LAUNCHER C#\launcher\Updater\HashZip\ZIPLib\Zip\ZipEntry.cs(119,18): warning CS8618: O campo n├úo anul├ível '_sourceStream' precisa conter um valor n├úo nulo ao sair do construtor. Considere adicionar o modificador "obrigat├│rio" ou declarar o campo como anul├ível. [D:\PROJETOS\LAUNCHER C#\launcher\L2Updater.csproj]
   2:6>D:\PROJETOS\LAUNCHER C#\launcher\Updater\HashZip\ZIPLib\Zip\ZipEntry.cs(420,33): warning CS8618: O propriedade n├úo anul├ível 'WillReadTwiceOnInflation' precisa conter um valor n├úo nulo ao sair do construtor. Considere adicionar o modificador "obrigat├│rio" ou declarar o propriedade como anul├ível. [D:\PROJETOS\LAUNCHER C#\launcher\L2Updater.csproj]
   2:6>D:\PROJETOS\LAUNCHER C#\launcher\Updater\HashZip\ZIPLib\Zip\ZipEntry.cs(426,34): warning CS8618: O propriedade n├úo anul├ível 'WantCompression' precisa conter um valor n├úo nulo ao sair do construtor. Considere adicionar o modificador "obrigat├│rio" ou declarar o propriedade como anul├ível. [D:\PROJETOS\LAUNCHER C#\launcher\L2Updater.csproj]
   2:6>D:\PROJETOS\LAUNCHER C#\launcher\Updater\HashZip\ZIPLib\Zip\ZipFile.cs(2794,39): warning CS8602: Desrefer├¬ncia de uma refer├¬ncia possivelmente nula. [D:\PROJETOS\LAUNCHER C#\launcher\L2Updater.csproj]
   2:6>D:\PROJETOS\LAUNCHER C#\launcher\Updater\HashZip\ZIPLib\Zip\ZipFile.cs(2806,23): warning CS8625: N├úo ├® poss├¡vel converter um literal nulo em um tipo de refer├¬ncia n├úo anul├ível. [D:\PROJETOS\LAUNCHER C#\launcher\L2Updater.csproj]
   2:6>D:\PROJETOS\LAUNCHER C#\launcher\Updater\HashZip\ZIPLib\Zip\ZipFile.cs(2810,20): warning CS8625: N├úo ├® poss├¡vel converter um literal nulo em um tipo de refer├¬ncia n├úo anul├ível. [D:\PROJETOS\LAUNCHER C#\launcher\L2Updater.csproj]
   2:6>D:\PROJETOS\LAUNCHER C#\launcher\Updater\HashZip\ZIPLib\Zip\ZipFile.cs(136,28): warning CS8625: N├úo ├® poss├¡vel converter um literal nulo em um tipo de refer├¬ncia n├úo anul├ível. [D:\PROJETOS\LAUNCHER C#\launcher\L2Updater.csproj]
   2:6>D:\PROJETOS\LAUNCHER C#\launcher\Updater\HashZip\ZIPLib\ZlibBaseStream.cs(373,6): warning CA2022: Evitar leitura inexata com 'Updater.HashZip.ZIPLib.ZlibBaseStream.Read(byte[], int, int)' (https://learn.microsoft.com/dotnet/fundamentals/code-analysis/quality-rules/ca2022) [D:\PROJETOS\LAUNCHER C#\launcher\L2Updater.csproj]
   2:6>D:\PROJETOS\LAUNCHER C#\launcher\Updater\HashZip\ZIPLib\Zip\ZipEntry.cs(779,4): warning CA2022: Evitar leitura inexata com 'System.IO.Stream.Read(byte[], int, int)' (https://learn.microsoft.com/dotnet/fundamentals/code-analysis/quality-rules/ca2022) [D:\PROJETOS\LAUNCHER C#\launcher\L2Updater.csproj]
   2:6>D:\PROJETOS\LAUNCHER C#\launcher\Updater\HashZip\ZIPLib\Zip\ZipEntry.cs(1270,4): warning CA2022: Evitar leitura inexata com 'System.IO.Stream.Read(byte[], int, int)' (https://learn.microsoft.com/dotnet/fundamentals/code-analysis/quality-rules/ca2022) [D:\PROJETOS\LAUNCHER C#\launcher\L2Updater.csproj]
   2:6>D:\PROJETOS\LAUNCHER C#\launcher\Updater\HashZip\ZIPLib\Zip\ZipFile.cs(1852,6): warning CA2022: Evitar leitura inexata com 'System.IO.Stream.Read(byte[], int, int)' (https://learn.microsoft.com/dotnet/fundamentals/code-analysis/quality-rules/ca2022) [D:\PROJETOS\LAUNCHER C#\launcher\L2Updater.csproj]
   2:6>D:\PROJETOS\LAUNCHER C#\launcher\Updater\HashZip\ZIPLib\Zip\ZipFile.cs(1895,4): warning CA2022: Evitar leitura inexata com 'System.IO.Stream.Read(byte[], int, int)' (https://learn.microsoft.com/dotnet/fundamentals/code-analysis/quality-rules/ca2022) [D:\PROJETOS\LAUNCHER C#\launcher\L2Updater.csproj]
   2:6>D:\PROJETOS\LAUNCHER C#\launcher\Updater\HashZip\ZIPLib\Zip\ZipFile.cs(1903,4): warning CA2022: Evitar leitura inexata com 'System.IO.Stream.Read(byte[], int, int)' (https://learn.microsoft.com/dotnet/fundamentals/code-analysis/quality-rules/ca2022) [D:\PROJETOS\LAUNCHER C#\launcher\L2Updater.csproj]
   2:6>D:\PROJETOS\LAUNCHER C#\launcher\Updater\HashZip\ZIPLib\Zip\ZipFile.cs(1906,4): warning CA2022: Evitar leitura inexata com 'System.IO.Stream.Read(byte[], int, int)' (https://learn.microsoft.com/dotnet/fundamentals/code-analysis/quality-rules/ca2022) [D:\PROJETOS\LAUNCHER C#\launcher\L2Updater.csproj]
   2:6>D:\PROJETOS\LAUNCHER C#\launcher\Updater\HashZip\ZIPLib\Zip\ZipFile.cs(2007,5): warning CA2022: Evitar leitura inexata com 'System.IO.Stream.Read(byte[], int, int)' (https://learn.microsoft.com/dotnet/fundamentals/code-analysis/quality-rules/ca2022) [D:\PROJETOS\LAUNCHER C#\launcher\L2Updater.csproj]
   2:6>D:\PROJETOS\LAUNCHER C#\launcher\Updater\HashZip\ZIPLib\Zip\ZipFile.cs(2014,5): warning CA2022: Evitar leitura inexata com 'System.IO.Stream.Read(byte[], int, int)' (https://learn.microsoft.com/dotnet/fundamentals/code-analysis/quality-rules/ca2022) [D:\PROJETOS\LAUNCHER C#\launcher\L2Updater.csproj]
   2:6>D:\PROJETOS\LAUNCHER C#\launcher\Updater\HashZip\ZIPLib\Zip\ZipFile.cs(2021,5): warning CA2022: Evitar leitura inexata com 'System.IO.Stream.Read(byte[], int, int)' (https://learn.microsoft.com/dotnet/fundamentals/code-analysis/quality-rules/ca2022) [D:\PROJETOS\LAUNCHER C#\launcher\L2Updater.csproj]
   2:6>D:\PROJETOS\LAUNCHER C#\launcher\Updater\HashZip\ZIPLib\Zip\ZipFile.cs(2030,4): warning CA2022: Evitar leitura inexata com 'System.IO.Stream.Read(byte[], int, int)' (https://learn.microsoft.com/dotnet/fundamentals/code-analysis/quality-rules/ca2022) [D:\PROJETOS\LAUNCHER C#\launcher\L2Updater.csproj]
   2:6>D:\PROJETOS\LAUNCHER C#\launcher\Updater\HashZip\ZIPLib\Zip\ZipFile.cs(2037,4): warning CA2022: Evitar leitura inexata com 'System.IO.Stream.Read(byte[], int, int)' (https://learn.microsoft.com/dotnet/fundamentals/code-analysis/quality-rules/ca2022) [D:\PROJETOS\LAUNCHER C#\launcher\L2Updater.csproj]
   2:6>D:\PROJETOS\LAUNCHER C#\launcher\Updater\HashZip\ZIPLib\Zip\ZipFile.cs(2042,5): warning CA2022: Evitar leitura inexata com 'System.IO.Stream.Read(byte[], int, int)' (https://learn.microsoft.com/dotnet/fundamentals/code-analysis/quality-rules/ca2022) [D:\PROJETOS\LAUNCHER C#\launcher\L2Updater.csproj]
   2:6>D:\PROJETOS\LAUNCHER C#\launcher\Updater\HashZip\ZIPLib\Zip\ZipEntry.cs(2571,6): warning CA2022: Evitar leitura inexata com 'System.IO.Stream.Read(byte[], int, int)' (https://learn.microsoft.com/dotnet/fundamentals/code-analysis/quality-rules/ca2022) [D:\PROJETOS\LAUNCHER C#\launcher\L2Updater.csproj]
   2:6>D:\PROJETOS\LAUNCHER C#\launcher\Updater\HashZip\ZIPLib\Zip\ZipFile.cs(2549,49): warning IL3000: 'System.Reflection.Assembly.Location.get' always returns an empty string for assemblies embedded in a single-file app. If the path to the app directory is needed, consider calling 'System.AppContext.BaseDirectory'. [D:\PROJETOS\LAUNCHER C#\launcher\L2Updater.csproj]
   2:6>D:\PROJETOS\LAUNCHER C#\launcher\Updater\HashZip\ZIPLib\Zip\ZipFile.cs(2593,46): warning IL3000: 'System.Reflection.Assembly.Location.get' always returns an empty string for assemblies embedded in a single-file app. If the path to the app directory is needed, consider calling 'System.AppContext.BaseDirectory'. [D:\PROJETOS\LAUNCHER C#\launcher\L2Updater.csproj]
         CompilerServer: server - server processed compilation - L2Updater (net9.0-windows)
       Tarefa em execu├º├úo pronta "Csc".
       A tarefa "CallTarget" foi ignorada devido a condi├º├úo falsa; ('$(TargetsTriggeredByCompilation)' != '') foi avaliado como ('' != '').
   2:6>Destino de compila├º├úo pronto"CoreCompile" no projeto "L2Updater.csproj".
       Destino "_TouchLastBuildWithSkipAnalyzers" ignorado devido ├á condi├º├úo falsa; ('$(_SkipAnalyzers)' == 'true') foi avaliado como ('' == 'true').
       Destino "_TimeStampAfterCompile" ignorado devido ├á condi├º├úo falsa; ('$(RunPostBuildEvent)'=='OnOutputUpdated' or ('$(RegisterForComInterop)'=='true' and '$(OutputType)'=='library')) foi avaliado como (''=='OnOutputUpdated' or (''=='true' and 'WinExe'=='library')).
   2:6>Destino "AfterCompile" no arquivo "C:\Program Files\dotnet\sdk\9.0.304\Microsoft.Common.CurrentVersion.targets" do projeto "D:\PROJETOS\LAUNCHER C#\launcher\L2Updater.csproj" (o destino "Compile" depende dele):
   2:6>Destino de compila├º├úo pronto"AfterCompile" no projeto "L2Updater.csproj".
       Destino "_GetAppHostPaths" ignorado. Compilado anteriormente com ├¬xito.
       Destino "_GetAppHostCreationConfiguration" ignorado. Compilado anteriormente com ├¬xito.
       Destino "CoreCompile" ignorado. Compilado anteriormente com ├¬xito.
   2:6>Destino "_CreateAppHost" no arquivo "C:\Program Files\dotnet\sdk\9.0.304\Sdks\Microsoft.NET.Sdk\targets\Microsoft.NET.Sdk.targets" do projeto "D:\PROJETOS\LAUNCHER C#\launcher\L2Updater.csproj" (o destino "Compile" depende dele):
       Compila├º├úo de destino "_CreateAppHost" conclu├¡da.
       O arquivo de entrada "obj\Debug\net9.0-windows\win-x64\L2Updater.dll" ├® mais recente do que o arquivo de sa├¡da "D:\PROJETOS\LAUNCHER C#\launcher\obj\Debug\net9.0-windows\win-x64\apphost.exe".
       Usando a tarefa "CreateAppHost" do assembly "C:\Program Files\dotnet\sdk\9.0.304\Sdks\Microsoft.NET.Sdk\targets\..\tools\net9.0\Microsoft.NET.Build.Tasks.dll".
       Tarefa "CreateAppHost"
       Tarefa em execu├º├úo pronta "CreateAppHost".
   2:6>Destino de compila├º├úo pronto"_CreateAppHost" no projeto "L2Updater.csproj".
       Destino "_CreateComHost" ignorado devido ├á condi├º├úo falsa; ('$(ComputeNETCoreBuildOutputFiles)' == 'true' and
                            '$(ComHostIntermediatePath)' != '' and
                            Exists('@(IntermediateAssembly)') and
                            Exists('$(ComHostSourcePath)')) foi avaliado como ('true' == 'true' and
                            '' != '' and
                            Exists('obj\Debug\net9.0-windows\win-x64\L2Updater.dll') and
                            Exists('C:\Program Files\dotnet\packs\Microsoft.NETCore.App.Host.win-x64\9.0.8\runtimes\win-x64\native\comhost.dll')).
       Destino "_GetIjwHostPaths" ignorado devido ├á condi├º├úo falsa; ('$(UseIJWHost)' == 'true') foi avaliado como ('' == 'true').
       Destino "PrepareResourcesForSatelliteAssemblies" ignorado devido ├á condi├º├úo falsa; ('$(UICulture)' != '') foi avaliado como ('' != '').
       Destino "MergeLocalizationDirectives" ignorado devido ├á condi├º├úo falsa; ('@(GeneratedLocalizationFiles)' !='') foi avaliado como ('' !='').
   2:6>Destino "AfterCompileWinFX" no arquivo "C:\Program Files\dotnet\sdk\9.0.304\Sdks\Microsoft.NET.Sdk.WindowsDesktop\targets\Microsoft.WinFX.targets" do projeto "D:\PROJETOS\LAUNCHER C#\launcher\L2Updater.csproj" (o destino "_AfterCompileWinFXInternal" depende dele):
   2:6>Destino de compila├º├úo pronto"AfterCompileWinFX" no projeto "L2Updater.csproj".
   2:6>Destino "_AfterCompileWinFXInternal" no arquivo "C:\Program Files\dotnet\sdk\9.0.304\Sdks\Microsoft.NET.Sdk.WindowsDesktop\targets\Microsoft.WinFX.targets" do projeto "D:\PROJETOS\LAUNCHER C#\launcher\L2Updater.csproj" (o destino "Compile" depende dele):
   2:6>Destino de compila├º├úo pronto"_AfterCompileWinFXInternal" no projeto "L2Updater.csproj".
   2:6>Destino "Compile" no arquivo "C:\Program Files\dotnet\sdk\9.0.304\Microsoft.Common.CurrentVersion.targets" do projeto "D:\PROJETOS\LAUNCHER C#\launcher\L2Updater.csproj" (o destino "CoreBuild" depende dele):
   2:6>Destino de compila├º├úo pronto"Compile" no projeto "L2Updater.csproj".
       Destino "ExportWindowsMDFile" ignorado devido ├á condi├º├úo falsa; ('$(ExportWinMDFile)' == 'true') foi avaliado como ('' == 'true').
       Destino "UnmanagedUnregistration" ignorado devido ├á condi├º├úo falsa; ((('$(_AssemblyTimestampBeforeCompile)' != '$(_AssemblyTimestampAfterCompile)' or '$(RegisterForComInterop)' != 'true' or '$(OutputType)' != 'library') or
                           ('$(_AssemblyTimestampBeforeCompile)' == '')) and
                          Exists('@(_UnmanagedRegistrationCache)')) foi avaliado como ((('' != '' or '' != 'true' or 'WinExe' != 'library') or
                           ('' == '')) and
                          Exists('obj\L2Updater.csproj.UnmanagedRegistration.cache')).
       Destino "GenerateSerializationAssemblies" ignorado devido ├á condi├º├úo falsa; ('$(_SGenGenerateSerializationAssembliesConfig)' == 'On' or ('@(WebReferenceUrl)'!='' and '$(_SGenGenerateSerializationAssembliesConfig)' == 'Auto')) foi avaliado como ('Off' == 'On' or (''!='' and 'Off' == 'Auto')).
   2:6>Destino "_GenerateSatelliteAssemblyInputs" no arquivo "C:\Program Files\dotnet\sdk\9.0.304\Microsoft.Common.CurrentVersion.targets" do projeto "D:\PROJETOS\LAUNCHER C#\launcher\L2Updater.csproj" (o destino "CreateSatelliteAssemblies" depende dele):
       A tarefa "MSBuildInternalMessage" foi ignorada devido a condi├º├úo falsa; ('@(ManifestResourceWithCulture)'!='' and '%(ManifestResourceWithCulture.EmittedForCompatibilityOnly)'=='') foi avaliado como (''!='' and ''=='').
       A tarefa "MSBuildInternalMessage" foi ignorada devido a condi├º├úo falsa; ('@(ManifestNonResxWithCultureOnDisk)'!='' and '%(ManifestNonResxWithCultureOnDisk.EmittedForCompatibilityOnly)'=='') foi avaliado como (''!='' and ''=='').
   2:6>Destino de compila├º├úo pronto"_GenerateSatelliteAssemblyInputs" no projeto "L2Updater.csproj".
       Destino "CreateManifestResourceNames" ignorado. Compilado anteriormente com ├¬xito.
   2:6>Destino "ComputeIntermediateSatelliteAssemblies" no arquivo "C:\Program Files\dotnet\sdk\9.0.304\Microsoft.Common.CurrentVersion.targets" do projeto "D:\PROJETOS\LAUNCHER C#\launcher\L2Updater.csproj" (o destino "CreateSatelliteAssemblies" depende dele):
   2:6>Destino de compila├º├úo pronto"ComputeIntermediateSatelliteAssemblies" no projeto "L2Updater.csproj".
       Destino "GenerateSatelliteAssemblies" ignorado devido ├á condi├º├úo falsa; ('@(_SatelliteAssemblyResourceInputs)' != '' and '$(GenerateSatelliteAssembliesForCore)' != 'true') foi avaliado como ('' != '' and 'true' != 'true').
       Destino "CoreGenerateSatelliteAssemblies" ignorado devido ├á condi├º├úo falsa; ('@(_SatelliteAssemblyResourceInputs)' != ''  and '$(GenerateSatelliteAssembliesForCore)' == 'true' ) foi avaliado como ('' != ''  and 'true' == 'true' ).
   2:6>Destino "CreateSatelliteAssemblies" no arquivo "C:\Program Files\dotnet\sdk\9.0.304\Microsoft.Common.CurrentVersion.targets" do projeto "D:\PROJETOS\LAUNCHER C#\launcher\L2Updater.csproj" (o destino "CoreBuild" depende dele):
   2:6>Destino de compila├º├úo pronto"CreateSatelliteAssemblies" no projeto "L2Updater.csproj".
       Destino "GenerateManifests" ignorado devido ├á condi├º├úo falsa; ('$(GenerateClickOnceManifests)'=='true' or '@(NativeReference)'!='' or '@(ResolvedIsolatedComModules)'!='' or '$(GenerateAppxManifest)' == 'true') foi avaliado como (''=='true' or ''!='' or ''!='' or '' == 'true').
   2:6>Destino "GetTargetPathWithTargetPlatformMoniker" no arquivo "C:\Program Files\dotnet\sdk\9.0.304\Microsoft.Common.CurrentVersion.targets" do projeto "D:\PROJETOS\LAUNCHER C#\launcher\L2Updater.csproj" (o destino "GetTargetPath" depende dele):
   2:6>Destino de compila├º├úo pronto"GetTargetPathWithTargetPlatformMoniker" no projeto "L2Updater.csproj".
   2:6>Destino "GetTargetPath" no arquivo "C:\Program Files\dotnet\sdk\9.0.304\Microsoft.Common.CurrentVersion.targets" do projeto "D:\PROJETOS\LAUNCHER C#\launcher\L2Updater.csproj" (o destino "CoreBuild" depende dele):
   2:6>Destino de compila├º├úo pronto"GetTargetPath" no projeto "L2Updater.csproj".
       Destino "ComputeIntermediateSatelliteAssemblies" ignorado. Compilado anteriormente com ├¬xito.
   2:6>Destino "_CopyFilesMarkedCopyLocal" no arquivo "C:\Program Files\dotnet\sdk\9.0.304\Microsoft.Common.CurrentVersion.targets" do projeto "D:\PROJETOS\LAUNCHER C#\launcher\L2Updater.csproj" (o destino "CopyFilesToOutputDirectory" depende dele):
       Tarefa "Copy"
         Copiando o arquivo de "C:\Users\danie\.nuget\packages\microsoft.extensions.configuration.fileextensions\9.0.0\lib\net9.0\Microsoft.Extensions.Configuration.FileExtensions.dll" para "D:\PROJETOS\LAUNCHER C#\launcher\bin\Debug\net9.0-windows\win-x64\Microsoft.Extensions.Configuration.FileExtensions.dll".
         Copiando o arquivo de "C:\Users\danie\.nuget\packages\communitytoolkit.mvvm\8.2.2\lib\net6.0\CommunityToolkit.Mvvm.dll" para "D:\PROJETOS\LAUNCHER C#\launcher\bin\Debug\net9.0-windows\win-x64\CommunityToolkit.Mvvm.dll".
         Copiando o arquivo de "C:\Users\danie\.nuget\packages\microsoft.extensions.configuration.json\9.0.0\lib\net9.0\Microsoft.Extensions.Configuration.Json.dll" para "D:\PROJETOS\LAUNCHER C#\launcher\bin\Debug\net9.0-windows\win-x64\Microsoft.Extensions.Configuration.Json.dll".
         Copiando o arquivo de "C:\Users\danie\.nuget\packages\microsoft.extensions.configuration.binder\9.0.0\lib\net9.0\Microsoft.Extensions.Configuration.Binder.dll" para "D:\PROJETOS\LAUNCHER C#\launcher\bin\Debug\net9.0-windows\win-x64\Microsoft.Extensions.Configuration.Binder.dll".
         Copiando o arquivo de "C:\Users\danie\.nuget\packages\microsoft.extensions.configuration.abstractions\9.0.0\lib\net9.0\Microsoft.Extensions.Configuration.Abstractions.dll" para "D:\PROJETOS\LAUNCHER C#\launcher\bin\Debug\net9.0-windows\win-x64\Microsoft.Extensions.Configuration.Abstractions.dll".
         Copiando o arquivo de "C:\Users\danie\.nuget\packages\microsoft.extensions.configuration\9.0.0\lib\net9.0\Microsoft.Extensions.Configuration.dll" para "D:\PROJETOS\LAUNCHER C#\launcher\bin\Debug\net9.0-windows\win-x64\Microsoft.Extensions.Configuration.dll".
         Copiando o arquivo de "C:\Users\danie\.nuget\packages\microsoft.extensions.dependencyinjection\9.0.0\lib\net9.0\Microsoft.Extensions.DependencyInjection.dll" para "D:\PROJETOS\LAUNCHER C#\launcher\bin\Debug\net9.0-windows\win-x64\Microsoft.Extensions.DependencyInjection.dll".
         Copiando o arquivo de "C:\Users\danie\.nuget\packages\microsoft.extensions.dependencyinjection.abstractions\9.0.0\lib\net9.0\Microsoft.Extensions.DependencyInjection.Abstractions.dll" para "D:\PROJETOS\LAUNCHER C#\launcher\bin\Debug\net9.0-windows\win-x64\Microsoft.Extensions.DependencyInjection.Abstractions.dll".
         Copiando o arquivo de "C:\Users\danie\.nuget\packages\microsoft.extensions.diagnostics\9.0.0\lib\net9.0\Microsoft.Extensions.Diagnostics.dll" para "D:\PROJETOS\LAUNCHER C#\launcher\bin\Debug\net9.0-windows\win-x64\Microsoft.Extensions.Diagnostics.dll".
         Copiando o arquivo de "C:\Users\danie\.nuget\packages\microsoft.extensions.diagnostics.abstractions\9.0.0\lib\net9.0\Microsoft.Extensions.Diagnostics.Abstractions.dll" para "D:\PROJETOS\LAUNCHER C#\launcher\bin\Debug\net9.0-windows\win-x64\Microsoft.Extensions.Diagnostics.Abstractions.dll".
         Copiando o arquivo de "C:\Users\danie\.nuget\packages\microsoft.extensions.fileproviders.abstractions\9.0.0\lib\net9.0\Microsoft.Extensions.FileProviders.Abstractions.dll" para "D:\PROJETOS\LAUNCHER C#\launcher\bin\Debug\net9.0-windows\win-x64\Microsoft.Extensions.FileProviders.Abstractions.dll".
         Copiando o arquivo de "C:\Users\danie\.nuget\packages\microsoft.extensions.fileproviders.physical\9.0.0\lib\net9.0\Microsoft.Extensions.FileProviders.Physical.dll" para "D:\PROJETOS\LAUNCHER C#\launcher\bin\Debug\net9.0-windows\win-x64\Microsoft.Extensions.FileProviders.Physical.dll".
         Copiando o arquivo de "C:\Users\danie\.nuget\packages\microsoft.extensions.filesystemglobbing\9.0.0\lib\net9.0\Microsoft.Extensions.FileSystemGlobbing.dll" para "D:\PROJETOS\LAUNCHER C#\launcher\bin\Debug\net9.0-windows\win-x64\Microsoft.Extensions.FileSystemGlobbing.dll".
         Copiando o arquivo de "C:\Users\danie\.nuget\packages\microsoft.extensions.http\9.0.0\lib\net9.0\Microsoft.Extensions.Http.dll" para "D:\PROJETOS\LAUNCHER C#\launcher\bin\Debug\net9.0-windows\win-x64\Microsoft.Extensions.Http.dll".
         Copiando o arquivo de "C:\Users\danie\.nuget\packages\microsoft.extensions.logging\9.0.0\lib\net9.0\Microsoft.Extensions.Logging.dll" para "D:\PROJETOS\LAUNCHER C#\launcher\bin\Debug\net9.0-windows\win-x64\Microsoft.Extensions.Logging.dll".
         Copiando o arquivo de "C:\Users\danie\.nuget\packages\microsoft.extensions.logging.abstractions\9.0.0\lib\net9.0\Microsoft.Extensions.Logging.Abstractions.dll" para "D:\PROJETOS\LAUNCHER C#\launcher\bin\Debug\net9.0-windows\win-x64\Microsoft.Extensions.Logging.Abstractions.dll".
         Copiando o arquivo de "C:\Users\danie\.nuget\packages\microsoft.extensions.logging.configuration\9.0.0\lib\net9.0\Microsoft.Extensions.Logging.Configuration.dll" para "D:\PROJETOS\LAUNCHER C#\launcher\bin\Debug\net9.0-windows\win-x64\Microsoft.Extensions.Logging.Configuration.dll".
         Copiando o arquivo de "C:\Users\danie\.nuget\packages\microsoft.extensions.logging.console\9.0.0\lib\net9.0\Microsoft.Extensions.Logging.Console.dll" para "D:\PROJETOS\LAUNCHER C#\launcher\bin\Debug\net9.0-windows\win-x64\Microsoft.Extensions.Logging.Console.dll".
         Copiando o arquivo de "C:\Users\danie\.nuget\packages\microsoft.extensions.options\9.0.0\lib\net9.0\Microsoft.Extensions.Options.dll" para "D:\PROJETOS\LAUNCHER C#\launcher\bin\Debug\net9.0-windows\win-x64\Microsoft.Extensions.Options.dll".
         Copiando o arquivo de "C:\Users\danie\.nuget\packages\microsoft.extensions.options.configurationextensions\9.0.0\lib\net9.0\Microsoft.Extensions.Options.ConfigurationExtensions.dll" para "D:\PROJETOS\LAUNCHER C#\launcher\bin\Debug\net9.0-windows\win-x64\Microsoft.Extensions.Options.ConfigurationExtensions.dll".
         Copiando o arquivo de "C:\Users\danie\.nuget\packages\microsoft.extensions.primitives\9.0.0\lib\net9.0\Microsoft.Extensions.Primitives.dll" para "D:\PROJETOS\LAUNCHER C#\launcher\bin\Debug\net9.0-windows\win-x64\Microsoft.Extensions.Primitives.dll".
         Copiando o arquivo de "C:\Users\danie\.nuget\packages\newtonsoft.json\13.0.3\lib\net6.0\Newtonsoft.Json.dll" para "D:\PROJETOS\LAUNCHER C#\launcher\bin\Debug\net9.0-windows\win-x64\Newtonsoft.Json.dll".
         Copiando o arquivo de "C:\Users\danie\.nuget\packages\serilog\4.0.0\lib\net8.0\Serilog.dll" para "D:\PROJETOS\LAUNCHER C#\launcher\bin\Debug\net9.0-windows\win-x64\Serilog.dll".
         Copiando o arquivo de "C:\Users\danie\.nuget\packages\serilog.extensions.logging\8.0.0\lib\net8.0\Serilog.Extensions.Logging.dll" para "D:\PROJETOS\LAUNCHER C#\launcher\bin\Debug\net9.0-windows\win-x64\Serilog.Extensions.Logging.dll".
         Copiando o arquivo de "C:\Users\danie\.nuget\packages\serilog.sinks.console\6.0.0\lib\net8.0\Serilog.Sinks.Console.dll" para "D:\PROJETOS\LAUNCHER C#\launcher\bin\Debug\net9.0-windows\win-x64\Serilog.Sinks.Console.dll".
         Copiando o arquivo de "C:\Users\danie\.nuget\packages\serilog.sinks.file\6.0.0\lib\net8.0\Serilog.Sinks.File.dll" para "D:\PROJETOS\LAUNCHER C#\launcher\bin\Debug\net9.0-windows\win-x64\Serilog.Sinks.File.dll".
       Tarefa em execu├º├úo pronta "Copy".
       Usando a tarefa "Touch" do assembly "Microsoft.Build.Tasks.Core, Version=15.1.0.0, Culture=neutral, PublicKeyToken=b03f5f7f11d50a3a".
       Tarefa "Touch"
         Criando "D:\PROJETOS\LAUNCHER C#\launcher\obj\Debug\net9.0-windows\win-x64\L2Updater.csproj.Up2Date" porque "AlwaysCreate" foi especificado.
         Tocando "D:\PROJETOS\LAUNCHER C#\launcher\obj\Debug\net9.0-windows\win-x64\L2Updater.csproj.Up2Date".
       Tarefa em execu├º├úo pronta "Touch".
   2:6>Destino de compila├º├úo pronto"_CopyFilesMarkedCopyLocal" no projeto "L2Updater.csproj".
       Destino "AssignTargetPaths" ignorado. Compilado anteriormente com ├¬xito.
       Destino "AssignProjectConfiguration" ignorado. Compilado anteriormente com ├¬xito.
       Destino "_SplitProjectReferencesByFileExistence" ignorado. Compilado anteriormente com ├¬xito.
       Destino "_GetProjectReferenceTargetFrameworkProperties" ignorado. Compilado anteriormente com ├¬xito.
   2:6>Destino "_PopulateCommonStateForGetCopyToOutputDirectoryItems" no arquivo "C:\Program Files\dotnet\sdk\9.0.304\Microsoft.Common.CurrentVersion.targets" do projeto "D:\PROJETOS\LAUNCHER C#\launcher\L2Updater.csproj" (o destino "GetCopyToOutputDirectoryItems" depende dele):
   2:6>Destino de compila├º├úo pronto"_PopulateCommonStateForGetCopyToOutputDirectoryItems" no projeto "L2Updater.csproj".
   2:6>Destino "AddDepsJsonAndRuntimeConfigToCopyItemsForReferencingProjects" no arquivo "C:\Program Files\dotnet\sdk\9.0.304\Sdks\Microsoft.NET.Sdk\targets\Microsoft.NET.Sdk.targets" do projeto "D:\PROJETOS\LAUNCHER C#\launcher\L2Updater.csproj" (o destino "GetCopyToOutputDirectoryItems" depende dele):
   2:6>Destino de compila├º├úo pronto"AddDepsJsonAndRuntimeConfigToCopyItemsForReferencingProjects" no projeto "L2Updater.csproj".
   2:6>Destino "GetCopyToOutputDirectoryItems" no arquivo "C:\Program Files\dotnet\sdk\9.0.304\Microsoft.Common.CurrentVersion.targets" do projeto "D:\PROJETOS\LAUNCHER C#\launcher\L2Updater.csproj" (o destino "_CopySourceItemsToOutputDirectory" depende dele):
       Usando a tarefa "CallTarget" do assembly "Microsoft.Build.Tasks.Core, Version=15.1.0.0, Culture=neutral, PublicKeyToken=b03f5f7f11d50a3a".
       Tarefa "CallTarget"
       Destino "_PopulateCommonStateForGetCopyToOutputDirectoryItems" ignorado. Compilado anteriormente com ├¬xito.
       Destino "_AddOutputPathToGlobalPropertiesToRemove" ignorado. Compilado anteriormente com ├¬xito.
   2:6>Destino "_GetCopyToOutputDirectoryItemsFromTransitiveProjectReferences" no arquivo "C:\Program Files\dotnet\sdk\9.0.304\Microsoft.Common.CurrentVersion.targets" do projeto "D:\PROJETOS\LAUNCHER C#\launcher\L2Updater.csproj" (o destino "GetCopyToOutputDirectoryItems" depende dele):
       A tarefa "MSBuild" foi ignorada devido a condi├º├úo falsa; ('@(_MSBuildProjectReferenceExistent)' != '' and '$(_GetChildProjectCopyToOutputDirectoryItems)' == 'true' and '%(_MSBuildProjectReferenceExistent.Private)' != 'false' and '$(UseCommonOutputDirectory)' != 'true') foi avaliado como ('' != '' and 'true' == 'true' and '' != 'false' and 'false' != 'true').
       Tarefa "AssignTargetPath"
       Tarefa em execu├º├úo pronta "AssignTargetPath".
   2:6>Destino de compila├º├úo pronto"_GetCopyToOutputDirectoryItemsFromTransitiveProjectReferences" no projeto "L2Updater.csproj".
       Tarefa em execu├º├úo pronta "CallTarget".
       Tarefa "CallTarget"
       Destino "AssignTargetPaths" ignorado. Compilado anteriormente com ├¬xito.
       Destino "_PopulateCommonStateForGetCopyToOutputDirectoryItems" ignorado. Compilado anteriormente com ├¬xito.
   2:6>Destino "_GetCopyToOutputDirectoryItemsFromThisProject" no arquivo "C:\Program Files\dotnet\sdk\9.0.304\Microsoft.Common.CurrentVersion.targets" do projeto "D:\PROJETOS\LAUNCHER C#\launcher\L2Updater.csproj" (o destino "GetCopyToOutputDirectoryItems" depende dele):
       Tarefa "AssignTargetPath"
       Tarefa em execu├º├úo pronta "AssignTargetPath".
   2:6>Destino de compila├º├úo pronto"_GetCopyToOutputDirectoryItemsFromThisProject" no projeto "L2Updater.csproj".
       Tarefa em execu├º├úo pronta "CallTarget".
   2:6>Destino de compila├º├úo pronto"GetCopyToOutputDirectoryItems" no projeto "L2Updater.csproj".
   2:6>Destino "_CopyOutOfDateSourceItemsToOutputDirectory" no arquivo "C:\Program Files\dotnet\sdk\9.0.304\Microsoft.Common.CurrentVersion.targets" do projeto "D:\PROJETOS\LAUNCHER C#\launcher\L2Updater.csproj" (o destino "_CopySourceItemsToOutputDirectory" depende dele):
       Compila├º├úo de destino "_CopyOutOfDateSourceItemsToOutputDirectory" conclu├¡da.
       O arquivo de sa├¡da "bin\Debug\net9.0-windows\win-x64\appsettings.json" n├úo existe.
       O arquivo de sa├¡da "bin\Debug\net9.0-windows\win-x64\L2Updater.exe" n├úo existe.
       Tarefa "Copy"
         Copiando o arquivo de "D:\PROJETOS\LAUNCHER C#\launcher\obj\Debug\net9.0-windows\win-x64\apphost.exe" para "D:\PROJETOS\LAUNCHER C#\launcher\bin\Debug\net9.0-windows\win-x64\L2Updater.exe".
         Copiando o arquivo de "D:\PROJETOS\LAUNCHER C#\launcher\appsettings.json" para "D:\PROJETOS\LAUNCHER C#\launcher\bin\Debug\net9.0-windows\win-x64\appsettings.json".
       Tarefa em execu├º├úo pronta "Copy".
   2:6>Destino de compila├º├úo pronto"_CopyOutOfDateSourceItemsToOutputDirectory" no projeto "L2Updater.csproj".
       Destino "_CopyOutOfDateSourceItemsToOutputDirectoryAlways" ignorado devido ├á condi├º├úo falsa; ( '@(_SourceItemsToCopyToOutputDirectoryAlways)' != '' ) foi avaliado como ( '' != '' ).
       Destino "_CopyDifferingSourceItemsToOutputDirectory" ignorado devido ├á condi├º├úo falsa; ( '@(_SourceItemsToCopyToOutputDirectoryIfDifferent)' != '' ) foi avaliado como ( '' != '' ).
   2:6>Destino "_CopySourceItemsToOutputDirectory" no arquivo "C:\Program Files\dotnet\sdk\9.0.304\Microsoft.Common.CurrentVersion.targets" do projeto "D:\PROJETOS\LAUNCHER C#\launcher\L2Updater.csproj" (o destino "CopyFilesToOutputDirectory" depende dele):
   2:6>Destino de compila├º├úo pronto"_CopySourceItemsToOutputDirectory" no projeto "L2Updater.csproj".
       Destino "_CopyAppConfigFile" ignorado devido ├á condi├º├úo falsa; ( '@(AppConfigWithTargetPath)' != '' ) foi avaliado como ( '' != '' ).
       Destino "_CopyManifestFiles" ignorado devido ├á condi├º├úo falsa; ( '$(_DeploymentCopyApplicationManifest)'=='true' or '$(GenerateClickOnceManifests)'=='true' ) foi avaliado como ( ''=='true' or ''=='true' ).
   2:6>Destino "_CheckForCompileOutputs" no arquivo "C:\Program Files\dotnet\sdk\9.0.304\Microsoft.Common.CurrentVersion.targets" do projeto "D:\PROJETOS\LAUNCHER C#\launcher\L2Updater.csproj" (o destino "CopyFilesToOutputDirectory" depende dele):
   2:6>Destino de compila├º├úo pronto"_CheckForCompileOutputs" no projeto "L2Updater.csproj".
       Destino "_SGenCheckForOutputs" ignorado devido ├á condi├º├úo falsa; ('$(_SGenGenerateSerializationAssembliesConfig)' == 'On' or ('@(WebReferenceUrl)'!='' and '$(_SGenGenerateSerializationAssembliesConfig)' == 'Auto')) foi avaliado como ('Off' == 'On' or (''!='' and 'Off' == 'Auto')).
       Destino "_DefaultMicrosoftNETPlatformLibrary" ignorado. Compilado anteriormente com ├¬xito.
       Destino "_HandlePackageFileConflicts" ignorado. Compilado anteriormente com ├¬xito.
       Destino "ResolveAssemblyReferences" ignorado. Compilado anteriormente com ├¬xito.
   2:6>Destino "_ComputeReferenceAssemblies" no arquivo "C:\Program Files\dotnet\sdk\9.0.304\Sdks\Microsoft.NET.Sdk\targets\Microsoft.NET.Sdk.targets" do projeto "D:\PROJETOS\LAUNCHER C#\launcher\L2Updater.csproj" (o destino "GenerateBuildDependencyFile" depende dele):
   2:6>Destino de compila├º├úo pronto"_ComputeReferenceAssemblies" no projeto "L2Updater.csproj".
   2:6>Destino "_ComputeUserRuntimeAssemblies" no arquivo "C:\Program Files\dotnet\sdk\9.0.304\Sdks\Microsoft.NET.Sdk\targets\Microsoft.NET.Sdk.targets" do projeto "D:\PROJETOS\LAUNCHER C#\launcher\L2Updater.csproj" (o destino "GenerateBuildDependencyFile" depende dele):
   2:6>Destino de compila├º├úo pronto"_ComputeUserRuntimeAssemblies" no projeto "L2Updater.csproj".
       Destino "ResolveRuntimePackAssets" ignorado devido ├á condi├º├úo falsa; ('@(RuntimePack)' != '') foi avaliado como ('' != '').
       Destino "_ComputePackageReferencePublish" ignorado. Compilado anteriormente com ├¬xito.
       Destino "ComputeDependencyFileCompilerOptions" ignorado devido ├á condi├º├úo falsa; ('$(PreserveCompilationContext)' == 'true') foi avaliado como ('' == 'true').
   2:6>Destino "GenerateBuildDependencyFile" no arquivo "C:\Program Files\dotnet\sdk\9.0.304\Sdks\Microsoft.NET.Sdk\targets\Microsoft.NET.Sdk.targets" do projeto "D:\PROJETOS\LAUNCHER C#\launcher\L2Updater.csproj" (o destino "CopyFilesToOutputDirectory" depende dele):
       Compila├º├úo de destino "GenerateBuildDependencyFile" conclu├¡da.
       O arquivo de sa├¡da "D:\PROJETOS\LAUNCHER C#\launcher\bin\Debug\net9.0-windows\win-x64\L2Updater.deps.json" n├úo existe.
       Usando a tarefa "GenerateDepsFile" do assembly "C:\Program Files\dotnet\sdk\9.0.304\Sdks\Microsoft.NET.Sdk\targets\..\tools\net9.0\Microsoft.NET.Build.Tasks.dll".
       Tarefa "GenerateDepsFile"
       Tarefa em execu├º├úo pronta "GenerateDepsFile".
   2:6>Destino de compila├º├úo pronto"GenerateBuildDependencyFile" no projeto "L2Updater.csproj".
       Destino "_DefaultMicrosoftNETPlatformLibrary" ignorado. Compilado anteriormente com ├¬xito.
   2:6>Destino "_GenerateRuntimeConfigurationFilesInputCache" no arquivo "C:\Program Files\dotnet\sdk\9.0.304\Sdks\Microsoft.NET.Sdk\targets\Microsoft.NET.Sdk.targets" do projeto "D:\PROJETOS\LAUNCHER C#\launcher\L2Updater.csproj" (o destino "GenerateBuildRuntimeConfigurationFiles" depende dele):
       Tarefa "Hash"
       Tarefa em execu├º├úo pronta "Hash".
       Tarefa "WriteLinesToFile"
       Tarefa em execu├º├úo pronta "WriteLinesToFile".
   2:6>Destino de compila├º├úo pronto"_GenerateRuntimeConfigurationFilesInputCache" no projeto "L2Updater.csproj".
   2:6>Destino "GenerateBuildRuntimeConfigurationFiles" no arquivo "C:\Program Files\dotnet\sdk\9.0.304\Sdks\Microsoft.NET.Sdk\targets\Microsoft.NET.Sdk.targets" do projeto "D:\PROJETOS\LAUNCHER C#\launcher\L2Updater.csproj" (o destino "CopyFilesToOutputDirectory" depende dele):
       Compila├º├úo de destino "GenerateBuildRuntimeConfigurationFiles" conclu├¡da.
       O arquivo de sa├¡da "D:\PROJETOS\LAUNCHER C#\launcher\bin\Debug\net9.0-windows\win-x64\L2Updater.runtimeconfig.json" n├úo existe.
       A tarefa "NETSdkError" foi ignorada devido a condi├º├úo falsa; ('$(RollForward)' != '' and '$(RollForward)' != 'Major' and '$(RollForward)' != 'LatestMajor' and '$(_IsRollForwardSupported)' != 'true') foi avaliado como ('' != '' and '' != 'Major' and '' != 'LatestMajor' and 'true' != 'true').
       Usando a tarefa "GenerateRuntimeConfigurationFiles" do assembly "C:\Program Files\dotnet\sdk\9.0.304\Sdks\Microsoft.NET.Sdk\targets\..\tools\net9.0\Microsoft.NET.Build.Tasks.dll".
       Tarefa "GenerateRuntimeConfigurationFiles"
       Tarefa em execu├º├úo pronta "GenerateRuntimeConfigurationFiles".
   2:6>Destino de compila├º├úo pronto"GenerateBuildRuntimeConfigurationFiles" no projeto "L2Updater.csproj".
       Destino "GenerateShimsAssets" ignorado devido ├á condi├º├úo falsa; ('$(PackAsTool)' == 'true' and $(PackAsToolShimRuntimeIdentifiers) != '' ) foi avaliado como ('' == 'true' and  != '' ).
   2:6>Destino "CopyFilesToOutputDirectory" no arquivo "C:\Program Files\dotnet\sdk\9.0.304\Microsoft.Common.CurrentVersion.targets" do projeto "D:\PROJETOS\LAUNCHER C#\launcher\L2Updater.csproj" (o destino "PrepareForRun" depende dele):
       Tarefa "Copy"
         Copiando o arquivo de "D:\PROJETOS\LAUNCHER C#\launcher\obj\Debug\net9.0-windows\win-x64\L2Updater.dll" para "D:\PROJETOS\LAUNCHER C#\launcher\bin\Debug\net9.0-windows\win-x64\L2Updater.dll".
       Tarefa em execu├º├úo pronta "Copy".
       Usando a tarefa "CopyRefAssembly" do assembly "C:\Program Files\dotnet\sdk\9.0.304\Roslyn\Microsoft.Build.Tasks.CodeAnalysis.dll".
       Tarefa "CopyRefAssembly"
         Assembly carregado durante TaskRun (Microsoft.CodeAnalysis.BuildTasks.CopyRefAssembly): Microsoft.Build.Tasks.CodeAnalysis.resources, Version=4.14.12.35903, Culture=pt-BR, PublicKeyToken=31bf3856ad364e35 (local: C:\Program Files\dotnet\sdk\9.0.304\Roslyn\pt-BR\Microsoft.Build.Tasks.CodeAnalysis.resources.dll, MVID: 1396755d-8f81-4ef9-8beb-eeb47683fce4, AssemblyLoadContext: MSBuild plugin C:\Program Files\dotnet\sdk\9.0.304\Roslyn\Microsoft.Build.Tasks.CodeAnalysis.dll)
         Copiando assembly de refer├¬ncia de "obj\Debug\net9.0-windows\win-x64\refint\L2Updater.dll" para "D:\PROJETOS\LAUNCHER C#\launcher\obj\Debug\net9.0-windows\win-x64\ref\L2Updater.dll".
       Tarefa em execu├º├úo pronta "CopyRefAssembly".
       Tarefa "Message"
         L2Updater -> D:\PROJETOS\LAUNCHER C#\launcher\bin\Debug\net9.0-windows\win-x64\L2Updater.dll
       Tarefa em execu├º├úo pronta "Message".
       A tarefa "Copy" foi ignorada devido a condi├º├úo falsa; ('@(AddModules)' != '') foi avaliado como ('' != '').
       A tarefa "Copy" foi ignorada devido a condi├º├úo falsa; ('$(_SGenDllCreated)'=='true') foi avaliado como ('false'=='true').
       Tarefa "Copy"
         Copiando o arquivo de "D:\PROJETOS\LAUNCHER C#\launcher\obj\Debug\net9.0-windows\win-x64\L2Updater.pdb" para "D:\PROJETOS\LAUNCHER C#\launcher\bin\Debug\net9.0-windows\win-x64\L2Updater.pdb".
       Tarefa em execu├º├úo pronta "Copy".
       A tarefa "Copy" foi ignorada devido a condi├º├úo falsa; ('$(_DocumentationFileProduced)'=='true' and '$(CopyDocumentationFileToOutputDirectory)'=='true') foi avaliado como ('false'=='true' and 'true'=='true').
       A tarefa "Copy" foi ignorada devido a condi├º├úo falsa; ('@(IntermediateSatelliteAssembliesWithTargetPath)' != '') foi avaliado como ('' != '').
       A tarefa "Copy" foi ignorada devido a condi├º├úo falsa; ('@(ReferenceComWrappersToCopyLocal)' != '' or '@(ResolvedIsolatedComModules)' != '' or '@(_DeploymentLooseManifestFile)' != '' or '@(NativeReferenceFile)' != '' ) foi avaliado como ('' != '' or '' != '' or '' != '' or '' != '' ).
       A tarefa "Copy" foi ignorada devido a condi├º├úo falsa; ('$(SkipCopyWinMDArtifact)' != 'true' and '@(WinMDExpArtifacts)' != '') foi avaliado como ('' != 'true' and '' != '').
       A tarefa "Message" foi ignorada devido a condi├º├úo falsa; ('$(SkipCopyWinMDArtifact)' != 'true' and '$(_WindowsMetadataOutputPath)' != '') foi avaliado como ('' != 'true' and '' != '').
   2:6>Destino de compila├º├úo pronto"CopyFilesToOutputDirectory" no projeto "L2Updater.csproj".
       Destino "_CopyReferenceOnlyAssembliesForBuild" ignorado devido ├á condi├º├úo falsa; ('$(PreserveCompilationReferences)' == 'true') foi avaliado como ('' == 'true').
   2:6>Destino "PrepareForRun" no arquivo "C:\Program Files\dotnet\sdk\9.0.304\Microsoft.Common.CurrentVersion.targets" do projeto "D:\PROJETOS\LAUNCHER C#\launcher\L2Updater.csproj" (o destino "CoreBuild" depende dele):
   2:6>Destino de compila├º├úo pronto"PrepareForRun" no projeto "L2Updater.csproj".
       Destino "UnmanagedRegistration" ignorado devido ├á condi├º├úo falsa; ('$(RegisterForComInterop)'=='true' and '$(OutputType)'=='library') foi avaliado como (''=='true' and 'WinExe'=='library').
       Destino "_CheckForCompileOutputs" ignorado. Compilado anteriormente com ├¬xito.
       Destino "_SGenCheckForOutputs" ignorado devido ├á condi├º├úo falsa; ('$(_SGenGenerateSerializationAssembliesConfig)' == 'On' or ('@(WebReferenceUrl)'!='' and '$(_SGenGenerateSerializationAssembliesConfig)' == 'Auto')) foi avaliado como ('Off' == 'On' or (''!='' and 'Off' == 'Auto')).
   2:6>Destino "_CleanGetCurrentAndPriorFileWrites" no arquivo "C:\Program Files\dotnet\sdk\9.0.304\Microsoft.Common.CurrentVersion.targets" do projeto "D:\PROJETOS\LAUNCHER C#\launcher\L2Updater.csproj" (o destino "IncrementalClean" depende dele):
       Usando a tarefa "ReadLinesFromFile" do assembly "Microsoft.Build.Tasks.Core, Version=15.1.0.0, Culture=neutral, PublicKeyToken=b03f5f7f11d50a3a".
       Tarefa "ReadLinesFromFile"
       Tarefa em execu├º├úo pronta "ReadLinesFromFile".
       Tarefa "ConvertToAbsolutePath"
       Tarefa em execu├º├úo pronta "ConvertToAbsolutePath".
       Usando a tarefa "FindUnderPath" do assembly "Microsoft.Build.Tasks.Core, Version=15.1.0.0, Culture=neutral, PublicKeyToken=b03f5f7f11d50a3a".
       Tarefa "FindUnderPath"
         O caminho de compara├º├úo ├® "D:\PROJETOS\LAUNCHER C#\launcher".
       Tarefa em execu├º├úo pronta "FindUnderPath".
       Tarefa "FindUnderPath"
         O caminho de compara├º├úo ├® "bin\Debug\net9.0-windows\win-x64\".
       Tarefa em execu├º├úo pronta "FindUnderPath".
       Tarefa "FindUnderPath"
         O caminho de compara├º├úo ├® "obj\Debug\net9.0-windows\win-x64\".
       Tarefa em execu├º├úo pronta "FindUnderPath".
       Tarefa "RemoveDuplicates"
       Tarefa em execu├º├úo pronta "RemoveDuplicates".
   2:6>Destino de compila├º├úo pronto"_CleanGetCurrentAndPriorFileWrites" no projeto "L2Updater.csproj".
   2:6>Destino "IncrementalClean" no arquivo "C:\Program Files\dotnet\sdk\9.0.304\Microsoft.Common.CurrentVersion.targets" do projeto "D:\PROJETOS\LAUNCHER C#\launcher\L2Updater.csproj" (o destino "CoreBuild" depende dele):
       Tarefa "FindUnderPath"
         O caminho de compara├º├úo ├® "bin\Debug\net9.0-windows\win-x64\".
       Tarefa em execu├º├úo pronta "FindUnderPath".
       Tarefa "FindUnderPath"
         O caminho de compara├º├úo ├® "obj\Debug\net9.0-windows\win-x64\".
       Tarefa em execu├º├úo pronta "FindUnderPath".
       Tarefa "Delete"
       Tarefa em execu├º├úo pronta "Delete".
       Tarefa "RemoveDuplicates"
       Tarefa em execu├º├úo pronta "RemoveDuplicates".
       Tarefa "WriteLinesToFile"
       Tarefa em execu├º├úo pronta "WriteLinesToFile".
   2:6>Destino de compila├º├úo pronto"IncrementalClean" no projeto "L2Updater.csproj".
       Destino "PostBuildEvent" ignorado devido ├á condi├º├úo falsa; ('$(PostBuildEvent)' != '' and ('$(RunPostBuildEvent)' != 'OnOutputUpdated' or '$(_AssemblyTimestampBeforeCompile)' != '$(_AssemblyTimestampAfterCompile)')) foi avaliado como ('' != '' and ('' != 'OnOutputUpdated' or '' != '')).
       Destino "GenerateBuildDependencyFile" ignorado. Compilado anteriormente com ├¬xito.
       Destino "GenerateBuildRuntimeConfigurationFiles" ignorado. Compilado anteriormente com ├¬xito.
   2:6>Destino "CoreBuild" no arquivo "C:\Program Files\dotnet\sdk\9.0.304\Microsoft.Common.CurrentVersion.targets" do projeto "D:\PROJETOS\LAUNCHER C#\launcher\L2Updater.csproj" (o destino "Build" depende dele):
   2:6>Destino de compila├º├úo pronto"CoreBuild" no projeto "L2Updater.csproj".
   2:6>Destino "AfterBuild" no arquivo "C:\Program Files\dotnet\sdk\9.0.304\Microsoft.Common.CurrentVersion.targets" do projeto "D:\PROJETOS\LAUNCHER C#\launcher\L2Updater.csproj" (o destino "Build" depende dele):
   2:6>Destino de compila├º├úo pronto"AfterBuild" no projeto "L2Updater.csproj".
       Destino "_CheckBrowserWorkloadNeededButNotAvailable" ignorado devido ├á condi├º├úo falsa; ('$(RuntimeIdentifier)' == 'browser-wasm' and '$(_BrowserWorkloadDisabled)' != 'true' and '$(WasmNativeWorkloadAvailable)' != 'true') foi avaliado como ('win-x64' == 'browser-wasm' and '' != 'true' and '' != 'true').
       Destino "_ErrorWorkloadDisabledForTFMLessThan6" ignorado devido ├á condi├º├úo falsa; ('$(_BrowserWorkloadNotSupportedForTFM)' == 'true') foi avaliado como ('' == 'true').
       Destino "_ErrorDualWasmThreadPropsOn7" ignorado devido ├á condi├º├úo falsa; ('$(TargetsNet7)' == 'true' and '$(RuntimeIdentifier)' == 'browser-wasm' and
           '$(BrowserWorkloadDisabled)' != 'true' and '$(WasmEnableThreads)' == 'true' and '$(WasmEnablePerfTrace)' == 'true') foi avaliado como ('' == 'true' and 'win-x64' == 'browser-wasm' and
           '' != 'true' and '' == 'true' and '' == 'true').
       Destino "_CheckForInvalidConfigurationAndPlatform" ignorado. Compilado anteriormente com ├¬xito.
       Destino "_CheckForInvalidConfigurationAndPlatform" ignorado. Compilado anteriormente com ├¬xito.
   2:6>Destino "Build" no arquivo "C:\Program Files\dotnet\sdk\9.0.304\Microsoft.Common.CurrentVersion.targets" do projeto "D:\PROJETOS\LAUNCHER C#\launcher\L2Updater.csproj" (ponto de entrada):
   2:6>Destino de compila├º├úo pronto"Build" no projeto "L2Updater.csproj".
       Destino "_PackAsBuildAfterTarget" ignorado devido ├á condi├º├úo falsa; ('$(GeneratePackageOnBuild)' == 'true' AND '$(IsInnerBuild)' != 'true') foi avaliado como ('false' == 'true' AND '' != 'true').
   2:6>Destino "_CheckContainersPackage" no arquivo "C:\Program Files\dotnet\sdk\9.0.304\Containers\build\Microsoft.NET.Build.Containers.targets" do projeto "D:\PROJETOS\LAUNCHER C#\launcher\L2Updater.csproj" (ponto de entrada):
       A tarefa "Warning" foi ignorada devido a condi├º├úo falsa; ($(_ContainerPackageIsPresent)
               and (
                 ($(_SdkCanPublishWeb) and $(_IsWebProject)) or
                 ($(_SdkCanPublishWorker) and $(_IsWorkerProject)) or
                 ($(_SdkCanPublishConsole) and '$(EnableSdkContainerSupport)' == 'true')
               )) foi avaliado como (false
               and (
                 (True and false) or
                 (True and false) or
                 (True and 'true' == 'true')
               )).
   2:6>Destino de compila├º├úo pronto"_CheckContainersPackage" no projeto "L2Updater.csproj".
   2:6>Projeto de compila├º├úo pronto "D:\PROJETOS\LAUNCHER C#\launcher\L2Updater.csproj" (destinos padr├úo).
   1:2>Tarefa em execu├º├úo pronta "MSBuild".
   1:2>Destino de compila├º├úo pronto"Build" no projeto "L2Updater.sln".
   1:2>Projeto de compila├º├úo pronto "D:\PROJETOS\LAUNCHER C#\launcher\L2Updater.sln" (destinos padr├úo).

Compila├º├úo com ├¬xito.

       "D:\PROJETOS\LAUNCHER C#\launcher\L2Updater.sln" (destino padr├úo) (1:2) ->
       "D:\PROJETOS\LAUNCHER C#\launcher\L2Updater.csproj" (destino padr├úo) (2:6) ->
       "D:\PROJETOS\LAUNCHER C#\launcher\L2Updater_g4gic3ee_wpftmp.csproj" (_CompileTemporaryAssembly destino) (3) ->
       (CoreCompile destino) -> 
         D:\PROJETOS\LAUNCHER C#\launcher\Updater\HashZip\ZIPLib\CRC32.cs(25,34): warning CS8625: N├úo ├® poss├¡vel converter um literal nulo em um tipo de refer├¬ncia n├úo anul├ível. [D:\PROJETOS\LAUNCHER C#\launcher\L2Updater_g4gic3ee_wpftmp.csproj]
         D:\PROJETOS\LAUNCHER C#\launcher\Updater\HashZip\ZIPLib\DeflateManager.cs(247,12): warning CS8618: O campo n├úo anul├ível 'DeflateFunction' precisa conter um valor n├úo nulo ao sair do construtor. Considere adicionar o modificador "obrigat├│rio" ou declarar o campo como anul├ível. [D:\PROJETOS\LAUNCHER C#\launcher\L2Updater_g4gic3ee_wpftmp.csproj]
         D:\PROJETOS\LAUNCHER C#\launcher\Updater\HashZip\ZIPLib\DeflateManager.cs(247,12): warning CS8618: O campo n├úo anul├ível '_codec' precisa conter um valor n├úo nulo ao sair do construtor. Considere adicionar o modificador "obrigat├│rio" ou declarar o campo como anul├ível. [D:\PROJETOS\LAUNCHER C#\launcher\L2Updater_g4gic3ee_wpftmp.csproj]
         D:\PROJETOS\LAUNCHER C#\launcher\Updater\HashZip\ZIPLib\DeflateManager.cs(247,12): warning CS8618: O campo n├úo anul├ível 'pending' precisa conter um valor n├úo nulo ao sair do construtor. Considere adicionar o modificador "obrigat├│rio" ou declarar o campo como anul├ível. [D:\PROJETOS\LAUNCHER C#\launcher\L2Updater_g4gic3ee_wpftmp.csproj]
         D:\PROJETOS\LAUNCHER C#\launcher\Updater\HashZip\ZIPLib\DeflateManager.cs(247,12): warning CS8618: O campo n├úo anul├ível 'window' precisa conter um valor n├úo nulo ao sair do construtor. Considere adicionar o modificador "obrigat├│rio" ou declarar o campo como anul├ível. [D:\PROJETOS\LAUNCHER C#\launcher\L2Updater_g4gic3ee_wpftmp.csproj]
         D:\PROJETOS\LAUNCHER C#\launcher\Updater\HashZip\ZIPLib\DeflateManager.cs(247,12): warning CS8618: O campo n├úo anul├ível 'prev' precisa conter um valor n├úo nulo ao sair do construtor. Considere adicionar o modificador "obrigat├│rio" ou declarar o campo como anul├ível. [D:\PROJETOS\LAUNCHER C#\launcher\L2Updater_g4gic3ee_wpftmp.csproj]
         D:\PROJETOS\LAUNCHER C#\launcher\Updater\HashZip\ZIPLib\DeflateManager.cs(247,12): warning CS8618: O campo n├úo anul├ível 'head' precisa conter um valor n├úo nulo ao sair do construtor. Considere adicionar o modificador "obrigat├│rio" ou declarar o campo como anul├ível. [D:\PROJETOS\LAUNCHER C#\launcher\L2Updater_g4gic3ee_wpftmp.csproj]
         D:\PROJETOS\LAUNCHER C#\launcher\Updater\HashZip\ZIPLib\DeflateManager.cs(247,12): warning CS8618: O campo n├úo anul├ível 'config' precisa conter um valor n├úo nulo ao sair do construtor. Considere adicionar o modificador "obrigat├│rio" ou declarar o campo como anul├ível. [D:\PROJETOS\LAUNCHER C#\launcher\L2Updater_g4gic3ee_wpftmp.csproj]
         D:\PROJETOS\LAUNCHER C#\launcher\Updater\HashZip\ZIPLib\InflateBlocks.cs(121,10): warning CS8625: N├úo ├® poss├¡vel converter um literal nulo em um tipo de refer├¬ncia n├úo anul├ível. [D:\PROJETOS\LAUNCHER C#\launcher\L2Updater_g4gic3ee_wpftmp.csproj]
         D:\PROJETOS\LAUNCHER C#\launcher\Updater\HashZip\ZIPLib\InflateBlocks.cs(113,12): warning CS8618: O campo n├úo anul├ível 'blens' precisa conter um valor n├úo nulo ao sair do construtor. Considere adicionar o modificador "obrigat├│rio" ou declarar o campo como anul├ível. [D:\PROJETOS\LAUNCHER C#\launcher\L2Updater_g4gic3ee_wpftmp.csproj]
         D:\PROJETOS\LAUNCHER C#\launcher\Updater\HashZip\ZIPLib\InflateBlocks.cs(142,50): warning CS8625: N├úo ├® poss├¡vel converter um literal nulo em um tipo de refer├¬ncia n├úo anul├ível. [D:\PROJETOS\LAUNCHER C#\launcher\L2Updater_g4gic3ee_wpftmp.csproj]
         D:\PROJETOS\LAUNCHER C#\launcher\Updater\HashZip\ZIPLib\InflateCodes.cs(76,12): warning CS8618: O campo n├úo anul├ível 'tree' precisa conter um valor n├úo nulo ao sair do construtor. Considere adicionar o modificador "obrigat├│rio" ou declarar o campo como anul├ível. [D:\PROJETOS\LAUNCHER C#\launcher\L2Updater_g4gic3ee_wpftmp.csproj]
         D:\PROJETOS\LAUNCHER C#\launcher\Updater\HashZip\ZIPLib\InflateCodes.cs(76,12): warning CS8618: O campo n├úo anul├ível 'ltree' precisa conter um valor n├úo nulo ao sair do construtor. Considere adicionar o modificador "obrigat├│rio" ou declarar o campo como anul├ível. [D:\PROJETOS\LAUNCHER C#\launcher\L2Updater_g4gic3ee_wpftmp.csproj]
         D:\PROJETOS\LAUNCHER C#\launcher\Updater\HashZip\ZIPLib\InflateCodes.cs(76,12): warning CS8618: O campo n├úo anul├ível 'dtree' precisa conter um valor n├úo nulo ao sair do construtor. Considere adicionar o modificador "obrigat├│rio" ou declarar o campo como anul├ível. [D:\PROJETOS\LAUNCHER C#\launcher\L2Updater_g4gic3ee_wpftmp.csproj]
         D:\PROJETOS\LAUNCHER C#\launcher\Updater\HashZip\ZIPLib\InflateCodes.cs(89,11): warning CS8625: N├úo ├® poss├¡vel converter um literal nulo em um tipo de refer├¬ncia n├úo anul├ível. [D:\PROJETOS\LAUNCHER C#\launcher\L2Updater_g4gic3ee_wpftmp.csproj]
         D:\PROJETOS\LAUNCHER C#\launcher\Updater\HashZip\ZIPLib\InflateManager.cs(75,10): warning CS8618: O campo n├úo anul├ível '_codec' precisa conter um valor n├úo nulo ao sair do construtor. Considere adicionar o modificador "obrigat├│rio" ou declarar o campo como anul├ível. [D:\PROJETOS\LAUNCHER C#\launcher\L2Updater_g4gic3ee_wpftmp.csproj]
         D:\PROJETOS\LAUNCHER C#\launcher\Updater\HashZip\ZIPLib\InflateManager.cs(75,10): warning CS8618: O campo n├úo anul├ível 'blocks' precisa conter um valor n├úo nulo ao sair do construtor. Considere adicionar o modificador "obrigat├│rio" ou declarar o campo como anul├ível. [D:\PROJETOS\LAUNCHER C#\launcher\L2Updater_g4gic3ee_wpftmp.csproj]
         D:\PROJETOS\LAUNCHER C#\launcher\Updater\HashZip\ZIPLib\InflateManager.cs(79,10): warning CS8618: O campo n├úo anul├ível '_codec' precisa conter um valor n├úo nulo ao sair do construtor. Considere adicionar o modificador "obrigat├│rio" ou declarar o campo como anul├ível. [D:\PROJETOS\LAUNCHER C#\launcher\L2Updater_g4gic3ee_wpftmp.csproj]
         D:\PROJETOS\LAUNCHER C#\launcher\Updater\HashZip\ZIPLib\InflateManager.cs(79,10): warning CS8618: O campo n├úo anul├ível 'blocks' precisa conter um valor n├úo nulo ao sair do construtor. Considere adicionar o modificador "obrigat├│rio" ou declarar o campo como anul├ível. [D:\PROJETOS\LAUNCHER C#\launcher\L2Updater_g4gic3ee_wpftmp.csproj]
         D:\PROJETOS\LAUNCHER C#\launcher\Updater\HashZip\ZIPLib\InflateManager.cs(87,21): warning CS8625: N├úo ├® poss├¡vel converter um literal nulo em um tipo de refer├¬ncia n├úo anul├ível. [D:\PROJETOS\LAUNCHER C#\launcher\L2Updater_g4gic3ee_wpftmp.csproj]
         D:\PROJETOS\LAUNCHER C#\launcher\Updater\HashZip\ZIPLib\InflateManager.cs(89,17): warning CS8625: N├úo ├® poss├¡vel converter um literal nulo em um tipo de refer├¬ncia n├úo anul├ível. [D:\PROJETOS\LAUNCHER C#\launcher\L2Updater_g4gic3ee_wpftmp.csproj]
         D:\PROJETOS\LAUNCHER C#\launcher\Updater\HashZip\ZIPLib\InflateManager.cs(99,13): warning CS8625: N├úo ├® poss├¡vel converter um literal nulo em um tipo de refer├¬ncia n├úo anul├ível. [D:\PROJETOS\LAUNCHER C#\launcher\L2Updater_g4gic3ee_wpftmp.csproj]
         D:\PROJETOS\LAUNCHER C#\launcher\Updater\HashZip\ZIPLib\GZipStream.cs(191,10): warning CS8618: O campo n├úo anul├ível '_FileName' precisa conter um valor n├úo nulo ao sair do construtor. Considere adicionar o modificador "obrigat├│rio" ou declarar o campo como anul├ível. [D:\PROJETOS\LAUNCHER C#\launcher\L2Updater_g4gic3ee_wpftmp.csproj]
         D:\PROJETOS\LAUNCHER C#\launcher\Updater\HashZip\ZIPLib\GZipStream.cs(191,10): warning CS8618: O campo n├úo anul├ível '_Comment' precisa conter um valor n├úo nulo ao sair do construtor. Considere adicionar o modificador "obrigat├│rio" ou declarar o campo como anul├ível. [D:\PROJETOS\LAUNCHER C#\launcher\L2Updater_g4gic3ee_wpftmp.csproj]
         D:\PROJETOS\LAUNCHER C#\launcher\Updater\HashZip\ZIPLib\InflateManager.cs(106,21): warning CS8625: N├úo ├® poss├¡vel converter um literal nulo em um tipo de refer├¬ncia n├úo anul├ível. [D:\PROJETOS\LAUNCHER C#\launcher\L2Updater_g4gic3ee_wpftmp.csproj]
         D:\PROJETOS\LAUNCHER C#\launcher\Updater\HashZip\ZIPLib\InflateManager.cs(107,13): warning CS8625: N├úo ├® poss├¡vel converter um literal nulo em um tipo de refer├¬ncia n├úo anul├ível. [D:\PROJETOS\LAUNCHER C#\launcher\L2Updater_g4gic3ee_wpftmp.csproj]
         D:\PROJETOS\LAUNCHER C#\launcher\Updater\HashZip\ZIPLib\InflateManager.cs(114,38): warning CS8604: Poss├¡vel argumento de refer├¬ncia nula para o par├ómetro 'checkfn' em 'InflateBlocks.InflateBlocks(ZlibCodec codec, object checkfn, int w)'. [D:\PROJETOS\LAUNCHER C#\launcher\L2Updater_g4gic3ee_wpftmp.csproj]
         D:\PROJETOS\LAUNCHER C#\launcher\Updater\UtillsClasses\DownloadUtills.cs(32,52): warning SYSLIB0014: "WebRequest.Create(string)" ├® obsoleto: "WebRequest, HttpWebRequest, ServicePoint, and WebClient are obsolete. Use HttpClient instead." (https://aka.ms/dotnet-warnings/SYSLIB0014) [D:\PROJETOS\LAUNCHER C#\launcher\L2Updater_g4gic3ee_wpftmp.csproj]
         D:\PROJETOS\LAUNCHER C#\launcher\Updater\HashZip\ZIPLib\StaticTree.cs(695,36): warning CS8625: N├úo ├® poss├¡vel converter um literal nulo em um tipo de refer├¬ncia n├úo anul├ível. [D:\PROJETOS\LAUNCHER C#\launcher\L2Updater_g4gic3ee_wpftmp.csproj]
         D:\PROJETOS\LAUNCHER C#\launcher\Updater\HashZip\ZIPLib\ZlibCodec.cs(43,10): warning CS8618: O campo n├úo anul├ível 'InputBuffer' precisa conter um valor n├úo nulo ao sair do construtor. Considere adicionar o modificador "obrigat├│rio" ou declarar o campo como anul├ível. [D:\PROJETOS\LAUNCHER C#\launcher\L2Updater_g4gic3ee_wpftmp.csproj]
         D:\PROJETOS\LAUNCHER C#\launcher\Updater\HashZip\ZIPLib\ZlibCodec.cs(43,10): warning CS8618: O campo n├úo anul├ível 'OutputBuffer' precisa conter um valor n├úo nulo ao sair do construtor. Considere adicionar o modificador "obrigat├│rio" ou declarar o campo como anul├ível. [D:\PROJETOS\LAUNCHER C#\launcher\L2Updater_g4gic3ee_wpftmp.csproj]
         D:\PROJETOS\LAUNCHER C#\launcher\Updater\HashZip\ZIPLib\ZlibCodec.cs(43,10): warning CS8618: O campo n├úo anul├ível 'Message' precisa conter um valor n├úo nulo ao sair do construtor. Considere adicionar o modificador "obrigat├│rio" ou declarar o campo como anul├ível. [D:\PROJETOS\LAUNCHER C#\launcher\L2Updater_g4gic3ee_wpftmp.csproj]
         D:\PROJETOS\LAUNCHER C#\launcher\Updater\HashZip\ZIPLib\ZlibCodec.cs(43,10): warning CS8618: O campo n├úo anul├ível 'dstate' precisa conter um valor n├úo nulo ao sair do construtor. Considere adicionar o modificador "obrigat├│rio" ou declarar o campo como anul├ível. [D:\PROJETOS\LAUNCHER C#\launcher\L2Updater_g4gic3ee_wpftmp.csproj]
         D:\PROJETOS\LAUNCHER C#\launcher\Updater\HashZip\ZIPLib\ZlibCodec.cs(43,10): warning CS8618: O campo n├úo anul├ível 'istate' precisa conter um valor n├úo nulo ao sair do construtor. Considere adicionar o modificador "obrigat├│rio" ou declarar o campo como anul├ível. [D:\PROJETOS\LAUNCHER C#\launcher\L2Updater_g4gic3ee_wpftmp.csproj]
         D:\PROJETOS\LAUNCHER C#\launcher\Updater\HashZip\ZIPLib\GZipStream.cs(270,19): warning CS8600: Convers├úo de literal nula ou poss├¡vel valor nulo em tipo n├úo anul├ível. [D:\PROJETOS\LAUNCHER C#\launcher\L2Updater_g4gic3ee_wpftmp.csproj]
         D:\PROJETOS\LAUNCHER C#\launcher\Updater\HashZip\ZIPLib\GZipStream.cs(271,20): warning CS8600: Convers├úo de literal nula ou poss├¡vel valor nulo em tipo n├úo anul├ível. [D:\PROJETOS\LAUNCHER C#\launcher\L2Updater_g4gic3ee_wpftmp.csproj]
         D:\PROJETOS\LAUNCHER C#\launcher\Updater\HashZip\ZIPLib\GZipStream.cs(272,35): warning CS8602: Desrefer├¬ncia de uma refer├¬ncia possivelmente nula. [D:\PROJETOS\LAUNCHER C#\launcher\L2Updater_g4gic3ee_wpftmp.csproj]
         D:\PROJETOS\LAUNCHER C#\launcher\Updater\HashZip\ZIPLib\GZipStream.cs(273,37): warning CS8602: Desrefer├¬ncia de uma refer├¬ncia possivelmente nula. [D:\PROJETOS\LAUNCHER C#\launcher\L2Updater_g4gic3ee_wpftmp.csproj]
         D:\PROJETOS\LAUNCHER C#\launcher\Updater\HashZip\ZIPLib\GZipStream.cs(301,16): warning CS8604: Poss├¡vel argumento de refer├¬ncia nula para o par├ómetro 'sourceArray' em 'void Array.Copy(Array sourceArray, int sourceIndex, Array destinationArray, int destinationIndex, int length)'. [D:\PROJETOS\LAUNCHER C#\launcher\L2Updater_g4gic3ee_wpftmp.csproj]
         D:\PROJETOS\LAUNCHER C#\launcher\Updater\HashZip\ZIPLib\GZipStream.cs(307,16): warning CS8604: Poss├¡vel argumento de refer├¬ncia nula para o par├ómetro 'sourceArray' em 'void Array.Copy(Array sourceArray, int sourceIndex, Array destinationArray, int destinationIndex, int length)'. [D:\PROJETOS\LAUNCHER C#\launcher\L2Updater_g4gic3ee_wpftmp.csproj]
         D:\PROJETOS\LAUNCHER C#\launcher\Updater\HashZip\ZIPLib\ZlibCodec.cs(47,10): warning CS8618: O campo n├úo anul├ível 'InputBuffer' precisa conter um valor n├úo nulo ao sair do construtor. Considere adicionar o modificador "obrigat├│rio" ou declarar o campo como anul├ível. [D:\PROJETOS\LAUNCHER C#\launcher\L2Updater_g4gic3ee_wpftmp.csproj]
         D:\PROJETOS\LAUNCHER C#\launcher\Updater\HashZip\ZIPLib\ZlibCodec.cs(47,10): warning CS8618: O campo n├úo anul├ível 'OutputBuffer' precisa conter um valor n├úo nulo ao sair do construtor. Considere adicionar o modificador "obrigat├│rio" ou declarar o campo como anul├ível. [D:\PROJETOS\LAUNCHER C#\launcher\L2Updater_g4gic3ee_wpftmp.csproj]
         D:\PROJETOS\LAUNCHER C#\launcher\Updater\HashZip\ZIPLib\ZlibCodec.cs(47,10): warning CS8618: O campo n├úo anul├ível 'Message' precisa conter um valor n├úo nulo ao sair do construtor. Considere adicionar o modificador "obrigat├│rio" ou declarar o campo como anul├ível. [D:\PROJETOS\LAUNCHER C#\launcher\L2Updater_g4gic3ee_wpftmp.csproj]
         D:\PROJETOS\LAUNCHER C#\launcher\Updater\HashZip\ZIPLib\ZlibCodec.cs(47,10): warning CS8618: O campo n├úo anul├ível 'dstate' precisa conter um valor n├úo nulo ao sair do construtor. Considere adicionar o modificador "obrigat├│rio" ou declarar o campo como anul├ível. [D:\PROJETOS\LAUNCHER C#\launcher\L2Updater_g4gic3ee_wpftmp.csproj]
         D:\PROJETOS\LAUNCHER C#\launcher\Updater\HashZip\ZIPLib\ZlibCodec.cs(47,10): warning CS8618: O campo n├úo anul├ível 'istate' precisa conter um valor n├úo nulo ao sair do construtor. Considere adicionar o modificador "obrigat├│rio" ou declarar o campo como anul├ível. [D:\PROJETOS\LAUNCHER C#\launcher\L2Updater_g4gic3ee_wpftmp.csproj]
         D:\PROJETOS\LAUNCHER C#\launcher\Updater\HashZip\ZIPLib\InflateBlocks.cs(408,16): warning CS8625: N├úo ├® poss├¡vel converter um literal nulo em um tipo de refer├¬ncia n├úo anul├ível. [D:\PROJETOS\LAUNCHER C#\launcher\L2Updater_g4gic3ee_wpftmp.csproj]
         D:\PROJETOS\LAUNCHER C#\launcher\Updater\HashZip\ZIPLib\InflateBlocks.cs(490,16): warning CS8625: N├úo ├® poss├¡vel converter um literal nulo em um tipo de refer├¬ncia n├úo anul├ível. [D:\PROJETOS\LAUNCHER C#\launcher\L2Updater_g4gic3ee_wpftmp.csproj]
         D:\PROJETOS\LAUNCHER C#\launcher\Updater\HashZip\ZIPLib\InflateBlocks.cs(527,16): warning CS8625: N├úo ├® poss├¡vel converter um literal nulo em um tipo de refer├¬ncia n├úo anul├ível. [D:\PROJETOS\LAUNCHER C#\launcher\L2Updater_g4gic3ee_wpftmp.csproj]
         D:\PROJETOS\LAUNCHER C#\launcher\Updater\HashZip\ZIPLib\InflateBlocks.cs(618,10): warning CS8625: N├úo ├® poss├¡vel converter um literal nulo em um tipo de refer├¬ncia n├úo anul├ível. [D:\PROJETOS\LAUNCHER C#\launcher\L2Updater_g4gic3ee_wpftmp.csproj]
         D:\PROJETOS\LAUNCHER C#\launcher\Updater\HashZip\ZIPLib\InflateBlocks.cs(619,13): warning CS8625: N├úo ├® poss├¡vel converter um literal nulo em um tipo de refer├¬ncia n├úo anul├ível. [D:\PROJETOS\LAUNCHER C#\launcher\L2Updater_g4gic3ee_wpftmp.csproj]
         D:\PROJETOS\LAUNCHER C#\launcher\Updater\HashZip\ZIPLib\InflateBlocks.cs(620,12): warning CS8625: N├úo ├® poss├¡vel converter um literal nulo em um tipo de refer├¬ncia n├úo anul├ível. [D:\PROJETOS\LAUNCHER C#\launcher\L2Updater_g4gic3ee_wpftmp.csproj]
         D:\PROJETOS\LAUNCHER C#\launcher\Updater\HashZip\ZIPLib\InflateCodes.cs(503,15): warning CS0219: A vari├ível "flag" ├® atribu├¡da, mas seu valor nunca ├® usado [D:\PROJETOS\LAUNCHER C#\launcher\L2Updater_g4gic3ee_wpftmp.csproj]
         D:\PROJETOS\LAUNCHER C#\launcher\Updater\HashZip\ZIPLib\InflateCodes.cs(605,13): warning CS0219: A vari├ível "flag2" ├® atribu├¡da, mas seu valor nunca ├® usado [D:\PROJETOS\LAUNCHER C#\launcher\L2Updater_g4gic3ee_wpftmp.csproj]
         D:\PROJETOS\LAUNCHER C#\launcher\Updater\HashZip\ZIPLib\ZlibCodec.cs(111,13): warning CS8625: N├úo ├® poss├¡vel converter um literal nulo em um tipo de refer├¬ncia n├úo anul├ível. [D:\PROJETOS\LAUNCHER C#\launcher\L2Updater_g4gic3ee_wpftmp.csproj]
         D:\PROJETOS\LAUNCHER C#\launcher\Updater\HashZip\ZIPLib\Tree.cs(991,20): warning CS8618: O campo n├úo anul├ível 'dyn_tree' precisa conter um valor n├úo nulo ao sair do construtor. Considere adicionar o modificador "obrigat├│rio" ou declarar o campo como anul├ível. [D:\PROJETOS\LAUNCHER C#\launcher\L2Updater_g4gic3ee_wpftmp.csproj]
         D:\PROJETOS\LAUNCHER C#\launcher\Updater\HashZip\ZIPLib\Tree.cs(995,23): warning CS8618: O campo n├úo anul├ível 'stat_desc' precisa conter um valor n├úo nulo ao sair do construtor. Considere adicionar o modificador "obrigat├│rio" ou declarar o campo como anul├ível. [D:\PROJETOS\LAUNCHER C#\launcher\L2Updater_g4gic3ee_wpftmp.csproj]
         D:\PROJETOS\LAUNCHER C#\launcher\Updater\HashZip\ZIPLib\Zip\ZipProgressEventArgs.cs(105,12): warning CS8618: O campo n├úo anul├ível '_latestEntry' precisa conter um valor n├úo nulo ao sair do construtor. Considere adicionar o modificador "obrigat├│rio" ou declarar o campo como anul├ível. [D:\PROJETOS\LAUNCHER C#\launcher\L2Updater_g4gic3ee_wpftmp.csproj]
         D:\PROJETOS\LAUNCHER C#\launcher\Updater\HashZip\ZIPLib\Zip\ZipProgressEventArgs.cs(105,12): warning CS8618: O campo n├úo anul├ível '_archiveName' precisa conter um valor n├úo nulo ao sair do construtor. Considere adicionar o modificador "obrigat├│rio" ou declarar o campo como anul├ível. [D:\PROJETOS\LAUNCHER C#\launcher\L2Updater_g4gic3ee_wpftmp.csproj]
         D:\PROJETOS\LAUNCHER C#\launcher\Updater\HashZip\ZIPLib\Zip\ZipProgressEventArgs.cs(109,12): warning CS8618: O campo n├úo anul├ível '_latestEntry' precisa conter um valor n├úo nulo ao sair do construtor. Considere adicionar o modificador "obrigat├│rio" ou declarar o campo como anul├ível. [D:\PROJETOS\LAUNCHER C#\launcher\L2Updater_g4gic3ee_wpftmp.csproj]
         D:\PROJETOS\LAUNCHER C#\launcher\Updater\HashZip\ZIPLib\ZlibBaseStream.cs(16,37): warning CS8625: N├úo ├® poss├¡vel converter um literal nulo em um tipo de refer├¬ncia n├úo anul├ível. [D:\PROJETOS\LAUNCHER C#\launcher\L2Updater_g4gic3ee_wpftmp.csproj]
         D:\PROJETOS\LAUNCHER C#\launcher\Updater\HashZip\ZIPLib\ZlibBaseStream.cs(120,10): warning CS8618: O campo n├úo anul├ível '_workingBuffer' precisa conter um valor n├úo nulo ao sair do construtor. Considere adicionar o modificador "obrigat├│rio" ou declarar o campo como anul├ível. [D:\PROJETOS\LAUNCHER C#\launcher\L2Updater_g4gic3ee_wpftmp.csproj]
         D:\PROJETOS\LAUNCHER C#\launcher\Updater\HashZip\ZIPLib\ZlibBaseStream.cs(120,10): warning CS8618: O campo n├úo anul├ível 'crc' precisa conter um valor n├úo nulo ao sair do construtor. Considere adicionar o modificador "obrigat├│rio" ou declarar o campo como anul├ível. [D:\PROJETOS\LAUNCHER C#\launcher\L2Updater_g4gic3ee_wpftmp.csproj]
         D:\PROJETOS\LAUNCHER C#\launcher\Updater\HashZip\ZIPLib\ZlibBaseStream.cs(120,10): warning CS8618: O campo n├úo anul├ível '_GzipFileName' precisa conter um valor n├úo nulo ao sair do construtor. Considere adicionar o modificador "obrigat├│rio" ou declarar o campo como anul├ível. [D:\PROJETOS\LAUNCHER C#\launcher\L2Updater_g4gic3ee_wpftmp.csproj]
         D:\PROJETOS\LAUNCHER C#\launcher\Updater\HashZip\ZIPLib\ZlibBaseStream.cs(120,10): warning CS8618: O campo n├úo anul├ível '_GzipComment' precisa conter um valor n├úo nulo ao sair do construtor. Considere adicionar o modificador "obrigat├│rio" ou declarar o campo como anul├ível. [D:\PROJETOS\LAUNCHER C#\launcher\L2Updater_g4gic3ee_wpftmp.csproj]
         D:\PROJETOS\LAUNCHER C#\launcher\Updater\HashZip\ZIPLib\Zip\ExtractProgressEventArgs.cs(22,12): warning CS8618: O campo n├úo anul├ível '_target' precisa conter um valor n├úo nulo ao sair do construtor. Considere adicionar o modificador "obrigat├│rio" ou declarar o campo como anul├ível. [D:\PROJETOS\LAUNCHER C#\launcher\L2Updater_g4gic3ee_wpftmp.csproj]
         D:\PROJETOS\LAUNCHER C#\launcher\Updater\HashZip\ZIPLib\Zip\ExtractProgressEventArgs.cs(27,12): warning CS8618: O campo n├úo anul├ível '_target' precisa conter um valor n├úo nulo ao sair do construtor. Considere adicionar o modificador "obrigat├│rio" ou declarar o campo como anul├ível. [D:\PROJETOS\LAUNCHER C#\launcher\L2Updater_g4gic3ee_wpftmp.csproj]
         D:\PROJETOS\LAUNCHER C#\launcher\Updater\HashZip\ZIPLib\Zip\EnumUtil.cs(15,22): warning CS8600: Convers├úo de literal nula ou poss├¡vel valor nulo em tipo n├úo anul├ível. [D:\PROJETOS\LAUNCHER C#\launcher\L2Updater_g4gic3ee_wpftmp.csproj]
         D:\PROJETOS\LAUNCHER C#\launcher\Updater\HashZip\ZIPLib\Zip\EnumUtil.cs(16,59): warning CS8602: Desrefer├¬ncia de uma refer├¬ncia possivelmente nula. [D:\PROJETOS\LAUNCHER C#\launcher\L2Updater_g4gic3ee_wpftmp.csproj]
         D:\PROJETOS\LAUNCHER C#\launcher\Updater\HashZip\ZIPLib\ZlibCodec.cs(182,13): warning CS8625: N├úo ├® poss├¡vel converter um literal nulo em um tipo de refer├¬ncia n├úo anul├ível. [D:\PROJETOS\LAUNCHER C#\launcher\L2Updater_g4gic3ee_wpftmp.csproj]
         D:\PROJETOS\LAUNCHER C#\launcher\Updater\HashZip\ZIPLib\Zip\AttributesCriterion.cs(100,9): warning CS0219: A vari├ível "flag" ├® atribu├¡da, mas seu valor nunca ├® usado [D:\PROJETOS\LAUNCHER C#\launcher\L2Updater_g4gic3ee_wpftmp.csproj]
         D:\PROJETOS\LAUNCHER C#\launcher\Updater\HashZip\ZIPLib\InflateManager.cs(329,40): warning CS8625: N├úo ├® poss├¡vel converter um literal nulo em um tipo de refer├¬ncia n├úo anul├ível. [D:\PROJETOS\LAUNCHER C#\launcher\L2Updater_g4gic3ee_wpftmp.csproj]
         D:\PROJETOS\LAUNCHER C#\launcher\Updater\HashZip\ZIPLib\Zip\TimeCriterion.cs(37,9): warning CS0219: A vari├ível "flag" ├® atribu├¡da, mas seu valor nunca ├® usado [D:\PROJETOS\LAUNCHER C#\launcher\L2Updater_g4gic3ee_wpftmp.csproj]
         D:\PROJETOS\LAUNCHER C#\launcher\Updater\HashZip\ZIPLib\Zip\CompoundCriterion.cs(10,31): warning CS8618: O campo n├úo anul├ível 'Left' precisa conter um valor n├úo nulo ao sair do construtor. Considere adicionar o modificador "obrigat├│rio" ou declarar o campo como anul├ível. [D:\PROJETOS\LAUNCHER C#\launcher\L2Updater_g4gic3ee_wpftmp.csproj]
         D:\PROJETOS\LAUNCHER C#\launcher\Updater\HashZip\ZIPLib\Zip\CompoundCriterion.cs(12,30): warning CS8618: O campo n├úo anul├ível '_Right' precisa conter um valor n├úo nulo ao sair do construtor. Considere adicionar o modificador "obrigat├│rio" ou declarar o campo como anul├ível. [D:\PROJETOS\LAUNCHER C#\launcher\L2Updater_g4gic3ee_wpftmp.csproj]
         D:\PROJETOS\LAUNCHER C#\launcher\Updater\HashZip\ZIPLib\Zip\ZipErrorEventArgs.cs(13,11): warning CS8618: O campo n├úo anul├ível '_exc' precisa conter um valor n├úo nulo ao sair do construtor. Considere adicionar o modificador "obrigat├│rio" ou declarar o campo como anul├ível. [D:\PROJETOS\LAUNCHER C#\launcher\L2Updater_g4gic3ee_wpftmp.csproj]
         D:\PROJETOS\LAUNCHER C#\launcher\Updater\HashZip\ZIPLib\InfTree.cs(1992,39): warning CS8625: N├úo ├® poss├¡vel converter um literal nulo em um tipo de refer├¬ncia n├úo anul├ível. [D:\PROJETOS\LAUNCHER C#\launcher\L2Updater_g4gic3ee_wpftmp.csproj]
         D:\PROJETOS\LAUNCHER C#\launcher\Updater\HashZip\ZIPLib\InfTree.cs(1992,45): warning CS8625: N├úo ├® poss├¡vel converter um literal nulo em um tipo de refer├¬ncia n├úo anul├ível. [D:\PROJETOS\LAUNCHER C#\launcher\L2Updater_g4gic3ee_wpftmp.csproj]
         D:\PROJETOS\LAUNCHER C#\launcher\Updater\HashZip\ZIPLib\Zip\SharedUtilities.cs(150,10): warning CS0219: A vari├ível "flag2" ├® atribu├¡da, mas seu valor nunca ├® usado [D:\PROJETOS\LAUNCHER C#\launcher\L2Updater_g4gic3ee_wpftmp.csproj]
         D:\PROJETOS\LAUNCHER C#\launcher\Updater\HashZip\ZIPLib\Zip\ZipException.cs(26,4): warning SYSLIB0051: "Exception.Exception(SerializationInfo, StreamingContext)" ├® obsoleto: "This API supports obsolete formatter-based serialization. It should not be called or extended by application code." (https://aka.ms/dotnet-warnings/SYSLIB0051) [D:\PROJETOS\LAUNCHER C#\launcher\L2Updater_g4gic3ee_wpftmp.csproj]
         D:\PROJETOS\LAUNCHER C#\launcher\Updater\HashZip\ZIPLib\Zip\ZipFile.cs(24,24): warning CS8618: O campo n├úo anul├ível 'ReferencedAssemblies' precisa conter um valor n├úo nulo ao sair do construtor. Considere adicionar o modificador "obrigat├│rio" ou declarar o campo como anul├ível. [D:\PROJETOS\LAUNCHER C#\launcher\L2Updater_g4gic3ee_wpftmp.csproj]
         D:\PROJETOS\LAUNCHER C#\launcher\Updater\HashZip\ZIPLib\Zip\ZipFile.cs(26,24): warning CS8618: O campo n├úo anul├ível 'CopyThroughResources' precisa conter um valor n├úo nulo ao sair do construtor. Considere adicionar o modificador "obrigat├│rio" ou declarar o campo como anul├ível. [D:\PROJETOS\LAUNCHER C#\launcher\L2Updater_g4gic3ee_wpftmp.csproj]
         D:\PROJETOS\LAUNCHER C#\launcher\Updater\HashZip\ZIPLib\Zip\ZipFile.cs(28,24): warning CS8618: O campo n├úo anul├ível 'ResourcesToCompile' precisa conter um valor n├úo nulo ao sair do construtor. Considere adicionar o modificador "obrigat├│rio" ou declarar o campo como anul├ível. [D:\PROJETOS\LAUNCHER C#\launcher\L2Updater_g4gic3ee_wpftmp.csproj]
         D:\PROJETOS\LAUNCHER C#\launcher\Updater\HashZip\ZIPLib\Zip\SizeCriterion.cs(29,9): warning CS0219: A vari├ível "flag" ├® atribu├¡da, mas seu valor nunca ├® usado [D:\PROJETOS\LAUNCHER C#\launcher\L2Updater_g4gic3ee_wpftmp.csproj]
         D:\PROJETOS\LAUNCHER C#\launcher\Updater\HashZip\ZIPLib\Zip\ZipFile.cs(293,10): warning CS8629: O tipo de valor de nulidade pode ser nulo. [D:\PROJETOS\LAUNCHER C#\launcher\L2Updater_g4gic3ee_wpftmp.csproj]
         D:\PROJETOS\LAUNCHER C#\launcher\Updater\HashZip\ZIPLib\Zip\NameCriterion.cs(9,17): warning CS8618: O campo n├úo anul├ível '_re' precisa conter um valor n├úo nulo ao sair do construtor. Considere adicionar o modificador "obrigat├│rio" ou declarar o campo como anul├ível. [D:\PROJETOS\LAUNCHER C#\launcher\L2Updater_g4gic3ee_wpftmp.csproj]
         D:\PROJETOS\LAUNCHER C#\launcher\Updater\HashZip\ZIPLib\Zip\NameCriterion.cs(11,18): warning CS8618: O campo n├úo anul├ível '_regexString' precisa conter um valor n├úo nulo ao sair do construtor. Considere adicionar o modificador "obrigat├│rio" ou declarar o campo como anul├ível. [D:\PROJETOS\LAUNCHER C#\launcher\L2Updater_g4gic3ee_wpftmp.csproj]
         D:\PROJETOS\LAUNCHER C#\launcher\Updater\HashZip\ZIPLib\Zip\NameCriterion.cs(15,18): warning CS8618: O campo n├úo anul├ível '_MatchingFileSpec' precisa conter um valor n├úo nulo ao sair do construtor. Considere adicionar o modificador "obrigat├│rio" ou declarar o campo como anul├ível. [D:\PROJETOS\LAUNCHER C#\launcher\L2Updater_g4gic3ee_wpftmp.csproj]
         D:\PROJETOS\LAUNCHER C#\launcher\Updater\HashZip\ZIPLib\Zip\SharedUtilities.cs(273,18): warning CS8600: Convers├úo de literal nula ou poss├¡vel valor nulo em tipo n├úo anul├ível. [D:\PROJETOS\LAUNCHER C#\launcher\L2Updater_g4gic3ee_wpftmp.csproj]
         D:\PROJETOS\LAUNCHER C#\launcher\Updater\HashZip\ZIPLib\Zip\SharedUtilities.cs(285,11): warning CS0219: A vari├ível "text" ├® atribu├¡da, mas seu valor nunca ├® usado [D:\PROJETOS\LAUNCHER C#\launcher\L2Updater_g4gic3ee_wpftmp.csproj]
         D:\PROJETOS\LAUNCHER C#\launcher\Updater\HashZip\ZIPLib\Zip\FileSelector.cs(28,13): warning CS8603: Poss├¡vel retorno de refer├¬ncia nula. [D:\PROJETOS\LAUNCHER C#\launcher\L2Updater_g4gic3ee_wpftmp.csproj]
         D:\PROJETOS\LAUNCHER C#\launcher\Updater\HashZip\ZIPLib\Zip\FileSelector.cs(30,12): warning CS8603: Poss├¡vel retorno de refer├¬ncia nula. [D:\PROJETOS\LAUNCHER C#\launcher\L2Updater_g4gic3ee_wpftmp.csproj]
         D:\PROJETOS\LAUNCHER C#\launcher\Updater\HashZip\ZIPLib\Zip\SharedUtilities.cs(317,6): warning SYSLIB0003: "SecurityPermission" ├® obsoleto: "Code Access Security is not supported or honored by the runtime." (https://aka.ms/dotnet-warnings/SYSLIB0003) [D:\PROJETOS\LAUNCHER C#\launcher\L2Updater_g4gic3ee_wpftmp.csproj]
         D:\PROJETOS\LAUNCHER C#\launcher\Updater\HashZip\ZIPLib\Zip\SharedUtilities.cs(317,50): warning SYSLIB0003: "SecurityPermission" ├® obsoleto: "Code Access Security is not supported or honored by the runtime." (https://aka.ms/dotnet-warnings/SYSLIB0003) [D:\PROJETOS\LAUNCHER C#\launcher\L2Updater_g4gic3ee_wpftmp.csproj]
         D:\PROJETOS\LAUNCHER C#\launcher\Updater\HashZip\ZIPLib\Zip\SharedUtilities.cs(317,69): warning SYSLIB0003: "SecurityPermissionFlag" ├® obsoleto: "Code Access Security is not supported or honored by the runtime." (https://aka.ms/dotnet-warnings/SYSLIB0003) [D:\PROJETOS\LAUNCHER C#\launcher\L2Updater_g4gic3ee_wpftmp.csproj]
         D:\PROJETOS\LAUNCHER C#\launcher\Updater\HashZip\ZIPLib\Zip\FileSelector.cs(36,19): warning CS8625: N├úo ├® poss├¡vel converter um literal nulo em um tipo de refer├¬ncia n├úo anul├ível. [D:\PROJETOS\LAUNCHER C#\launcher\L2Updater_g4gic3ee_wpftmp.csproj]
         D:\PROJETOS\LAUNCHER C#\launcher\Updater\HashZip\ZIPLib\Zip\FileSelector.cs(40,19): warning CS8625: N├úo ├® poss├¡vel converter um literal nulo em um tipo de refer├¬ncia n├úo anul├ível. [D:\PROJETOS\LAUNCHER C#\launcher\L2Updater_g4gic3ee_wpftmp.csproj]
         D:\PROJETOS\LAUNCHER C#\launcher\Updater\HashZip\ZIPLib\Zip\ZipCipherStream.cs(73,19): warning CS8600: Convers├úo de literal nula ou poss├¡vel valor nulo em tipo n├úo anul├ível. [D:\PROJETOS\LAUNCHER C#\launcher\L2Updater_g4gic3ee_wpftmp.csproj]
         D:\PROJETOS\LAUNCHER C#\launcher\Updater\HashZip\ZIPLib\Zip\ZipEntry.cs(242,40): warning CS8625: N├úo ├® poss├¡vel converter um literal nulo em um tipo de refer├¬ncia n├úo anul├ível. [D:\PROJETOS\LAUNCHER C#\launcher\L2Updater_g4gic3ee_wpftmp.csproj]
         D:\PROJETOS\LAUNCHER C#\launcher\Updater\HashZip\ZIPLib\InfTree.cs(1811,23): warning CS8625: N├úo ├® poss├¡vel converter um literal nulo em um tipo de refer├¬ncia n├úo anul├ível. [D:\PROJETOS\LAUNCHER C#\launcher\L2Updater_g4gic3ee_wpftmp.csproj]
         D:\PROJETOS\LAUNCHER C#\launcher\Updater\HashZip\ZIPLib\InfTree.cs(1813,22): warning CS8625: N├úo ├® poss├¡vel converter um literal nulo em um tipo de refer├¬ncia n├úo anul├ível. [D:\PROJETOS\LAUNCHER C#\launcher\L2Updater_g4gic3ee_wpftmp.csproj]
         D:\PROJETOS\LAUNCHER C#\launcher\Updater\HashZip\ZIPLib\InfTree.cs(1815,22): warning CS8625: N├úo ├® poss├¡vel converter um literal nulo em um tipo de refer├¬ncia n├úo anul├ível. [D:\PROJETOS\LAUNCHER C#\launcher\L2Updater_g4gic3ee_wpftmp.csproj]
         D:\PROJETOS\LAUNCHER C#\launcher\Updater\HashZip\ZIPLib\InfTree.cs(1817,22): warning CS8625: N├úo ├® poss├¡vel converter um literal nulo em um tipo de refer├¬ncia n├úo anul├ível. [D:\PROJETOS\LAUNCHER C#\launcher\L2Updater_g4gic3ee_wpftmp.csproj]
         D:\PROJETOS\LAUNCHER C#\launcher\Updater\HashZip\ZIPLib\InfTree.cs(1819,22): warning CS8625: N├úo ├® poss├¡vel converter um literal nulo em um tipo de refer├¬ncia n├úo anul├ível. [D:\PROJETOS\LAUNCHER C#\launcher\L2Updater_g4gic3ee_wpftmp.csproj]
         D:\PROJETOS\LAUNCHER C#\launcher\Updater\HashZip\ZIPLib\InfTree.cs(1821,22): warning CS8625: N├úo ├® poss├¡vel converter um literal nulo em um tipo de refer├¬ncia n├úo anul├ível. [D:\PROJETOS\LAUNCHER C#\launcher\L2Updater_g4gic3ee_wpftmp.csproj]
         D:\PROJETOS\LAUNCHER C#\launcher\Updater\HashZip\ZIPLib\Zip\FileSelector.cs(49,10): warning CS8618: O campo n├úo anul├ível '_Criterion' precisa conter um valor n├úo nulo ao sair do construtor. Considere adicionar o modificador "obrigat├│rio" ou declarar o campo como anul├ível. [D:\PROJETOS\LAUNCHER C#\launcher\L2Updater_g4gic3ee_wpftmp.csproj]
         D:\PROJETOS\LAUNCHER C#\launcher\Updater\HashZip\ZIPLib\Zip\ZipFile.cs(413,43): warning CS8603: Poss├¡vel retorno de refer├¬ncia nula. [D:\PROJETOS\LAUNCHER C#\launcher\L2Updater_g4gic3ee_wpftmp.csproj]
         D:\PROJETOS\LAUNCHER C#\launcher\Updater\HashZip\ZIPLib\ZlibBaseStream.cs(265,10): warning CS8625: N├úo ├® poss├¡vel converter um literal nulo em um tipo de refer├¬ncia n├úo anul├ível. [D:\PROJETOS\LAUNCHER C#\launcher\L2Updater_g4gic3ee_wpftmp.csproj]
         D:\PROJETOS\LAUNCHER C#\launcher\Updater\HashZip\ZIPLib\ZlibBaseStream.cs(286,15): warning CS8625: N├úo ├® poss├¡vel converter um literal nulo em um tipo de refer├¬ncia n├úo anul├ível. [D:\PROJETOS\LAUNCHER C#\launcher\L2Updater_g4gic3ee_wpftmp.csproj]
         D:\PROJETOS\LAUNCHER C#\launcher\Updater\HashZip\ZIPLib\Zip\ZipFile.cs(431,12): warning CS8603: Poss├¡vel retorno de refer├¬ncia nula. [D:\PROJETOS\LAUNCHER C#\launcher\L2Updater_g4gic3ee_wpftmp.csproj]
         D:\PROJETOS\LAUNCHER C#\launcher\Updater\HashZip\ZIPLib\Zip\ZipFile.cs(518,12): warning CS8603: Poss├¡vel retorno de refer├¬ncia nula. [D:\PROJETOS\LAUNCHER C#\launcher\L2Updater_g4gic3ee_wpftmp.csproj]
         D:\PROJETOS\LAUNCHER C#\launcher\Updater\HashZip\ZIPLib\Zip\ZipEntry.cs(519,12): warning CS8603: Poss├¡vel retorno de refer├¬ncia nula. [D:\PROJETOS\LAUNCHER C#\launcher\L2Updater_g4gic3ee_wpftmp.csproj]
         D:\PROJETOS\LAUNCHER C#\launcher\Updater\HashZip\ZIPLib\Zip\ZipFile.cs(559,30): warning CS8600: Convers├úo de literal nula ou poss├¡vel valor nulo em tipo n├úo anul├ível. [D:\PROJETOS\LAUNCHER C#\launcher\L2Updater_g4gic3ee_wpftmp.csproj]
         D:\PROJETOS\LAUNCHER C#\launcher\Updater\HashZip\ZIPLib\Zip\ZipFile.cs(560,41): warning CS8604: Poss├¡vel argumento de refer├¬ncia nula para o par├ómetro 'path1' em 'string Path.Combine(string path1, string path2)'. [D:\PROJETOS\LAUNCHER C#\launcher\L2Updater_g4gic3ee_wpftmp.csproj]
         D:\PROJETOS\LAUNCHER C#\launcher\Updater\HashZip\ZIPLib\Zip\ZipFile.cs(564,12): warning CS8603: Poss├¡vel retorno de refer├¬ncia nula. [D:\PROJETOS\LAUNCHER C#\launcher\L2Updater_g4gic3ee_wpftmp.csproj]
         D:\PROJETOS\LAUNCHER C#\launcher\Updater\HashZip\ZIPLib\Zip\ZipFile.cs(572,20): warning CS8625: N├úo ├® poss├¡vel converter um literal nulo em um tipo de refer├¬ncia n├úo anul├ível. [D:\PROJETOS\LAUNCHER C#\launcher\L2Updater_g4gic3ee_wpftmp.csproj]
         D:\PROJETOS\LAUNCHER C#\launcher\Updater\HashZip\ZIPLib\Zip\ZipFile.cs(612,40): warning CS8625: N├úo ├® poss├¡vel converter um literal nulo em um tipo de refer├¬ncia n├úo anul├ível. [D:\PROJETOS\LAUNCHER C#\launcher\L2Updater_g4gic3ee_wpftmp.csproj]
         D:\PROJETOS\LAUNCHER C#\launcher\Updater\HashZip\ZIPLib\DeflateManager.cs(1112,21): warning CS8625: N├úo ├® poss├¡vel converter um literal nulo em um tipo de refer├¬ncia n├úo anul├ível. [D:\PROJETOS\LAUNCHER C#\launcher\L2Updater_g4gic3ee_wpftmp.csproj]
         D:\PROJETOS\LAUNCHER C#\launcher\Updater\HashZip\ZIPLib\Zip\ZipFile.cs(630,29): warning CS8625: N├úo ├® poss├¡vel converter um literal nulo em um tipo de refer├¬ncia n├úo anul├ível. [D:\PROJETOS\LAUNCHER C#\launcher\L2Updater_g4gic3ee_wpftmp.csproj]
         D:\PROJETOS\LAUNCHER C#\launcher\Updater\HashZip\ZIPLib\DeflateManager.cs(1146,21): warning CS8625: N├úo ├® poss├¡vel converter um literal nulo em um tipo de refer├¬ncia n├úo anul├ível. [D:\PROJETOS\LAUNCHER C#\launcher\L2Updater_g4gic3ee_wpftmp.csproj]
         D:\PROJETOS\LAUNCHER C#\launcher\Updater\HashZip\ZIPLib\DeflateManager.cs(1151,40): warning CS8625: N├úo ├® poss├¡vel converter um literal nulo em um tipo de refer├¬ncia n├úo anul├ível. [D:\PROJETOS\LAUNCHER C#\launcher\L2Updater_g4gic3ee_wpftmp.csproj]
         D:\PROJETOS\LAUNCHER C#\launcher\Updater\HashZip\ZIPLib\DeflateManager.cs(1163,14): warning CS8625: N├úo ├® poss├¡vel converter um literal nulo em um tipo de refer├¬ncia n├úo anul├ível. [D:\PROJETOS\LAUNCHER C#\launcher\L2Updater_g4gic3ee_wpftmp.csproj]
         D:\PROJETOS\LAUNCHER C#\launcher\Updater\HashZip\ZIPLib\DeflateManager.cs(1164,11): warning CS8625: N├úo ├® poss├¡vel converter um literal nulo em um tipo de refer├¬ncia n├úo anul├ível. [D:\PROJETOS\LAUNCHER C#\launcher\L2Updater_g4gic3ee_wpftmp.csproj]
         D:\PROJETOS\LAUNCHER C#\launcher\Updater\HashZip\ZIPLib\DeflateManager.cs(1165,11): warning CS8625: N├úo ├® poss├¡vel converter um literal nulo em um tipo de refer├¬ncia n├úo anul├ível. [D:\PROJETOS\LAUNCHER C#\launcher\L2Updater_g4gic3ee_wpftmp.csproj]
         D:\PROJETOS\LAUNCHER C#\launcher\Updater\HashZip\ZIPLib\DeflateManager.cs(1166,13): warning CS8625: N├úo ├® poss├¡vel converter um literal nulo em um tipo de refer├¬ncia n├úo anul├ível. [D:\PROJETOS\LAUNCHER C#\launcher\L2Updater_g4gic3ee_wpftmp.csproj]
         D:\PROJETOS\LAUNCHER C#\launcher\Updater\HashZip\ZIPLib\Zip\ZipFile.cs(677,24): warning CS8625: N├úo ├® poss├¡vel converter um literal nulo em um tipo de refer├¬ncia n├úo anul├ível. [D:\PROJETOS\LAUNCHER C#\launcher\L2Updater_g4gic3ee_wpftmp.csproj]
         D:\PROJETOS\LAUNCHER C#\launcher\Updater\HashZip\ZIPLib\Zip\ZipFile.cs(682,27): warning CS8625: N├úo ├® poss├¡vel converter um literal nulo em um tipo de refer├¬ncia n├úo anul├ível. [D:\PROJETOS\LAUNCHER C#\launcher\L2Updater_g4gic3ee_wpftmp.csproj]
         D:\PROJETOS\LAUNCHER C#\launcher\Updater\HashZip\ZIPLib\Zip\ZipFile.cs(699,107): warning CS8604: Poss├¡vel argumento de refer├¬ncia nula para o par├ómetro 'path2' em 'string Path.Combine(string path1, string path2)'. [D:\PROJETOS\LAUNCHER C#\launcher\L2Updater_g4gic3ee_wpftmp.csproj]
         D:\PROJETOS\LAUNCHER C#\launcher\Updater\HashZip\ZIPLib\Zip\ZipFile.cs(704,25): warning CS8625: N├úo ├® poss├¡vel converter um literal nulo em um tipo de refer├¬ncia n├úo anul├ível. [D:\PROJETOS\LAUNCHER C#\launcher\L2Updater_g4gic3ee_wpftmp.csproj]
         D:\PROJETOS\LAUNCHER C#\launcher\Updater\HashZip\ZIPLib\Zip\ZipFile.cs(730,32): warning CS8625: N├úo ├® poss├¡vel converter um literal nulo em um tipo de refer├¬ncia n├úo anul├ível. [D:\PROJETOS\LAUNCHER C#\launcher\L2Updater_g4gic3ee_wpftmp.csproj]
         D:\PROJETOS\LAUNCHER C#\launcher\Updater\HashZip\ZIPLib\Zip\ZipFile.cs(745,42): warning CS8625: N├úo ├® poss├¡vel converter um literal nulo em um tipo de refer├¬ncia n├úo anul├ível. [D:\PROJETOS\LAUNCHER C#\launcher\L2Updater_g4gic3ee_wpftmp.csproj]
         D:\PROJETOS\LAUNCHER C#\launcher\Updater\HashZip\ZIPLib\Zip\ZipFile.cs(755,25): warning CS8625: N├úo ├® poss├¡vel converter um literal nulo em um tipo de refer├¬ncia n├úo anul├ível. [D:\PROJETOS\LAUNCHER C#\launcher\L2Updater_g4gic3ee_wpftmp.csproj]
         D:\PROJETOS\LAUNCHER C#\launcher\Updater\HashZip\ZIPLib\DeflateManager.cs(1266,41): warning CS8625: N├úo ├® poss├¡vel converter um literal nulo em um tipo de refer├¬ncia n├úo anul├ível. [D:\PROJETOS\LAUNCHER C#\launcher\L2Updater_g4gic3ee_wpftmp.csproj]
         D:\PROJETOS\LAUNCHER C#\launcher\Updater\HashZip\ZIPLib\Zip\ZipEntry.cs(584,12): warning CS8603: Poss├¡vel retorno de refer├¬ncia nula. [D:\PROJETOS\LAUNCHER C#\launcher\L2Updater_g4gic3ee_wpftmp.csproj]
         D:\PROJETOS\LAUNCHER C#\launcher\Updater\HashZip\ZIPLib\Zip\ZipEntry.cs(591,12): warning CS8603: Poss├¡vel retorno de refer├¬ncia nula. [D:\PROJETOS\LAUNCHER C#\launcher\L2Updater_g4gic3ee_wpftmp.csproj]
         D:\PROJETOS\LAUNCHER C#\launcher\Updater\HashZip\ZIPLib\Zip\ZipEntry.cs(704,18): warning CS8600: Convers├úo de literal nula ou poss├¡vel valor nulo em tipo n├úo anul├ível. [D:\PROJETOS\LAUNCHER C#\launcher\L2Updater_g4gic3ee_wpftmp.csproj]
         D:\PROJETOS\LAUNCHER C#\launcher\Updater\HashZip\ZIPLib\Zip\ZipEntry.cs(717,60): warning CS8625: N├úo ├® poss├¡vel converter um literal nulo em um tipo de refer├¬ncia n├úo anul├ível. [D:\PROJETOS\LAUNCHER C#\launcher\L2Updater_g4gic3ee_wpftmp.csproj]
         D:\PROJETOS\LAUNCHER C#\launcher\Updater\HashZip\ZIPLib\Zip\ZipFile.cs(896,39): warning CS8625: N├úo ├® poss├¡vel converter um literal nulo em um tipo de refer├¬ncia n├úo anul├ível. [D:\PROJETOS\LAUNCHER C#\launcher\L2Updater_g4gic3ee_wpftmp.csproj]
         D:\PROJETOS\LAUNCHER C#\launcher\Updater\HashZip\ZIPLib\Zip\FileSelector.cs(61,12): warning CS8603: Poss├¡vel retorno de refer├¬ncia nula. [D:\PROJETOS\LAUNCHER C#\launcher\L2Updater_g4gic3ee_wpftmp.csproj]
         D:\PROJETOS\LAUNCHER C#\launcher\Updater\HashZip\ZIPLib\Zip\FileSelector.cs(84,44): warning CS8600: Convers├úo de literal nula ou poss├¡vel valor nulo em tipo n├úo anul├ível. [D:\PROJETOS\LAUNCHER C#\launcher\L2Updater_g4gic3ee_wpftmp.csproj]
         D:\PROJETOS\LAUNCHER C#\launcher\Updater\HashZip\ZIPLib\Zip\FileSelector.cs(109,14): warning CS8601: Poss├¡vel atribui├º├úo de refer├¬ncia nula. [D:\PROJETOS\LAUNCHER C#\launcher\L2Updater_g4gic3ee_wpftmp.csproj]
         D:\PROJETOS\LAUNCHER C#\launcher\Updater\HashZip\ZIPLib\Zip\FileSelector.cs(110,15): warning CS8625: N├úo ├® poss├¡vel converter um literal nulo em um tipo de refer├¬ncia n├úo anul├ível. [D:\PROJETOS\LAUNCHER C#\launcher\L2Updater_g4gic3ee_wpftmp.csproj]
         D:\PROJETOS\LAUNCHER C#\launcher\Updater\HashZip\ZIPLib\Zip\FileSelector.cs(257,46): warning CS8600: Convers├úo de literal nula ou poss├¡vel valor nulo em tipo n├úo anul├ível. [D:\PROJETOS\LAUNCHER C#\launcher\L2Updater_g4gic3ee_wpftmp.csproj]
         D:\PROJETOS\LAUNCHER C#\launcher\Updater\HashZip\ZIPLib\Zip\FileSelector.cs(258,8): warning CS8602: Desrefer├¬ncia de uma refer├¬ncia possivelmente nula. [D:\PROJETOS\LAUNCHER C#\launcher\L2Updater_g4gic3ee_wpftmp.csproj]
         D:\PROJETOS\LAUNCHER C#\launcher\Updater\HashZip\ZIPLib\Zip\FileSelector.cs(258,34): warning CS8601: Poss├¡vel atribui├º├úo de refer├¬ncia nula. [D:\PROJETOS\LAUNCHER C#\launcher\L2Updater_g4gic3ee_wpftmp.csproj]
         D:\PROJETOS\LAUNCHER C#\launcher\Updater\HashZip\ZIPLib\Zip\FileSelector.cs(278,11): warning CS8603: Poss├¡vel retorno de refer├¬ncia nula. [D:\PROJETOS\LAUNCHER C#\launcher\L2Updater_g4gic3ee_wpftmp.csproj]
         D:\PROJETOS\LAUNCHER C#\launcher\Updater\HashZip\ZIPLib\Zip\ZipEntry.cs(790,25): warning CS8625: N├úo ├® poss├¡vel converter um literal nulo em um tipo de refer├¬ncia n├úo anul├ível. [D:\PROJETOS\LAUNCHER C#\launcher\L2Updater_g4gic3ee_wpftmp.csproj]
         D:\PROJETOS\LAUNCHER C#\launcher\Updater\HashZip\ZIPLib\Zip\ZipEntry.cs(790,31): warning CS8625: N├úo ├® poss├¡vel converter um literal nulo em um tipo de refer├¬ncia n├úo anul├ível. [D:\PROJETOS\LAUNCHER C#\launcher\L2Updater_g4gic3ee_wpftmp.csproj]
         D:\PROJETOS\LAUNCHER C#\launcher\Updater\HashZip\ZIPLib\Zip\ZipEntry.cs(797,25): warning CS8625: N├úo ├® poss├¡vel converter um literal nulo em um tipo de refer├¬ncia n├úo anul├ível. [D:\PROJETOS\LAUNCHER C#\launcher\L2Updater_g4gic3ee_wpftmp.csproj]
         D:\PROJETOS\LAUNCHER C#\launcher\Updater\HashZip\ZIPLib\Zip\ZipEntry.cs(797,31): warning CS8625: N├úo ├® poss├¡vel converter um literal nulo em um tipo de refer├¬ncia n├úo anul├ível. [D:\PROJETOS\LAUNCHER C#\launcher\L2Updater_g4gic3ee_wpftmp.csproj]
         D:\PROJETOS\LAUNCHER C#\launcher\Updater\HashZip\ZIPLib\Zip\ZipEntry.cs(803,25): warning CS8625: N├úo ├® poss├¡vel converter um literal nulo em um tipo de refer├¬ncia n├úo anul├ível. [D:\PROJETOS\LAUNCHER C#\launcher\L2Updater_g4gic3ee_wpftmp.csproj]
         D:\PROJETOS\LAUNCHER C#\launcher\Updater\HashZip\ZIPLib\Zip\ZipEntry.cs(803,31): warning CS8625: N├úo ├® poss├¡vel converter um literal nulo em um tipo de refer├¬ncia n├úo anul├ível. [D:\PROJETOS\LAUNCHER C#\launcher\L2Updater_g4gic3ee_wpftmp.csproj]
         D:\PROJETOS\LAUNCHER C#\launcher\Updater\HashZip\ZIPLib\Zip\ZipEntry.cs(808,20): warning CS8625: N├úo ├® poss├¡vel converter um literal nulo em um tipo de refer├¬ncia n├úo anul├ível. [D:\PROJETOS\LAUNCHER C#\launcher\L2Updater_g4gic3ee_wpftmp.csproj]
         D:\PROJETOS\LAUNCHER C#\launcher\Updater\HashZip\ZIPLib\Zip\ZipEntry.cs(808,34): warning CS8625: N├úo ├® poss├¡vel converter um literal nulo em um tipo de refer├¬ncia n├úo anul├ível. [D:\PROJETOS\LAUNCHER C#\launcher\L2Updater_g4gic3ee_wpftmp.csproj]
         D:\PROJETOS\LAUNCHER C#\launcher\Updater\HashZip\ZIPLib\Zip\ZipEntry.cs(813,35): warning CS8625: N├úo ├® poss├¡vel converter um literal nulo em um tipo de refer├¬ncia n├úo anul├ível. [D:\PROJETOS\LAUNCHER C#\launcher\L2Updater_g4gic3ee_wpftmp.csproj]
         D:\PROJETOS\LAUNCHER C#\launcher\Updater\HashZip\ZIPLib\Zip\ZipEntry.cs(813,41): warning CS8625: N├úo ├® poss├¡vel converter um literal nulo em um tipo de refer├¬ncia n├úo anul├ível. [D:\PROJETOS\LAUNCHER C#\launcher\L2Updater_g4gic3ee_wpftmp.csproj]
         D:\PROJETOS\LAUNCHER C#\launcher\Updater\HashZip\ZIPLib\Zip\ZipEntry.cs(820,35): warning CS8625: N├úo ├® poss├¡vel converter um literal nulo em um tipo de refer├¬ncia n├úo anul├ível. [D:\PROJETOS\LAUNCHER C#\launcher\L2Updater_g4gic3ee_wpftmp.csproj]
         D:\PROJETOS\LAUNCHER C#\launcher\Updater\HashZip\ZIPLib\Zip\ZipEntry.cs(820,41): warning CS8625: N├úo ├® poss├¡vel converter um literal nulo em um tipo de refer├¬ncia n├úo anul├ível. [D:\PROJETOS\LAUNCHER C#\launcher\L2Updater_g4gic3ee_wpftmp.csproj]
         D:\PROJETOS\LAUNCHER C#\launcher\Updater\HashZip\ZIPLib\Zip\ZipEntry.cs(826,35): warning CS8625: N├úo ├® poss├¡vel converter um literal nulo em um tipo de refer├¬ncia n├úo anul├ível. [D:\PROJETOS\LAUNCHER C#\launcher\L2Updater_g4gic3ee_wpftmp.csproj]
         D:\PROJETOS\LAUNCHER C#\launcher\Updater\HashZip\ZIPLib\Zip\ZipEntry.cs(826,41): warning CS8625: N├úo ├® poss├¡vel converter um literal nulo em um tipo de refer├¬ncia n├úo anul├ível. [D:\PROJETOS\LAUNCHER C#\launcher\L2Updater_g4gic3ee_wpftmp.csproj]
         D:\PROJETOS\LAUNCHER C#\launcher\Updater\HashZip\ZIPLib\Zip\ZipEntry.cs(831,25): warning CS8625: N├úo ├® poss├¡vel converter um literal nulo em um tipo de refer├¬ncia n├úo anul├ível. [D:\PROJETOS\LAUNCHER C#\launcher\L2Updater_g4gic3ee_wpftmp.csproj]
         D:\PROJETOS\LAUNCHER C#\launcher\Updater\HashZip\ZIPLib\Zip\ZipEntry.cs(836,35): warning CS8625: N├úo ├® poss├¡vel converter um literal nulo em um tipo de refer├¬ncia n├úo anul├ível. [D:\PROJETOS\LAUNCHER C#\launcher\L2Updater_g4gic3ee_wpftmp.csproj]
         D:\PROJETOS\LAUNCHER C#\launcher\Updater\HashZip\ZIPLib\Zip\ZipEntry.cs(843,25): warning CS8625: N├úo ├® poss├¡vel converter um literal nulo em um tipo de refer├¬ncia n├úo anul├ível. [D:\PROJETOS\LAUNCHER C#\launcher\L2Updater_g4gic3ee_wpftmp.csproj]
         D:\PROJETOS\LAUNCHER C#\launcher\Updater\HashZip\ZIPLib\Zip\ZipEntry.cs(849,25): warning CS8625: N├úo ├® poss├¡vel converter um literal nulo em um tipo de refer├¬ncia n├úo anul├ível. [D:\PROJETOS\LAUNCHER C#\launcher\L2Updater_g4gic3ee_wpftmp.csproj]
         D:\PROJETOS\LAUNCHER C#\launcher\Updater\HashZip\ZIPLib\Zip\ZipFile.cs(937,24): warning CS8600: Convers├úo de literal nula ou poss├¡vel valor nulo em tipo n├úo anul├ível. [D:\PROJETOS\LAUNCHER C#\launcher\L2Updater_g4gic3ee_wpftmp.csproj]
         D:\PROJETOS\LAUNCHER C#\launcher\Updater\HashZip\ZIPLib\Zip\ZipFile.cs(985,11): warning CS8603: Poss├¡vel retorno de refer├¬ncia nula. [D:\PROJETOS\LAUNCHER C#\launcher\L2Updater_g4gic3ee_wpftmp.csproj]
         D:\PROJETOS\LAUNCHER C#\launcher\Updater\HashZip\ZIPLib\Zip\ZipEntry.cs(856,35): warning CS8625: N├úo ├® poss├¡vel converter um literal nulo em um tipo de refer├¬ncia n├úo anul├ível. [D:\PROJETOS\LAUNCHER C#\launcher\L2Updater_g4gic3ee_wpftmp.csproj]
         D:\PROJETOS\LAUNCHER C#\launcher\Updater\HashZip\ZIPLib\Zip\ZipEntry.cs(862,35): warning CS8625: N├úo ├® poss├¡vel converter um literal nulo em um tipo de refer├¬ncia n├úo anul├ível. [D:\PROJETOS\LAUNCHER C#\launcher\L2Updater_g4gic3ee_wpftmp.csproj]
         D:\PROJETOS\LAUNCHER C#\launcher\Updater\HashZip\ZIPLib\Zip\ZipEntry.cs(867,20): warning CS8625: N├úo ├® poss├¡vel converter um literal nulo em um tipo de refer├¬ncia n├úo anul├ível. [D:\PROJETOS\LAUNCHER C#\launcher\L2Updater_g4gic3ee_wpftmp.csproj]
         D:\PROJETOS\LAUNCHER C#\launcher\Updater\HashZip\ZIPLib\Zip\FileSelector.cs(357,15): warning CS8600: Convers├úo de literal nula ou poss├¡vel valor nulo em tipo n├úo anul├ível. [D:\PROJETOS\LAUNCHER C#\launcher\L2Updater_g4gic3ee_wpftmp.csproj]
         D:\PROJETOS\LAUNCHER C#\launcher\Updater\HashZip\ZIPLib\Zip\ZipFile.cs(997,22): warning CS8600: Convers├úo de literal nula ou poss├¡vel valor nulo em tipo n├úo anul├ível. [D:\PROJETOS\LAUNCHER C#\launcher\L2Updater_g4gic3ee_wpftmp.csproj]
         D:\PROJETOS\LAUNCHER C#\launcher\Updater\HashZip\ZIPLib\Zip\ZipFile.cs(998,23): warning CS8600: Convers├úo de literal nula ou poss├¡vel valor nulo em tipo n├úo anul├ível. [D:\PROJETOS\LAUNCHER C#\launcher\L2Updater_g4gic3ee_wpftmp.csproj]
         D:\PROJETOS\LAUNCHER C#\launcher\Updater\HashZip\ZIPLib\Zip\ZipFile.cs(1042,16): warning CS8600: Convers├úo de literal nula ou poss├¡vel valor nulo em tipo n├úo anul├ível. [D:\PROJETOS\LAUNCHER C#\launcher\L2Updater_g4gic3ee_wpftmp.csproj]
         D:\PROJETOS\LAUNCHER C#\launcher\Updater\HashZip\ZIPLib\Zip\ZipFile.cs(1106,29): warning CS8625: N├úo ├® poss├¡vel converter um literal nulo em um tipo de refer├¬ncia n├úo anul├ível. [D:\PROJETOS\LAUNCHER C#\launcher\L2Updater_g4gic3ee_wpftmp.csproj]
         D:\PROJETOS\LAUNCHER C#\launcher\Updater\HashZip\ZIPLib\Zip\ZipFile.cs(1102,10): warning CS8618: O campo n├úo anul├ível '_StatusMessageTextWriter' precisa conter um valor n├úo nulo ao sair do construtor. Considere adicionar o modificador "obrigat├│rio" ou declarar o campo como anul├ível. [D:\PROJETOS\LAUNCHER C#\launcher\L2Updater_g4gic3ee_wpftmp.csproj]
         D:\PROJETOS\LAUNCHER C#\launcher\Updater\HashZip\ZIPLib\Zip\ZipFile.cs(1102,10): warning CS8618: O campo n├úo anul├ível '_readstream' precisa conter um valor n├úo nulo ao sair do construtor. Considere adicionar o modificador "obrigat├│rio" ou declarar o campo como anul├ível. [D:\PROJETOS\LAUNCHER C#\launcher\L2Updater_g4gic3ee_wpftmp.csproj]
         D:\PROJETOS\LAUNCHER C#\launcher\Updater\HashZip\ZIPLib\Zip\ZipFile.cs(1102,10): warning CS8618: O campo n├úo anul├ível '_writestream' precisa conter um valor n├úo nulo ao sair do construtor. Considere adicionar o modificador "obrigat├│rio" ou declarar o campo como anul├ível. [D:\PROJETOS\LAUNCHER C#\launcher\L2Updater_g4gic3ee_wpftmp.csproj]
         D:\PROJETOS\LAUNCHER C#\launcher\Updater\HashZip\ZIPLib\Zip\ZipFile.cs(1102,10): warning CS8618: O campo n├úo anul├ível '_entries' precisa conter um valor n├úo nulo ao sair do construtor. Considere adicionar o modificador "obrigat├│rio" ou declarar o campo como anul├ível. [D:\PROJETOS\LAUNCHER C#\launcher\L2Updater_g4gic3ee_wpftmp.csproj]
         D:\PROJETOS\LAUNCHER C#\launcher\Updater\HashZip\ZIPLib\Zip\ZipFile.cs(1102,10): warning CS8618: O campo n├úo anul├ível '_name' precisa conter um valor n├úo nulo ao sair do construtor. Considere adicionar o modificador "obrigat├│rio" ou declarar o campo como anul├ível. [D:\PROJETOS\LAUNCHER C#\launcher\L2Updater_g4gic3ee_wpftmp.csproj]
         D:\PROJETOS\LAUNCHER C#\launcher\Updater\HashZip\ZIPLib\Zip\ZipFile.cs(1102,10): warning CS8618: O campo n├úo anul├ível '_Comment' precisa conter um valor n├úo nulo ao sair do construtor. Considere adicionar o modificador "obrigat├│rio" ou declarar o campo como anul├ível. [D:\PROJETOS\LAUNCHER C#\launcher\L2Updater_g4gic3ee_wpftmp.csproj]
         D:\PROJETOS\LAUNCHER C#\launcher\Updater\HashZip\ZIPLib\Zip\ZipFile.cs(1102,10): warning CS8618: O campo n├úo anul├ível '_Password' precisa conter um valor n├úo nulo ao sair do construtor. Considere adicionar o modificador "obrigat├│rio" ou declarar o campo como anul├ível. [D:\PROJETOS\LAUNCHER C#\launcher\L2Updater_g4gic3ee_wpftmp.csproj]
         D:\PROJETOS\LAUNCHER C#\launcher\Updater\HashZip\ZIPLib\Zip\ZipFile.cs(1102,10): warning CS8618: O campo n├úo anul├ível '_temporaryFileName' precisa conter um valor n├úo nulo ao sair do construtor. Considere adicionar o modificador "obrigat├│rio" ou declarar o campo como anul├ível. [D:\PROJETOS\LAUNCHER C#\launcher\L2Updater_g4gic3ee_wpftmp.csproj]
         D:\PROJETOS\LAUNCHER C#\launcher\Updater\HashZip\ZIPLib\Zip\ZipFile.cs(1102,10): warning CS8618: O campo n├úo anul├ível '_TempFileFolder' precisa conter um valor n├úo nulo ao sair do construtor. Considere adicionar o modificador "obrigat├│rio" ou declarar o campo como anul├ível. [D:\PROJETOS\LAUNCHER C#\launcher\L2Updater_g4gic3ee_wpftmp.csproj]
         D:\PROJETOS\LAUNCHER C#\launcher\Updater\HashZip\ZIPLib\Zip\ZipFile.cs(1102,10): warning CS8618: O propriedade n├úo anul├ível 'WillReadTwiceOnInflation' precisa conter um valor n├úo nulo ao sair do construtor. Considere adicionar o modificador "obrigat├│rio" ou declarar o propriedade como anul├ível. [D:\PROJETOS\LAUNCHER C#\launcher\L2Updater_g4gic3ee_wpftmp.csproj]
         D:\PROJETOS\LAUNCHER C#\launcher\Updater\HashZip\ZIPLib\Zip\ZipFile.cs(1102,10): warning CS8618: O propriedade n├úo anul├ível 'WantCompression' precisa conter um valor n├úo nulo ao sair do construtor. Considere adicionar o modificador "obrigat├│rio" ou declarar o propriedade como anul├ível. [D:\PROJETOS\LAUNCHER C#\launcher\L2Updater_g4gic3ee_wpftmp.csproj]
         D:\PROJETOS\LAUNCHER C#\launcher\Updater\HashZip\ZIPLib\Zip\ZipFile.cs(1102,10): warning CS8618: O evento n├úo anul├ível 'SaveProgress' precisa conter um valor n├úo nulo ao sair do construtor. Considere adicionar o modificador "obrigat├│rio" ou declarar o evento como anul├ível. [D:\PROJETOS\LAUNCHER C#\launcher\L2Updater_g4gic3ee_wpftmp.csproj]
         D:\PROJETOS\LAUNCHER C#\launcher\Updater\HashZip\ZIPLib\Zip\ZipFile.cs(1102,10): warning CS8618: O evento n├úo anul├ível 'ReadProgress' precisa conter um valor n├úo nulo ao sair do construtor. Considere adicionar o modificador "obrigat├│rio" ou declarar o evento como anul├ível. [D:\PROJETOS\LAUNCHER C#\launcher\L2Updater_g4gic3ee_wpftmp.csproj]
         D:\PROJETOS\LAUNCHER C#\launcher\Updater\HashZip\ZIPLib\Zip\ZipFile.cs(1102,10): warning CS8618: O evento n├úo anul├ível 'ExtractProgress' precisa conter um valor n├úo nulo ao sair do construtor. Considere adicionar o modificador "obrigat├│rio" ou declarar o evento como anul├ível. [D:\PROJETOS\LAUNCHER C#\launcher\L2Updater_g4gic3ee_wpftmp.csproj]
         D:\PROJETOS\LAUNCHER C#\launcher\Updater\HashZip\ZIPLib\Zip\ZipFile.cs(1102,10): warning CS8618: O evento n├úo anul├ível 'AddProgress' precisa conter um valor n├úo nulo ao sair do construtor. Considere adicionar o modificador "obrigat├│rio" ou declarar o evento como anul├ível. [D:\PROJETOS\LAUNCHER C#\launcher\L2Updater_g4gic3ee_wpftmp.csproj]
         D:\PROJETOS\LAUNCHER C#\launcher\Updater\HashZip\ZIPLib\Zip\ZipFile.cs(1102,10): warning CS8618: O evento n├úo anul├ível 'ZipError' precisa conter um valor n├úo nulo ao sair do construtor. Considere adicionar o modificador "obrigat├│rio" ou declarar o evento como anul├ível. [D:\PROJETOS\LAUNCHER C#\launcher\L2Updater_g4gic3ee_wpftmp.csproj]
         D:\PROJETOS\LAUNCHER C#\launcher\Updater\HashZip\ZIPLib\Zip\ZipFile.cs(1118,29): warning CS8625: N├úo ├® poss├¡vel converter um literal nulo em um tipo de refer├¬ncia n├úo anul├ível. [D:\PROJETOS\LAUNCHER C#\launcher\L2Updater_g4gic3ee_wpftmp.csproj]
         D:\PROJETOS\LAUNCHER C#\launcher\Updater\HashZip\ZIPLib\Zip\ZipFile.cs(1114,10): warning CS8618: O campo n├úo anul├ível '_StatusMessageTextWriter' precisa conter um valor n├úo nulo ao sair do construtor. Considere adicionar o modificador "obrigat├│rio" ou declarar o campo como anul├ível. [D:\PROJETOS\LAUNCHER C#\launcher\L2Updater_g4gic3ee_wpftmp.csproj]
         D:\PROJETOS\LAUNCHER C#\launcher\Updater\HashZip\ZIPLib\Zip\ZipFile.cs(1114,10): warning CS8618: O campo n├úo anul├ível '_readstream' precisa conter um valor n├úo nulo ao sair do construtor. Considere adicionar o modificador "obrigat├│rio" ou declarar o campo como anul├ível. [D:\PROJETOS\LAUNCHER C#\launcher\L2Updater_g4gic3ee_wpftmp.csproj]
         D:\PROJETOS\LAUNCHER C#\launcher\Updater\HashZip\ZIPLib\Zip\ZipFile.cs(1114,10): warning CS8618: O campo n├úo anul├ível '_writestream' precisa conter um valor n├úo nulo ao sair do construtor. Considere adicionar o modificador "obrigat├│rio" ou declarar o campo como anul├ível. [D:\PROJETOS\LAUNCHER C#\launcher\L2Updater_g4gic3ee_wpftmp.csproj]
         D:\PROJETOS\LAUNCHER C#\launcher\Updater\HashZip\ZIPLib\Zip\ZipFile.cs(1114,10): warning CS8618: O campo n├úo anul├ível '_entries' precisa conter um valor n├úo nulo ao sair do construtor. Considere adicionar o modificador "obrigat├│rio" ou declarar o campo como anul├ível. [D:\PROJETOS\LAUNCHER C#\launcher\L2Updater_g4gic3ee_wpftmp.csproj]
         D:\PROJETOS\LAUNCHER C#\launcher\Updater\HashZip\ZIPLib\Zip\ZipFile.cs(1114,10): warning CS8618: O campo n├úo anul├ível '_name' precisa conter um valor n├úo nulo ao sair do construtor. Considere adicionar o modificador "obrigat├│rio" ou declarar o campo como anul├ível. [D:\PROJETOS\LAUNCHER C#\launcher\L2Updater_g4gic3ee_wpftmp.csproj]
         D:\PROJETOS\LAUNCHER C#\launcher\Updater\HashZip\ZIPLib\Zip\ZipFile.cs(1114,10): warning CS8618: O campo n├úo anul├ível '_Comment' precisa conter um valor n├úo nulo ao sair do construtor. Considere adicionar o modificador "obrigat├│rio" ou declarar o campo como anul├ível. [D:\PROJETOS\LAUNCHER C#\launcher\L2Updater_g4gic3ee_wpftmp.csproj]
         D:\PROJETOS\LAUNCHER C#\launcher\Updater\HashZip\ZIPLib\Zip\ZipFile.cs(1114,10): warning CS8618: O campo n├úo anul├ível '_Password' precisa conter um valor n├úo nulo ao sair do construtor. Considere adicionar o modificador "obrigat├│rio" ou declarar o campo como anul├ível. [D:\PROJETOS\LAUNCHER C#\launcher\L2Updater_g4gic3ee_wpftmp.csproj]
         D:\PROJETOS\LAUNCHER C#\launcher\Updater\HashZip\ZIPLib\Zip\ZipFile.cs(1114,10): warning CS8618: O campo n├úo anul├ível '_temporaryFileName' precisa conter um valor n├úo nulo ao sair do construtor. Considere adicionar o modificador "obrigat├│rio" ou declarar o campo como anul├ível. [D:\PROJETOS\LAUNCHER C#\launcher\L2Updater_g4gic3ee_wpftmp.csproj]
         D:\PROJETOS\LAUNCHER C#\launcher\Updater\HashZip\ZIPLib\Zip\ZipFile.cs(1114,10): warning CS8618: O campo n├úo anul├ível '_TempFileFolder' precisa conter um valor n├úo nulo ao sair do construtor. Considere adicionar o modificador "obrigat├│rio" ou declarar o campo como anul├ível. [D:\PROJETOS\LAUNCHER C#\launcher\L2Updater_g4gic3ee_wpftmp.csproj]
         D:\PROJETOS\LAUNCHER C#\launcher\Updater\HashZip\ZIPLib\Zip\ZipFile.cs(1114,10): warning CS8618: O propriedade n├úo anul├ível 'WillReadTwiceOnInflation' precisa conter um valor n├úo nulo ao sair do construtor. Considere adicionar o modificador "obrigat├│rio" ou declarar o propriedade como anul├ível. [D:\PROJETOS\LAUNCHER C#\launcher\L2Updater_g4gic3ee_wpftmp.csproj]
         D:\PROJETOS\LAUNCHER C#\launcher\Updater\HashZip\ZIPLib\Zip\ZipFile.cs(1114,10): warning CS8618: O propriedade n├úo anul├ível 'WantCompression' precisa conter um valor n├úo nulo ao sair do construtor. Considere adicionar o modificador "obrigat├│rio" ou declarar o propriedade como anul├ível. [D:\PROJETOS\LAUNCHER C#\launcher\L2Updater_g4gic3ee_wpftmp.csproj]
         D:\PROJETOS\LAUNCHER C#\launcher\Updater\HashZip\ZIPLib\Zip\ZipFile.cs(1114,10): warning CS8618: O evento n├úo anul├ível 'SaveProgress' precisa conter um valor n├úo nulo ao sair do construtor. Considere adicionar o modificador "obrigat├│rio" ou declarar o evento como anul├ível. [D:\PROJETOS\LAUNCHER C#\launcher\L2Updater_g4gic3ee_wpftmp.csproj]
         D:\PROJETOS\LAUNCHER C#\launcher\Updater\HashZip\ZIPLib\Zip\ZipFile.cs(1114,10): warning CS8618: O evento n├úo anul├ível 'ReadProgress' precisa conter um valor n├úo nulo ao sair do construtor. Considere adicionar o modificador "obrigat├│rio" ou declarar o evento como anul├ível. [D:\PROJETOS\LAUNCHER C#\launcher\L2Updater_g4gic3ee_wpftmp.csproj]
         D:\PROJETOS\LAUNCHER C#\launcher\Updater\HashZip\ZIPLib\Zip\ZipFile.cs(1114,10): warning CS8618: O evento n├úo anul├ível 'ExtractProgress' precisa conter um valor n├úo nulo ao sair do construtor. Considere adicionar o modificador "obrigat├│rio" ou declarar o evento como anul├ível. [D:\PROJETOS\LAUNCHER C#\launcher\L2Updater_g4gic3ee_wpftmp.csproj]
         D:\PROJETOS\LAUNCHER C#\launcher\Updater\HashZip\ZIPLib\Zip\ZipFile.cs(1114,10): warning CS8618: O evento n├úo anul├ível 'AddProgress' precisa conter um valor n├úo nulo ao sair do construtor. Considere adicionar o modificador "obrigat├│rio" ou declarar o evento como anul├ível. [D:\PROJETOS\LAUNCHER C#\launcher\L2Updater_g4gic3ee_wpftmp.csproj]
         D:\PROJETOS\LAUNCHER C#\launcher\Updater\HashZip\ZIPLib\Zip\ZipFile.cs(1114,10): warning CS8618: O evento n├úo anul├ível 'ZipError' precisa conter um valor n├úo nulo ao sair do construtor. Considere adicionar o modificador "obrigat├│rio" ou declarar o evento como anul├ível. [D:\PROJETOS\LAUNCHER C#\launcher\L2Updater_g4gic3ee_wpftmp.csproj]
         D:\PROJETOS\LAUNCHER C#\launcher\Updater\HashZip\ZIPLib\Zip\ZipFile.cs(1129,18): warning CS8625: N├úo ├® poss├¡vel converter um literal nulo em um tipo de refer├¬ncia n├úo anul├ível. [D:\PROJETOS\LAUNCHER C#\launcher\L2Updater_g4gic3ee_wpftmp.csproj]
         D:\PROJETOS\LAUNCHER C#\launcher\Updater\HashZip\ZIPLib\Zip\ZipFile.cs(1129,24): warning CS8625: N├úo ├® poss├¡vel converter um literal nulo em um tipo de refer├¬ncia n├úo anul├ível. [D:\PROJETOS\LAUNCHER C#\launcher\L2Updater_g4gic3ee_wpftmp.csproj]
         D:\PROJETOS\LAUNCHER C#\launcher\Updater\HashZip\ZIPLib\Zip\ZipFile.cs(1127,10): warning CS8618: O campo n├úo anul├ível '_StatusMessageTextWriter' precisa conter um valor n├úo nulo ao sair do construtor. Considere adicionar o modificador "obrigat├│rio" ou declarar o campo como anul├ível. [D:\PROJETOS\LAUNCHER C#\launcher\L2Updater_g4gic3ee_wpftmp.csproj]
         D:\PROJETOS\LAUNCHER C#\launcher\Updater\HashZip\ZIPLib\Zip\ZipFile.cs(1127,10): warning CS8618: O campo n├úo anul├ível '_readstream' precisa conter um valor n├úo nulo ao sair do construtor. Considere adicionar o modificador "obrigat├│rio" ou declarar o campo como anul├ível. [D:\PROJETOS\LAUNCHER C#\launcher\L2Updater_g4gic3ee_wpftmp.csproj]
         D:\PROJETOS\LAUNCHER C#\launcher\Updater\HashZip\ZIPLib\Zip\ZipFile.cs(1127,10): warning CS8618: O campo n├úo anul├ível '_writestream' precisa conter um valor n├úo nulo ao sair do construtor. Considere adicionar o modificador "obrigat├│rio" ou declarar o campo como anul├ível. [D:\PROJETOS\LAUNCHER C#\launcher\L2Updater_g4gic3ee_wpftmp.csproj]
         D:\PROJETOS\LAUNCHER C#\launcher\Updater\HashZip\ZIPLib\Zip\ZipFile.cs(1127,10): warning CS8618: O campo n├úo anul├ível '_entries' precisa conter um valor n├úo nulo ao sair do construtor. Considere adicionar o modificador "obrigat├│rio" ou declarar o campo como anul├ível. [D:\PROJETOS\LAUNCHER C#\launcher\L2Updater_g4gic3ee_wpftmp.csproj]
         D:\PROJETOS\LAUNCHER C#\launcher\Updater\HashZip\ZIPLib\Zip\ZipFile.cs(1127,10): warning CS8618: O campo n├úo anul├ível '_name' precisa conter um valor n├úo nulo ao sair do construtor. Considere adicionar o modificador "obrigat├│rio" ou declarar o campo como anul├ível. [D:\PROJETOS\LAUNCHER C#\launcher\L2Updater_g4gic3ee_wpftmp.csproj]
         D:\PROJETOS\LAUNCHER C#\launcher\Updater\HashZip\ZIPLib\Zip\ZipFile.cs(1127,10): warning CS8618: O campo n├úo anul├ível '_Comment' precisa conter um valor n├úo nulo ao sair do construtor. Considere adicionar o modificador "obrigat├│rio" ou declarar o campo como anul├ível. [D:\PROJETOS\LAUNCHER C#\launcher\L2Updater_g4gic3ee_wpftmp.csproj]
         D:\PROJETOS\LAUNCHER C#\launcher\Updater\HashZip\ZIPLib\Zip\ZipFile.cs(1127,10): warning CS8618: O campo n├úo anul├ível '_Password' precisa conter um valor n├úo nulo ao sair do construtor. Considere adicionar o modificador "obrigat├│rio" ou declarar o campo como anul├ível. [D:\PROJETOS\LAUNCHER C#\launcher\L2Updater_g4gic3ee_wpftmp.csproj]
         D:\PROJETOS\LAUNCHER C#\launcher\Updater\HashZip\ZIPLib\Zip\ZipFile.cs(1127,10): warning CS8618: O campo n├úo anul├ível '_temporaryFileName' precisa conter um valor n├úo nulo ao sair do construtor. Considere adicionar o modificador "obrigat├│rio" ou declarar o campo como anul├ível. [D:\PROJETOS\LAUNCHER C#\launcher\L2Updater_g4gic3ee_wpftmp.csproj]
         D:\PROJETOS\LAUNCHER C#\launcher\Updater\HashZip\ZIPLib\Zip\ZipFile.cs(1127,10): warning CS8618: O campo n├úo anul├ível '_TempFileFolder' precisa conter um valor n├úo nulo ao sair do construtor. Considere adicionar o modificador "obrigat├│rio" ou declarar o campo como anul├ível. [D:\PROJETOS\LAUNCHER C#\launcher\L2Updater_g4gic3ee_wpftmp.csproj]
         D:\PROJETOS\LAUNCHER C#\launcher\Updater\HashZip\ZIPLib\Zip\ZipFile.cs(1127,10): warning CS8618: O propriedade n├úo anul├ível 'WillReadTwiceOnInflation' precisa conter um valor n├úo nulo ao sair do construtor. Considere adicionar o modificador "obrigat├│rio" ou declarar o propriedade como anul├ível. [D:\PROJETOS\LAUNCHER C#\launcher\L2Updater_g4gic3ee_wpftmp.csproj]
         D:\PROJETOS\LAUNCHER C#\launcher\Updater\HashZip\ZIPLib\Zip\ZipFile.cs(1127,10): warning CS8618: O propriedade n├úo anul├ível 'WantCompression' precisa conter um valor n├úo nulo ao sair do construtor. Considere adicionar o modificador "obrigat├│rio" ou declarar o propriedade como anul├ível. [D:\PROJETOS\LAUNCHER C#\launcher\L2Updater_g4gic3ee_wpftmp.csproj]
         D:\PROJETOS\LAUNCHER C#\launcher\Updater\HashZip\ZIPLib\Zip\ZipFile.cs(1127,10): warning CS8618: O evento n├úo anul├ível 'SaveProgress' precisa conter um valor n├úo nulo ao sair do construtor. Considere adicionar o modificador "obrigat├│rio" ou declarar o evento como anul├ível. [D:\PROJETOS\LAUNCHER C#\launcher\L2Updater_g4gic3ee_wpftmp.csproj]
         D:\PROJETOS\LAUNCHER C#\launcher\Updater\HashZip\ZIPLib\Zip\ZipFile.cs(1127,10): warning CS8618: O evento n├úo anul├ível 'ReadProgress' precisa conter um valor n├úo nulo ao sair do construtor. Considere adicionar o modificador "obrigat├│rio" ou declarar o evento como anul├ível. [D:\PROJETOS\LAUNCHER C#\launcher\L2Updater_g4gic3ee_wpftmp.csproj]
         D:\PROJETOS\LAUNCHER C#\launcher\Updater\HashZip\ZIPLib\Zip\ZipFile.cs(1127,10): warning CS8618: O evento n├úo anul├ível 'ExtractProgress' precisa conter um valor n├úo nulo ao sair do construtor. Considere adicionar o modificador "obrigat├│rio" ou declarar o evento como anul├ível. [D:\PROJETOS\LAUNCHER C#\launcher\L2Updater_g4gic3ee_wpftmp.csproj]
         D:\PROJETOS\LAUNCHER C#\launcher\Updater\HashZip\ZIPLib\Zip\ZipFile.cs(1127,10): warning CS8618: O evento n├úo anul├ível 'AddProgress' precisa conter um valor n├úo nulo ao sair do construtor. Considere adicionar o modificador "obrigat├│rio" ou declarar o evento como anul├ível. [D:\PROJETOS\LAUNCHER C#\launcher\L2Updater_g4gic3ee_wpftmp.csproj]
         D:\PROJETOS\LAUNCHER C#\launcher\Updater\HashZip\ZIPLib\Zip\ZipFile.cs(1127,10): warning CS8618: O evento n├úo anul├ível 'ZipError' precisa conter um valor n├úo nulo ao sair do construtor. Considere adicionar o modificador "obrigat├│rio" ou declarar o evento como anul├ível. [D:\PROJETOS\LAUNCHER C#\launcher\L2Updater_g4gic3ee_wpftmp.csproj]
         D:\PROJETOS\LAUNCHER C#\launcher\Updater\HashZip\ZIPLib\Zip\ZipFile.cs(1134,18): warning CS8625: N├úo ├® poss├¡vel converter um literal nulo em um tipo de refer├¬ncia n├úo anul├ível. [D:\PROJETOS\LAUNCHER C#\launcher\L2Updater_g4gic3ee_wpftmp.csproj]
         D:\PROJETOS\LAUNCHER C#\launcher\Updater\HashZip\ZIPLib\Zip\ZipFile.cs(1134,24): warning CS8625: N├úo ├® poss├¡vel converter um literal nulo em um tipo de refer├¬ncia n├úo anul├ível. [D:\PROJETOS\LAUNCHER C#\launcher\L2Updater_g4gic3ee_wpftmp.csproj]
         D:\PROJETOS\LAUNCHER C#\launcher\Updater\HashZip\ZIPLib\Zip\ZipFile.cs(1132,10): warning CS8618: O campo n├úo anul├ível '_StatusMessageTextWriter' precisa conter um valor n├úo nulo ao sair do construtor. Considere adicionar o modificador "obrigat├│rio" ou declarar o campo como anul├ível. [D:\PROJETOS\LAUNCHER C#\launcher\L2Updater_g4gic3ee_wpftmp.csproj]
         D:\PROJETOS\LAUNCHER C#\launcher\Updater\HashZip\ZIPLib\Zip\ZipFile.cs(1132,10): warning CS8618: O campo n├úo anul├ível '_readstream' precisa conter um valor n├úo nulo ao sair do construtor. Considere adicionar o modificador "obrigat├│rio" ou declarar o campo como anul├ível. [D:\PROJETOS\LAUNCHER C#\launcher\L2Updater_g4gic3ee_wpftmp.csproj]
         D:\PROJETOS\LAUNCHER C#\launcher\Updater\HashZip\ZIPLib\Zip\ZipFile.cs(1132,10): warning CS8618: O campo n├úo anul├ível '_writestream' precisa conter um valor n├úo nulo ao sair do construtor. Considere adicionar o modificador "obrigat├│rio" ou declarar o campo como anul├ível. [D:\PROJETOS\LAUNCHER C#\launcher\L2Updater_g4gic3ee_wpftmp.csproj]
         D:\PROJETOS\LAUNCHER C#\launcher\Updater\HashZip\ZIPLib\Zip\ZipFile.cs(1132,10): warning CS8618: O campo n├úo anul├ível '_entries' precisa conter um valor n├úo nulo ao sair do construtor. Considere adicionar o modificador "obrigat├│rio" ou declarar o campo como anul├ível. [D:\PROJETOS\LAUNCHER C#\launcher\L2Updater_g4gic3ee_wpftmp.csproj]
         D:\PROJETOS\LAUNCHER C#\launcher\Updater\HashZip\ZIPLib\Zip\ZipFile.cs(1132,10): warning CS8618: O campo n├úo anul├ível '_name' precisa conter um valor n├úo nulo ao sair do construtor. Considere adicionar o modificador "obrigat├│rio" ou declarar o campo como anul├ível. [D:\PROJETOS\LAUNCHER C#\launcher\L2Updater_g4gic3ee_wpftmp.csproj]
         D:\PROJETOS\LAUNCHER C#\launcher\Updater\HashZip\ZIPLib\Zip\ZipFile.cs(1132,10): warning CS8618: O campo n├úo anul├ível '_Comment' precisa conter um valor n├úo nulo ao sair do construtor. Considere adicionar o modificador "obrigat├│rio" ou declarar o campo como anul├ível. [D:\PROJETOS\LAUNCHER C#\launcher\L2Updater_g4gic3ee_wpftmp.csproj]
         D:\PROJETOS\LAUNCHER C#\launcher\Updater\HashZip\ZIPLib\Zip\ZipFile.cs(1132,10): warning CS8618: O campo n├úo anul├ível '_Password' precisa conter um valor n├úo nulo ao sair do construtor. Considere adicionar o modificador "obrigat├│rio" ou declarar o campo como anul├ível. [D:\PROJETOS\LAUNCHER C#\launcher\L2Updater_g4gic3ee_wpftmp.csproj]
         D:\PROJETOS\LAUNCHER C#\launcher\Updater\HashZip\ZIPLib\Zip\ZipFile.cs(1132,10): warning CS8618: O campo n├úo anul├ível '_temporaryFileName' precisa conter um valor n├úo nulo ao sair do construtor. Considere adicionar o modificador "obrigat├│rio" ou declarar o campo como anul├ível. [D:\PROJETOS\LAUNCHER C#\launcher\L2Updater_g4gic3ee_wpftmp.csproj]
         D:\PROJETOS\LAUNCHER C#\launcher\Updater\HashZip\ZIPLib\Zip\ZipFile.cs(1132,10): warning CS8618: O campo n├úo anul├ível '_TempFileFolder' precisa conter um valor n├úo nulo ao sair do construtor. Considere adicionar o modificador "obrigat├│rio" ou declarar o campo como anul├ível. [D:\PROJETOS\LAUNCHER C#\launcher\L2Updater_g4gic3ee_wpftmp.csproj]
         D:\PROJETOS\LAUNCHER C#\launcher\Updater\HashZip\ZIPLib\Zip\ZipFile.cs(1132,10): warning CS8618: O propriedade n├úo anul├ível 'WillReadTwiceOnInflation' precisa conter um valor n├úo nulo ao sair do construtor. Considere adicionar o modificador "obrigat├│rio" ou declarar o propriedade como anul├ível. [D:\PROJETOS\LAUNCHER C#\launcher\L2Updater_g4gic3ee_wpftmp.csproj]
         D:\PROJETOS\LAUNCHER C#\launcher\Updater\HashZip\ZIPLib\Zip\ZipFile.cs(1132,10): warning CS8618: O propriedade n├úo anul├ível 'WantCompression' precisa conter um valor n├úo nulo ao sair do construtor. Considere adicionar o modificador "obrigat├│rio" ou declarar o propriedade como anul├ível. [D:\PROJETOS\LAUNCHER C#\launcher\L2Updater_g4gic3ee_wpftmp.csproj]
         D:\PROJETOS\LAUNCHER C#\launcher\Updater\HashZip\ZIPLib\Zip\ZipFile.cs(1132,10): warning CS8618: O evento n├úo anul├ível 'SaveProgress' precisa conter um valor n├úo nulo ao sair do construtor. Considere adicionar o modificador "obrigat├│rio" ou declarar o evento como anul├ível. [D:\PROJETOS\LAUNCHER C#\launcher\L2Updater_g4gic3ee_wpftmp.csproj]
         D:\PROJETOS\LAUNCHER C#\launcher\Updater\HashZip\ZIPLib\Zip\ZipFile.cs(1132,10): warning CS8618: O evento n├úo anul├ível 'ReadProgress' precisa conter um valor n├úo nulo ao sair do construtor. Considere adicionar o modificador "obrigat├│rio" ou declarar o evento como anul├ível. [D:\PROJETOS\LAUNCHER C#\launcher\L2Updater_g4gic3ee_wpftmp.csproj]
         D:\PROJETOS\LAUNCHER C#\launcher\Updater\HashZip\ZIPLib\Zip\ZipFile.cs(1132,10): warning CS8618: O evento n├úo anul├ível 'ExtractProgress' precisa conter um valor n├úo nulo ao sair do construtor. Considere adicionar o modificador "obrigat├│rio" ou declarar o evento como anul├ível. [D:\PROJETOS\LAUNCHER C#\launcher\L2Updater_g4gic3ee_wpftmp.csproj]
         D:\PROJETOS\LAUNCHER C#\launcher\Updater\HashZip\ZIPLib\Zip\ZipFile.cs(1132,10): warning CS8618: O evento n├úo anul├ível 'AddProgress' precisa conter um valor n├úo nulo ao sair do construtor. Considere adicionar o modificador "obrigat├│rio" ou declarar o evento como anul├ível. [D:\PROJETOS\LAUNCHER C#\launcher\L2Updater_g4gic3ee_wpftmp.csproj]
         D:\PROJETOS\LAUNCHER C#\launcher\Updater\HashZip\ZIPLib\Zip\ZipFile.cs(1132,10): warning CS8618: O evento n├úo anul├ível 'ZipError' precisa conter um valor n├úo nulo ao sair do construtor. Considere adicionar o modificador "obrigat├│rio" ou declarar o evento como anul├ível. [D:\PROJETOS\LAUNCHER C#\launcher\L2Updater_g4gic3ee_wpftmp.csproj]
         D:\PROJETOS\LAUNCHER C#\launcher\Updater\HashZip\ZIPLib\Zip\ZipFile.cs(1138,10): warning CS8618: O campo n├úo anul├ível '_StatusMessageTextWriter' precisa conter um valor n├úo nulo ao sair do construtor. Considere adicionar o modificador "obrigat├│rio" ou declarar o campo como anul├ível. [D:\PROJETOS\LAUNCHER C#\launcher\L2Updater_g4gic3ee_wpftmp.csproj]
         D:\PROJETOS\LAUNCHER C#\launcher\Updater\HashZip\ZIPLib\Zip\ZipFile.cs(1138,10): warning CS8618: O campo n├úo anul├ível '_readstream' precisa conter um valor n├úo nulo ao sair do construtor. Considere adicionar o modificador "obrigat├│rio" ou declarar o campo como anul├ível. [D:\PROJETOS\LAUNCHER C#\launcher\L2Updater_g4gic3ee_wpftmp.csproj]
         D:\PROJETOS\LAUNCHER C#\launcher\Updater\HashZip\ZIPLib\Zip\ZipFile.cs(1138,10): warning CS8618: O campo n├úo anul├ível '_writestream' precisa conter um valor n├úo nulo ao sair do construtor. Considere adicionar o modificador "obrigat├│rio" ou declarar o campo como anul├ível. [D:\PROJETOS\LAUNCHER C#\launcher\L2Updater_g4gic3ee_wpftmp.csproj]
         D:\PROJETOS\LAUNCHER C#\launcher\Updater\HashZip\ZIPLib\Zip\ZipFile.cs(1138,10): warning CS8618: O campo n├úo anul├ível '_entries' precisa conter um valor n├úo nulo ao sair do construtor. Considere adicionar o modificador "obrigat├│rio" ou declarar o campo como anul├ível. [D:\PROJETOS\LAUNCHER C#\launcher\L2Updater_g4gic3ee_wpftmp.csproj]
         D:\PROJETOS\LAUNCHER C#\launcher\Updater\HashZip\ZIPLib\Zip\ZipFile.cs(1138,10): warning CS8618: O campo n├úo anul├ível '_name' precisa conter um valor n├úo nulo ao sair do construtor. Considere adicionar o modificador "obrigat├│rio" ou declarar o campo como anul├ível. [D:\PROJETOS\LAUNCHER C#\launcher\L2Updater_g4gic3ee_wpftmp.csproj]
         D:\PROJETOS\LAUNCHER C#\launcher\Updater\HashZip\ZIPLib\Zip\ZipFile.cs(1138,10): warning CS8618: O campo n├úo anul├ível '_Comment' precisa conter um valor n├úo nulo ao sair do construtor. Considere adicionar o modificador "obrigat├│rio" ou declarar o campo como anul├ível. [D:\PROJETOS\LAUNCHER C#\launcher\L2Updater_g4gic3ee_wpftmp.csproj]
         D:\PROJETOS\LAUNCHER C#\launcher\Updater\HashZip\ZIPLib\Zip\ZipFile.cs(1138,10): warning CS8618: O campo n├úo anul├ível '_Password' precisa conter um valor n├úo nulo ao sair do construtor. Considere adicionar o modificador "obrigat├│rio" ou declarar o campo como anul├ível. [D:\PROJETOS\LAUNCHER C#\launcher\L2Updater_g4gic3ee_wpftmp.csproj]
         D:\PROJETOS\LAUNCHER C#\launcher\Updater\HashZip\ZIPLib\Zip\ZipFile.cs(1138,10): warning CS8618: O campo n├úo anul├ível '_temporaryFileName' precisa conter um valor n├úo nulo ao sair do construtor. Considere adicionar o modificador "obrigat├│rio" ou declarar o campo como anul├ível. [D:\PROJETOS\LAUNCHER C#\launcher\L2Updater_g4gic3ee_wpftmp.csproj]
         D:\PROJETOS\LAUNCHER C#\launcher\Updater\HashZip\ZIPLib\Zip\ZipFile.cs(1138,10): warning CS8618: O campo n├úo anul├ível '_TempFileFolder' precisa conter um valor n├úo nulo ao sair do construtor. Considere adicionar o modificador "obrigat├│rio" ou declarar o campo como anul├ível. [D:\PROJETOS\LAUNCHER C#\launcher\L2Updater_g4gic3ee_wpftmp.csproj]
         D:\PROJETOS\LAUNCHER C#\launcher\Updater\HashZip\ZIPLib\Zip\ZipFile.cs(1138,10): warning CS8618: O propriedade n├úo anul├ível 'WillReadTwiceOnInflation' precisa conter um valor n├úo nulo ao sair do construtor. Considere adicionar o modificador "obrigat├│rio" ou declarar o propriedade como anul├ível. [D:\PROJETOS\LAUNCHER C#\launcher\L2Updater_g4gic3ee_wpftmp.csproj]
         D:\PROJETOS\LAUNCHER C#\launcher\Updater\HashZip\ZIPLib\Zip\ZipFile.cs(1138,10): warning CS8618: O propriedade n├úo anul├ível 'WantCompression' precisa conter um valor n├úo nulo ao sair do construtor. Considere adicionar o modificador "obrigat├│rio" ou declarar o propriedade como anul├ível. [D:\PROJETOS\LAUNCHER C#\launcher\L2Updater_g4gic3ee_wpftmp.csproj]
         D:\PROJETOS\LAUNCHER C#\launcher\Updater\HashZip\ZIPLib\Zip\ZipFile.cs(1138,10): warning CS8618: O evento n├úo anul├ível 'SaveProgress' precisa conter um valor n├úo nulo ao sair do construtor. Considere adicionar o modificador "obrigat├│rio" ou declarar o evento como anul├ível. [D:\PROJETOS\LAUNCHER C#\launcher\L2Updater_g4gic3ee_wpftmp.csproj]
         D:\PROJETOS\LAUNCHER C#\launcher\Updater\HashZip\ZIPLib\Zip\ZipFile.cs(1138,10): warning CS8618: O evento n├úo anul├ível 'ReadProgress' precisa conter um valor n├úo nulo ao sair do construtor. Considere adicionar o modificador "obrigat├│rio" ou declarar o evento como anul├ível. [D:\PROJETOS\LAUNCHER C#\launcher\L2Updater_g4gic3ee_wpftmp.csproj]
         D:\PROJETOS\LAUNCHER C#\launcher\Updater\HashZip\ZIPLib\Zip\ZipFile.cs(1138,10): warning CS8618: O evento n├úo anul├ível 'ExtractProgress' precisa conter um valor n├úo nulo ao sair do construtor. Considere adicionar o modificador "obrigat├│rio" ou declarar o evento como anul├ível. [D:\PROJETOS\LAUNCHER C#\launcher\L2Updater_g4gic3ee_wpftmp.csproj]
         D:\PROJETOS\LAUNCHER C#\launcher\Updater\HashZip\ZIPLib\Zip\ZipFile.cs(1138,10): warning CS8618: O evento n├úo anul├ível 'AddProgress' precisa conter um valor n├úo nulo ao sair do construtor. Considere adicionar o modificador "obrigat├│rio" ou declarar o evento como anul├ível. [D:\PROJETOS\LAUNCHER C#\launcher\L2Updater_g4gic3ee_wpftmp.csproj]
         D:\PROJETOS\LAUNCHER C#\launcher\Updater\HashZip\ZIPLib\Zip\ZipFile.cs(1138,10): warning CS8618: O evento n├úo anul├ível 'ZipError' precisa conter um valor n├úo nulo ao sair do construtor. Considere adicionar o modificador "obrigat├│rio" ou declarar o evento como anul├ível. [D:\PROJETOS\LAUNCHER C#\launcher\L2Updater_g4gic3ee_wpftmp.csproj]
         D:\PROJETOS\LAUNCHER C#\launcher\Updater\HashZip\ZIPLib\Zip\ZipEntry.cs(952,24): warning CS8600: Convers├úo de literal nula ou poss├¡vel valor nulo em tipo n├úo anul├ível. [D:\PROJETOS\LAUNCHER C#\launcher\L2Updater_g4gic3ee_wpftmp.csproj]
         D:\PROJETOS\LAUNCHER C#\launcher\Updater\HashZip\ZIPLib\Zip\ZipEntry.cs(953,20): warning CS8600: Convers├úo de literal nula ou poss├¡vel valor nulo em tipo n├úo anul├ível. [D:\PROJETOS\LAUNCHER C#\launcher\L2Updater_g4gic3ee_wpftmp.csproj]
         D:\PROJETOS\LAUNCHER C#\launcher\Updater\HashZip\ZIPLib\Zip\ZipEntry.cs(986,33): warning CS8604: Poss├¡vel argumento de refer├¬ncia nula para o par├ómetro 'path' em 'DirectoryInfo Directory.CreateDirectory(string path)'. [D:\PROJETOS\LAUNCHER C#\launcher\L2Updater_g4gic3ee_wpftmp.csproj]
         D:\PROJETOS\LAUNCHER C#\launcher\Updater\HashZip\ZIPLib\Zip\ZipEntry.cs(1027,15): warning CS8600: Convers├úo de literal nula ou poss├¡vel valor nulo em tipo n├úo anul├ível. [D:\PROJETOS\LAUNCHER C#\launcher\L2Updater_g4gic3ee_wpftmp.csproj]
         D:\PROJETOS\LAUNCHER C#\launcher\Updater\HashZip\ZIPLib\Zip\ZipEntry.cs(1031,30): warning CS8600: Convers├úo de literal nula ou poss├¡vel valor nulo em tipo n├úo anul├ível. [D:\PROJETOS\LAUNCHER C#\launcher\L2Updater_g4gic3ee_wpftmp.csproj]
         D:\PROJETOS\LAUNCHER C#\launcher\Updater\HashZip\ZIPLib\Zip\ZipEntry.cs(1032,20): warning CS8604: Poss├¡vel argumento de refer├¬ncia nula para o par├ómetro 'fileName' em 'ZipEntry ZipFile.this[string fileName]'. [D:\PROJETOS\LAUNCHER C#\launcher\L2Updater_g4gic3ee_wpftmp.csproj]
         D:\PROJETOS\LAUNCHER C#\launcher\Updater\HashZip\ZIPLib\Zip\ZipEntry.cs(1034,18): warning CS8604: Poss├¡vel argumento de refer├¬ncia nula para o par├ómetro 'fileOrDirectory' em 'void ZipEntry._SetTimes(string fileOrDirectory, bool isFile)'. [D:\PROJETOS\LAUNCHER C#\launcher\L2Updater_g4gic3ee_wpftmp.csproj]
         D:\PROJETOS\LAUNCHER C#\launcher\Updater\HashZip\ZIPLib\Zip\ZipFile.cs(1150,10): warning CS8618: O campo n├úo anul├ível '_StatusMessageTextWriter' precisa conter um valor n├úo nulo ao sair do construtor. Considere adicionar o modificador "obrigat├│rio" ou declarar o campo como anul├ível. [D:\PROJETOS\LAUNCHER C#\launcher\L2Updater_g4gic3ee_wpftmp.csproj]
         D:\PROJETOS\LAUNCHER C#\launcher\Updater\HashZip\ZIPLib\Zip\ZipFile.cs(1150,10): warning CS8618: O campo n├úo anul├ível '_readstream' precisa conter um valor n├úo nulo ao sair do construtor. Considere adicionar o modificador "obrigat├│rio" ou declarar o campo como anul├ível. [D:\PROJETOS\LAUNCHER C#\launcher\L2Updater_g4gic3ee_wpftmp.csproj]
         D:\PROJETOS\LAUNCHER C#\launcher\Updater\HashZip\ZIPLib\Zip\ZipFile.cs(1150,10): warning CS8618: O campo n├úo anul├ível '_writestream' precisa conter um valor n├úo nulo ao sair do construtor. Considere adicionar o modificador "obrigat├│rio" ou declarar o campo como anul├ível. [D:\PROJETOS\LAUNCHER C#\launcher\L2Updater_g4gic3ee_wpftmp.csproj]
         D:\PROJETOS\LAUNCHER C#\launcher\Updater\HashZip\ZIPLib\Zip\ZipFile.cs(1150,10): warning CS8618: O campo n├úo anul├ível '_entries' precisa conter um valor n├úo nulo ao sair do construtor. Considere adicionar o modificador "obrigat├│rio" ou declarar o campo como anul├ível. [D:\PROJETOS\LAUNCHER C#\launcher\L2Updater_g4gic3ee_wpftmp.csproj]
         D:\PROJETOS\LAUNCHER C#\launcher\Updater\HashZip\ZIPLib\Zip\ZipFile.cs(1150,10): warning CS8618: O campo n├úo anul├ível '_name' precisa conter um valor n├úo nulo ao sair do construtor. Considere adicionar o modificador "obrigat├│rio" ou declarar o campo como anul├ível. [D:\PROJETOS\LAUNCHER C#\launcher\L2Updater_g4gic3ee_wpftmp.csproj]
         D:\PROJETOS\LAUNCHER C#\launcher\Updater\HashZip\ZIPLib\Zip\ZipFile.cs(1150,10): warning CS8618: O campo n├úo anul├ível '_Comment' precisa conter um valor n├úo nulo ao sair do construtor. Considere adicionar o modificador "obrigat├│rio" ou declarar o campo como anul├ível. [D:\PROJETOS\LAUNCHER C#\launcher\L2Updater_g4gic3ee_wpftmp.csproj]
         D:\PROJETOS\LAUNCHER C#\launcher\Updater\HashZip\ZIPLib\Zip\ZipFile.cs(1150,10): warning CS8618: O campo n├úo anul├ível '_Password' precisa conter um valor n├úo nulo ao sair do construtor. Considere adicionar o modificador "obrigat├│rio" ou declarar o campo como anul├ível. [D:\PROJETOS\LAUNCHER C#\launcher\L2Updater_g4gic3ee_wpftmp.csproj]
         D:\PROJETOS\LAUNCHER C#\launcher\Updater\HashZip\ZIPLib\Zip\ZipFile.cs(1150,10): warning CS8618: O campo n├úo anul├ível '_temporaryFileName' precisa conter um valor n├úo nulo ao sair do construtor. Considere adicionar o modificador "obrigat├│rio" ou declarar o campo como anul├ível. [D:\PROJETOS\LAUNCHER C#\launcher\L2Updater_g4gic3ee_wpftmp.csproj]
         D:\PROJETOS\LAUNCHER C#\launcher\Updater\HashZip\ZIPLib\Zip\ZipFile.cs(1150,10): warning CS8618: O campo n├úo anul├ível '_TempFileFolder' precisa conter um valor n├úo nulo ao sair do construtor. Considere adicionar o modificador "obrigat├│rio" ou declarar o campo como anul├ível. [D:\PROJETOS\LAUNCHER C#\launcher\L2Updater_g4gic3ee_wpftmp.csproj]
         D:\PROJETOS\LAUNCHER C#\launcher\Updater\HashZip\ZIPLib\Zip\ZipFile.cs(1150,10): warning CS8618: O propriedade n├úo anul├ível 'WillReadTwiceOnInflation' precisa conter um valor n├úo nulo ao sair do construtor. Considere adicionar o modificador "obrigat├│rio" ou declarar o propriedade como anul├ível. [D:\PROJETOS\LAUNCHER C#\launcher\L2Updater_g4gic3ee_wpftmp.csproj]
         D:\PROJETOS\LAUNCHER C#\launcher\Updater\HashZip\ZIPLib\Zip\ZipFile.cs(1150,10): warning CS8618: O propriedade n├úo anul├ível 'WantCompression' precisa conter um valor n├úo nulo ao sair do construtor. Considere adicionar o modificador "obrigat├│rio" ou declarar o propriedade como anul├ível. [D:\PROJETOS\LAUNCHER C#\launcher\L2Updater_g4gic3ee_wpftmp.csproj]
         D:\PROJETOS\LAUNCHER C#\launcher\Updater\HashZip\ZIPLib\Zip\ZipFile.cs(1150,10): warning CS8618: O evento n├úo anul├ível 'SaveProgress' precisa conter um valor n├úo nulo ao sair do construtor. Considere adicionar o modificador "obrigat├│rio" ou declarar o evento como anul├ível. [D:\PROJETOS\LAUNCHER C#\launcher\L2Updater_g4gic3ee_wpftmp.csproj]
         D:\PROJETOS\LAUNCHER C#\launcher\Updater\HashZip\ZIPLib\Zip\ZipFile.cs(1150,10): warning CS8618: O evento n├úo anul├ível 'ReadProgress' precisa conter um valor n├úo nulo ao sair do construtor. Considere adicionar o modificador "obrigat├│rio" ou declarar o evento como anul├ível. [D:\PROJETOS\LAUNCHER C#\launcher\L2Updater_g4gic3ee_wpftmp.csproj]
         D:\PROJETOS\LAUNCHER C#\launcher\Updater\HashZip\ZIPLib\Zip\ZipFile.cs(1150,10): warning CS8618: O evento n├úo anul├ível 'ExtractProgress' precisa conter um valor n├úo nulo ao sair do construtor. Considere adicionar o modificador "obrigat├│rio" ou declarar o evento como anul├ível. [D:\PROJETOS\LAUNCHER C#\launcher\L2Updater_g4gic3ee_wpftmp.csproj]
         D:\PROJETOS\LAUNCHER C#\launcher\Updater\HashZip\ZIPLib\Zip\ZipFile.cs(1150,10): warning CS8618: O evento n├úo anul├ível 'AddProgress' precisa conter um valor n├úo nulo ao sair do construtor. Considere adicionar o modificador "obrigat├│rio" ou declarar o evento como anul├ível. [D:\PROJETOS\LAUNCHER C#\launcher\L2Updater_g4gic3ee_wpftmp.csproj]
         D:\PROJETOS\LAUNCHER C#\launcher\Updater\HashZip\ZIPLib\Zip\ZipFile.cs(1150,10): warning CS8618: O evento n├úo anul├ível 'ZipError' precisa conter um valor n├úo nulo ao sair do construtor. Considere adicionar o modificador "obrigat├│rio" ou declarar o evento como anul├ível. [D:\PROJETOS\LAUNCHER C#\launcher\L2Updater_g4gic3ee_wpftmp.csproj]
         D:\PROJETOS\LAUNCHER C#\launcher\Updater\HashZip\ZIPLib\Zip\ZipFile.cs(1167,29): warning CS8625: N├úo ├® poss├¡vel converter um literal nulo em um tipo de refer├¬ncia n├úo anul├ível. [D:\PROJETOS\LAUNCHER C#\launcher\L2Updater_g4gic3ee_wpftmp.csproj]
         D:\PROJETOS\LAUNCHER C#\launcher\Updater\HashZip\ZIPLib\Zip\ZipEntry.cs(1113,10): warning CS0219: A vari├ível "flag" ├® atribu├¡da, mas seu valor nunca ├® usado [D:\PROJETOS\LAUNCHER C#\launcher\L2Updater_g4gic3ee_wpftmp.csproj]
         D:\PROJETOS\LAUNCHER C#\launcher\Updater\HashZip\ZIPLib\Zip\ZipFile.cs(1208,56): warning CS8625: N├úo ├® poss├¡vel converter um literal nulo em um tipo de refer├¬ncia n├úo anul├ível. [D:\PROJETOS\LAUNCHER C#\launcher\L2Updater_g4gic3ee_wpftmp.csproj]
         D:\PROJETOS\LAUNCHER C#\launcher\Updater\HashZip\ZIPLib\Zip\ZipFile.cs(1239,20): warning CS8625: N├úo ├® poss├¡vel converter um literal nulo em um tipo de refer├¬ncia n├úo anul├ível. [D:\PROJETOS\LAUNCHER C#\launcher\L2Updater_g4gic3ee_wpftmp.csproj]
         D:\PROJETOS\LAUNCHER C#\launcher\Updater\HashZip\ZIPLib\Zip\ZipFile.cs(1244,21): warning CS8625: N├úo ├® poss├¡vel converter um literal nulo em um tipo de refer├¬ncia n├úo anul├ível. [D:\PROJETOS\LAUNCHER C#\launcher\L2Updater_g4gic3ee_wpftmp.csproj]
         D:\PROJETOS\LAUNCHER C#\launcher\Updater\HashZip\ZIPLib\Zip\ZipEntry.cs(1132,20): warning CS8600: Convers├úo de literal nula ou poss├¡vel valor nulo em tipo n├úo anul├ível. [D:\PROJETOS\LAUNCHER C#\launcher\L2Updater_g4gic3ee_wpftmp.csproj]
         D:\PROJETOS\LAUNCHER C#\launcher\Updater\HashZip\ZIPLib\Zip\ZipEntry.cs(1254,18): warning CS8625: N├úo ├® poss├¡vel converter um literal nulo em um tipo de refer├¬ncia n├úo anul├ível. [D:\PROJETOS\LAUNCHER C#\launcher\L2Updater_g4gic3ee_wpftmp.csproj]
         D:\PROJETOS\LAUNCHER C#\launcher\Updater\HashZip\ZIPLib\Zip\ZipEntry.cs(1420,33): warning CS8625: N├úo ├® poss├¡vel converter um literal nulo em um tipo de refer├¬ncia n├úo anul├ível. [D:\PROJETOS\LAUNCHER C#\launcher\L2Updater_g4gic3ee_wpftmp.csproj]
         D:\PROJETOS\LAUNCHER C#\launcher\Updater\HashZip\ZIPLib\Zip\ZipEntry.cs(1427,12): warning CS8603: Poss├¡vel retorno de refer├¬ncia nula. [D:\PROJETOS\LAUNCHER C#\launcher\L2Updater_g4gic3ee_wpftmp.csproj]
         D:\PROJETOS\LAUNCHER C#\launcher\Updater\HashZip\ZIPLib\Zip\ZipFile.cs(1668,26): warning CS8625: N├úo ├® poss├¡vel converter um literal nulo em um tipo de refer├¬ncia n├úo anul├ível. [D:\PROJETOS\LAUNCHER C#\launcher\L2Updater_g4gic3ee_wpftmp.csproj]
         D:\PROJETOS\LAUNCHER C#\launcher\Updater\HashZip\ZIPLib\Zip\ZipFile.cs(1673,26): warning CS8625: N├úo ├® poss├¡vel converter um literal nulo em um tipo de refer├¬ncia n├úo anul├ível. [D:\PROJETOS\LAUNCHER C#\launcher\L2Updater_g4gic3ee_wpftmp.csproj]
         D:\PROJETOS\LAUNCHER C#\launcher\Updater\HashZip\ZIPLib\Zip\ZipFile.cs(1688,26): warning CS8625: N├úo ├® poss├¡vel converter um literal nulo em um tipo de refer├¬ncia n├úo anul├ível. [D:\PROJETOS\LAUNCHER C#\launcher\L2Updater_g4gic3ee_wpftmp.csproj]
         D:\PROJETOS\LAUNCHER C#\launcher\Updater\HashZip\ZIPLib\Zip\ZipFile.cs(1693,26): warning CS8625: N├úo ├® poss├¡vel converter um literal nulo em um tipo de refer├¬ncia n├úo anul├ível. [D:\PROJETOS\LAUNCHER C#\launcher\L2Updater_g4gic3ee_wpftmp.csproj]
         D:\PROJETOS\LAUNCHER C#\launcher\Updater\HashZip\ZIPLib\Zip\ZipFile.cs(1698,57): warning CS8625: N├úo ├® poss├¡vel converter um literal nulo em um tipo de refer├¬ncia n├úo anul├ível. [D:\PROJETOS\LAUNCHER C#\launcher\L2Updater_g4gic3ee_wpftmp.csproj]
         D:\PROJETOS\LAUNCHER C#\launcher\Updater\HashZip\ZIPLib\Zip\ZipFile.cs(1729,27): warning CS8625: N├úo ├® poss├¡vel converter um literal nulo em um tipo de refer├¬ncia n├úo anul├ível. [D:\PROJETOS\LAUNCHER C#\launcher\L2Updater_g4gic3ee_wpftmp.csproj]
         D:\PROJETOS\LAUNCHER C#\launcher\Updater\HashZip\ZIPLib\Zip\ZipFile.cs(1734,27): warning CS8625: N├úo ├® poss├¡vel converter um literal nulo em um tipo de refer├¬ncia n├úo anul├ível. [D:\PROJETOS\LAUNCHER C#\launcher\L2Updater_g4gic3ee_wpftmp.csproj]
         D:\PROJETOS\LAUNCHER C#\launcher\Updater\HashZip\ZIPLib\Zip\ZipFile.cs(1749,27): warning CS8625: N├úo ├® poss├¡vel converter um literal nulo em um tipo de refer├¬ncia n├úo anul├ível. [D:\PROJETOS\LAUNCHER C#\launcher\L2Updater_g4gic3ee_wpftmp.csproj]
         D:\PROJETOS\LAUNCHER C#\launcher\Updater\HashZip\ZIPLib\Zip\ZipFile.cs(1754,27): warning CS8625: N├úo ├® poss├¡vel converter um literal nulo em um tipo de refer├¬ncia n├úo anul├ível. [D:\PROJETOS\LAUNCHER C#\launcher\L2Updater_g4gic3ee_wpftmp.csproj]
         D:\PROJETOS\LAUNCHER C#\launcher\Updater\HashZip\ZIPLib\Zip\ZipFile.cs(1759,58): warning CS8625: N├úo ├® poss├¡vel converter um literal nulo em um tipo de refer├¬ncia n├úo anul├ível. [D:\PROJETOS\LAUNCHER C#\launcher\L2Updater_g4gic3ee_wpftmp.csproj]
         D:\PROJETOS\LAUNCHER C#\launcher\Updater\HashZip\ZIPLib\Zip\ZipFile.cs(1787,24): warning CS8625: N├úo ├® poss├¡vel converter um literal nulo em um tipo de refer├¬ncia n├úo anul├ível. [D:\PROJETOS\LAUNCHER C#\launcher\L2Updater_g4gic3ee_wpftmp.csproj]
         D:\PROJETOS\LAUNCHER C#\launcher\Updater\HashZip\ZIPLib\Zip\ZipFile.cs(1879,24): warning CS8625: N├úo ├® poss├¡vel converter um literal nulo em um tipo de refer├¬ncia n├úo anul├ível. [D:\PROJETOS\LAUNCHER C#\launcher\L2Updater_g4gic3ee_wpftmp.csproj]
         D:\PROJETOS\LAUNCHER C#\launcher\Updater\HashZip\ZIPLib\Zip\ZipEntry.cs(1674,25): warning CS8629: O tipo de valor de nulidade pode ser nulo. [D:\PROJETOS\LAUNCHER C#\launcher\L2Updater_g4gic3ee_wpftmp.csproj]
         D:\PROJETOS\LAUNCHER C#\launcher\Updater\HashZip\ZIPLib\Zip\ZipEntry.cs(1763,26): warning CS8602: Desrefer├¬ncia de uma refer├¬ncia possivelmente nula. [D:\PROJETOS\LAUNCHER C#\launcher\L2Updater_g4gic3ee_wpftmp.csproj]
         D:\PROJETOS\LAUNCHER C#\launcher\Updater\HashZip\ZIPLib\Zip\ZipFile.cs(1922,34): warning CS8625: N├úo ├® poss├¡vel converter um literal nulo em um tipo de refer├¬ncia n├úo anul├ível. [D:\PROJETOS\LAUNCHER C#\launcher\L2Updater_g4gic3ee_wpftmp.csproj]
         D:\PROJETOS\LAUNCHER C#\launcher\Updater\HashZip\ZIPLib\Zip\ZipEntry.cs(1854,20): warning CS8600: Convers├úo de literal nula ou poss├¡vel valor nulo em tipo n├úo anul├ível. [D:\PROJETOS\LAUNCHER C#\launcher\L2Updater_g4gic3ee_wpftmp.csproj]
         D:\PROJETOS\LAUNCHER C#\launcher\Updater\HashZip\ZIPLib\Zip\ZipEntry.cs(1870,11): warning CS8603: Poss├¡vel retorno de refer├¬ncia nula. [D:\PROJETOS\LAUNCHER C#\launcher\L2Updater_g4gic3ee_wpftmp.csproj]
         D:\PROJETOS\LAUNCHER C#\launcher\Updater\HashZip\ZIPLib\Zip\ZipFile.cs(2003,19): warning CS8600: Convers├úo de literal nula ou poss├¡vel valor nulo em tipo n├úo anul├ível. [D:\PROJETOS\LAUNCHER C#\launcher\L2Updater_g4gic3ee_wpftmp.csproj]
         D:\PROJETOS\LAUNCHER C#\launcher\Updater\HashZip\ZIPLib\Zip\ZipEntry.cs(1888,19): warning CS8600: Convers├úo de literal nula ou poss├¡vel valor nulo em tipo n├úo anul├ível. [D:\PROJETOS\LAUNCHER C#\launcher\L2Updater_g4gic3ee_wpftmp.csproj]
         D:\PROJETOS\LAUNCHER C#\launcher\Updater\HashZip\ZIPLib\Zip\ZipEntry.cs(1908,20): warning CS8625: N├úo ├® poss├¡vel converter um literal nulo em um tipo de refer├¬ncia n├úo anul├ível. [D:\PROJETOS\LAUNCHER C#\launcher\L2Updater_g4gic3ee_wpftmp.csproj]
         D:\PROJETOS\LAUNCHER C#\launcher\Updater\HashZip\ZIPLib\Zip\ZipFile.cs(2109,43): warning CS8625: N├úo ├® poss├¡vel converter um literal nulo em um tipo de refer├¬ncia n├úo anul├ível. [D:\PROJETOS\LAUNCHER C#\launcher\L2Updater_g4gic3ee_wpftmp.csproj]
         D:\PROJETOS\LAUNCHER C#\launcher\Updater\HashZip\ZIPLib\Zip\ZipFile.cs(2175,15): warning CS8629: O tipo de valor de nulidade pode ser nulo. [D:\PROJETOS\LAUNCHER C#\launcher\L2Updater_g4gic3ee_wpftmp.csproj]
         D:\PROJETOS\LAUNCHER C#\launcher\Updater\HashZip\ZIPLib\Zip\ZipFile.cs(2194,19): warning CS8625: N├úo ├® poss├¡vel converter um literal nulo em um tipo de refer├¬ncia n├úo anul├ível. [D:\PROJETOS\LAUNCHER C#\launcher\L2Updater_g4gic3ee_wpftmp.csproj]
         D:\PROJETOS\LAUNCHER C#\launcher\Updater\HashZip\ZIPLib\Zip\ZipFile.cs(2202,20): warning CS8625: N├úo ├® poss├¡vel converter um literal nulo em um tipo de refer├¬ncia n├úo anul├ível. [D:\PROJETOS\LAUNCHER C#\launcher\L2Updater_g4gic3ee_wpftmp.csproj]
         D:\PROJETOS\LAUNCHER C#\launcher\Updater\HashZip\ZIPLib\Zip\ZipFile.cs(2268,19): warning CS8625: N├úo ├® poss├¡vel converter um literal nulo em um tipo de refer├¬ncia n├úo anul├ível. [D:\PROJETOS\LAUNCHER C#\launcher\L2Updater_g4gic3ee_wpftmp.csproj]
         D:\PROJETOS\LAUNCHER C#\launcher\Updater\HashZip\ZIPLib\Zip\ZipFile.cs(2270,25): warning CS8625: N├úo ├® poss├¡vel converter um literal nulo em um tipo de refer├¬ncia n├úo anul├ível. [D:\PROJETOS\LAUNCHER C#\launcher\L2Updater_g4gic3ee_wpftmp.csproj]
         D:\PROJETOS\LAUNCHER C#\launcher\Updater\HashZip\ZIPLib\Zip\ZipFile.cs(2277,20): warning CS8625: N├úo ├® poss├¡vel converter um literal nulo em um tipo de refer├¬ncia n├úo anul├ível. [D:\PROJETOS\LAUNCHER C#\launcher\L2Updater_g4gic3ee_wpftmp.csproj]
         D:\PROJETOS\LAUNCHER C#\launcher\Updater\HashZip\ZIPLib\Zip\ZipEntry.cs(2138,21): warning CS8600: Convers├úo de literal nula ou poss├¡vel valor nulo em tipo n├úo anul├ível. [D:\PROJETOS\LAUNCHER C#\launcher\L2Updater_g4gic3ee_wpftmp.csproj]
         D:\PROJETOS\LAUNCHER C#\launcher\Updater\HashZip\ZIPLib\Zip\ZipFile.cs(2295,12): warning CS8625: N├úo ├® poss├¡vel converter um literal nulo em um tipo de refer├¬ncia n├úo anul├ível. [D:\PROJETOS\LAUNCHER C#\launcher\L2Updater_g4gic3ee_wpftmp.csproj]
         D:\PROJETOS\LAUNCHER C#\launcher\Updater\HashZip\ZIPLib\Zip\ZipFile.cs(2304,36): warning CS8600: Convers├úo de literal nula ou poss├¡vel valor nulo em tipo n├úo anul├ível. [D:\PROJETOS\LAUNCHER C#\launcher\L2Updater_g4gic3ee_wpftmp.csproj]
         D:\PROJETOS\LAUNCHER C#\launcher\Updater\HashZip\ZIPLib\Zip\ZipFile.cs(2388,19): warning CS8600: Convers├úo de literal nula ou poss├¡vel valor nulo em tipo n├úo anul├ível. [D:\PROJETOS\LAUNCHER C#\launcher\L2Updater_g4gic3ee_wpftmp.csproj]
         D:\PROJETOS\LAUNCHER C#\launcher\Updater\HashZip\ZIPLib\Zip\ZipFile.cs(2456,28): warning CS8602: Desrefer├¬ncia de uma refer├¬ncia possivelmente nula. [D:\PROJETOS\LAUNCHER C#\launcher\L2Updater_g4gic3ee_wpftmp.csproj]
         D:\PROJETOS\LAUNCHER C#\launcher\Updater\HashZip\ZIPLib\Zip\ZipFile.cs(2466,45): warning CS8625: N├úo ├® poss├¡vel converter um literal nulo em um tipo de refer├¬ncia n├úo anul├ível. [D:\PROJETOS\LAUNCHER C#\launcher\L2Updater_g4gic3ee_wpftmp.csproj]
         D:\PROJETOS\LAUNCHER C#\launcher\Updater\HashZip\ZIPLib\Zip\ZipFile.cs(2466,51): warning CS8625: N├úo ├® poss├¡vel converter um literal nulo em um tipo de refer├¬ncia n├úo anul├ível. [D:\PROJETOS\LAUNCHER C#\launcher\L2Updater_g4gic3ee_wpftmp.csproj]
         D:\PROJETOS\LAUNCHER C#\launcher\Updater\HashZip\ZIPLib\Zip\ZipFile.cs(2466,57): warning CS8625: N├úo ├® poss├¡vel converter um literal nulo em um tipo de refer├¬ncia n├úo anul├ível. [D:\PROJETOS\LAUNCHER C#\launcher\L2Updater_g4gic3ee_wpftmp.csproj]
         D:\PROJETOS\LAUNCHER C#\launcher\Updater\HashZip\ZIPLib\Zip\ZipFile.cs(2471,70): warning CS8625: N├úo ├® poss├¡vel converter um literal nulo em um tipo de refer├¬ncia n├úo anul├ível. [D:\PROJETOS\LAUNCHER C#\launcher\L2Updater_g4gic3ee_wpftmp.csproj]
         D:\PROJETOS\LAUNCHER C#\launcher\Updater\HashZip\ZIPLib\Zip\ZipFile.cs(2471,76): warning CS8625: N├úo ├® poss├¡vel converter um literal nulo em um tipo de refer├¬ncia n├úo anul├ível. [D:\PROJETOS\LAUNCHER C#\launcher\L2Updater_g4gic3ee_wpftmp.csproj]
         D:\PROJETOS\LAUNCHER C#\launcher\Updater\HashZip\ZIPLib\Zip\ZipFile.cs(2476,99): warning CS8625: N├úo ├® poss├¡vel converter um literal nulo em um tipo de refer├¬ncia n├úo anul├ível. [D:\PROJETOS\LAUNCHER C#\launcher\L2Updater_g4gic3ee_wpftmp.csproj]
         D:\PROJETOS\LAUNCHER C#\launcher\Updater\HashZip\ZIPLib\Zip\ZipFile.cs(2483,20): warning CS8625: N├úo ├® poss├¡vel converter um literal nulo em um tipo de refer├¬ncia n├úo anul├ível. [D:\PROJETOS\LAUNCHER C#\launcher\L2Updater_g4gic3ee_wpftmp.csproj]
         D:\PROJETOS\LAUNCHER C#\launcher\Updater\HashZip\ZIPLib\Zip\ZipEntry.cs(2199,20): warning CS8600: Convers├úo de literal nula ou poss├¡vel valor nulo em tipo n├úo anul├ível. [D:\PROJETOS\LAUNCHER C#\launcher\L2Updater_g4gic3ee_wpftmp.csproj]
         D:\PROJETOS\LAUNCHER C#\launcher\Updater\HashZip\ZIPLib\Zip\ZipEntry.cs(2200,46): warning CS8600: Convers├úo de literal nula ou poss├¡vel valor nulo em tipo n├úo anul├ível. [D:\PROJETOS\LAUNCHER C#\launcher\L2Updater_g4gic3ee_wpftmp.csproj]
         D:\PROJETOS\LAUNCHER C#\launcher\Updater\HashZip\ZIPLib\Zip\ZipEntry.cs(2201,36): warning CS8600: Convers├úo de literal nula ou poss├¡vel valor nulo em tipo n├úo anul├ível. [D:\PROJETOS\LAUNCHER C#\launcher\L2Updater_g4gic3ee_wpftmp.csproj]
         D:\PROJETOS\LAUNCHER C#\launcher\Updater\HashZip\ZIPLib\Zip\ZipEntry.cs(2239,22): warning CS8600: Convers├úo de literal nula ou poss├¡vel valor nulo em tipo n├úo anul├ível. [D:\PROJETOS\LAUNCHER C#\launcher\L2Updater_g4gic3ee_wpftmp.csproj]
         D:\PROJETOS\LAUNCHER C#\launcher\Updater\HashZip\ZIPLib\Zip\ZipFile.cs(2502,26): warning CS8600: Convers├úo de literal nula ou poss├¡vel valor nulo em tipo n├úo anul├ível. [D:\PROJETOS\LAUNCHER C#\launcher\L2Updater_g4gic3ee_wpftmp.csproj]
         D:\PROJETOS\LAUNCHER C#\launcher\Updater\HashZip\ZIPLib\Zip\ZipEntry.cs(2480,12): warning CS0219: A vari├ível "flag3" ├® atribu├¡da, mas seu valor nunca ├® usado [D:\PROJETOS\LAUNCHER C#\launcher\L2Updater_g4gic3ee_wpftmp.csproj]
         D:\PROJETOS\LAUNCHER C#\launcher\Updater\HashZip\ZIPLib\Zip\ZipEntry.cs(27,22): warning CS8618: O campo n├úo anul├ível '_zipCrypto' precisa conter um valor n├úo nulo ao sair do construtor. Considere adicionar o modificador "obrigat├│rio" ou declarar o campo como anul├ível. [D:\PROJETOS\LAUNCHER C#\launcher\L2Updater_g4gic3ee_wpftmp.csproj]
         D:\PROJETOS\LAUNCHER C#\launcher\Updater\HashZip\ZIPLib\Zip\ZipEntry.cs(47,19): warning CS8618: O campo n├úo anul├ível '_LocalFileName' precisa conter um valor n├úo nulo ao sair do construtor. Considere adicionar o modificador "obrigat├│rio" ou declarar o campo como anul├ível. [D:\PROJETOS\LAUNCHER C#\launcher\L2Updater_g4gic3ee_wpftmp.csproj]
         D:\PROJETOS\LAUNCHER C#\launcher\Updater\HashZip\ZIPLib\Zip\ZipEntry.cs(49,18): warning CS8618: O campo n├úo anul├ível '_FileNameInArchive' precisa conter um valor n├úo nulo ao sair do construtor. Considere adicionar o modificador "obrigat├│rio" ou declarar o campo como anul├ível. [D:\PROJETOS\LAUNCHER C#\launcher\L2Updater_g4gic3ee_wpftmp.csproj]
         D:\PROJETOS\LAUNCHER C#\launcher\Updater\HashZip\ZIPLib\Zip\ZipEntry.cs(57,19): warning CS8618: O campo n├úo anul├ível '_Comment' precisa conter um valor n├úo nulo ao sair do construtor. Considere adicionar o modificador "obrigat├│rio" ou declarar o campo como anul├ível. [D:\PROJETOS\LAUNCHER C#\launcher\L2Updater_g4gic3ee_wpftmp.csproj]
         D:\PROJETOS\LAUNCHER C#\launcher\Updater\HashZip\ZIPLib\Zip\ZipEntry.cs(61,18): warning CS8618: O campo n├úo anul├ível '_CommentBytes' precisa conter um valor n├úo nulo ao sair do construtor. Considere adicionar o modificador "obrigat├│rio" ou declarar o campo como anul├ível. [D:\PROJETOS\LAUNCHER C#\launcher\L2Updater_g4gic3ee_wpftmp.csproj]
         D:\PROJETOS\LAUNCHER C#\launcher\Updater\HashZip\ZIPLib\Zip\ZipEntry.cs(75,19): warning CS8618: O campo n├úo anul├ível '_Extra' precisa conter um valor n├úo nulo ao sair do construtor. Considere adicionar o modificador "obrigat├│rio" ou declarar o campo como anul├ível. [D:\PROJETOS\LAUNCHER C#\launcher\L2Updater_g4gic3ee_wpftmp.csproj]
         D:\PROJETOS\LAUNCHER C#\launcher\Updater\HashZip\ZIPLib\Zip\ZipEntry.cs(89,20): warning CS8618: O campo n├úo anul├ível '_actualEncoding' precisa conter um valor n├úo nulo ao sair do construtor. Considere adicionar o modificador "obrigat├│rio" ou declarar o campo como anul├ível. [D:\PROJETOS\LAUNCHER C#\launcher\L2Updater_g4gic3ee_wpftmp.csproj]
         D:\PROJETOS\LAUNCHER C#\launcher\Updater\HashZip\ZIPLib\Zip\ZipEntry.cs(91,20): warning CS8618: O campo n├úo anul├ível '_zipfile' precisa conter um valor n├úo nulo ao sair do construtor. Considere adicionar o modificador "obrigat├│rio" ou declarar o campo como anul├ível. [D:\PROJETOS\LAUNCHER C#\launcher\L2Updater_g4gic3ee_wpftmp.csproj]
         D:\PROJETOS\LAUNCHER C#\launcher\Updater\HashZip\ZIPLib\Zip\ZipEntry.cs(95,18): warning CS8618: O campo n├úo anul├ível '_EntryHeader' precisa conter um valor n├úo nulo ao sair do construtor. Considere adicionar o modificador "obrigat├│rio" ou declarar o campo como anul├ível. [D:\PROJETOS\LAUNCHER C#\launcher\L2Updater_g4gic3ee_wpftmp.csproj]
         D:\PROJETOS\LAUNCHER C#\launcher\Updater\HashZip\ZIPLib\Zip\ZipEntry.cs(109,19): warning CS8618: O campo n├úo anul├ível '_Password' precisa conter um valor n├úo nulo ao sair do construtor. Considere adicionar o modificador "obrigat├│rio" ou declarar o campo como anul├ível. [D:\PROJETOS\LAUNCHER C#\launcher\L2Updater_g4gic3ee_wpftmp.csproj]
         D:\PROJETOS\LAUNCHER C#\launcher\Updater\HashZip\ZIPLib\Zip\ZipEntry.cs(115,19): warning CS8618: O campo n├úo anul├ível '_WeakEncryptionHeader' precisa conter um valor n├úo nulo ao sair do construtor. Considere adicionar o modificador "obrigat├│rio" ou declarar o campo como anul├ível. [D:\PROJETOS\LAUNCHER C#\launcher\L2Updater_g4gic3ee_wpftmp.csproj]
         D:\PROJETOS\LAUNCHER C#\launcher\Updater\HashZip\ZIPLib\Zip\ZipEntry.cs(117,19): warning CS8618: O campo n├úo anul├ível '_archiveStream' precisa conter um valor n├úo nulo ao sair do construtor. Considere adicionar o modificador "obrigat├│rio" ou declarar o campo como anul├ível. [D:\PROJETOS\LAUNCHER C#\launcher\L2Updater_g4gic3ee_wpftmp.csproj]
         D:\PROJETOS\LAUNCHER C#\launcher\Updater\HashZip\ZIPLib\Zip\ZipEntry.cs(119,18): warning CS8618: O campo n├úo anul├ível '_sourceStream' precisa conter um valor n├úo nulo ao sair do construtor. Considere adicionar o modificador "obrigat├│rio" ou declarar o campo como anul├ível. [D:\PROJETOS\LAUNCHER C#\launcher\L2Updater_g4gic3ee_wpftmp.csproj]
         D:\PROJETOS\LAUNCHER C#\launcher\Updater\HashZip\ZIPLib\Zip\ZipEntry.cs(420,33): warning CS8618: O propriedade n├úo anul├ível 'WillReadTwiceOnInflation' precisa conter um valor n├úo nulo ao sair do construtor. Considere adicionar o modificador "obrigat├│rio" ou declarar o propriedade como anul├ível. [D:\PROJETOS\LAUNCHER C#\launcher\L2Updater_g4gic3ee_wpftmp.csproj]
         D:\PROJETOS\LAUNCHER C#\launcher\Updater\HashZip\ZIPLib\Zip\ZipEntry.cs(426,34): warning CS8618: O propriedade n├úo anul├ível 'WantCompression' precisa conter um valor n├úo nulo ao sair do construtor. Considere adicionar o modificador "obrigat├│rio" ou declarar o propriedade como anul├ível. [D:\PROJETOS\LAUNCHER C#\launcher\L2Updater_g4gic3ee_wpftmp.csproj]
         D:\PROJETOS\LAUNCHER C#\launcher\Updater\HashZip\ZIPLib\Zip\ZipFile.cs(2519,18): warning CS8600: Convers├úo de literal nula ou poss├¡vel valor nulo em tipo n├úo anul├ível. [D:\PROJETOS\LAUNCHER C#\launcher\L2Updater_g4gic3ee_wpftmp.csproj]
         D:\PROJETOS\LAUNCHER C#\launcher\Updater\HashZip\ZIPLib\Zip\ZipFile.cs(2520,19): warning CS8600: Convers├úo de literal nula ou poss├¡vel valor nulo em tipo n├úo anul├ível. [D:\PROJETOS\LAUNCHER C#\launcher\L2Updater_g4gic3ee_wpftmp.csproj]
         D:\PROJETOS\LAUNCHER C#\launcher\Updater\HashZip\ZIPLib\Zip\ZipFile.cs(2531,40): warning CS8625: N├úo ├® poss├¡vel converter um literal nulo em um tipo de refer├¬ncia n├úo anul├ível. [D:\PROJETOS\LAUNCHER C#\launcher\L2Updater_g4gic3ee_wpftmp.csproj]
         D:\PROJETOS\LAUNCHER C#\launcher\Updater\HashZip\ZIPLib\Zip\ZipFile.cs(2534,43): warning CS8600: Convers├úo de literal nula ou poss├¡vel valor nulo em tipo n├úo anul├ível. [D:\PROJETOS\LAUNCHER C#\launcher\L2Updater_g4gic3ee_wpftmp.csproj]
         D:\PROJETOS\LAUNCHER C#\launcher\Updater\HashZip\ZIPLib\Zip\ZipFile.cs(2565,51): warning CS8625: N├úo ├® poss├¡vel converter um literal nulo em um tipo de refer├¬ncia n├úo anul├ível. [D:\PROJETOS\LAUNCHER C#\launcher\L2Updater_g4gic3ee_wpftmp.csproj]
         D:\PROJETOS\LAUNCHER C#\launcher\Updater\HashZip\ZIPLib\Zip\ZipFile.cs(2582,41): warning CS8625: N├úo ├® poss├¡vel converter um literal nulo em um tipo de refer├¬ncia n├úo anul├ível. [D:\PROJETOS\LAUNCHER C#\launcher\L2Updater_g4gic3ee_wpftmp.csproj]
         D:\PROJETOS\LAUNCHER C#\launcher\Updater\HashZip\ZIPLib\Zip\ZipFile.cs(2602,31): warning CS8602: Desrefer├¬ncia de uma refer├¬ncia possivelmente nula. [D:\PROJETOS\LAUNCHER C#\launcher\L2Updater_g4gic3ee_wpftmp.csproj]
         D:\PROJETOS\LAUNCHER C#\launcher\Updater\HashZip\ZIPLib\Zip\ZipFile.cs(2606,38): warning CS8600: Convers├úo de literal nula ou poss├¡vel valor nulo em tipo n├úo anul├ível. [D:\PROJETOS\LAUNCHER C#\launcher\L2Updater_g4gic3ee_wpftmp.csproj]
         D:\PROJETOS\LAUNCHER C#\launcher\Updater\HashZip\ZIPLib\Zip\ZipFile.cs(2615,23): warning CS8600: Convers├úo de literal nula ou poss├¡vel valor nulo em tipo n├úo anul├ível. [D:\PROJETOS\LAUNCHER C#\launcher\L2Updater_g4gic3ee_wpftmp.csproj]
         D:\PROJETOS\LAUNCHER C#\launcher\Updater\HashZip\ZIPLib\Zip\ZipFile.cs(2618,17): warning CS8602: Desrefer├¬ncia de uma refer├¬ncia possivelmente nula. [D:\PROJETOS\LAUNCHER C#\launcher\L2Updater_g4gic3ee_wpftmp.csproj]
         D:\PROJETOS\LAUNCHER C#\launcher\Updater\HashZip\ZIPLib\Zip\ZipFile.cs(2622,17): warning CS8602: Desrefer├¬ncia de uma refer├¬ncia possivelmente nula. [D:\PROJETOS\LAUNCHER C#\launcher\L2Updater_g4gic3ee_wpftmp.csproj]
         D:\PROJETOS\LAUNCHER C#\launcher\Updater\HashZip\ZIPLib\Zip\ZipFile.cs(2642,26): warning CS8600: Convers├úo de literal nula ou poss├¡vel valor nulo em tipo n├úo anul├ível. [D:\PROJETOS\LAUNCHER C#\launcher\L2Updater_g4gic3ee_wpftmp.csproj]
         D:\PROJETOS\LAUNCHER C#\launcher\Updater\HashZip\ZIPLib\Zip\ZipFile.cs(2653,48): warning CS8625: N├úo ├® poss├¡vel converter um literal nulo em um tipo de refer├¬ncia n├úo anul├ível. [D:\PROJETOS\LAUNCHER C#\launcher\L2Updater_g4gic3ee_wpftmp.csproj]
         D:\PROJETOS\LAUNCHER C#\launcher\Updater\HashZip\ZIPLib\Zip\ZipFile.cs(2719,18): warning CS8600: Convers├úo de literal nula ou poss├¡vel valor nulo em tipo n├úo anul├ível. [D:\PROJETOS\LAUNCHER C#\launcher\L2Updater_g4gic3ee_wpftmp.csproj]
         D:\PROJETOS\LAUNCHER C#\launcher\Updater\HashZip\ZIPLib\Zip\ZipFile.cs(2720,18): warning CS8600: Convers├úo de literal nula ou poss├¡vel valor nulo em tipo n├úo anul├ível. [D:\PROJETOS\LAUNCHER C#\launcher\L2Updater_g4gic3ee_wpftmp.csproj]
         D:\PROJETOS\LAUNCHER C#\launcher\Updater\HashZip\ZIPLib\Zip\ZipFile.cs(2735,45): warning CS8625: N├úo ├® poss├¡vel converter um literal nulo em um tipo de refer├¬ncia n├úo anul├ível. [D:\PROJETOS\LAUNCHER C#\launcher\L2Updater_g4gic3ee_wpftmp.csproj]
         D:\PROJETOS\LAUNCHER C#\launcher\Updater\HashZip\ZIPLib\Zip\ZipFile.cs(2740,45): warning CS8625: N├úo ├® poss├¡vel converter um literal nulo em um tipo de refer├¬ncia n├úo anul├ível. [D:\PROJETOS\LAUNCHER C#\launcher\L2Updater_g4gic3ee_wpftmp.csproj]
         D:\PROJETOS\LAUNCHER C#\launcher\Updater\HashZip\ZIPLib\Zip\ZipFile.cs(2745,57): warning CS8625: N├úo ├® poss├¡vel converter um literal nulo em um tipo de refer├¬ncia n├úo anul├ível. [D:\PROJETOS\LAUNCHER C#\launcher\L2Updater_g4gic3ee_wpftmp.csproj]
         D:\PROJETOS\LAUNCHER C#\launcher\Updater\HashZip\ZIPLib\Zip\ZipFile.cs(2750,57): warning CS8625: N├úo ├® poss├¡vel converter um literal nulo em um tipo de refer├¬ncia n├úo anul├ível. [D:\PROJETOS\LAUNCHER C#\launcher\L2Updater_g4gic3ee_wpftmp.csproj]
         D:\PROJETOS\LAUNCHER C#\launcher\Updater\HashZip\ZIPLib\Zip\ZipFile.cs(2794,39): warning CS8602: Desrefer├¬ncia de uma refer├¬ncia possivelmente nula. [D:\PROJETOS\LAUNCHER C#\launcher\L2Updater_g4gic3ee_wpftmp.csproj]
         D:\PROJETOS\LAUNCHER C#\launcher\Updater\HashZip\ZIPLib\Zip\ZipFile.cs(2806,23): warning CS8625: N├úo ├® poss├¡vel converter um literal nulo em um tipo de refer├¬ncia n├úo anul├ível. [D:\PROJETOS\LAUNCHER C#\launcher\L2Updater_g4gic3ee_wpftmp.csproj]
         D:\PROJETOS\LAUNCHER C#\launcher\Updater\HashZip\ZIPLib\Zip\ZipFile.cs(2810,20): warning CS8625: N├úo ├® poss├¡vel converter um literal nulo em um tipo de refer├¬ncia n├úo anul├ível. [D:\PROJETOS\LAUNCHER C#\launcher\L2Updater_g4gic3ee_wpftmp.csproj]
         D:\PROJETOS\LAUNCHER C#\launcher\Updater\HashZip\ZIPLib\Zip\ZipFile.cs(136,28): warning CS8625: N├úo ├® poss├¡vel converter um literal nulo em um tipo de refer├¬ncia n├úo anul├ível. [D:\PROJETOS\LAUNCHER C#\launcher\L2Updater_g4gic3ee_wpftmp.csproj]
         D:\PROJETOS\LAUNCHER C#\launcher\Updater\HashZip\ZIPLib\ZlibBaseStream.cs(373,6): warning CA2022: Evitar leitura inexata com 'Updater.HashZip.ZIPLib.ZlibBaseStream.Read(byte[], int, int)' (https://learn.microsoft.com/dotnet/fundamentals/code-analysis/quality-rules/ca2022) [D:\PROJETOS\LAUNCHER C#\launcher\L2Updater_g4gic3ee_wpftmp.csproj]
         D:\PROJETOS\LAUNCHER C#\launcher\Updater\HashZip\ZIPLib\Zip\ZipEntry.cs(779,4): warning CA2022: Evitar leitura inexata com 'System.IO.Stream.Read(byte[], int, int)' (https://learn.microsoft.com/dotnet/fundamentals/code-analysis/quality-rules/ca2022) [D:\PROJETOS\LAUNCHER C#\launcher\L2Updater_g4gic3ee_wpftmp.csproj]
         D:\PROJETOS\LAUNCHER C#\launcher\Updater\HashZip\ZIPLib\Zip\ZipEntry.cs(1270,4): warning CA2022: Evitar leitura inexata com 'System.IO.Stream.Read(byte[], int, int)' (https://learn.microsoft.com/dotnet/fundamentals/code-analysis/quality-rules/ca2022) [D:\PROJETOS\LAUNCHER C#\launcher\L2Updater_g4gic3ee_wpftmp.csproj]
         D:\PROJETOS\LAUNCHER C#\launcher\Updater\HashZip\ZIPLib\Zip\ZipFile.cs(1852,6): warning CA2022: Evitar leitura inexata com 'System.IO.Stream.Read(byte[], int, int)' (https://learn.microsoft.com/dotnet/fundamentals/code-analysis/quality-rules/ca2022) [D:\PROJETOS\LAUNCHER C#\launcher\L2Updater_g4gic3ee_wpftmp.csproj]
         D:\PROJETOS\LAUNCHER C#\launcher\Updater\HashZip\ZIPLib\Zip\ZipFile.cs(1895,4): warning CA2022: Evitar leitura inexata com 'System.IO.Stream.Read(byte[], int, int)' (https://learn.microsoft.com/dotnet/fundamentals/code-analysis/quality-rules/ca2022) [D:\PROJETOS\LAUNCHER C#\launcher\L2Updater_g4gic3ee_wpftmp.csproj]
         D:\PROJETOS\LAUNCHER C#\launcher\Updater\HashZip\ZIPLib\Zip\ZipFile.cs(1903,4): warning CA2022: Evitar leitura inexata com 'System.IO.Stream.Read(byte[], int, int)' (https://learn.microsoft.com/dotnet/fundamentals/code-analysis/quality-rules/ca2022) [D:\PROJETOS\LAUNCHER C#\launcher\L2Updater_g4gic3ee_wpftmp.csproj]
         D:\PROJETOS\LAUNCHER C#\launcher\Updater\HashZip\ZIPLib\Zip\ZipFile.cs(1906,4): warning CA2022: Evitar leitura inexata com 'System.IO.Stream.Read(byte[], int, int)' (https://learn.microsoft.com/dotnet/fundamentals/code-analysis/quality-rules/ca2022) [D:\PROJETOS\LAUNCHER C#\launcher\L2Updater_g4gic3ee_wpftmp.csproj]
         D:\PROJETOS\LAUNCHER C#\launcher\Updater\HashZip\ZIPLib\Zip\ZipFile.cs(2007,5): warning CA2022: Evitar leitura inexata com 'System.IO.Stream.Read(byte[], int, int)' (https://learn.microsoft.com/dotnet/fundamentals/code-analysis/quality-rules/ca2022) [D:\PROJETOS\LAUNCHER C#\launcher\L2Updater_g4gic3ee_wpftmp.csproj]
         D:\PROJETOS\LAUNCHER C#\launcher\Updater\HashZip\ZIPLib\Zip\ZipFile.cs(2014,5): warning CA2022: Evitar leitura inexata com 'System.IO.Stream.Read(byte[], int, int)' (https://learn.microsoft.com/dotnet/fundamentals/code-analysis/quality-rules/ca2022) [D:\PROJETOS\LAUNCHER C#\launcher\L2Updater_g4gic3ee_wpftmp.csproj]
         D:\PROJETOS\LAUNCHER C#\launcher\Updater\HashZip\ZIPLib\Zip\ZipFile.cs(2021,5): warning CA2022: Evitar leitura inexata com 'System.IO.Stream.Read(byte[], int, int)' (https://learn.microsoft.com/dotnet/fundamentals/code-analysis/quality-rules/ca2022) [D:\PROJETOS\LAUNCHER C#\launcher\L2Updater_g4gic3ee_wpftmp.csproj]
         D:\PROJETOS\LAUNCHER C#\launcher\Updater\HashZip\ZIPLib\Zip\ZipFile.cs(2030,4): warning CA2022: Evitar leitura inexata com 'System.IO.Stream.Read(byte[], int, int)' (https://learn.microsoft.com/dotnet/fundamentals/code-analysis/quality-rules/ca2022) [D:\PROJETOS\LAUNCHER C#\launcher\L2Updater_g4gic3ee_wpftmp.csproj]
         D:\PROJETOS\LAUNCHER C#\launcher\Updater\HashZip\ZIPLib\Zip\ZipFile.cs(2037,4): warning CA2022: Evitar leitura inexata com 'System.IO.Stream.Read(byte[], int, int)' (https://learn.microsoft.com/dotnet/fundamentals/code-analysis/quality-rules/ca2022) [D:\PROJETOS\LAUNCHER C#\launcher\L2Updater_g4gic3ee_wpftmp.csproj]
         D:\PROJETOS\LAUNCHER C#\launcher\Updater\HashZip\ZIPLib\Zip\ZipFile.cs(2042,5): warning CA2022: Evitar leitura inexata com 'System.IO.Stream.Read(byte[], int, int)' (https://learn.microsoft.com/dotnet/fundamentals/code-analysis/quality-rules/ca2022) [D:\PROJETOS\LAUNCHER C#\launcher\L2Updater_g4gic3ee_wpftmp.csproj]
         D:\PROJETOS\LAUNCHER C#\launcher\Updater\HashZip\ZIPLib\Zip\ZipEntry.cs(2571,6): warning CA2022: Evitar leitura inexata com 'System.IO.Stream.Read(byte[], int, int)' (https://learn.microsoft.com/dotnet/fundamentals/code-analysis/quality-rules/ca2022) [D:\PROJETOS\LAUNCHER C#\launcher\L2Updater_g4gic3ee_wpftmp.csproj]
         D:\PROJETOS\LAUNCHER C#\launcher\Updater\HashZip\ZIPLib\Zip\ZipFile.cs(2549,49): warning IL3000: 'System.Reflection.Assembly.Location.get' always returns an empty string for assemblies embedded in a single-file app. If the path to the app directory is needed, consider calling 'System.AppContext.BaseDirectory'. [D:\PROJETOS\LAUNCHER C#\launcher\L2Updater_g4gic3ee_wpftmp.csproj]
         D:\PROJETOS\LAUNCHER C#\launcher\Updater\HashZip\ZIPLib\Zip\ZipFile.cs(2593,46): warning IL3000: 'System.Reflection.Assembly.Location.get' always returns an empty string for assemblies embedded in a single-file app. If the path to the app directory is needed, consider calling 'System.AppContext.BaseDirectory'. [D:\PROJETOS\LAUNCHER C#\launcher\L2Updater_g4gic3ee_wpftmp.csproj]


       "D:\PROJETOS\LAUNCHER C#\launcher\L2Updater.sln" (destino padr├úo) (1:2) ->
       "D:\PROJETOS\LAUNCHER C#\launcher\L2Updater.csproj" (destino padr├úo) (2:6) ->
         D:\PROJETOS\LAUNCHER C#\launcher\Updater\UtillsClasses\DownloadUtills.cs(32,52): warning SYSLIB0014: "WebRequest.Create(string)" ├® obsoleto: "WebRequest, HttpWebRequest, ServicePoint, and WebClient are obsolete. Use HttpClient instead." (https://aka.ms/dotnet-warnings/SYSLIB0014) [D:\PROJETOS\LAUNCHER C#\launcher\L2Updater.csproj]
         D:\PROJETOS\LAUNCHER C#\launcher\Updater\HashZip\ZIPLib\DeflateManager.cs(247,12): warning CS8618: O campo n├úo anul├ível 'DeflateFunction' precisa conter um valor n├úo nulo ao sair do construtor. Considere adicionar o modificador "obrigat├│rio" ou declarar o campo como anul├ível. [D:\PROJETOS\LAUNCHER C#\launcher\L2Updater.csproj]
         D:\PROJETOS\LAUNCHER C#\launcher\Updater\HashZip\ZIPLib\DeflateManager.cs(247,12): warning CS8618: O campo n├úo anul├ível '_codec' precisa conter um valor n├úo nulo ao sair do construtor. Considere adicionar o modificador "obrigat├│rio" ou declarar o campo como anul├ível. [D:\PROJETOS\LAUNCHER C#\launcher\L2Updater.csproj]
         D:\PROJETOS\LAUNCHER C#\launcher\Updater\HashZip\ZIPLib\DeflateManager.cs(247,12): warning CS8618: O campo n├úo anul├ível 'pending' precisa conter um valor n├úo nulo ao sair do construtor. Considere adicionar o modificador "obrigat├│rio" ou declarar o campo como anul├ível. [D:\PROJETOS\LAUNCHER C#\launcher\L2Updater.csproj]
         D:\PROJETOS\LAUNCHER C#\launcher\Updater\HashZip\ZIPLib\DeflateManager.cs(247,12): warning CS8618: O campo n├úo anul├ível 'window' precisa conter um valor n├úo nulo ao sair do construtor. Considere adicionar o modificador "obrigat├│rio" ou declarar o campo como anul├ível. [D:\PROJETOS\LAUNCHER C#\launcher\L2Updater.csproj]
         D:\PROJETOS\LAUNCHER C#\launcher\Updater\HashZip\ZIPLib\DeflateManager.cs(247,12): warning CS8618: O campo n├úo anul├ível 'prev' precisa conter um valor n├úo nulo ao sair do construtor. Considere adicionar o modificador "obrigat├│rio" ou declarar o campo como anul├ível. [D:\PROJETOS\LAUNCHER C#\launcher\L2Updater.csproj]
         D:\PROJETOS\LAUNCHER C#\launcher\Updater\HashZip\ZIPLib\DeflateManager.cs(247,12): warning CS8618: O campo n├úo anul├ível 'head' precisa conter um valor n├úo nulo ao sair do construtor. Considere adicionar o modificador "obrigat├│rio" ou declarar o campo como anul├ível. [D:\PROJETOS\LAUNCHER C#\launcher\L2Updater.csproj]
         D:\PROJETOS\LAUNCHER C#\launcher\Updater\HashZip\ZIPLib\DeflateManager.cs(247,12): warning CS8618: O campo n├úo anul├ível 'config' precisa conter um valor n├úo nulo ao sair do construtor. Considere adicionar o modificador "obrigat├│rio" ou declarar o campo como anul├ível. [D:\PROJETOS\LAUNCHER C#\launcher\L2Updater.csproj]
         D:\PROJETOS\LAUNCHER C#\launcher\Updater\HashZip\ZIPLib\CRC32.cs(25,34): warning CS8625: N├úo ├® poss├¡vel converter um literal nulo em um tipo de refer├¬ncia n├úo anul├ível. [D:\PROJETOS\LAUNCHER C#\launcher\L2Updater.csproj]
         D:\PROJETOS\LAUNCHER C#\launcher\Updater\HashZip\ZIPLib\InflateBlocks.cs(121,10): warning CS8625: N├úo ├® poss├¡vel converter um literal nulo em um tipo de refer├¬ncia n├úo anul├ível. [D:\PROJETOS\LAUNCHER C#\launcher\L2Updater.csproj]
         D:\PROJETOS\LAUNCHER C#\launcher\Updater\HashZip\ZIPLib\InflateBlocks.cs(113,12): warning CS8618: O campo n├úo anul├ível 'blens' precisa conter um valor n├úo nulo ao sair do construtor. Considere adicionar o modificador "obrigat├│rio" ou declarar o campo como anul├ível. [D:\PROJETOS\LAUNCHER C#\launcher\L2Updater.csproj]
         D:\PROJETOS\LAUNCHER C#\launcher\Updater\HashZip\ZIPLib\InflateBlocks.cs(142,50): warning CS8625: N├úo ├® poss├¡vel converter um literal nulo em um tipo de refer├¬ncia n├úo anul├ível. [D:\PROJETOS\LAUNCHER C#\launcher\L2Updater.csproj]
         D:\PROJETOS\LAUNCHER C#\launcher\Updater\HashZip\ZIPLib\InflateCodes.cs(76,12): warning CS8618: O campo n├úo anul├ível 'tree' precisa conter um valor n├úo nulo ao sair do construtor. Considere adicionar o modificador "obrigat├│rio" ou declarar o campo como anul├ível. [D:\PROJETOS\LAUNCHER C#\launcher\L2Updater.csproj]
         D:\PROJETOS\LAUNCHER C#\launcher\Updater\HashZip\ZIPLib\InflateCodes.cs(76,12): warning CS8618: O campo n├úo anul├ível 'ltree' precisa conter um valor n├úo nulo ao sair do construtor. Considere adicionar o modificador "obrigat├│rio" ou declarar o campo como anul├ível. [D:\PROJETOS\LAUNCHER C#\launcher\L2Updater.csproj]
         D:\PROJETOS\LAUNCHER C#\launcher\Updater\HashZip\ZIPLib\InflateCodes.cs(76,12): warning CS8618: O campo n├úo anul├ível 'dtree' precisa conter um valor n├úo nulo ao sair do construtor. Considere adicionar o modificador "obrigat├│rio" ou declarar o campo como anul├ível. [D:\PROJETOS\LAUNCHER C#\launcher\L2Updater.csproj]
         D:\PROJETOS\LAUNCHER C#\launcher\Updater\HashZip\ZIPLib\InflateCodes.cs(89,11): warning CS8625: N├úo ├® poss├¡vel converter um literal nulo em um tipo de refer├¬ncia n├úo anul├ível. [D:\PROJETOS\LAUNCHER C#\launcher\L2Updater.csproj]
         D:\PROJETOS\LAUNCHER C#\launcher\Updater\HashZip\ZIPLib\ZlibCodec.cs(43,10): warning CS8618: O campo n├úo anul├ível 'InputBuffer' precisa conter um valor n├úo nulo ao sair do construtor. Considere adicionar o modificador "obrigat├│rio" ou declarar o campo como anul├ível. [D:\PROJETOS\LAUNCHER C#\launcher\L2Updater.csproj]
         D:\PROJETOS\LAUNCHER C#\launcher\Updater\HashZip\ZIPLib\ZlibCodec.cs(43,10): warning CS8618: O campo n├úo anul├ível 'OutputBuffer' precisa conter um valor n├úo nulo ao sair do construtor. Considere adicionar o modificador "obrigat├│rio" ou declarar o campo como anul├ível. [D:\PROJETOS\LAUNCHER C#\launcher\L2Updater.csproj]
         D:\PROJETOS\LAUNCHER C#\launcher\Updater\HashZip\ZIPLib\ZlibCodec.cs(43,10): warning CS8618: O campo n├úo anul├ível 'Message' precisa conter um valor n├úo nulo ao sair do construtor. Considere adicionar o modificador "obrigat├│rio" ou declarar o campo como anul├ível. [D:\PROJETOS\LAUNCHER C#\launcher\L2Updater.csproj]
         D:\PROJETOS\LAUNCHER C#\launcher\Updater\HashZip\ZIPLib\ZlibCodec.cs(43,10): warning CS8618: O campo n├úo anul├ível 'dstate' precisa conter um valor n├úo nulo ao sair do construtor. Considere adicionar o modificador "obrigat├│rio" ou declarar o campo como anul├ível. [D:\PROJETOS\LAUNCHER C#\launcher\L2Updater.csproj]
         D:\PROJETOS\LAUNCHER C#\launcher\Updater\HashZip\ZIPLib\ZlibCodec.cs(43,10): warning CS8618: O campo n├úo anul├ível 'istate' precisa conter um valor n├úo nulo ao sair do construtor. Considere adicionar o modificador "obrigat├│rio" ou declarar o campo como anul├ível. [D:\PROJETOS\LAUNCHER C#\launcher\L2Updater.csproj]
         D:\PROJETOS\LAUNCHER C#\launcher\Updater\HashZip\ZIPLib\InflateManager.cs(75,10): warning CS8618: O campo n├úo anul├ível '_codec' precisa conter um valor n├úo nulo ao sair do construtor. Considere adicionar o modificador "obrigat├│rio" ou declarar o campo como anul├ível. [D:\PROJETOS\LAUNCHER C#\launcher\L2Updater.csproj]
         D:\PROJETOS\LAUNCHER C#\launcher\Updater\HashZip\ZIPLib\InflateManager.cs(75,10): warning CS8618: O campo n├úo anul├ível 'blocks' precisa conter um valor n├úo nulo ao sair do construtor. Considere adicionar o modificador "obrigat├│rio" ou declarar o campo como anul├ível. [D:\PROJETOS\LAUNCHER C#\launcher\L2Updater.csproj]
         D:\PROJETOS\LAUNCHER C#\launcher\Updater\HashZip\ZIPLib\ZlibCodec.cs(47,10): warning CS8618: O campo n├úo anul├ível 'InputBuffer' precisa conter um valor n├úo nulo ao sair do construtor. Considere adicionar o modificador "obrigat├│rio" ou declarar o campo como anul├ível. [D:\PROJETOS\LAUNCHER C#\launcher\L2Updater.csproj]
         D:\PROJETOS\LAUNCHER C#\launcher\Updater\HashZip\ZIPLib\ZlibCodec.cs(47,10): warning CS8618: O campo n├úo anul├ível 'OutputBuffer' precisa conter um valor n├úo nulo ao sair do construtor. Considere adicionar o modificador "obrigat├│rio" ou declarar o campo como anul├ível. [D:\PROJETOS\LAUNCHER C#\launcher\L2Updater.csproj]
         D:\PROJETOS\LAUNCHER C#\launcher\Updater\HashZip\ZIPLib\ZlibCodec.cs(47,10): warning CS8618: O campo n├úo anul├ível 'Message' precisa conter um valor n├úo nulo ao sair do construtor. Considere adicionar o modificador "obrigat├│rio" ou declarar o campo como anul├ível. [D:\PROJETOS\LAUNCHER C#\launcher\L2Updater.csproj]
         D:\PROJETOS\LAUNCHER C#\launcher\Updater\HashZip\ZIPLib\ZlibCodec.cs(47,10): warning CS8618: O campo n├úo anul├ível 'dstate' precisa conter um valor n├úo nulo ao sair do construtor. Considere adicionar o modificador "obrigat├│rio" ou declarar o campo como anul├ível. [D:\PROJETOS\LAUNCHER C#\launcher\L2Updater.csproj]
         D:\PROJETOS\LAUNCHER C#\launcher\Updater\HashZip\ZIPLib\ZlibCodec.cs(47,10): warning CS8618: O campo n├úo anul├ível 'istate' precisa conter um valor n├úo nulo ao sair do construtor. Considere adicionar o modificador "obrigat├│rio" ou declarar o campo como anul├ível. [D:\PROJETOS\LAUNCHER C#\launcher\L2Updater.csproj]
         D:\PROJETOS\LAUNCHER C#\launcher\Updater\HashZip\ZIPLib\InflateManager.cs(79,10): warning CS8618: O campo n├úo anul├ível '_codec' precisa conter um valor n├úo nulo ao sair do construtor. Considere adicionar o modificador "obrigat├│rio" ou declarar o campo como anul├ível. [D:\PROJETOS\LAUNCHER C#\launcher\L2Updater.csproj]
         D:\PROJETOS\LAUNCHER C#\launcher\Updater\HashZip\ZIPLib\InflateManager.cs(79,10): warning CS8618: O campo n├úo anul├ível 'blocks' precisa conter um valor n├úo nulo ao sair do construtor. Considere adicionar o modificador "obrigat├│rio" ou declarar o campo como anul├ível. [D:\PROJETOS\LAUNCHER C#\launcher\L2Updater.csproj]
         D:\PROJETOS\LAUNCHER C#\launcher\Updater\HashZip\ZIPLib\InflateManager.cs(87,21): warning CS8625: N├úo ├® poss├¡vel converter um literal nulo em um tipo de refer├¬ncia n├úo anul├ível. [D:\PROJETOS\LAUNCHER C#\launcher\L2Updater.csproj]
         D:\PROJETOS\LAUNCHER C#\launcher\Updater\HashZip\ZIPLib\InflateManager.cs(89,17): warning CS8625: N├úo ├® poss├¡vel converter um literal nulo em um tipo de refer├¬ncia n├úo anul├ível. [D:\PROJETOS\LAUNCHER C#\launcher\L2Updater.csproj]
         D:\PROJETOS\LAUNCHER C#\launcher\Updater\HashZip\ZIPLib\InflateManager.cs(99,13): warning CS8625: N├úo ├® poss├¡vel converter um literal nulo em um tipo de refer├¬ncia n├úo anul├ível. [D:\PROJETOS\LAUNCHER C#\launcher\L2Updater.csproj]
         D:\PROJETOS\LAUNCHER C#\launcher\Updater\HashZip\ZIPLib\InflateManager.cs(106,21): warning CS8625: N├úo ├® poss├¡vel converter um literal nulo em um tipo de refer├¬ncia n├úo anul├ível. [D:\PROJETOS\LAUNCHER C#\launcher\L2Updater.csproj]
         D:\PROJETOS\LAUNCHER C#\launcher\Updater\HashZip\ZIPLib\InflateManager.cs(107,13): warning CS8625: N├úo ├® poss├¡vel converter um literal nulo em um tipo de refer├¬ncia n├úo anul├ível. [D:\PROJETOS\LAUNCHER C#\launcher\L2Updater.csproj]
         D:\PROJETOS\LAUNCHER C#\launcher\Updater\HashZip\ZIPLib\InflateManager.cs(114,38): warning CS8604: Poss├¡vel argumento de refer├¬ncia nula para o par├ómetro 'checkfn' em 'InflateBlocks.InflateBlocks(ZlibCodec codec, object checkfn, int w)'. [D:\PROJETOS\LAUNCHER C#\launcher\L2Updater.csproj]
         D:\PROJETOS\LAUNCHER C#\launcher\Updater\HashZip\ZIPLib\ZlibCodec.cs(111,13): warning CS8625: N├úo ├® poss├¡vel converter um literal nulo em um tipo de refer├¬ncia n├úo anul├ível. [D:\PROJETOS\LAUNCHER C#\launcher\L2Updater.csproj]
         D:\PROJETOS\LAUNCHER C#\launcher\Updater\HashZip\ZIPLib\Zip\ZipProgressEventArgs.cs(105,12): warning CS8618: O campo n├úo anul├ível '_latestEntry' precisa conter um valor n├úo nulo ao sair do construtor. Considere adicionar o modificador "obrigat├│rio" ou declarar o campo como anul├ível. [D:\PROJETOS\LAUNCHER C#\launcher\L2Updater.csproj]
         D:\PROJETOS\LAUNCHER C#\launcher\Updater\HashZip\ZIPLib\Zip\ZipProgressEventArgs.cs(105,12): warning CS8618: O campo n├úo anul├ível '_archiveName' precisa conter um valor n├úo nulo ao sair do construtor. Considere adicionar o modificador "obrigat├│rio" ou declarar o campo como anul├ível. [D:\PROJETOS\LAUNCHER C#\launcher\L2Updater.csproj]
         D:\PROJETOS\LAUNCHER C#\launcher\Updater\HashZip\ZIPLib\GZipStream.cs(191,10): warning CS8618: O campo n├úo anul├ível '_FileName' precisa conter um valor n├úo nulo ao sair do construtor. Considere adicionar o modificador "obrigat├│rio" ou declarar o campo como anul├ível. [D:\PROJETOS\LAUNCHER C#\launcher\L2Updater.csproj]
         D:\PROJETOS\LAUNCHER C#\launcher\Updater\HashZip\ZIPLib\GZipStream.cs(191,10): warning CS8618: O campo n├úo anul├ível '_Comment' precisa conter um valor n├úo nulo ao sair do construtor. Considere adicionar o modificador "obrigat├│rio" ou declarar o campo como anul├ível. [D:\PROJETOS\LAUNCHER C#\launcher\L2Updater.csproj]
         D:\PROJETOS\LAUNCHER C#\launcher\Updater\HashZip\ZIPLib\Zip\ZipProgressEventArgs.cs(109,12): warning CS8618: O campo n├úo anul├ível '_latestEntry' precisa conter um valor n├úo nulo ao sair do construtor. Considere adicionar o modificador "obrigat├│rio" ou declarar o campo como anul├ível. [D:\PROJETOS\LAUNCHER C#\launcher\L2Updater.csproj]
         D:\PROJETOS\LAUNCHER C#\launcher\Updater\HashZip\ZIPLib\StaticTree.cs(695,36): warning CS8625: N├úo ├® poss├¡vel converter um literal nulo em um tipo de refer├¬ncia n├úo anul├ível. [D:\PROJETOS\LAUNCHER C#\launcher\L2Updater.csproj]
         D:\PROJETOS\LAUNCHER C#\launcher\Updater\HashZip\ZIPLib\ZlibCodec.cs(182,13): warning CS8625: N├úo ├® poss├¡vel converter um literal nulo em um tipo de refer├¬ncia n├úo anul├ível. [D:\PROJETOS\LAUNCHER C#\launcher\L2Updater.csproj]
         D:\PROJETOS\LAUNCHER C#\launcher\Updater\HashZip\ZIPLib\InfTree.cs(1992,39): warning CS8625: N├úo ├® poss├¡vel converter um literal nulo em um tipo de refer├¬ncia n├úo anul├ível. [D:\PROJETOS\LAUNCHER C#\launcher\L2Updater.csproj]
         D:\PROJETOS\LAUNCHER C#\launcher\Updater\HashZip\ZIPLib\InfTree.cs(1992,45): warning CS8625: N├úo ├® poss├¡vel converter um literal nulo em um tipo de refer├¬ncia n├úo anul├ível. [D:\PROJETOS\LAUNCHER C#\launcher\L2Updater.csproj]
         D:\PROJETOS\LAUNCHER C#\launcher\Updater\HashZip\ZIPLib\Zip\EnumUtil.cs(15,22): warning CS8600: Convers├úo de literal nula ou poss├¡vel valor nulo em tipo n├úo anul├ível. [D:\PROJETOS\LAUNCHER C#\launcher\L2Updater.csproj]
         D:\PROJETOS\LAUNCHER C#\launcher\Updater\HashZip\ZIPLib\Zip\EnumUtil.cs(16,59): warning CS8602: Desrefer├¬ncia de uma refer├¬ncia possivelmente nula. [D:\PROJETOS\LAUNCHER C#\launcher\L2Updater.csproj]
         D:\PROJETOS\LAUNCHER C#\launcher\Updater\HashZip\ZIPLib\InfTree.cs(1811,23): warning CS8625: N├úo ├® poss├¡vel converter um literal nulo em um tipo de refer├¬ncia n├úo anul├ível. [D:\PROJETOS\LAUNCHER C#\launcher\L2Updater.csproj]
         D:\PROJETOS\LAUNCHER C#\launcher\Updater\HashZip\ZIPLib\InfTree.cs(1813,22): warning CS8625: N├úo ├® poss├¡vel converter um literal nulo em um tipo de refer├¬ncia n├úo anul├ível. [D:\PROJETOS\LAUNCHER C#\launcher\L2Updater.csproj]
         D:\PROJETOS\LAUNCHER C#\launcher\Updater\HashZip\ZIPLib\InfTree.cs(1815,22): warning CS8625: N├úo ├® poss├¡vel converter um literal nulo em um tipo de refer├¬ncia n├úo anul├ível. [D:\PROJETOS\LAUNCHER C#\launcher\L2Updater.csproj]
         D:\PROJETOS\LAUNCHER C#\launcher\Updater\HashZip\ZIPLib\InfTree.cs(1817,22): warning CS8625: N├úo ├® poss├¡vel converter um literal nulo em um tipo de refer├¬ncia n├úo anul├ível. [D:\PROJETOS\LAUNCHER C#\launcher\L2Updater.csproj]
         D:\PROJETOS\LAUNCHER C#\launcher\Updater\HashZip\ZIPLib\InfTree.cs(1819,22): warning CS8625: N├úo ├® poss├¡vel converter um literal nulo em um tipo de refer├¬ncia n├úo anul├ível. [D:\PROJETOS\LAUNCHER C#\launcher\L2Updater.csproj]
         D:\PROJETOS\LAUNCHER C#\launcher\Updater\HashZip\ZIPLib\InfTree.cs(1821,22): warning CS8625: N├úo ├® poss├¡vel converter um literal nulo em um tipo de refer├¬ncia n├úo anul├ível. [D:\PROJETOS\LAUNCHER C#\launcher\L2Updater.csproj]
         D:\PROJETOS\LAUNCHER C#\launcher\Updater\HashZip\ZIPLib\Zip\ExtractProgressEventArgs.cs(22,12): warning CS8618: O campo n├úo anul├ível '_target' precisa conter um valor n├úo nulo ao sair do construtor. Considere adicionar o modificador "obrigat├│rio" ou declarar o campo como anul├ível. [D:\PROJETOS\LAUNCHER C#\launcher\L2Updater.csproj]
         D:\PROJETOS\LAUNCHER C#\launcher\Updater\HashZip\ZIPLib\Zip\ExtractProgressEventArgs.cs(27,12): warning CS8618: O campo n├úo anul├ível '_target' precisa conter um valor n├úo nulo ao sair do construtor. Considere adicionar o modificador "obrigat├│rio" ou declarar o campo como anul├ível. [D:\PROJETOS\LAUNCHER C#\launcher\L2Updater.csproj]
         D:\PROJETOS\LAUNCHER C#\launcher\Updater\HashZip\ZIPLib\Tree.cs(991,20): warning CS8618: O campo n├úo anul├ível 'dyn_tree' precisa conter um valor n├úo nulo ao sair do construtor. Considere adicionar o modificador "obrigat├│rio" ou declarar o campo como anul├ível. [D:\PROJETOS\LAUNCHER C#\launcher\L2Updater.csproj]
         D:\PROJETOS\LAUNCHER C#\launcher\Updater\HashZip\ZIPLib\Tree.cs(995,23): warning CS8618: O campo n├úo anul├ível 'stat_desc' precisa conter um valor n├úo nulo ao sair do construtor. Considere adicionar o modificador "obrigat├│rio" ou declarar o campo como anul├ível. [D:\PROJETOS\LAUNCHER C#\launcher\L2Updater.csproj]
         D:\PROJETOS\LAUNCHER C#\launcher\Updater\HashZip\ZIPLib\Zip\CompoundCriterion.cs(10,31): warning CS8618: O campo n├úo anul├ível 'Left' precisa conter um valor n├úo nulo ao sair do construtor. Considere adicionar o modificador "obrigat├│rio" ou declarar o campo como anul├ível. [D:\PROJETOS\LAUNCHER C#\launcher\L2Updater.csproj]
         D:\PROJETOS\LAUNCHER C#\launcher\Updater\HashZip\ZIPLib\Zip\CompoundCriterion.cs(12,30): warning CS8618: O campo n├úo anul├ível '_Right' precisa conter um valor n├úo nulo ao sair do construtor. Considere adicionar o modificador "obrigat├│rio" ou declarar o campo como anul├ível. [D:\PROJETOS\LAUNCHER C#\launcher\L2Updater.csproj]
         D:\PROJETOS\LAUNCHER C#\launcher\Updater\HashZip\ZIPLib\Zip\FileSelector.cs(28,13): warning CS8603: Poss├¡vel retorno de refer├¬ncia nula. [D:\PROJETOS\LAUNCHER C#\launcher\L2Updater.csproj]
         D:\PROJETOS\LAUNCHER C#\launcher\Updater\HashZip\ZIPLib\Zip\FileSelector.cs(30,12): warning CS8603: Poss├¡vel retorno de refer├¬ncia nula. [D:\PROJETOS\LAUNCHER C#\launcher\L2Updater.csproj]
         D:\PROJETOS\LAUNCHER C#\launcher\Updater\HashZip\ZIPLib\Zip\NameCriterion.cs(9,17): warning CS8618: O campo n├úo anul├ível '_re' precisa conter um valor n├úo nulo ao sair do construtor. Considere adicionar o modificador "obrigat├│rio" ou declarar o campo como anul├ível. [D:\PROJETOS\LAUNCHER C#\launcher\L2Updater.csproj]
         D:\PROJETOS\LAUNCHER C#\launcher\Updater\HashZip\ZIPLib\Zip\NameCriterion.cs(11,18): warning CS8618: O campo n├úo anul├ível '_regexString' precisa conter um valor n├úo nulo ao sair do construtor. Considere adicionar o modificador "obrigat├│rio" ou declarar o campo como anul├ível. [D:\PROJETOS\LAUNCHER C#\launcher\L2Updater.csproj]
         D:\PROJETOS\LAUNCHER C#\launcher\Updater\HashZip\ZIPLib\Zip\NameCriterion.cs(15,18): warning CS8618: O campo n├úo anul├ível '_MatchingFileSpec' precisa conter um valor n├úo nulo ao sair do construtor. Considere adicionar o modificador "obrigat├│rio" ou declarar o campo como anul├ível. [D:\PROJETOS\LAUNCHER C#\launcher\L2Updater.csproj]
         D:\PROJETOS\LAUNCHER C#\launcher\Updater\HashZip\ZIPLib\Zip\FileSelector.cs(36,19): warning CS8625: N├úo ├® poss├¡vel converter um literal nulo em um tipo de refer├¬ncia n├úo anul├ível. [D:\PROJETOS\LAUNCHER C#\launcher\L2Updater.csproj]
         D:\PROJETOS\LAUNCHER C#\launcher\Updater\HashZip\ZIPLib\Zip\FileSelector.cs(40,19): warning CS8625: N├úo ├® poss├¡vel converter um literal nulo em um tipo de refer├¬ncia n├úo anul├ível. [D:\PROJETOS\LAUNCHER C#\launcher\L2Updater.csproj]
         D:\PROJETOS\LAUNCHER C#\launcher\Updater\HashZip\ZIPLib\Zip\FileSelector.cs(49,10): warning CS8618: O campo n├úo anul├ível '_Criterion' precisa conter um valor n├úo nulo ao sair do construtor. Considere adicionar o modificador "obrigat├│rio" ou declarar o campo como anul├ível. [D:\PROJETOS\LAUNCHER C#\launcher\L2Updater.csproj]
         D:\PROJETOS\LAUNCHER C#\launcher\Updater\HashZip\ZIPLib\Zip\AttributesCriterion.cs(100,9): warning CS0219: A vari├ível "flag" ├® atribu├¡da, mas seu valor nunca ├® usado [D:\PROJETOS\LAUNCHER C#\launcher\L2Updater.csproj]
         D:\PROJETOS\LAUNCHER C#\launcher\Updater\HashZip\ZIPLib\InflateManager.cs(329,40): warning CS8625: N├úo ├® poss├¡vel converter um literal nulo em um tipo de refer├¬ncia n├úo anul├ível. [D:\PROJETOS\LAUNCHER C#\launcher\L2Updater.csproj]
         D:\PROJETOS\LAUNCHER C#\launcher\Updater\HashZip\ZIPLib\Zip\ZipException.cs(26,4): warning SYSLIB0051: "Exception.Exception(SerializationInfo, StreamingContext)" ├® obsoleto: "This API supports obsolete formatter-based serialization. It should not be called or extended by application code." (https://aka.ms/dotnet-warnings/SYSLIB0051) [D:\PROJETOS\LAUNCHER C#\launcher\L2Updater.csproj]
         D:\PROJETOS\LAUNCHER C#\launcher\Updater\HashZip\ZIPLib\Zip\ZipFile.cs(24,24): warning CS8618: O campo n├úo anul├ível 'ReferencedAssemblies' precisa conter um valor n├úo nulo ao sair do construtor. Considere adicionar o modificador "obrigat├│rio" ou declarar o campo como anul├ível. [D:\PROJETOS\LAUNCHER C#\launcher\L2Updater.csproj]
         D:\PROJETOS\LAUNCHER C#\launcher\Updater\HashZip\ZIPLib\Zip\ZipFile.cs(26,24): warning CS8618: O campo n├úo anul├ível 'CopyThroughResources' precisa conter um valor n├úo nulo ao sair do construtor. Considere adicionar o modificador "obrigat├│rio" ou declarar o campo como anul├ível. [D:\PROJETOS\LAUNCHER C#\launcher\L2Updater.csproj]
         D:\PROJETOS\LAUNCHER C#\launcher\Updater\HashZip\ZIPLib\Zip\ZipFile.cs(28,24): warning CS8618: O campo n├úo anul├ível 'ResourcesToCompile' precisa conter um valor n├úo nulo ao sair do construtor. Considere adicionar o modificador "obrigat├│rio" ou declarar o campo como anul├ível. [D:\PROJETOS\LAUNCHER C#\launcher\L2Updater.csproj]
         D:\PROJETOS\LAUNCHER C#\launcher\Updater\HashZip\ZIPLib\Zip\ZipFile.cs(293,10): warning CS8629: O tipo de valor de nulidade pode ser nulo. [D:\PROJETOS\LAUNCHER C#\launcher\L2Updater.csproj]
         D:\PROJETOS\LAUNCHER C#\launcher\Updater\HashZip\ZIPLib\Zip\SizeCriterion.cs(29,9): warning CS0219: A vari├ível "flag" ├® atribu├¡da, mas seu valor nunca ├® usado [D:\PROJETOS\LAUNCHER C#\launcher\L2Updater.csproj]
         D:\PROJETOS\LAUNCHER C#\launcher\Updater\HashZip\ZIPLib\ZlibBaseStream.cs(16,37): warning CS8625: N├úo ├® poss├¡vel converter um literal nulo em um tipo de refer├¬ncia n├úo anul├ível. [D:\PROJETOS\LAUNCHER C#\launcher\L2Updater.csproj]
         D:\PROJETOS\LAUNCHER C#\launcher\Updater\HashZip\ZIPLib\ZlibBaseStream.cs(120,10): warning CS8618: O campo n├úo anul├ível '_workingBuffer' precisa conter um valor n├úo nulo ao sair do construtor. Considere adicionar o modificador "obrigat├│rio" ou declarar o campo como anul├ível. [D:\PROJETOS\LAUNCHER C#\launcher\L2Updater.csproj]
         D:\PROJETOS\LAUNCHER C#\launcher\Updater\HashZip\ZIPLib\ZlibBaseStream.cs(120,10): warning CS8618: O campo n├úo anul├ível 'crc' precisa conter um valor n├úo nulo ao sair do construtor. Considere adicionar o modificador "obrigat├│rio" ou declarar o campo como anul├ível. [D:\PROJETOS\LAUNCHER C#\launcher\L2Updater.csproj]
         D:\PROJETOS\LAUNCHER C#\launcher\Updater\HashZip\ZIPLib\ZlibBaseStream.cs(120,10): warning CS8618: O campo n├úo anul├ível '_GzipFileName' precisa conter um valor n├úo nulo ao sair do construtor. Considere adicionar o modificador "obrigat├│rio" ou declarar o campo como anul├ível. [D:\PROJETOS\LAUNCHER C#\launcher\L2Updater.csproj]
         D:\PROJETOS\LAUNCHER C#\launcher\Updater\HashZip\ZIPLib\ZlibBaseStream.cs(120,10): warning CS8618: O campo n├úo anul├ível '_GzipComment' precisa conter um valor n├úo nulo ao sair do construtor. Considere adicionar o modificador "obrigat├│rio" ou declarar o campo como anul├ível. [D:\PROJETOS\LAUNCHER C#\launcher\L2Updater.csproj]
         D:\PROJETOS\LAUNCHER C#\launcher\Updater\HashZip\ZIPLib\Zip\TimeCriterion.cs(37,9): warning CS0219: A vari├ível "flag" ├® atribu├¡da, mas seu valor nunca ├® usado [D:\PROJETOS\LAUNCHER C#\launcher\L2Updater.csproj]
         D:\PROJETOS\LAUNCHER C#\launcher\Updater\HashZip\ZIPLib\Zip\ZipErrorEventArgs.cs(13,11): warning CS8618: O campo n├úo anul├ível '_exc' precisa conter um valor n├úo nulo ao sair do construtor. Considere adicionar o modificador "obrigat├│rio" ou declarar o campo como anul├ível. [D:\PROJETOS\LAUNCHER C#\launcher\L2Updater.csproj]
         D:\PROJETOS\LAUNCHER C#\launcher\Updater\HashZip\ZIPLib\GZipStream.cs(270,19): warning CS8600: Convers├úo de literal nula ou poss├¡vel valor nulo em tipo n├úo anul├ível. [D:\PROJETOS\LAUNCHER C#\launcher\L2Updater.csproj]
         D:\PROJETOS\LAUNCHER C#\launcher\Updater\HashZip\ZIPLib\GZipStream.cs(271,20): warning CS8600: Convers├úo de literal nula ou poss├¡vel valor nulo em tipo n├úo anul├ível. [D:\PROJETOS\LAUNCHER C#\launcher\L2Updater.csproj]
         D:\PROJETOS\LAUNCHER C#\launcher\Updater\HashZip\ZIPLib\GZipStream.cs(272,35): warning CS8602: Desrefer├¬ncia de uma refer├¬ncia possivelmente nula. [D:\PROJETOS\LAUNCHER C#\launcher\L2Updater.csproj]
         D:\PROJETOS\LAUNCHER C#\launcher\Updater\HashZip\ZIPLib\GZipStream.cs(273,37): warning CS8602: Desrefer├¬ncia de uma refer├¬ncia possivelmente nula. [D:\PROJETOS\LAUNCHER C#\launcher\L2Updater.csproj]
         D:\PROJETOS\LAUNCHER C#\launcher\Updater\HashZip\ZIPLib\GZipStream.cs(301,16): warning CS8604: Poss├¡vel argumento de refer├¬ncia nula para o par├ómetro 'sourceArray' em 'void Array.Copy(Array sourceArray, int sourceIndex, Array destinationArray, int destinationIndex, int length)'. [D:\PROJETOS\LAUNCHER C#\launcher\L2Updater.csproj]
         D:\PROJETOS\LAUNCHER C#\launcher\Updater\HashZip\ZIPLib\GZipStream.cs(307,16): warning CS8604: Poss├¡vel argumento de refer├¬ncia nula para o par├ómetro 'sourceArray' em 'void Array.Copy(Array sourceArray, int sourceIndex, Array destinationArray, int destinationIndex, int length)'. [D:\PROJETOS\LAUNCHER C#\launcher\L2Updater.csproj]
         D:\PROJETOS\LAUNCHER C#\launcher\Updater\HashZip\ZIPLib\Zip\ZipFile.cs(413,43): warning CS8603: Poss├¡vel retorno de refer├¬ncia nula. [D:\PROJETOS\LAUNCHER C#\launcher\L2Updater.csproj]
         D:\PROJETOS\LAUNCHER C#\launcher\Updater\HashZip\ZIPLib\Zip\ZipCipherStream.cs(73,19): warning CS8600: Convers├úo de literal nula ou poss├¡vel valor nulo em tipo n├úo anul├ível. [D:\PROJETOS\LAUNCHER C#\launcher\L2Updater.csproj]
         D:\PROJETOS\LAUNCHER C#\launcher\Updater\HashZip\ZIPLib\Zip\ZipFile.cs(431,12): warning CS8603: Poss├¡vel retorno de refer├¬ncia nula. [D:\PROJETOS\LAUNCHER C#\launcher\L2Updater.csproj]
         D:\PROJETOS\LAUNCHER C#\launcher\Updater\HashZip\ZIPLib\Zip\SharedUtilities.cs(150,10): warning CS0219: A vari├ível "flag2" ├® atribu├¡da, mas seu valor nunca ├® usado [D:\PROJETOS\LAUNCHER C#\launcher\L2Updater.csproj]
         D:\PROJETOS\LAUNCHER C#\launcher\Updater\HashZip\ZIPLib\ZlibBaseStream.cs(265,10): warning CS8625: N├úo ├® poss├¡vel converter um literal nulo em um tipo de refer├¬ncia n├úo anul├ível. [D:\PROJETOS\LAUNCHER C#\launcher\L2Updater.csproj]
         D:\PROJETOS\LAUNCHER C#\launcher\Updater\HashZip\ZIPLib\ZlibBaseStream.cs(286,15): warning CS8625: N├úo ├® poss├¡vel converter um literal nulo em um tipo de refer├¬ncia n├úo anul├ível. [D:\PROJETOS\LAUNCHER C#\launcher\L2Updater.csproj]
         D:\PROJETOS\LAUNCHER C#\launcher\Updater\HashZip\ZIPLib\Zip\ZipEntry.cs(242,40): warning CS8625: N├úo ├® poss├¡vel converter um literal nulo em um tipo de refer├¬ncia n├úo anul├ível. [D:\PROJETOS\LAUNCHER C#\launcher\L2Updater.csproj]
         D:\PROJETOS\LAUNCHER C#\launcher\Updater\HashZip\ZIPLib\Zip\ZipFile.cs(518,12): warning CS8603: Poss├¡vel retorno de refer├¬ncia nula. [D:\PROJETOS\LAUNCHER C#\launcher\L2Updater.csproj]
         D:\PROJETOS\LAUNCHER C#\launcher\Updater\HashZip\ZIPLib\InflateCodes.cs(503,15): warning CS0219: A vari├ível "flag" ├® atribu├¡da, mas seu valor nunca ├® usado [D:\PROJETOS\LAUNCHER C#\launcher\L2Updater.csproj]
         D:\PROJETOS\LAUNCHER C#\launcher\Updater\HashZip\ZIPLib\InflateCodes.cs(605,13): warning CS0219: A vari├ível "flag2" ├® atribu├¡da, mas seu valor nunca ├® usado [D:\PROJETOS\LAUNCHER C#\launcher\L2Updater.csproj]
         D:\PROJETOS\LAUNCHER C#\launcher\Updater\HashZip\ZIPLib\InflateBlocks.cs(408,16): warning CS8625: N├úo ├® poss├¡vel converter um literal nulo em um tipo de refer├¬ncia n├úo anul├ível. [D:\PROJETOS\LAUNCHER C#\launcher\L2Updater.csproj]
         D:\PROJETOS\LAUNCHER C#\launcher\Updater\HashZip\ZIPLib\InflateBlocks.cs(490,16): warning CS8625: N├úo ├® poss├¡vel converter um literal nulo em um tipo de refer├¬ncia n├úo anul├ível. [D:\PROJETOS\LAUNCHER C#\launcher\L2Updater.csproj]
         D:\PROJETOS\LAUNCHER C#\launcher\Updater\HashZip\ZIPLib\InflateBlocks.cs(527,16): warning CS8625: N├úo ├® poss├¡vel converter um literal nulo em um tipo de refer├¬ncia n├úo anul├ível. [D:\PROJETOS\LAUNCHER C#\launcher\L2Updater.csproj]
         D:\PROJETOS\LAUNCHER C#\launcher\Updater\HashZip\ZIPLib\Zip\SharedUtilities.cs(273,18): warning CS8600: Convers├úo de literal nula ou poss├¡vel valor nulo em tipo n├úo anul├ível. [D:\PROJETOS\LAUNCHER C#\launcher\L2Updater.csproj]
         D:\PROJETOS\LAUNCHER C#\launcher\Updater\HashZip\ZIPLib\InflateBlocks.cs(618,10): warning CS8625: N├úo ├® poss├¡vel converter um literal nulo em um tipo de refer├¬ncia n├úo anul├ível. [D:\PROJETOS\LAUNCHER C#\launcher\L2Updater.csproj]
         D:\PROJETOS\LAUNCHER C#\launcher\Updater\HashZip\ZIPLib\InflateBlocks.cs(619,13): warning CS8625: N├úo ├® poss├¡vel converter um literal nulo em um tipo de refer├¬ncia n├úo anul├ível. [D:\PROJETOS\LAUNCHER C#\launcher\L2Updater.csproj]
         D:\PROJETOS\LAUNCHER C#\launcher\Updater\HashZip\ZIPLib\InflateBlocks.cs(620,12): warning CS8625: N├úo ├® poss├¡vel converter um literal nulo em um tipo de refer├¬ncia n├úo anul├ível. [D:\PROJETOS\LAUNCHER C#\launcher\L2Updater.csproj]
         D:\PROJETOS\LAUNCHER C#\launcher\Updater\HashZip\ZIPLib\Zip\ZipFile.cs(559,30): warning CS8600: Convers├úo de literal nula ou poss├¡vel valor nulo em tipo n├úo anul├ível. [D:\PROJETOS\LAUNCHER C#\launcher\L2Updater.csproj]
         D:\PROJETOS\LAUNCHER C#\launcher\Updater\HashZip\ZIPLib\Zip\ZipFile.cs(560,41): warning CS8604: Poss├¡vel argumento de refer├¬ncia nula para o par├ómetro 'path1' em 'string Path.Combine(string path1, string path2)'. [D:\PROJETOS\LAUNCHER C#\launcher\L2Updater.csproj]
         D:\PROJETOS\LAUNCHER C#\launcher\Updater\HashZip\ZIPLib\Zip\ZipFile.cs(564,12): warning CS8603: Poss├¡vel retorno de refer├¬ncia nula. [D:\PROJETOS\LAUNCHER C#\launcher\L2Updater.csproj]
         D:\PROJETOS\LAUNCHER C#\launcher\Updater\HashZip\ZIPLib\Zip\ZipFile.cs(572,20): warning CS8625: N├úo ├® poss├¡vel converter um literal nulo em um tipo de refer├¬ncia n├úo anul├ível. [D:\PROJETOS\LAUNCHER C#\launcher\L2Updater.csproj]
         D:\PROJETOS\LAUNCHER C#\launcher\Updater\HashZip\ZIPLib\Zip\SharedUtilities.cs(285,11): warning CS0219: A vari├ível "text" ├® atribu├¡da, mas seu valor nunca ├® usado [D:\PROJETOS\LAUNCHER C#\launcher\L2Updater.csproj]
         D:\PROJETOS\LAUNCHER C#\launcher\Updater\HashZip\ZIPLib\Zip\ZipFile.cs(612,40): warning CS8625: N├úo ├® poss├¡vel converter um literal nulo em um tipo de refer├¬ncia n├úo anul├ível. [D:\PROJETOS\LAUNCHER C#\launcher\L2Updater.csproj]
         D:\PROJETOS\LAUNCHER C#\launcher\Updater\HashZip\ZIPLib\Zip\SharedUtilities.cs(317,6): warning SYSLIB0003: "SecurityPermission" ├® obsoleto: "Code Access Security is not supported or honored by the runtime." (https://aka.ms/dotnet-warnings/SYSLIB0003) [D:\PROJETOS\LAUNCHER C#\launcher\L2Updater.csproj]
         D:\PROJETOS\LAUNCHER C#\launcher\Updater\HashZip\ZIPLib\Zip\SharedUtilities.cs(317,50): warning SYSLIB0003: "SecurityPermission" ├® obsoleto: "Code Access Security is not supported or honored by the runtime." (https://aka.ms/dotnet-warnings/SYSLIB0003) [D:\PROJETOS\LAUNCHER C#\launcher\L2Updater.csproj]
         D:\PROJETOS\LAUNCHER C#\launcher\Updater\HashZip\ZIPLib\Zip\SharedUtilities.cs(317,69): warning SYSLIB0003: "SecurityPermissionFlag" ├® obsoleto: "Code Access Security is not supported or honored by the runtime." (https://aka.ms/dotnet-warnings/SYSLIB0003) [D:\PROJETOS\LAUNCHER C#\launcher\L2Updater.csproj]
         D:\PROJETOS\LAUNCHER C#\launcher\Updater\HashZip\ZIPLib\Zip\ZipFile.cs(630,29): warning CS8625: N├úo ├® poss├¡vel converter um literal nulo em um tipo de refer├¬ncia n├úo anul├ível. [D:\PROJETOS\LAUNCHER C#\launcher\L2Updater.csproj]
         D:\PROJETOS\LAUNCHER C#\launcher\Updater\HashZip\ZIPLib\DeflateManager.cs(1112,21): warning CS8625: N├úo ├® poss├¡vel converter um literal nulo em um tipo de refer├¬ncia n├úo anul├ível. [D:\PROJETOS\LAUNCHER C#\launcher\L2Updater.csproj]
         D:\PROJETOS\LAUNCHER C#\launcher\Updater\HashZip\ZIPLib\Zip\ZipFile.cs(677,24): warning CS8625: N├úo ├® poss├¡vel converter um literal nulo em um tipo de refer├¬ncia n├úo anul├ível. [D:\PROJETOS\LAUNCHER C#\launcher\L2Updater.csproj]
         D:\PROJETOS\LAUNCHER C#\launcher\Updater\HashZip\ZIPLib\Zip\ZipFile.cs(682,27): warning CS8625: N├úo ├® poss├¡vel converter um literal nulo em um tipo de refer├¬ncia n├úo anul├ível. [D:\PROJETOS\LAUNCHER C#\launcher\L2Updater.csproj]
         D:\PROJETOS\LAUNCHER C#\launcher\Updater\HashZip\ZIPLib\DeflateManager.cs(1146,21): warning CS8625: N├úo ├® poss├¡vel converter um literal nulo em um tipo de refer├¬ncia n├úo anul├ível. [D:\PROJETOS\LAUNCHER C#\launcher\L2Updater.csproj]
         D:\PROJETOS\LAUNCHER C#\launcher\Updater\HashZip\ZIPLib\DeflateManager.cs(1151,40): warning CS8625: N├úo ├® poss├¡vel converter um literal nulo em um tipo de refer├¬ncia n├úo anul├ível. [D:\PROJETOS\LAUNCHER C#\launcher\L2Updater.csproj]
         D:\PROJETOS\LAUNCHER C#\launcher\Updater\HashZip\ZIPLib\DeflateManager.cs(1163,14): warning CS8625: N├úo ├® poss├¡vel converter um literal nulo em um tipo de refer├¬ncia n├úo anul├ível. [D:\PROJETOS\LAUNCHER C#\launcher\L2Updater.csproj]
         D:\PROJETOS\LAUNCHER C#\launcher\Updater\HashZip\ZIPLib\DeflateManager.cs(1164,11): warning CS8625: N├úo ├® poss├¡vel converter um literal nulo em um tipo de refer├¬ncia n├úo anul├ível. [D:\PROJETOS\LAUNCHER C#\launcher\L2Updater.csproj]
         D:\PROJETOS\LAUNCHER C#\launcher\Updater\HashZip\ZIPLib\DeflateManager.cs(1165,11): warning CS8625: N├úo ├® poss├¡vel converter um literal nulo em um tipo de refer├¬ncia n├úo anul├ível. [D:\PROJETOS\LAUNCHER C#\launcher\L2Updater.csproj]
         D:\PROJETOS\LAUNCHER C#\launcher\Updater\HashZip\ZIPLib\DeflateManager.cs(1166,13): warning CS8625: N├úo ├® poss├¡vel converter um literal nulo em um tipo de refer├¬ncia n├úo anul├ível. [D:\PROJETOS\LAUNCHER C#\launcher\L2Updater.csproj]
         D:\PROJETOS\LAUNCHER C#\launcher\Updater\HashZip\ZIPLib\Zip\ZipEntry.cs(519,12): warning CS8603: Poss├¡vel retorno de refer├¬ncia nula. [D:\PROJETOS\LAUNCHER C#\launcher\L2Updater.csproj]
         D:\PROJETOS\LAUNCHER C#\launcher\Updater\HashZip\ZIPLib\Zip\ZipFile.cs(699,107): warning CS8604: Poss├¡vel argumento de refer├¬ncia nula para o par├ómetro 'path2' em 'string Path.Combine(string path1, string path2)'. [D:\PROJETOS\LAUNCHER C#\launcher\L2Updater.csproj]
         D:\PROJETOS\LAUNCHER C#\launcher\Updater\HashZip\ZIPLib\Zip\ZipFile.cs(704,25): warning CS8625: N├úo ├® poss├¡vel converter um literal nulo em um tipo de refer├¬ncia n├úo anul├ível. [D:\PROJETOS\LAUNCHER C#\launcher\L2Updater.csproj]
         D:\PROJETOS\LAUNCHER C#\launcher\Updater\HashZip\ZIPLib\Zip\ZipFile.cs(730,32): warning CS8625: N├úo ├® poss├¡vel converter um literal nulo em um tipo de refer├¬ncia n├úo anul├ível. [D:\PROJETOS\LAUNCHER C#\launcher\L2Updater.csproj]
         D:\PROJETOS\LAUNCHER C#\launcher\Updater\HashZip\ZIPLib\Zip\FileSelector.cs(61,12): warning CS8603: Poss├¡vel retorno de refer├¬ncia nula. [D:\PROJETOS\LAUNCHER C#\launcher\L2Updater.csproj]
         D:\PROJETOS\LAUNCHER C#\launcher\Updater\HashZip\ZIPLib\Zip\FileSelector.cs(84,44): warning CS8600: Convers├úo de literal nula ou poss├¡vel valor nulo em tipo n├úo anul├ível. [D:\PROJETOS\LAUNCHER C#\launcher\L2Updater.csproj]
         D:\PROJETOS\LAUNCHER C#\launcher\Updater\HashZip\ZIPLib\Zip\FileSelector.cs(109,14): warning CS8601: Poss├¡vel atribui├º├úo de refer├¬ncia nula. [D:\PROJETOS\LAUNCHER C#\launcher\L2Updater.csproj]
         D:\PROJETOS\LAUNCHER C#\launcher\Updater\HashZip\ZIPLib\Zip\FileSelector.cs(110,15): warning CS8625: N├úo ├® poss├¡vel converter um literal nulo em um tipo de refer├¬ncia n├úo anul├ível. [D:\PROJETOS\LAUNCHER C#\launcher\L2Updater.csproj]
         D:\PROJETOS\LAUNCHER C#\launcher\Updater\HashZip\ZIPLib\Zip\FileSelector.cs(257,46): warning CS8600: Convers├úo de literal nula ou poss├¡vel valor nulo em tipo n├úo anul├ível. [D:\PROJETOS\LAUNCHER C#\launcher\L2Updater.csproj]
         D:\PROJETOS\LAUNCHER C#\launcher\Updater\HashZip\ZIPLib\Zip\FileSelector.cs(258,8): warning CS8602: Desrefer├¬ncia de uma refer├¬ncia possivelmente nula. [D:\PROJETOS\LAUNCHER C#\launcher\L2Updater.csproj]
         D:\PROJETOS\LAUNCHER C#\launcher\Updater\HashZip\ZIPLib\Zip\FileSelector.cs(258,34): warning CS8601: Poss├¡vel atribui├º├úo de refer├¬ncia nula. [D:\PROJETOS\LAUNCHER C#\launcher\L2Updater.csproj]
         D:\PROJETOS\LAUNCHER C#\launcher\Updater\HashZip\ZIPLib\Zip\FileSelector.cs(278,11): warning CS8603: Poss├¡vel retorno de refer├¬ncia nula. [D:\PROJETOS\LAUNCHER C#\launcher\L2Updater.csproj]
         D:\PROJETOS\LAUNCHER C#\launcher\Updater\HashZip\ZIPLib\Zip\ZipFile.cs(745,42): warning CS8625: N├úo ├® poss├¡vel converter um literal nulo em um tipo de refer├¬ncia n├úo anul├ível. [D:\PROJETOS\LAUNCHER C#\launcher\L2Updater.csproj]
         D:\PROJETOS\LAUNCHER C#\launcher\Updater\HashZip\ZIPLib\Zip\ZipFile.cs(755,25): warning CS8625: N├úo ├® poss├¡vel converter um literal nulo em um tipo de refer├¬ncia n├úo anul├ível. [D:\PROJETOS\LAUNCHER C#\launcher\L2Updater.csproj]
         D:\PROJETOS\LAUNCHER C#\launcher\Updater\HashZip\ZIPLib\Zip\FileSelector.cs(357,15): warning CS8600: Convers├úo de literal nula ou poss├¡vel valor nulo em tipo n├úo anul├ível. [D:\PROJETOS\LAUNCHER C#\launcher\L2Updater.csproj]
         D:\PROJETOS\LAUNCHER C#\launcher\Updater\HashZip\ZIPLib\DeflateManager.cs(1266,41): warning CS8625: N├úo ├® poss├¡vel converter um literal nulo em um tipo de refer├¬ncia n├úo anul├ível. [D:\PROJETOS\LAUNCHER C#\launcher\L2Updater.csproj]
         D:\PROJETOS\LAUNCHER C#\launcher\Updater\HashZip\ZIPLib\Zip\ZipFile.cs(896,39): warning CS8625: N├úo ├® poss├¡vel converter um literal nulo em um tipo de refer├¬ncia n├úo anul├ível. [D:\PROJETOS\LAUNCHER C#\launcher\L2Updater.csproj]
         D:\PROJETOS\LAUNCHER C#\launcher\Updater\HashZip\ZIPLib\Zip\ZipEntry.cs(584,12): warning CS8603: Poss├¡vel retorno de refer├¬ncia nula. [D:\PROJETOS\LAUNCHER C#\launcher\L2Updater.csproj]
         D:\PROJETOS\LAUNCHER C#\launcher\Updater\HashZip\ZIPLib\Zip\ZipEntry.cs(591,12): warning CS8603: Poss├¡vel retorno de refer├¬ncia nula. [D:\PROJETOS\LAUNCHER C#\launcher\L2Updater.csproj]
         D:\PROJETOS\LAUNCHER C#\launcher\Updater\HashZip\ZIPLib\Zip\ZipEntry.cs(704,18): warning CS8600: Convers├úo de literal nula ou poss├¡vel valor nulo em tipo n├úo anul├ível. [D:\PROJETOS\LAUNCHER C#\launcher\L2Updater.csproj]
         D:\PROJETOS\LAUNCHER C#\launcher\Updater\HashZip\ZIPLib\Zip\ZipEntry.cs(717,60): warning CS8625: N├úo ├® poss├¡vel converter um literal nulo em um tipo de refer├¬ncia n├úo anul├ível. [D:\PROJETOS\LAUNCHER C#\launcher\L2Updater.csproj]
         D:\PROJETOS\LAUNCHER C#\launcher\Updater\HashZip\ZIPLib\Zip\ZipFile.cs(937,24): warning CS8600: Convers├úo de literal nula ou poss├¡vel valor nulo em tipo n├úo anul├ível. [D:\PROJETOS\LAUNCHER C#\launcher\L2Updater.csproj]
         D:\PROJETOS\LAUNCHER C#\launcher\Updater\HashZip\ZIPLib\Zip\ZipFile.cs(985,11): warning CS8603: Poss├¡vel retorno de refer├¬ncia nula. [D:\PROJETOS\LAUNCHER C#\launcher\L2Updater.csproj]
         D:\PROJETOS\LAUNCHER C#\launcher\Updater\HashZip\ZIPLib\Zip\ZipEntry.cs(790,25): warning CS8625: N├úo ├® poss├¡vel converter um literal nulo em um tipo de refer├¬ncia n├úo anul├ível. [D:\PROJETOS\LAUNCHER C#\launcher\L2Updater.csproj]
         D:\PROJETOS\LAUNCHER C#\launcher\Updater\HashZip\ZIPLib\Zip\ZipEntry.cs(790,31): warning CS8625: N├úo ├® poss├¡vel converter um literal nulo em um tipo de refer├¬ncia n├úo anul├ível. [D:\PROJETOS\LAUNCHER C#\launcher\L2Updater.csproj]
         D:\PROJETOS\LAUNCHER C#\launcher\Updater\HashZip\ZIPLib\Zip\ZipEntry.cs(797,25): warning CS8625: N├úo ├® poss├¡vel converter um literal nulo em um tipo de refer├¬ncia n├úo anul├ível. [D:\PROJETOS\LAUNCHER C#\launcher\L2Updater.csproj]
         D:\PROJETOS\LAUNCHER C#\launcher\Updater\HashZip\ZIPLib\Zip\ZipEntry.cs(797,31): warning CS8625: N├úo ├® poss├¡vel converter um literal nulo em um tipo de refer├¬ncia n├úo anul├ível. [D:\PROJETOS\LAUNCHER C#\launcher\L2Updater.csproj]
         D:\PROJETOS\LAUNCHER C#\launcher\Updater\HashZip\ZIPLib\Zip\ZipEntry.cs(803,25): warning CS8625: N├úo ├® poss├¡vel converter um literal nulo em um tipo de refer├¬ncia n├úo anul├ível. [D:\PROJETOS\LAUNCHER C#\launcher\L2Updater.csproj]
         D:\PROJETOS\LAUNCHER C#\launcher\Updater\HashZip\ZIPLib\Zip\ZipEntry.cs(803,31): warning CS8625: N├úo ├® poss├¡vel converter um literal nulo em um tipo de refer├¬ncia n├úo anul├ível. [D:\PROJETOS\LAUNCHER C#\launcher\L2Updater.csproj]
         D:\PROJETOS\LAUNCHER C#\launcher\Updater\HashZip\ZIPLib\Zip\ZipEntry.cs(808,20): warning CS8625: N├úo ├® poss├¡vel converter um literal nulo em um tipo de refer├¬ncia n├úo anul├ível. [D:\PROJETOS\LAUNCHER C#\launcher\L2Updater.csproj]
         D:\PROJETOS\LAUNCHER C#\launcher\Updater\HashZip\ZIPLib\Zip\ZipEntry.cs(808,34): warning CS8625: N├úo ├® poss├¡vel converter um literal nulo em um tipo de refer├¬ncia n├úo anul├ível. [D:\PROJETOS\LAUNCHER C#\launcher\L2Updater.csproj]
         D:\PROJETOS\LAUNCHER C#\launcher\Updater\HashZip\ZIPLib\Zip\ZipEntry.cs(813,35): warning CS8625: N├úo ├® poss├¡vel converter um literal nulo em um tipo de refer├¬ncia n├úo anul├ível. [D:\PROJETOS\LAUNCHER C#\launcher\L2Updater.csproj]
         D:\PROJETOS\LAUNCHER C#\launcher\Updater\HashZip\ZIPLib\Zip\ZipEntry.cs(813,41): warning CS8625: N├úo ├® poss├¡vel converter um literal nulo em um tipo de refer├¬ncia n├úo anul├ível. [D:\PROJETOS\LAUNCHER C#\launcher\L2Updater.csproj]
         D:\PROJETOS\LAUNCHER C#\launcher\Updater\HashZip\ZIPLib\Zip\ZipEntry.cs(820,35): warning CS8625: N├úo ├® poss├¡vel converter um literal nulo em um tipo de refer├¬ncia n├úo anul├ível. [D:\PROJETOS\LAUNCHER C#\launcher\L2Updater.csproj]
         D:\PROJETOS\LAUNCHER C#\launcher\Updater\HashZip\ZIPLib\Zip\ZipEntry.cs(820,41): warning CS8625: N├úo ├® poss├¡vel converter um literal nulo em um tipo de refer├¬ncia n├úo anul├ível. [D:\PROJETOS\LAUNCHER C#\launcher\L2Updater.csproj]
         D:\PROJETOS\LAUNCHER C#\launcher\Updater\HashZip\ZIPLib\Zip\ZipEntry.cs(826,35): warning CS8625: N├úo ├® poss├¡vel converter um literal nulo em um tipo de refer├¬ncia n├úo anul├ível. [D:\PROJETOS\LAUNCHER C#\launcher\L2Updater.csproj]
         D:\PROJETOS\LAUNCHER C#\launcher\Updater\HashZip\ZIPLib\Zip\ZipEntry.cs(826,41): warning CS8625: N├úo ├® poss├¡vel converter um literal nulo em um tipo de refer├¬ncia n├úo anul├ível. [D:\PROJETOS\LAUNCHER C#\launcher\L2Updater.csproj]
         D:\PROJETOS\LAUNCHER C#\launcher\Updater\HashZip\ZIPLib\Zip\ZipEntry.cs(831,25): warning CS8625: N├úo ├® poss├¡vel converter um literal nulo em um tipo de refer├¬ncia n├úo anul├ível. [D:\PROJETOS\LAUNCHER C#\launcher\L2Updater.csproj]
         D:\PROJETOS\LAUNCHER C#\launcher\Updater\HashZip\ZIPLib\Zip\ZipEntry.cs(836,35): warning CS8625: N├úo ├® poss├¡vel converter um literal nulo em um tipo de refer├¬ncia n├úo anul├ível. [D:\PROJETOS\LAUNCHER C#\launcher\L2Updater.csproj]
         D:\PROJETOS\LAUNCHER C#\launcher\Updater\HashZip\ZIPLib\Zip\ZipEntry.cs(843,25): warning CS8625: N├úo ├® poss├¡vel converter um literal nulo em um tipo de refer├¬ncia n├úo anul├ível. [D:\PROJETOS\LAUNCHER C#\launcher\L2Updater.csproj]
         D:\PROJETOS\LAUNCHER C#\launcher\Updater\HashZip\ZIPLib\Zip\ZipEntry.cs(849,25): warning CS8625: N├úo ├® poss├¡vel converter um literal nulo em um tipo de refer├¬ncia n├úo anul├ível. [D:\PROJETOS\LAUNCHER C#\launcher\L2Updater.csproj]
         D:\PROJETOS\LAUNCHER C#\launcher\Updater\HashZip\ZIPLib\Zip\ZipEntry.cs(856,35): warning CS8625: N├úo ├® poss├¡vel converter um literal nulo em um tipo de refer├¬ncia n├úo anul├ível. [D:\PROJETOS\LAUNCHER C#\launcher\L2Updater.csproj]
         D:\PROJETOS\LAUNCHER C#\launcher\Updater\HashZip\ZIPLib\Zip\ZipEntry.cs(862,35): warning CS8625: N├úo ├® poss├¡vel converter um literal nulo em um tipo de refer├¬ncia n├úo anul├ível. [D:\PROJETOS\LAUNCHER C#\launcher\L2Updater.csproj]
         D:\PROJETOS\LAUNCHER C#\launcher\Updater\HashZip\ZIPLib\Zip\ZipEntry.cs(867,20): warning CS8625: N├úo ├® poss├¡vel converter um literal nulo em um tipo de refer├¬ncia n├úo anul├ível. [D:\PROJETOS\LAUNCHER C#\launcher\L2Updater.csproj]
         D:\PROJETOS\LAUNCHER C#\launcher\Updater\HashZip\ZIPLib\Zip\ZipFile.cs(997,22): warning CS8600: Convers├úo de literal nula ou poss├¡vel valor nulo em tipo n├úo anul├ível. [D:\PROJETOS\LAUNCHER C#\launcher\L2Updater.csproj]
         D:\PROJETOS\LAUNCHER C#\launcher\Updater\HashZip\ZIPLib\Zip\ZipFile.cs(998,23): warning CS8600: Convers├úo de literal nula ou poss├¡vel valor nulo em tipo n├úo anul├ível. [D:\PROJETOS\LAUNCHER C#\launcher\L2Updater.csproj]
         D:\PROJETOS\LAUNCHER C#\launcher\Updater\HashZip\ZIPLib\Zip\ZipFile.cs(1042,16): warning CS8600: Convers├úo de literal nula ou poss├¡vel valor nulo em tipo n├úo anul├ível. [D:\PROJETOS\LAUNCHER C#\launcher\L2Updater.csproj]
         D:\PROJETOS\LAUNCHER C#\launcher\Updater\HashZip\ZIPLib\Zip\ZipFile.cs(1106,29): warning CS8625: N├úo ├® poss├¡vel converter um literal nulo em um tipo de refer├¬ncia n├úo anul├ível. [D:\PROJETOS\LAUNCHER C#\launcher\L2Updater.csproj]
         D:\PROJETOS\LAUNCHER C#\launcher\Updater\HashZip\ZIPLib\Zip\ZipFile.cs(1102,10): warning CS8618: O campo n├úo anul├ível '_StatusMessageTextWriter' precisa conter um valor n├úo nulo ao sair do construtor. Considere adicionar o modificador "obrigat├│rio" ou declarar o campo como anul├ível. [D:\PROJETOS\LAUNCHER C#\launcher\L2Updater.csproj]
         D:\PROJETOS\LAUNCHER C#\launcher\Updater\HashZip\ZIPLib\Zip\ZipFile.cs(1102,10): warning CS8618: O campo n├úo anul├ível '_readstream' precisa conter um valor n├úo nulo ao sair do construtor. Considere adicionar o modificador "obrigat├│rio" ou declarar o campo como anul├ível. [D:\PROJETOS\LAUNCHER C#\launcher\L2Updater.csproj]
         D:\PROJETOS\LAUNCHER C#\launcher\Updater\HashZip\ZIPLib\Zip\ZipFile.cs(1102,10): warning CS8618: O campo n├úo anul├ível '_writestream' precisa conter um valor n├úo nulo ao sair do construtor. Considere adicionar o modificador "obrigat├│rio" ou declarar o campo como anul├ível. [D:\PROJETOS\LAUNCHER C#\launcher\L2Updater.csproj]
         D:\PROJETOS\LAUNCHER C#\launcher\Updater\HashZip\ZIPLib\Zip\ZipFile.cs(1102,10): warning CS8618: O campo n├úo anul├ível '_entries' precisa conter um valor n├úo nulo ao sair do construtor. Considere adicionar o modificador "obrigat├│rio" ou declarar o campo como anul├ível. [D:\PROJETOS\LAUNCHER C#\launcher\L2Updater.csproj]
         D:\PROJETOS\LAUNCHER C#\launcher\Updater\HashZip\ZIPLib\Zip\ZipFile.cs(1102,10): warning CS8618: O campo n├úo anul├ível '_name' precisa conter um valor n├úo nulo ao sair do construtor. Considere adicionar o modificador "obrigat├│rio" ou declarar o campo como anul├ível. [D:\PROJETOS\LAUNCHER C#\launcher\L2Updater.csproj]
         D:\PROJETOS\LAUNCHER C#\launcher\Updater\HashZip\ZIPLib\Zip\ZipFile.cs(1102,10): warning CS8618: O campo n├úo anul├ível '_Comment' precisa conter um valor n├úo nulo ao sair do construtor. Considere adicionar o modificador "obrigat├│rio" ou declarar o campo como anul├ível. [D:\PROJETOS\LAUNCHER C#\launcher\L2Updater.csproj]
         D:\PROJETOS\LAUNCHER C#\launcher\Updater\HashZip\ZIPLib\Zip\ZipFile.cs(1102,10): warning CS8618: O campo n├úo anul├ível '_Password' precisa conter um valor n├úo nulo ao sair do construtor. Considere adicionar o modificador "obrigat├│rio" ou declarar o campo como anul├ível. [D:\PROJETOS\LAUNCHER C#\launcher\L2Updater.csproj]
         D:\PROJETOS\LAUNCHER C#\launcher\Updater\HashZip\ZIPLib\Zip\ZipFile.cs(1102,10): warning CS8618: O campo n├úo anul├ível '_temporaryFileName' precisa conter um valor n├úo nulo ao sair do construtor. Considere adicionar o modificador "obrigat├│rio" ou declarar o campo como anul├ível. [D:\PROJETOS\LAUNCHER C#\launcher\L2Updater.csproj]
         D:\PROJETOS\LAUNCHER C#\launcher\Updater\HashZip\ZIPLib\Zip\ZipFile.cs(1102,10): warning CS8618: O campo n├úo anul├ível '_TempFileFolder' precisa conter um valor n├úo nulo ao sair do construtor. Considere adicionar o modificador "obrigat├│rio" ou declarar o campo como anul├ível. [D:\PROJETOS\LAUNCHER C#\launcher\L2Updater.csproj]
         D:\PROJETOS\LAUNCHER C#\launcher\Updater\HashZip\ZIPLib\Zip\ZipFile.cs(1102,10): warning CS8618: O propriedade n├úo anul├ível 'WillReadTwiceOnInflation' precisa conter um valor n├úo nulo ao sair do construtor. Considere adicionar o modificador "obrigat├│rio" ou declarar o propriedade como anul├ível. [D:\PROJETOS\LAUNCHER C#\launcher\L2Updater.csproj]
         D:\PROJETOS\LAUNCHER C#\launcher\Updater\HashZip\ZIPLib\Zip\ZipFile.cs(1102,10): warning CS8618: O propriedade n├úo anul├ível 'WantCompression' precisa conter um valor n├úo nulo ao sair do construtor. Considere adicionar o modificador "obrigat├│rio" ou declarar o propriedade como anul├ível. [D:\PROJETOS\LAUNCHER C#\launcher\L2Updater.csproj]
         D:\PROJETOS\LAUNCHER C#\launcher\Updater\HashZip\ZIPLib\Zip\ZipFile.cs(1102,10): warning CS8618: O evento n├úo anul├ível 'SaveProgress' precisa conter um valor n├úo nulo ao sair do construtor. Considere adicionar o modificador "obrigat├│rio" ou declarar o evento como anul├ível. [D:\PROJETOS\LAUNCHER C#\launcher\L2Updater.csproj]
         D:\PROJETOS\LAUNCHER C#\launcher\Updater\HashZip\ZIPLib\Zip\ZipFile.cs(1102,10): warning CS8618: O evento n├úo anul├ível 'ReadProgress' precisa conter um valor n├úo nulo ao sair do construtor. Considere adicionar o modificador "obrigat├│rio" ou declarar o evento como anul├ível. [D:\PROJETOS\LAUNCHER C#\launcher\L2Updater.csproj]
         D:\PROJETOS\LAUNCHER C#\launcher\Updater\HashZip\ZIPLib\Zip\ZipFile.cs(1102,10): warning CS8618: O evento n├úo anul├ível 'ExtractProgress' precisa conter um valor n├úo nulo ao sair do construtor. Considere adicionar o modificador "obrigat├│rio" ou declarar o evento como anul├ível. [D:\PROJETOS\LAUNCHER C#\launcher\L2Updater.csproj]
         D:\PROJETOS\LAUNCHER C#\launcher\Updater\HashZip\ZIPLib\Zip\ZipFile.cs(1102,10): warning CS8618: O evento n├úo anul├ível 'AddProgress' precisa conter um valor n├úo nulo ao sair do construtor. Considere adicionar o modificador "obrigat├│rio" ou declarar o evento como anul├ível. [D:\PROJETOS\LAUNCHER C#\launcher\L2Updater.csproj]
         D:\PROJETOS\LAUNCHER C#\launcher\Updater\HashZip\ZIPLib\Zip\ZipFile.cs(1102,10): warning CS8618: O evento n├úo anul├ível 'ZipError' precisa conter um valor n├úo nulo ao sair do construtor. Considere adicionar o modificador "obrigat├│rio" ou declarar o evento como anul├ível. [D:\PROJETOS\LAUNCHER C#\launcher\L2Updater.csproj]
         D:\PROJETOS\LAUNCHER C#\launcher\Updater\HashZip\ZIPLib\Zip\ZipFile.cs(1118,29): warning CS8625: N├úo ├® poss├¡vel converter um literal nulo em um tipo de refer├¬ncia n├úo anul├ível. [D:\PROJETOS\LAUNCHER C#\launcher\L2Updater.csproj]
         D:\PROJETOS\LAUNCHER C#\launcher\Updater\HashZip\ZIPLib\Zip\ZipFile.cs(1114,10): warning CS8618: O campo n├úo anul├ível '_StatusMessageTextWriter' precisa conter um valor n├úo nulo ao sair do construtor. Considere adicionar o modificador "obrigat├│rio" ou declarar o campo como anul├ível. [D:\PROJETOS\LAUNCHER C#\launcher\L2Updater.csproj]
         D:\PROJETOS\LAUNCHER C#\launcher\Updater\HashZip\ZIPLib\Zip\ZipFile.cs(1114,10): warning CS8618: O campo n├úo anul├ível '_readstream' precisa conter um valor n├úo nulo ao sair do construtor. Considere adicionar o modificador "obrigat├│rio" ou declarar o campo como anul├ível. [D:\PROJETOS\LAUNCHER C#\launcher\L2Updater.csproj]
         D:\PROJETOS\LAUNCHER C#\launcher\Updater\HashZip\ZIPLib\Zip\ZipFile.cs(1114,10): warning CS8618: O campo n├úo anul├ível '_writestream' precisa conter um valor n├úo nulo ao sair do construtor. Considere adicionar o modificador "obrigat├│rio" ou declarar o campo como anul├ível. [D:\PROJETOS\LAUNCHER C#\launcher\L2Updater.csproj]
         D:\PROJETOS\LAUNCHER C#\launcher\Updater\HashZip\ZIPLib\Zip\ZipFile.cs(1114,10): warning CS8618: O campo n├úo anul├ível '_entries' precisa conter um valor n├úo nulo ao sair do construtor. Considere adicionar o modificador "obrigat├│rio" ou declarar o campo como anul├ível. [D:\PROJETOS\LAUNCHER C#\launcher\L2Updater.csproj]
         D:\PROJETOS\LAUNCHER C#\launcher\Updater\HashZip\ZIPLib\Zip\ZipFile.cs(1114,10): warning CS8618: O campo n├úo anul├ível '_name' precisa conter um valor n├úo nulo ao sair do construtor. Considere adicionar o modificador "obrigat├│rio" ou declarar o campo como anul├ível. [D:\PROJETOS\LAUNCHER C#\launcher\L2Updater.csproj]
         D:\PROJETOS\LAUNCHER C#\launcher\Updater\HashZip\ZIPLib\Zip\ZipFile.cs(1114,10): warning CS8618: O campo n├úo anul├ível '_Comment' precisa conter um valor n├úo nulo ao sair do construtor. Considere adicionar o modificador "obrigat├│rio" ou declarar o campo como anul├ível. [D:\PROJETOS\LAUNCHER C#\launcher\L2Updater.csproj]
         D:\PROJETOS\LAUNCHER C#\launcher\Updater\HashZip\ZIPLib\Zip\ZipFile.cs(1114,10): warning CS8618: O campo n├úo anul├ível '_Password' precisa conter um valor n├úo nulo ao sair do construtor. Considere adicionar o modificador "obrigat├│rio" ou declarar o campo como anul├ível. [D:\PROJETOS\LAUNCHER C#\launcher\L2Updater.csproj]
         D:\PROJETOS\LAUNCHER C#\launcher\Updater\HashZip\ZIPLib\Zip\ZipFile.cs(1114,10): warning CS8618: O campo n├úo anul├ível '_temporaryFileName' precisa conter um valor n├úo nulo ao sair do construtor. Considere adicionar o modificador "obrigat├│rio" ou declarar o campo como anul├ível. [D:\PROJETOS\LAUNCHER C#\launcher\L2Updater.csproj]
         D:\PROJETOS\LAUNCHER C#\launcher\Updater\HashZip\ZIPLib\Zip\ZipFile.cs(1114,10): warning CS8618: O campo n├úo anul├ível '_TempFileFolder' precisa conter um valor n├úo nulo ao sair do construtor. Considere adicionar o modificador "obrigat├│rio" ou declarar o campo como anul├ível. [D:\PROJETOS\LAUNCHER C#\launcher\L2Updater.csproj]
         D:\PROJETOS\LAUNCHER C#\launcher\Updater\HashZip\ZIPLib\Zip\ZipFile.cs(1114,10): warning CS8618: O propriedade n├úo anul├ível 'WillReadTwiceOnInflation' precisa conter um valor n├úo nulo ao sair do construtor. Considere adicionar o modificador "obrigat├│rio" ou declarar o propriedade como anul├ível. [D:\PROJETOS\LAUNCHER C#\launcher\L2Updater.csproj]
         D:\PROJETOS\LAUNCHER C#\launcher\Updater\HashZip\ZIPLib\Zip\ZipFile.cs(1114,10): warning CS8618: O propriedade n├úo anul├ível 'WantCompression' precisa conter um valor n├úo nulo ao sair do construtor. Considere adicionar o modificador "obrigat├│rio" ou declarar o propriedade como anul├ível. [D:\PROJETOS\LAUNCHER C#\launcher\L2Updater.csproj]
         D:\PROJETOS\LAUNCHER C#\launcher\Updater\HashZip\ZIPLib\Zip\ZipFile.cs(1114,10): warning CS8618: O evento n├úo anul├ível 'SaveProgress' precisa conter um valor n├úo nulo ao sair do construtor. Considere adicionar o modificador "obrigat├│rio" ou declarar o evento como anul├ível. [D:\PROJETOS\LAUNCHER C#\launcher\L2Updater.csproj]
         D:\PROJETOS\LAUNCHER C#\launcher\Updater\HashZip\ZIPLib\Zip\ZipFile.cs(1114,10): warning CS8618: O evento n├úo anul├ível 'ReadProgress' precisa conter um valor n├úo nulo ao sair do construtor. Considere adicionar o modificador "obrigat├│rio" ou declarar o evento como anul├ível. [D:\PROJETOS\LAUNCHER C#\launcher\L2Updater.csproj]
         D:\PROJETOS\LAUNCHER C#\launcher\Updater\HashZip\ZIPLib\Zip\ZipFile.cs(1114,10): warning CS8618: O evento n├úo anul├ível 'ExtractProgress' precisa conter um valor n├úo nulo ao sair do construtor. Considere adicionar o modificador "obrigat├│rio" ou declarar o evento como anul├ível. [D:\PROJETOS\LAUNCHER C#\launcher\L2Updater.csproj]
         D:\PROJETOS\LAUNCHER C#\launcher\Updater\HashZip\ZIPLib\Zip\ZipFile.cs(1114,10): warning CS8618: O evento n├úo anul├ível 'AddProgress' precisa conter um valor n├úo nulo ao sair do construtor. Considere adicionar o modificador "obrigat├│rio" ou declarar o evento como anul├ível. [D:\PROJETOS\LAUNCHER C#\launcher\L2Updater.csproj]
         D:\PROJETOS\LAUNCHER C#\launcher\Updater\HashZip\ZIPLib\Zip\ZipFile.cs(1114,10): warning CS8618: O evento n├úo anul├ível 'ZipError' precisa conter um valor n├úo nulo ao sair do construtor. Considere adicionar o modificador "obrigat├│rio" ou declarar o evento como anul├ível. [D:\PROJETOS\LAUNCHER C#\launcher\L2Updater.csproj]
         D:\PROJETOS\LAUNCHER C#\launcher\Updater\HashZip\ZIPLib\Zip\ZipFile.cs(1129,18): warning CS8625: N├úo ├® poss├¡vel converter um literal nulo em um tipo de refer├¬ncia n├úo anul├ível. [D:\PROJETOS\LAUNCHER C#\launcher\L2Updater.csproj]
         D:\PROJETOS\LAUNCHER C#\launcher\Updater\HashZip\ZIPLib\Zip\ZipFile.cs(1129,24): warning CS8625: N├úo ├® poss├¡vel converter um literal nulo em um tipo de refer├¬ncia n├úo anul├ível. [D:\PROJETOS\LAUNCHER C#\launcher\L2Updater.csproj]
         D:\PROJETOS\LAUNCHER C#\launcher\Updater\HashZip\ZIPLib\Zip\ZipFile.cs(1127,10): warning CS8618: O campo n├úo anul├ível '_StatusMessageTextWriter' precisa conter um valor n├úo nulo ao sair do construtor. Considere adicionar o modificador "obrigat├│rio" ou declarar o campo como anul├ível. [D:\PROJETOS\LAUNCHER C#\launcher\L2Updater.csproj]
         D:\PROJETOS\LAUNCHER C#\launcher\Updater\HashZip\ZIPLib\Zip\ZipFile.cs(1127,10): warning CS8618: O campo n├úo anul├ível '_readstream' precisa conter um valor n├úo nulo ao sair do construtor. Considere adicionar o modificador "obrigat├│rio" ou declarar o campo como anul├ível. [D:\PROJETOS\LAUNCHER C#\launcher\L2Updater.csproj]
         D:\PROJETOS\LAUNCHER C#\launcher\Updater\HashZip\ZIPLib\Zip\ZipFile.cs(1127,10): warning CS8618: O campo n├úo anul├ível '_writestream' precisa conter um valor n├úo nulo ao sair do construtor. Considere adicionar o modificador "obrigat├│rio" ou declarar o campo como anul├ível. [D:\PROJETOS\LAUNCHER C#\launcher\L2Updater.csproj]
         D:\PROJETOS\LAUNCHER C#\launcher\Updater\HashZip\ZIPLib\Zip\ZipFile.cs(1127,10): warning CS8618: O campo n├úo anul├ível '_entries' precisa conter um valor n├úo nulo ao sair do construtor. Considere adicionar o modificador "obrigat├│rio" ou declarar o campo como anul├ível. [D:\PROJETOS\LAUNCHER C#\launcher\L2Updater.csproj]
         D:\PROJETOS\LAUNCHER C#\launcher\Updater\HashZip\ZIPLib\Zip\ZipFile.cs(1127,10): warning CS8618: O campo n├úo anul├ível '_name' precisa conter um valor n├úo nulo ao sair do construtor. Considere adicionar o modificador "obrigat├│rio" ou declarar o campo como anul├ível. [D:\PROJETOS\LAUNCHER C#\launcher\L2Updater.csproj]
         D:\PROJETOS\LAUNCHER C#\launcher\Updater\HashZip\ZIPLib\Zip\ZipFile.cs(1127,10): warning CS8618: O campo n├úo anul├ível '_Comment' precisa conter um valor n├úo nulo ao sair do construtor. Considere adicionar o modificador "obrigat├│rio" ou declarar o campo como anul├ível. [D:\PROJETOS\LAUNCHER C#\launcher\L2Updater.csproj]
         D:\PROJETOS\LAUNCHER C#\launcher\Updater\HashZip\ZIPLib\Zip\ZipFile.cs(1127,10): warning CS8618: O campo n├úo anul├ível '_Password' precisa conter um valor n├úo nulo ao sair do construtor. Considere adicionar o modificador "obrigat├│rio" ou declarar o campo como anul├ível. [D:\PROJETOS\LAUNCHER C#\launcher\L2Updater.csproj]
         D:\PROJETOS\LAUNCHER C#\launcher\Updater\HashZip\ZIPLib\Zip\ZipFile.cs(1127,10): warning CS8618: O campo n├úo anul├ível '_temporaryFileName' precisa conter um valor n├úo nulo ao sair do construtor. Considere adicionar o modificador "obrigat├│rio" ou declarar o campo como anul├ível. [D:\PROJETOS\LAUNCHER C#\launcher\L2Updater.csproj]
         D:\PROJETOS\LAUNCHER C#\launcher\Updater\HashZip\ZIPLib\Zip\ZipFile.cs(1127,10): warning CS8618: O campo n├úo anul├ível '_TempFileFolder' precisa conter um valor n├úo nulo ao sair do construtor. Considere adicionar o modificador "obrigat├│rio" ou declarar o campo como anul├ível. [D:\PROJETOS\LAUNCHER C#\launcher\L2Updater.csproj]
         D:\PROJETOS\LAUNCHER C#\launcher\Updater\HashZip\ZIPLib\Zip\ZipFile.cs(1127,10): warning CS8618: O propriedade n├úo anul├ível 'WillReadTwiceOnInflation' precisa conter um valor n├úo nulo ao sair do construtor. Considere adicionar o modificador "obrigat├│rio" ou declarar o propriedade como anul├ível. [D:\PROJETOS\LAUNCHER C#\launcher\L2Updater.csproj]
         D:\PROJETOS\LAUNCHER C#\launcher\Updater\HashZip\ZIPLib\Zip\ZipFile.cs(1127,10): warning CS8618: O propriedade n├úo anul├ível 'WantCompression' precisa conter um valor n├úo nulo ao sair do construtor. Considere adicionar o modificador "obrigat├│rio" ou declarar o propriedade como anul├ível. [D:\PROJETOS\LAUNCHER C#\launcher\L2Updater.csproj]
         D:\PROJETOS\LAUNCHER C#\launcher\Updater\HashZip\ZIPLib\Zip\ZipFile.cs(1127,10): warning CS8618: O evento n├úo anul├ível 'SaveProgress' precisa conter um valor n├úo nulo ao sair do construtor. Considere adicionar o modificador "obrigat├│rio" ou declarar o evento como anul├ível. [D:\PROJETOS\LAUNCHER C#\launcher\L2Updater.csproj]
         D:\PROJETOS\LAUNCHER C#\launcher\Updater\HashZip\ZIPLib\Zip\ZipFile.cs(1127,10): warning CS8618: O evento n├úo anul├ível 'ReadProgress' precisa conter um valor n├úo nulo ao sair do construtor. Considere adicionar o modificador "obrigat├│rio" ou declarar o evento como anul├ível. [D:\PROJETOS\LAUNCHER C#\launcher\L2Updater.csproj]
         D:\PROJETOS\LAUNCHER C#\launcher\Updater\HashZip\ZIPLib\Zip\ZipFile.cs(1127,10): warning CS8618: O evento n├úo anul├ível 'ExtractProgress' precisa conter um valor n├úo nulo ao sair do construtor. Considere adicionar o modificador "obrigat├│rio" ou declarar o evento como anul├ível. [D:\PROJETOS\LAUNCHER C#\launcher\L2Updater.csproj]
         D:\PROJETOS\LAUNCHER C#\launcher\Updater\HashZip\ZIPLib\Zip\ZipFile.cs(1127,10): warning CS8618: O evento n├úo anul├ível 'AddProgress' precisa conter um valor n├úo nulo ao sair do construtor. Considere adicionar o modificador "obrigat├│rio" ou declarar o evento como anul├ível. [D:\PROJETOS\LAUNCHER C#\launcher\L2Updater.csproj]
         D:\PROJETOS\LAUNCHER C#\launcher\Updater\HashZip\ZIPLib\Zip\ZipFile.cs(1127,10): warning CS8618: O evento n├úo anul├ível 'ZipError' precisa conter um valor n├úo nulo ao sair do construtor. Considere adicionar o modificador "obrigat├│rio" ou declarar o evento como anul├ível. [D:\PROJETOS\LAUNCHER C#\launcher\L2Updater.csproj]
         D:\PROJETOS\LAUNCHER C#\launcher\Updater\HashZip\ZIPLib\Zip\ZipFile.cs(1134,18): warning CS8625: N├úo ├® poss├¡vel converter um literal nulo em um tipo de refer├¬ncia n├úo anul├ível. [D:\PROJETOS\LAUNCHER C#\launcher\L2Updater.csproj]
         D:\PROJETOS\LAUNCHER C#\launcher\Updater\HashZip\ZIPLib\Zip\ZipFile.cs(1134,24): warning CS8625: N├úo ├® poss├¡vel converter um literal nulo em um tipo de refer├¬ncia n├úo anul├ível. [D:\PROJETOS\LAUNCHER C#\launcher\L2Updater.csproj]
         D:\PROJETOS\LAUNCHER C#\launcher\Updater\HashZip\ZIPLib\Zip\ZipFile.cs(1132,10): warning CS8618: O campo n├úo anul├ível '_StatusMessageTextWriter' precisa conter um valor n├úo nulo ao sair do construtor. Considere adicionar o modificador "obrigat├│rio" ou declarar o campo como anul├ível. [D:\PROJETOS\LAUNCHER C#\launcher\L2Updater.csproj]
         D:\PROJETOS\LAUNCHER C#\launcher\Updater\HashZip\ZIPLib\Zip\ZipFile.cs(1132,10): warning CS8618: O campo n├úo anul├ível '_readstream' precisa conter um valor n├úo nulo ao sair do construtor. Considere adicionar o modificador "obrigat├│rio" ou declarar o campo como anul├ível. [D:\PROJETOS\LAUNCHER C#\launcher\L2Updater.csproj]
         D:\PROJETOS\LAUNCHER C#\launcher\Updater\HashZip\ZIPLib\Zip\ZipFile.cs(1132,10): warning CS8618: O campo n├úo anul├ível '_writestream' precisa conter um valor n├úo nulo ao sair do construtor. Considere adicionar o modificador "obrigat├│rio" ou declarar o campo como anul├ível. [D:\PROJETOS\LAUNCHER C#\launcher\L2Updater.csproj]
         D:\PROJETOS\LAUNCHER C#\launcher\Updater\HashZip\ZIPLib\Zip\ZipFile.cs(1132,10): warning CS8618: O campo n├úo anul├ível '_entries' precisa conter um valor n├úo nulo ao sair do construtor. Considere adicionar o modificador "obrigat├│rio" ou declarar o campo como anul├ível. [D:\PROJETOS\LAUNCHER C#\launcher\L2Updater.csproj]
         D:\PROJETOS\LAUNCHER C#\launcher\Updater\HashZip\ZIPLib\Zip\ZipFile.cs(1132,10): warning CS8618: O campo n├úo anul├ível '_name' precisa conter um valor n├úo nulo ao sair do construtor. Considere adicionar o modificador "obrigat├│rio" ou declarar o campo como anul├ível. [D:\PROJETOS\LAUNCHER C#\launcher\L2Updater.csproj]
         D:\PROJETOS\LAUNCHER C#\launcher\Updater\HashZip\ZIPLib\Zip\ZipFile.cs(1132,10): warning CS8618: O campo n├úo anul├ível '_Comment' precisa conter um valor n├úo nulo ao sair do construtor. Considere adicionar o modificador "obrigat├│rio" ou declarar o campo como anul├ível. [D:\PROJETOS\LAUNCHER C#\launcher\L2Updater.csproj]
         D:\PROJETOS\LAUNCHER C#\launcher\Updater\HashZip\ZIPLib\Zip\ZipFile.cs(1132,10): warning CS8618: O campo n├úo anul├ível '_Password' precisa conter um valor n├úo nulo ao sair do construtor. Considere adicionar o modificador "obrigat├│rio" ou declarar o campo como anul├ível. [D:\PROJETOS\LAUNCHER C#\launcher\L2Updater.csproj]
         D:\PROJETOS\LAUNCHER C#\launcher\Updater\HashZip\ZIPLib\Zip\ZipFile.cs(1132,10): warning CS8618: O campo n├úo anul├ível '_temporaryFileName' precisa conter um valor n├úo nulo ao sair do construtor. Considere adicionar o modificador "obrigat├│rio" ou declarar o campo como anul├ível. [D:\PROJETOS\LAUNCHER C#\launcher\L2Updater.csproj]
         D:\PROJETOS\LAUNCHER C#\launcher\Updater\HashZip\ZIPLib\Zip\ZipFile.cs(1132,10): warning CS8618: O campo n├úo anul├ível '_TempFileFolder' precisa conter um valor n├úo nulo ao sair do construtor. Considere adicionar o modificador "obrigat├│rio" ou declarar o campo como anul├ível. [D:\PROJETOS\LAUNCHER C#\launcher\L2Updater.csproj]
         D:\PROJETOS\LAUNCHER C#\launcher\Updater\HashZip\ZIPLib\Zip\ZipFile.cs(1132,10): warning CS8618: O propriedade n├úo anul├ível 'WillReadTwiceOnInflation' precisa conter um valor n├úo nulo ao sair do construtor. Considere adicionar o modificador "obrigat├│rio" ou declarar o propriedade como anul├ível. [D:\PROJETOS\LAUNCHER C#\launcher\L2Updater.csproj]
         D:\PROJETOS\LAUNCHER C#\launcher\Updater\HashZip\ZIPLib\Zip\ZipFile.cs(1132,10): warning CS8618: O propriedade n├úo anul├ível 'WantCompression' precisa conter um valor n├úo nulo ao sair do construtor. Considere adicionar o modificador "obrigat├│rio" ou declarar o propriedade como anul├ível. [D:\PROJETOS\LAUNCHER C#\launcher\L2Updater.csproj]
         D:\PROJETOS\LAUNCHER C#\launcher\Updater\HashZip\ZIPLib\Zip\ZipFile.cs(1132,10): warning CS8618: O evento n├úo anul├ível 'SaveProgress' precisa conter um valor n├úo nulo ao sair do construtor. Considere adicionar o modificador "obrigat├│rio" ou declarar o evento como anul├ível. [D:\PROJETOS\LAUNCHER C#\launcher\L2Updater.csproj]
         D:\PROJETOS\LAUNCHER C#\launcher\Updater\HashZip\ZIPLib\Zip\ZipFile.cs(1132,10): warning CS8618: O evento n├úo anul├ível 'ReadProgress' precisa conter um valor n├úo nulo ao sair do construtor. Considere adicionar o modificador "obrigat├│rio" ou declarar o evento como anul├ível. [D:\PROJETOS\LAUNCHER C#\launcher\L2Updater.csproj]
         D:\PROJETOS\LAUNCHER C#\launcher\Updater\HashZip\ZIPLib\Zip\ZipFile.cs(1132,10): warning CS8618: O evento n├úo anul├ível 'ExtractProgress' precisa conter um valor n├úo nulo ao sair do construtor. Considere adicionar o modificador "obrigat├│rio" ou declarar o evento como anul├ível. [D:\PROJETOS\LAUNCHER C#\launcher\L2Updater.csproj]
         D:\PROJETOS\LAUNCHER C#\launcher\Updater\HashZip\ZIPLib\Zip\ZipFile.cs(1132,10): warning CS8618: O evento n├úo anul├ível 'AddProgress' precisa conter um valor n├úo nulo ao sair do construtor. Considere adicionar o modificador "obrigat├│rio" ou declarar o evento como anul├ível. [D:\PROJETOS\LAUNCHER C#\launcher\L2Updater.csproj]
         D:\PROJETOS\LAUNCHER C#\launcher\Updater\HashZip\ZIPLib\Zip\ZipFile.cs(1132,10): warning CS8618: O evento n├úo anul├ível 'ZipError' precisa conter um valor n├úo nulo ao sair do construtor. Considere adicionar o modificador "obrigat├│rio" ou declarar o evento como anul├ível. [D:\PROJETOS\LAUNCHER C#\launcher\L2Updater.csproj]
         D:\PROJETOS\LAUNCHER C#\launcher\Updater\HashZip\ZIPLib\Zip\ZipFile.cs(1138,10): warning CS8618: O campo n├úo anul├ível '_StatusMessageTextWriter' precisa conter um valor n├úo nulo ao sair do construtor. Considere adicionar o modificador "obrigat├│rio" ou declarar o campo como anul├ível. [D:\PROJETOS\LAUNCHER C#\launcher\L2Updater.csproj]
         D:\PROJETOS\LAUNCHER C#\launcher\Updater\HashZip\ZIPLib\Zip\ZipFile.cs(1138,10): warning CS8618: O campo n├úo anul├ível '_readstream' precisa conter um valor n├úo nulo ao sair do construtor. Considere adicionar o modificador "obrigat├│rio" ou declarar o campo como anul├ível. [D:\PROJETOS\LAUNCHER C#\launcher\L2Updater.csproj]
         D:\PROJETOS\LAUNCHER C#\launcher\Updater\HashZip\ZIPLib\Zip\ZipFile.cs(1138,10): warning CS8618: O campo n├úo anul├ível '_writestream' precisa conter um valor n├úo nulo ao sair do construtor. Considere adicionar o modificador "obrigat├│rio" ou declarar o campo como anul├ível. [D:\PROJETOS\LAUNCHER C#\launcher\L2Updater.csproj]
         D:\PROJETOS\LAUNCHER C#\launcher\Updater\HashZip\ZIPLib\Zip\ZipFile.cs(1138,10): warning CS8618: O campo n├úo anul├ível '_entries' precisa conter um valor n├úo nulo ao sair do construtor. Considere adicionar o modificador "obrigat├│rio" ou declarar o campo como anul├ível. [D:\PROJETOS\LAUNCHER C#\launcher\L2Updater.csproj]
         D:\PROJETOS\LAUNCHER C#\launcher\Updater\HashZip\ZIPLib\Zip\ZipFile.cs(1138,10): warning CS8618: O campo n├úo anul├ível '_name' precisa conter um valor n├úo nulo ao sair do construtor. Considere adicionar o modificador "obrigat├│rio" ou declarar o campo como anul├ível. [D:\PROJETOS\LAUNCHER C#\launcher\L2Updater.csproj]
         D:\PROJETOS\LAUNCHER C#\launcher\Updater\HashZip\ZIPLib\Zip\ZipFile.cs(1138,10): warning CS8618: O campo n├úo anul├ível '_Comment' precisa conter um valor n├úo nulo ao sair do construtor. Considere adicionar o modificador "obrigat├│rio" ou declarar o campo como anul├ível. [D:\PROJETOS\LAUNCHER C#\launcher\L2Updater.csproj]
         D:\PROJETOS\LAUNCHER C#\launcher\Updater\HashZip\ZIPLib\Zip\ZipFile.cs(1138,10): warning CS8618: O campo n├úo anul├ível '_Password' precisa conter um valor n├úo nulo ao sair do construtor. Considere adicionar o modificador "obrigat├│rio" ou declarar o campo como anul├ível. [D:\PROJETOS\LAUNCHER C#\launcher\L2Updater.csproj]
         D:\PROJETOS\LAUNCHER C#\launcher\Updater\HashZip\ZIPLib\Zip\ZipFile.cs(1138,10): warning CS8618: O campo n├úo anul├ível '_temporaryFileName' precisa conter um valor n├úo nulo ao sair do construtor. Considere adicionar o modificador "obrigat├│rio" ou declarar o campo como anul├ível. [D:\PROJETOS\LAUNCHER C#\launcher\L2Updater.csproj]
         D:\PROJETOS\LAUNCHER C#\launcher\Updater\HashZip\ZIPLib\Zip\ZipFile.cs(1138,10): warning CS8618: O campo n├úo anul├ível '_TempFileFolder' precisa conter um valor n├úo nulo ao sair do construtor. Considere adicionar o modificador "obrigat├│rio" ou declarar o campo como anul├ível. [D:\PROJETOS\LAUNCHER C#\launcher\L2Updater.csproj]
         D:\PROJETOS\LAUNCHER C#\launcher\Updater\HashZip\ZIPLib\Zip\ZipFile.cs(1138,10): warning CS8618: O propriedade n├úo anul├ível 'WillReadTwiceOnInflation' precisa conter um valor n├úo nulo ao sair do construtor. Considere adicionar o modificador "obrigat├│rio" ou declarar o propriedade como anul├ível. [D:\PROJETOS\LAUNCHER C#\launcher\L2Updater.csproj]
         D:\PROJETOS\LAUNCHER C#\launcher\Updater\HashZip\ZIPLib\Zip\ZipFile.cs(1138,10): warning CS8618: O propriedade n├úo anul├ível 'WantCompression' precisa conter um valor n├úo nulo ao sair do construtor. Considere adicionar o modificador "obrigat├│rio" ou declarar o propriedade como anul├ível. [D:\PROJETOS\LAUNCHER C#\launcher\L2Updater.csproj]
         D:\PROJETOS\LAUNCHER C#\launcher\Updater\HashZip\ZIPLib\Zip\ZipFile.cs(1138,10): warning CS8618: O evento n├úo anul├ível 'SaveProgress' precisa conter um valor n├úo nulo ao sair do construtor. Considere adicionar o modificador "obrigat├│rio" ou declarar o evento como anul├ível. [D:\PROJETOS\LAUNCHER C#\launcher\L2Updater.csproj]
         D:\PROJETOS\LAUNCHER C#\launcher\Updater\HashZip\ZIPLib\Zip\ZipFile.cs(1138,10): warning CS8618: O evento n├úo anul├ível 'ReadProgress' precisa conter um valor n├úo nulo ao sair do construtor. Considere adicionar o modificador "obrigat├│rio" ou declarar o evento como anul├ível. [D:\PROJETOS\LAUNCHER C#\launcher\L2Updater.csproj]
         D:\PROJETOS\LAUNCHER C#\launcher\Updater\HashZip\ZIPLib\Zip\ZipFile.cs(1138,10): warning CS8618: O evento n├úo anul├ível 'ExtractProgress' precisa conter um valor n├úo nulo ao sair do construtor. Considere adicionar o modificador "obrigat├│rio" ou declarar o evento como anul├ível. [D:\PROJETOS\LAUNCHER C#\launcher\L2Updater.csproj]
         D:\PROJETOS\LAUNCHER C#\launcher\Updater\HashZip\ZIPLib\Zip\ZipFile.cs(1138,10): warning CS8618: O evento n├úo anul├ível 'AddProgress' precisa conter um valor n├úo nulo ao sair do construtor. Considere adicionar o modificador "obrigat├│rio" ou declarar o evento como anul├ível. [D:\PROJETOS\LAUNCHER C#\launcher\L2Updater.csproj]
         D:\PROJETOS\LAUNCHER C#\launcher\Updater\HashZip\ZIPLib\Zip\ZipFile.cs(1138,10): warning CS8618: O evento n├úo anul├ível 'ZipError' precisa conter um valor n├úo nulo ao sair do construtor. Considere adicionar o modificador "obrigat├│rio" ou declarar o evento como anul├ível. [D:\PROJETOS\LAUNCHER C#\launcher\L2Updater.csproj]
         D:\PROJETOS\LAUNCHER C#\launcher\Updater\HashZip\ZIPLib\Zip\ZipFile.cs(1150,10): warning CS8618: O campo n├úo anul├ível '_StatusMessageTextWriter' precisa conter um valor n├úo nulo ao sair do construtor. Considere adicionar o modificador "obrigat├│rio" ou declarar o campo como anul├ível. [D:\PROJETOS\LAUNCHER C#\launcher\L2Updater.csproj]
         D:\PROJETOS\LAUNCHER C#\launcher\Updater\HashZip\ZIPLib\Zip\ZipFile.cs(1150,10): warning CS8618: O campo n├úo anul├ível '_readstream' precisa conter um valor n├úo nulo ao sair do construtor. Considere adicionar o modificador "obrigat├│rio" ou declarar o campo como anul├ível. [D:\PROJETOS\LAUNCHER C#\launcher\L2Updater.csproj]
         D:\PROJETOS\LAUNCHER C#\launcher\Updater\HashZip\ZIPLib\Zip\ZipFile.cs(1150,10): warning CS8618: O campo n├úo anul├ível '_writestream' precisa conter um valor n├úo nulo ao sair do construtor. Considere adicionar o modificador "obrigat├│rio" ou declarar o campo como anul├ível. [D:\PROJETOS\LAUNCHER C#\launcher\L2Updater.csproj]
         D:\PROJETOS\LAUNCHER C#\launcher\Updater\HashZip\ZIPLib\Zip\ZipFile.cs(1150,10): warning CS8618: O campo n├úo anul├ível '_entries' precisa conter um valor n├úo nulo ao sair do construtor. Considere adicionar o modificador "obrigat├│rio" ou declarar o campo como anul├ível. [D:\PROJETOS\LAUNCHER C#\launcher\L2Updater.csproj]
         D:\PROJETOS\LAUNCHER C#\launcher\Updater\HashZip\ZIPLib\Zip\ZipFile.cs(1150,10): warning CS8618: O campo n├úo anul├ível '_name' precisa conter um valor n├úo nulo ao sair do construtor. Considere adicionar o modificador "obrigat├│rio" ou declarar o campo como anul├ível. [D:\PROJETOS\LAUNCHER C#\launcher\L2Updater.csproj]
         D:\PROJETOS\LAUNCHER C#\launcher\Updater\HashZip\ZIPLib\Zip\ZipFile.cs(1150,10): warning CS8618: O campo n├úo anul├ível '_Comment' precisa conter um valor n├úo nulo ao sair do construtor. Considere adicionar o modificador "obrigat├│rio" ou declarar o campo como anul├ível. [D:\PROJETOS\LAUNCHER C#\launcher\L2Updater.csproj]
         D:\PROJETOS\LAUNCHER C#\launcher\Updater\HashZip\ZIPLib\Zip\ZipFile.cs(1150,10): warning CS8618: O campo n├úo anul├ível '_Password' precisa conter um valor n├úo nulo ao sair do construtor. Considere adicionar o modificador "obrigat├│rio" ou declarar o campo como anul├ível. [D:\PROJETOS\LAUNCHER C#\launcher\L2Updater.csproj]
         D:\PROJETOS\LAUNCHER C#\launcher\Updater\HashZip\ZIPLib\Zip\ZipFile.cs(1150,10): warning CS8618: O campo n├úo anul├ível '_temporaryFileName' precisa conter um valor n├úo nulo ao sair do construtor. Considere adicionar o modificador "obrigat├│rio" ou declarar o campo como anul├ível. [D:\PROJETOS\LAUNCHER C#\launcher\L2Updater.csproj]
         D:\PROJETOS\LAUNCHER C#\launcher\Updater\HashZip\ZIPLib\Zip\ZipFile.cs(1150,10): warning CS8618: O campo n├úo anul├ível '_TempFileFolder' precisa conter um valor n├úo nulo ao sair do construtor. Considere adicionar o modificador "obrigat├│rio" ou declarar o campo como anul├ível. [D:\PROJETOS\LAUNCHER C#\launcher\L2Updater.csproj]
         D:\PROJETOS\LAUNCHER C#\launcher\Updater\HashZip\ZIPLib\Zip\ZipFile.cs(1150,10): warning CS8618: O propriedade n├úo anul├ível 'WillReadTwiceOnInflation' precisa conter um valor n├úo nulo ao sair do construtor. Considere adicionar o modificador "obrigat├│rio" ou declarar o propriedade como anul├ível. [D:\PROJETOS\LAUNCHER C#\launcher\L2Updater.csproj]
         D:\PROJETOS\LAUNCHER C#\launcher\Updater\HashZip\ZIPLib\Zip\ZipFile.cs(1150,10): warning CS8618: O propriedade n├úo anul├ível 'WantCompression' precisa conter um valor n├úo nulo ao sair do construtor. Considere adicionar o modificador "obrigat├│rio" ou declarar o propriedade como anul├ível. [D:\PROJETOS\LAUNCHER C#\launcher\L2Updater.csproj]
         D:\PROJETOS\LAUNCHER C#\launcher\Updater\HashZip\ZIPLib\Zip\ZipFile.cs(1150,10): warning CS8618: O evento n├úo anul├ível 'SaveProgress' precisa conter um valor n├úo nulo ao sair do construtor. Considere adicionar o modificador "obrigat├│rio" ou declarar o evento como anul├ível. [D:\PROJETOS\LAUNCHER C#\launcher\L2Updater.csproj]
         D:\PROJETOS\LAUNCHER C#\launcher\Updater\HashZip\ZIPLib\Zip\ZipFile.cs(1150,10): warning CS8618: O evento n├úo anul├ível 'ReadProgress' precisa conter um valor n├úo nulo ao sair do construtor. Considere adicionar o modificador "obrigat├│rio" ou declarar o evento como anul├ível. [D:\PROJETOS\LAUNCHER C#\launcher\L2Updater.csproj]
         D:\PROJETOS\LAUNCHER C#\launcher\Updater\HashZip\ZIPLib\Zip\ZipFile.cs(1150,10): warning CS8618: O evento n├úo anul├ível 'ExtractProgress' precisa conter um valor n├úo nulo ao sair do construtor. Considere adicionar o modificador "obrigat├│rio" ou declarar o evento como anul├ível. [D:\PROJETOS\LAUNCHER C#\launcher\L2Updater.csproj]
         D:\PROJETOS\LAUNCHER C#\launcher\Updater\HashZip\ZIPLib\Zip\ZipFile.cs(1150,10): warning CS8618: O evento n├úo anul├ível 'AddProgress' precisa conter um valor n├úo nulo ao sair do construtor. Considere adicionar o modificador "obrigat├│rio" ou declarar o evento como anul├ível. [D:\PROJETOS\LAUNCHER C#\launcher\L2Updater.csproj]
         D:\PROJETOS\LAUNCHER C#\launcher\Updater\HashZip\ZIPLib\Zip\ZipFile.cs(1150,10): warning CS8618: O evento n├úo anul├ível 'ZipError' precisa conter um valor n├úo nulo ao sair do construtor. Considere adicionar o modificador "obrigat├│rio" ou declarar o evento como anul├ível. [D:\PROJETOS\LAUNCHER C#\launcher\L2Updater.csproj]
         D:\PROJETOS\LAUNCHER C#\launcher\Updater\HashZip\ZIPLib\Zip\ZipFile.cs(1167,29): warning CS8625: N├úo ├® poss├¡vel converter um literal nulo em um tipo de refer├¬ncia n├úo anul├ível. [D:\PROJETOS\LAUNCHER C#\launcher\L2Updater.csproj]
         D:\PROJETOS\LAUNCHER C#\launcher\Updater\HashZip\ZIPLib\Zip\ZipFile.cs(1208,56): warning CS8625: N├úo ├® poss├¡vel converter um literal nulo em um tipo de refer├¬ncia n├úo anul├ível. [D:\PROJETOS\LAUNCHER C#\launcher\L2Updater.csproj]
         D:\PROJETOS\LAUNCHER C#\launcher\Updater\HashZip\ZIPLib\Zip\ZipEntry.cs(952,24): warning CS8600: Convers├úo de literal nula ou poss├¡vel valor nulo em tipo n├úo anul├ível. [D:\PROJETOS\LAUNCHER C#\launcher\L2Updater.csproj]
         D:\PROJETOS\LAUNCHER C#\launcher\Updater\HashZip\ZIPLib\Zip\ZipEntry.cs(953,20): warning CS8600: Convers├úo de literal nula ou poss├¡vel valor nulo em tipo n├úo anul├ível. [D:\PROJETOS\LAUNCHER C#\launcher\L2Updater.csproj]
         D:\PROJETOS\LAUNCHER C#\launcher\Updater\HashZip\ZIPLib\Zip\ZipEntry.cs(986,33): warning CS8604: Poss├¡vel argumento de refer├¬ncia nula para o par├ómetro 'path' em 'DirectoryInfo Directory.CreateDirectory(string path)'. [D:\PROJETOS\LAUNCHER C#\launcher\L2Updater.csproj]
         D:\PROJETOS\LAUNCHER C#\launcher\Updater\HashZip\ZIPLib\Zip\ZipEntry.cs(1027,15): warning CS8600: Convers├úo de literal nula ou poss├¡vel valor nulo em tipo n├úo anul├ível. [D:\PROJETOS\LAUNCHER C#\launcher\L2Updater.csproj]
         D:\PROJETOS\LAUNCHER C#\launcher\Updater\HashZip\ZIPLib\Zip\ZipEntry.cs(1031,30): warning CS8600: Convers├úo de literal nula ou poss├¡vel valor nulo em tipo n├úo anul├ível. [D:\PROJETOS\LAUNCHER C#\launcher\L2Updater.csproj]
         D:\PROJETOS\LAUNCHER C#\launcher\Updater\HashZip\ZIPLib\Zip\ZipEntry.cs(1032,20): warning CS8604: Poss├¡vel argumento de refer├¬ncia nula para o par├ómetro 'fileName' em 'ZipEntry ZipFile.this[string fileName]'. [D:\PROJETOS\LAUNCHER C#\launcher\L2Updater.csproj]
         D:\PROJETOS\LAUNCHER C#\launcher\Updater\HashZip\ZIPLib\Zip\ZipEntry.cs(1034,18): warning CS8604: Poss├¡vel argumento de refer├¬ncia nula para o par├ómetro 'fileOrDirectory' em 'void ZipEntry._SetTimes(string fileOrDirectory, bool isFile)'. [D:\PROJETOS\LAUNCHER C#\launcher\L2Updater.csproj]
         D:\PROJETOS\LAUNCHER C#\launcher\Updater\HashZip\ZIPLib\Zip\ZipFile.cs(1239,20): warning CS8625: N├úo ├® poss├¡vel converter um literal nulo em um tipo de refer├¬ncia n├úo anul├ível. [D:\PROJETOS\LAUNCHER C#\launcher\L2Updater.csproj]
         D:\PROJETOS\LAUNCHER C#\launcher\Updater\HashZip\ZIPLib\Zip\ZipFile.cs(1244,21): warning CS8625: N├úo ├® poss├¡vel converter um literal nulo em um tipo de refer├¬ncia n├úo anul├ível. [D:\PROJETOS\LAUNCHER C#\launcher\L2Updater.csproj]
         D:\PROJETOS\LAUNCHER C#\launcher\Updater\HashZip\ZIPLib\Zip\ZipEntry.cs(1113,10): warning CS0219: A vari├ível "flag" ├® atribu├¡da, mas seu valor nunca ├® usado [D:\PROJETOS\LAUNCHER C#\launcher\L2Updater.csproj]
         D:\PROJETOS\LAUNCHER C#\launcher\Updater\HashZip\ZIPLib\Zip\ZipEntry.cs(1132,20): warning CS8600: Convers├úo de literal nula ou poss├¡vel valor nulo em tipo n├úo anul├ível. [D:\PROJETOS\LAUNCHER C#\launcher\L2Updater.csproj]
         D:\PROJETOS\LAUNCHER C#\launcher\Updater\HashZip\ZIPLib\Zip\ZipEntry.cs(1254,18): warning CS8625: N├úo ├® poss├¡vel converter um literal nulo em um tipo de refer├¬ncia n├úo anul├ível. [D:\PROJETOS\LAUNCHER C#\launcher\L2Updater.csproj]
         D:\PROJETOS\LAUNCHER C#\launcher\Updater\HashZip\ZIPLib\Zip\ZipEntry.cs(1420,33): warning CS8625: N├úo ├® poss├¡vel converter um literal nulo em um tipo de refer├¬ncia n├úo anul├ível. [D:\PROJETOS\LAUNCHER C#\launcher\L2Updater.csproj]
         D:\PROJETOS\LAUNCHER C#\launcher\Updater\HashZip\ZIPLib\Zip\ZipEntry.cs(1427,12): warning CS8603: Poss├¡vel retorno de refer├¬ncia nula. [D:\PROJETOS\LAUNCHER C#\launcher\L2Updater.csproj]
         D:\PROJETOS\LAUNCHER C#\launcher\Updater\HashZip\ZIPLib\Zip\ZipFile.cs(1668,26): warning CS8625: N├úo ├® poss├¡vel converter um literal nulo em um tipo de refer├¬ncia n├úo anul├ível. [D:\PROJETOS\LAUNCHER C#\launcher\L2Updater.csproj]
         D:\PROJETOS\LAUNCHER C#\launcher\Updater\HashZip\ZIPLib\Zip\ZipFile.cs(1673,26): warning CS8625: N├úo ├® poss├¡vel converter um literal nulo em um tipo de refer├¬ncia n├úo anul├ível. [D:\PROJETOS\LAUNCHER C#\launcher\L2Updater.csproj]
         D:\PROJETOS\LAUNCHER C#\launcher\Updater\HashZip\ZIPLib\Zip\ZipFile.cs(1688,26): warning CS8625: N├úo ├® poss├¡vel converter um literal nulo em um tipo de refer├¬ncia n├úo anul├ível. [D:\PROJETOS\LAUNCHER C#\launcher\L2Updater.csproj]
         D:\PROJETOS\LAUNCHER C#\launcher\Updater\HashZip\ZIPLib\Zip\ZipFile.cs(1693,26): warning CS8625: N├úo ├® poss├¡vel converter um literal nulo em um tipo de refer├¬ncia n├úo anul├ível. [D:\PROJETOS\LAUNCHER C#\launcher\L2Updater.csproj]
         D:\PROJETOS\LAUNCHER C#\launcher\Updater\HashZip\ZIPLib\Zip\ZipFile.cs(1698,57): warning CS8625: N├úo ├® poss├¡vel converter um literal nulo em um tipo de refer├¬ncia n├úo anul├ível. [D:\PROJETOS\LAUNCHER C#\launcher\L2Updater.csproj]
         D:\PROJETOS\LAUNCHER C#\launcher\Updater\HashZip\ZIPLib\Zip\ZipFile.cs(1729,27): warning CS8625: N├úo ├® poss├¡vel converter um literal nulo em um tipo de refer├¬ncia n├úo anul├ível. [D:\PROJETOS\LAUNCHER C#\launcher\L2Updater.csproj]
         D:\PROJETOS\LAUNCHER C#\launcher\Updater\HashZip\ZIPLib\Zip\ZipFile.cs(1734,27): warning CS8625: N├úo ├® poss├¡vel converter um literal nulo em um tipo de refer├¬ncia n├úo anul├ível. [D:\PROJETOS\LAUNCHER C#\launcher\L2Updater.csproj]
         D:\PROJETOS\LAUNCHER C#\launcher\Updater\HashZip\ZIPLib\Zip\ZipFile.cs(1749,27): warning CS8625: N├úo ├® poss├¡vel converter um literal nulo em um tipo de refer├¬ncia n├úo anul├ível. [D:\PROJETOS\LAUNCHER C#\launcher\L2Updater.csproj]
         D:\PROJETOS\LAUNCHER C#\launcher\Updater\HashZip\ZIPLib\Zip\ZipFile.cs(1754,27): warning CS8625: N├úo ├® poss├¡vel converter um literal nulo em um tipo de refer├¬ncia n├úo anul├ível. [D:\PROJETOS\LAUNCHER C#\launcher\L2Updater.csproj]
         D:\PROJETOS\LAUNCHER C#\launcher\Updater\HashZip\ZIPLib\Zip\ZipFile.cs(1759,58): warning CS8625: N├úo ├® poss├¡vel converter um literal nulo em um tipo de refer├¬ncia n├úo anul├ível. [D:\PROJETOS\LAUNCHER C#\launcher\L2Updater.csproj]
         D:\PROJETOS\LAUNCHER C#\launcher\Updater\HashZip\ZIPLib\Zip\ZipFile.cs(1787,24): warning CS8625: N├úo ├® poss├¡vel converter um literal nulo em um tipo de refer├¬ncia n├úo anul├ível. [D:\PROJETOS\LAUNCHER C#\launcher\L2Updater.csproj]
         D:\PROJETOS\LAUNCHER C#\launcher\Updater\HashZip\ZIPLib\Zip\ZipFile.cs(1879,24): warning CS8625: N├úo ├® poss├¡vel converter um literal nulo em um tipo de refer├¬ncia n├úo anul├ível. [D:\PROJETOS\LAUNCHER C#\launcher\L2Updater.csproj]
         D:\PROJETOS\LAUNCHER C#\launcher\Updater\HashZip\ZIPLib\Zip\ZipEntry.cs(1674,25): warning CS8629: O tipo de valor de nulidade pode ser nulo. [D:\PROJETOS\LAUNCHER C#\launcher\L2Updater.csproj]
         D:\PROJETOS\LAUNCHER C#\launcher\Updater\HashZip\ZIPLib\Zip\ZipEntry.cs(1763,26): warning CS8602: Desrefer├¬ncia de uma refer├¬ncia possivelmente nula. [D:\PROJETOS\LAUNCHER C#\launcher\L2Updater.csproj]
         D:\PROJETOS\LAUNCHER C#\launcher\Updater\HashZip\ZIPLib\Zip\ZipFile.cs(1922,34): warning CS8625: N├úo ├® poss├¡vel converter um literal nulo em um tipo de refer├¬ncia n├úo anul├ível. [D:\PROJETOS\LAUNCHER C#\launcher\L2Updater.csproj]
         D:\PROJETOS\LAUNCHER C#\launcher\Updater\HashZip\ZIPLib\Zip\ZipFile.cs(2003,19): warning CS8600: Convers├úo de literal nula ou poss├¡vel valor nulo em tipo n├úo anul├ível. [D:\PROJETOS\LAUNCHER C#\launcher\L2Updater.csproj]
         D:\PROJETOS\LAUNCHER C#\launcher\Updater\HashZip\ZIPLib\Zip\ZipEntry.cs(1854,20): warning CS8600: Convers├úo de literal nula ou poss├¡vel valor nulo em tipo n├úo anul├ível. [D:\PROJETOS\LAUNCHER C#\launcher\L2Updater.csproj]
         D:\PROJETOS\LAUNCHER C#\launcher\Updater\HashZip\ZIPLib\Zip\ZipEntry.cs(1870,11): warning CS8603: Poss├¡vel retorno de refer├¬ncia nula. [D:\PROJETOS\LAUNCHER C#\launcher\L2Updater.csproj]
         D:\PROJETOS\LAUNCHER C#\launcher\Updater\HashZip\ZIPLib\Zip\ZipFile.cs(2109,43): warning CS8625: N├úo ├® poss├¡vel converter um literal nulo em um tipo de refer├¬ncia n├úo anul├ível. [D:\PROJETOS\LAUNCHER C#\launcher\L2Updater.csproj]
         D:\PROJETOS\LAUNCHER C#\launcher\Updater\HashZip\ZIPLib\Zip\ZipEntry.cs(1888,19): warning CS8600: Convers├úo de literal nula ou poss├¡vel valor nulo em tipo n├úo anul├ível. [D:\PROJETOS\LAUNCHER C#\launcher\L2Updater.csproj]
         D:\PROJETOS\LAUNCHER C#\launcher\Updater\HashZip\ZIPLib\Zip\ZipEntry.cs(1908,20): warning CS8625: N├úo ├® poss├¡vel converter um literal nulo em um tipo de refer├¬ncia n├úo anul├ível. [D:\PROJETOS\LAUNCHER C#\launcher\L2Updater.csproj]
         D:\PROJETOS\LAUNCHER C#\launcher\Updater\HashZip\ZIPLib\Zip\ZipFile.cs(2175,15): warning CS8629: O tipo de valor de nulidade pode ser nulo. [D:\PROJETOS\LAUNCHER C#\launcher\L2Updater.csproj]
         D:\PROJETOS\LAUNCHER C#\launcher\Updater\HashZip\ZIPLib\Zip\ZipFile.cs(2194,19): warning CS8625: N├úo ├® poss├¡vel converter um literal nulo em um tipo de refer├¬ncia n├úo anul├ível. [D:\PROJETOS\LAUNCHER C#\launcher\L2Updater.csproj]
         D:\PROJETOS\LAUNCHER C#\launcher\Updater\HashZip\ZIPLib\Zip\ZipFile.cs(2202,20): warning CS8625: N├úo ├® poss├¡vel converter um literal nulo em um tipo de refer├¬ncia n├úo anul├ível. [D:\PROJETOS\LAUNCHER C#\launcher\L2Updater.csproj]
         D:\PROJETOS\LAUNCHER C#\launcher\Updater\HashZip\ZIPLib\Zip\ZipFile.cs(2268,19): warning CS8625: N├úo ├® poss├¡vel converter um literal nulo em um tipo de refer├¬ncia n├úo anul├ível. [D:\PROJETOS\LAUNCHER C#\launcher\L2Updater.csproj]
         D:\PROJETOS\LAUNCHER C#\launcher\Updater\HashZip\ZIPLib\Zip\ZipFile.cs(2270,25): warning CS8625: N├úo ├® poss├¡vel converter um literal nulo em um tipo de refer├¬ncia n├úo anul├ível. [D:\PROJETOS\LAUNCHER C#\launcher\L2Updater.csproj]
         D:\PROJETOS\LAUNCHER C#\launcher\Updater\HashZip\ZIPLib\Zip\ZipFile.cs(2277,20): warning CS8625: N├úo ├® poss├¡vel converter um literal nulo em um tipo de refer├¬ncia n├úo anul├ível. [D:\PROJETOS\LAUNCHER C#\launcher\L2Updater.csproj]
         D:\PROJETOS\LAUNCHER C#\launcher\Updater\HashZip\ZIPLib\Zip\ZipFile.cs(2295,12): warning CS8625: N├úo ├® poss├¡vel converter um literal nulo em um tipo de refer├¬ncia n├úo anul├ível. [D:\PROJETOS\LAUNCHER C#\launcher\L2Updater.csproj]
         D:\PROJETOS\LAUNCHER C#\launcher\Updater\HashZip\ZIPLib\Zip\ZipFile.cs(2304,36): warning CS8600: Convers├úo de literal nula ou poss├¡vel valor nulo em tipo n├úo anul├ível. [D:\PROJETOS\LAUNCHER C#\launcher\L2Updater.csproj]
         D:\PROJETOS\LAUNCHER C#\launcher\Updater\HashZip\ZIPLib\Zip\ZipEntry.cs(2138,21): warning CS8600: Convers├úo de literal nula ou poss├¡vel valor nulo em tipo n├úo anul├ível. [D:\PROJETOS\LAUNCHER C#\launcher\L2Updater.csproj]
         D:\PROJETOS\LAUNCHER C#\launcher\Updater\HashZip\ZIPLib\Zip\ZipFile.cs(2388,19): warning CS8600: Convers├úo de literal nula ou poss├¡vel valor nulo em tipo n├úo anul├ível. [D:\PROJETOS\LAUNCHER C#\launcher\L2Updater.csproj]
         D:\PROJETOS\LAUNCHER C#\launcher\Updater\HashZip\ZIPLib\Zip\ZipFile.cs(2456,28): warning CS8602: Desrefer├¬ncia de uma refer├¬ncia possivelmente nula. [D:\PROJETOS\LAUNCHER C#\launcher\L2Updater.csproj]
         D:\PROJETOS\LAUNCHER C#\launcher\Updater\HashZip\ZIPLib\Zip\ZipFile.cs(2466,45): warning CS8625: N├úo ├® poss├¡vel converter um literal nulo em um tipo de refer├¬ncia n├úo anul├ível. [D:\PROJETOS\LAUNCHER C#\launcher\L2Updater.csproj]
         D:\PROJETOS\LAUNCHER C#\launcher\Updater\HashZip\ZIPLib\Zip\ZipFile.cs(2466,51): warning CS8625: N├úo ├® poss├¡vel converter um literal nulo em um tipo de refer├¬ncia n├úo anul├ível. [D:\PROJETOS\LAUNCHER C#\launcher\L2Updater.csproj]
         D:\PROJETOS\LAUNCHER C#\launcher\Updater\HashZip\ZIPLib\Zip\ZipFile.cs(2466,57): warning CS8625: N├úo ├® poss├¡vel converter um literal nulo em um tipo de refer├¬ncia n├úo anul├ível. [D:\PROJETOS\LAUNCHER C#\launcher\L2Updater.csproj]
         D:\PROJETOS\LAUNCHER C#\launcher\Updater\HashZip\ZIPLib\Zip\ZipFile.cs(2471,70): warning CS8625: N├úo ├® poss├¡vel converter um literal nulo em um tipo de refer├¬ncia n├úo anul├ível. [D:\PROJETOS\LAUNCHER C#\launcher\L2Updater.csproj]
         D:\PROJETOS\LAUNCHER C#\launcher\Updater\HashZip\ZIPLib\Zip\ZipFile.cs(2471,76): warning CS8625: N├úo ├® poss├¡vel converter um literal nulo em um tipo de refer├¬ncia n├úo anul├ível. [D:\PROJETOS\LAUNCHER C#\launcher\L2Updater.csproj]
         D:\PROJETOS\LAUNCHER C#\launcher\Updater\HashZip\ZIPLib\Zip\ZipFile.cs(2476,99): warning CS8625: N├úo ├® poss├¡vel converter um literal nulo em um tipo de refer├¬ncia n├úo anul├ível. [D:\PROJETOS\LAUNCHER C#\launcher\L2Updater.csproj]
         D:\PROJETOS\LAUNCHER C#\launcher\Updater\HashZip\ZIPLib\Zip\ZipFile.cs(2483,20): warning CS8625: N├úo ├® poss├¡vel converter um literal nulo em um tipo de refer├¬ncia n├úo anul├ível. [D:\PROJETOS\LAUNCHER C#\launcher\L2Updater.csproj]
         D:\PROJETOS\LAUNCHER C#\launcher\Updater\HashZip\ZIPLib\Zip\ZipFile.cs(2502,26): warning CS8600: Convers├úo de literal nula ou poss├¡vel valor nulo em tipo n├úo anul├ível. [D:\PROJETOS\LAUNCHER C#\launcher\L2Updater.csproj]
         D:\PROJETOS\LAUNCHER C#\launcher\Updater\HashZip\ZIPLib\Zip\ZipEntry.cs(2199,20): warning CS8600: Convers├úo de literal nula ou poss├¡vel valor nulo em tipo n├úo anul├ível. [D:\PROJETOS\LAUNCHER C#\launcher\L2Updater.csproj]
         D:\PROJETOS\LAUNCHER C#\launcher\Updater\HashZip\ZIPLib\Zip\ZipEntry.cs(2200,46): warning CS8600: Convers├úo de literal nula ou poss├¡vel valor nulo em tipo n├úo anul├ível. [D:\PROJETOS\LAUNCHER C#\launcher\L2Updater.csproj]
         D:\PROJETOS\LAUNCHER C#\launcher\Updater\HashZip\ZIPLib\Zip\ZipEntry.cs(2201,36): warning CS8600: Convers├úo de literal nula ou poss├¡vel valor nulo em tipo n├úo anul├ível. [D:\PROJETOS\LAUNCHER C#\launcher\L2Updater.csproj]
         D:\PROJETOS\LAUNCHER C#\launcher\Updater\HashZip\ZIPLib\Zip\ZipEntry.cs(2239,22): warning CS8600: Convers├úo de literal nula ou poss├¡vel valor nulo em tipo n├úo anul├ível. [D:\PROJETOS\LAUNCHER C#\launcher\L2Updater.csproj]
         D:\PROJETOS\LAUNCHER C#\launcher\Updater\HashZip\ZIPLib\Zip\ZipEntry.cs(2480,12): warning CS0219: A vari├ível "flag3" ├® atribu├¡da, mas seu valor nunca ├® usado [D:\PROJETOS\LAUNCHER C#\launcher\L2Updater.csproj]
         D:\PROJETOS\LAUNCHER C#\launcher\Updater\HashZip\ZIPLib\Zip\ZipFile.cs(2519,18): warning CS8600: Convers├úo de literal nula ou poss├¡vel valor nulo em tipo n├úo anul├ível. [D:\PROJETOS\LAUNCHER C#\launcher\L2Updater.csproj]
         D:\PROJETOS\LAUNCHER C#\launcher\Updater\HashZip\ZIPLib\Zip\ZipFile.cs(2520,19): warning CS8600: Convers├úo de literal nula ou poss├¡vel valor nulo em tipo n├úo anul├ível. [D:\PROJETOS\LAUNCHER C#\launcher\L2Updater.csproj]
         D:\PROJETOS\LAUNCHER C#\launcher\Updater\HashZip\ZIPLib\Zip\ZipFile.cs(2531,40): warning CS8625: N├úo ├® poss├¡vel converter um literal nulo em um tipo de refer├¬ncia n├úo anul├ível. [D:\PROJETOS\LAUNCHER C#\launcher\L2Updater.csproj]
         D:\PROJETOS\LAUNCHER C#\launcher\Updater\HashZip\ZIPLib\Zip\ZipFile.cs(2534,43): warning CS8600: Convers├úo de literal nula ou poss├¡vel valor nulo em tipo n├úo anul├ível. [D:\PROJETOS\LAUNCHER C#\launcher\L2Updater.csproj]
         D:\PROJETOS\LAUNCHER C#\launcher\Updater\HashZip\ZIPLib\Zip\ZipFile.cs(2565,51): warning CS8625: N├úo ├® poss├¡vel converter um literal nulo em um tipo de refer├¬ncia n├úo anul├ível. [D:\PROJETOS\LAUNCHER C#\launcher\L2Updater.csproj]
         D:\PROJETOS\LAUNCHER C#\launcher\Updater\HashZip\ZIPLib\Zip\ZipFile.cs(2582,41): warning CS8625: N├úo ├® poss├¡vel converter um literal nulo em um tipo de refer├¬ncia n├úo anul├ível. [D:\PROJETOS\LAUNCHER C#\launcher\L2Updater.csproj]
         D:\PROJETOS\LAUNCHER C#\launcher\Updater\HashZip\ZIPLib\Zip\ZipFile.cs(2602,31): warning CS8602: Desrefer├¬ncia de uma refer├¬ncia possivelmente nula. [D:\PROJETOS\LAUNCHER C#\launcher\L2Updater.csproj]
         D:\PROJETOS\LAUNCHER C#\launcher\Updater\HashZip\ZIPLib\Zip\ZipFile.cs(2606,38): warning CS8600: Convers├úo de literal nula ou poss├¡vel valor nulo em tipo n├úo anul├ível. [D:\PROJETOS\LAUNCHER C#\launcher\L2Updater.csproj]
         D:\PROJETOS\LAUNCHER C#\launcher\Updater\HashZip\ZIPLib\Zip\ZipFile.cs(2615,23): warning CS8600: Convers├úo de literal nula ou poss├¡vel valor nulo em tipo n├úo anul├ível. [D:\PROJETOS\LAUNCHER C#\launcher\L2Updater.csproj]
         D:\PROJETOS\LAUNCHER C#\launcher\Updater\HashZip\ZIPLib\Zip\ZipFile.cs(2618,17): warning CS8602: Desrefer├¬ncia de uma refer├¬ncia possivelmente nula. [D:\PROJETOS\LAUNCHER C#\launcher\L2Updater.csproj]
         D:\PROJETOS\LAUNCHER C#\launcher\Updater\HashZip\ZIPLib\Zip\ZipFile.cs(2622,17): warning CS8602: Desrefer├¬ncia de uma refer├¬ncia possivelmente nula. [D:\PROJETOS\LAUNCHER C#\launcher\L2Updater.csproj]
         D:\PROJETOS\LAUNCHER C#\launcher\Updater\HashZip\ZIPLib\Zip\ZipFile.cs(2642,26): warning CS8600: Convers├úo de literal nula ou poss├¡vel valor nulo em tipo n├úo anul├ível. [D:\PROJETOS\LAUNCHER C#\launcher\L2Updater.csproj]
         D:\PROJETOS\LAUNCHER C#\launcher\Updater\HashZip\ZIPLib\Zip\ZipFile.cs(2653,48): warning CS8625: N├úo ├® poss├¡vel converter um literal nulo em um tipo de refer├¬ncia n├úo anul├ível. [D:\PROJETOS\LAUNCHER C#\launcher\L2Updater.csproj]
         D:\PROJETOS\LAUNCHER C#\launcher\Updater\HashZip\ZIPLib\Zip\ZipFile.cs(2719,18): warning CS8600: Convers├úo de literal nula ou poss├¡vel valor nulo em tipo n├úo anul├ível. [D:\PROJETOS\LAUNCHER C#\launcher\L2Updater.csproj]
         D:\PROJETOS\LAUNCHER C#\launcher\Updater\HashZip\ZIPLib\Zip\ZipFile.cs(2720,18): warning CS8600: Convers├úo de literal nula ou poss├¡vel valor nulo em tipo n├úo anul├ível. [D:\PROJETOS\LAUNCHER C#\launcher\L2Updater.csproj]
         D:\PROJETOS\LAUNCHER C#\launcher\Updater\HashZip\ZIPLib\Zip\ZipFile.cs(2735,45): warning CS8625: N├úo ├® poss├¡vel converter um literal nulo em um tipo de refer├¬ncia n├úo anul├ível. [D:\PROJETOS\LAUNCHER C#\launcher\L2Updater.csproj]
         D:\PROJETOS\LAUNCHER C#\launcher\Updater\HashZip\ZIPLib\Zip\ZipFile.cs(2740,45): warning CS8625: N├úo ├® poss├¡vel converter um literal nulo em um tipo de refer├¬ncia n├úo anul├ível. [D:\PROJETOS\LAUNCHER C#\launcher\L2Updater.csproj]
         D:\PROJETOS\LAUNCHER C#\launcher\Updater\HashZip\ZIPLib\Zip\ZipFile.cs(2745,57): warning CS8625: N├úo ├® poss├¡vel converter um literal nulo em um tipo de refer├¬ncia n├úo anul├ível. [D:\PROJETOS\LAUNCHER C#\launcher\L2Updater.csproj]
         D:\PROJETOS\LAUNCHER C#\launcher\Updater\HashZip\ZIPLib\Zip\ZipFile.cs(2750,57): warning CS8625: N├úo ├® poss├¡vel converter um literal nulo em um tipo de refer├¬ncia n├úo anul├ível. [D:\PROJETOS\LAUNCHER C#\launcher\L2Updater.csproj]
         D:\PROJETOS\LAUNCHER C#\launcher\Updater\HashZip\ZIPLib\Zip\ZipEntry.cs(27,22): warning CS8618: O campo n├úo anul├ível '_zipCrypto' precisa conter um valor n├úo nulo ao sair do construtor. Considere adicionar o modificador "obrigat├│rio" ou declarar o campo como anul├ível. [D:\PROJETOS\LAUNCHER C#\launcher\L2Updater.csproj]
         D:\PROJETOS\LAUNCHER C#\launcher\Updater\HashZip\ZIPLib\Zip\ZipEntry.cs(47,19): warning CS8618: O campo n├úo anul├ível '_LocalFileName' precisa conter um valor n├úo nulo ao sair do construtor. Considere adicionar o modificador "obrigat├│rio" ou declarar o campo como anul├ível. [D:\PROJETOS\LAUNCHER C#\launcher\L2Updater.csproj]
         D:\PROJETOS\LAUNCHER C#\launcher\Updater\HashZip\ZIPLib\Zip\ZipEntry.cs(49,18): warning CS8618: O campo n├úo anul├ível '_FileNameInArchive' precisa conter um valor n├úo nulo ao sair do construtor. Considere adicionar o modificador "obrigat├│rio" ou declarar o campo como anul├ível. [D:\PROJETOS\LAUNCHER C#\launcher\L2Updater.csproj]
         D:\PROJETOS\LAUNCHER C#\launcher\Updater\HashZip\ZIPLib\Zip\ZipEntry.cs(57,19): warning CS8618: O campo n├úo anul├ível '_Comment' precisa conter um valor n├úo nulo ao sair do construtor. Considere adicionar o modificador "obrigat├│rio" ou declarar o campo como anul├ível. [D:\PROJETOS\LAUNCHER C#\launcher\L2Updater.csproj]
         D:\PROJETOS\LAUNCHER C#\launcher\Updater\HashZip\ZIPLib\Zip\ZipEntry.cs(61,18): warning CS8618: O campo n├úo anul├ível '_CommentBytes' precisa conter um valor n├úo nulo ao sair do construtor. Considere adicionar o modificador "obrigat├│rio" ou declarar o campo como anul├ível. [D:\PROJETOS\LAUNCHER C#\launcher\L2Updater.csproj]
         D:\PROJETOS\LAUNCHER C#\launcher\Updater\HashZip\ZIPLib\Zip\ZipEntry.cs(75,19): warning CS8618: O campo n├úo anul├ível '_Extra' precisa conter um valor n├úo nulo ao sair do construtor. Considere adicionar o modificador "obrigat├│rio" ou declarar o campo como anul├ível. [D:\PROJETOS\LAUNCHER C#\launcher\L2Updater.csproj]
         D:\PROJETOS\LAUNCHER C#\launcher\Updater\HashZip\ZIPLib\Zip\ZipEntry.cs(89,20): warning CS8618: O campo n├úo anul├ível '_actualEncoding' precisa conter um valor n├úo nulo ao sair do construtor. Considere adicionar o modificador "obrigat├│rio" ou declarar o campo como anul├ível. [D:\PROJETOS\LAUNCHER C#\launcher\L2Updater.csproj]
         D:\PROJETOS\LAUNCHER C#\launcher\Updater\HashZip\ZIPLib\Zip\ZipEntry.cs(91,20): warning CS8618: O campo n├úo anul├ível '_zipfile' precisa conter um valor n├úo nulo ao sair do construtor. Considere adicionar o modificador "obrigat├│rio" ou declarar o campo como anul├ível. [D:\PROJETOS\LAUNCHER C#\launcher\L2Updater.csproj]
         D:\PROJETOS\LAUNCHER C#\launcher\Updater\HashZip\ZIPLib\Zip\ZipEntry.cs(95,18): warning CS8618: O campo n├úo anul├ível '_EntryHeader' precisa conter um valor n├úo nulo ao sair do construtor. Considere adicionar o modificador "obrigat├│rio" ou declarar o campo como anul├ível. [D:\PROJETOS\LAUNCHER C#\launcher\L2Updater.csproj]
         D:\PROJETOS\LAUNCHER C#\launcher\Updater\HashZip\ZIPLib\Zip\ZipEntry.cs(109,19): warning CS8618: O campo n├úo anul├ível '_Password' precisa conter um valor n├úo nulo ao sair do construtor. Considere adicionar o modificador "obrigat├│rio" ou declarar o campo como anul├ível. [D:\PROJETOS\LAUNCHER C#\launcher\L2Updater.csproj]
         D:\PROJETOS\LAUNCHER C#\launcher\Updater\HashZip\ZIPLib\Zip\ZipEntry.cs(115,19): warning CS8618: O campo n├úo anul├ível '_WeakEncryptionHeader' precisa conter um valor n├úo nulo ao sair do construtor. Considere adicionar o modificador "obrigat├│rio" ou declarar o campo como anul├ível. [D:\PROJETOS\LAUNCHER C#\launcher\L2Updater.csproj]
         D:\PROJETOS\LAUNCHER C#\launcher\Updater\HashZip\ZIPLib\Zip\ZipEntry.cs(117,19): warning CS8618: O campo n├úo anul├ível '_archiveStream' precisa conter um valor n├úo nulo ao sair do construtor. Considere adicionar o modificador "obrigat├│rio" ou declarar o campo como anul├ível. [D:\PROJETOS\LAUNCHER C#\launcher\L2Updater.csproj]
         D:\PROJETOS\LAUNCHER C#\launcher\Updater\HashZip\ZIPLib\Zip\ZipEntry.cs(119,18): warning CS8618: O campo n├úo anul├ível '_sourceStream' precisa conter um valor n├úo nulo ao sair do construtor. Considere adicionar o modificador "obrigat├│rio" ou declarar o campo como anul├ível. [D:\PROJETOS\LAUNCHER C#\launcher\L2Updater.csproj]
         D:\PROJETOS\LAUNCHER C#\launcher\Updater\HashZip\ZIPLib\Zip\ZipEntry.cs(420,33): warning CS8618: O propriedade n├úo anul├ível 'WillReadTwiceOnInflation' precisa conter um valor n├úo nulo ao sair do construtor. Considere adicionar o modificador "obrigat├│rio" ou declarar o propriedade como anul├ível. [D:\PROJETOS\LAUNCHER C#\launcher\L2Updater.csproj]
         D:\PROJETOS\LAUNCHER C#\launcher\Updater\HashZip\ZIPLib\Zip\ZipEntry.cs(426,34): warning CS8618: O propriedade n├úo anul├ível 'WantCompression' precisa conter um valor n├úo nulo ao sair do construtor. Considere adicionar o modificador "obrigat├│rio" ou declarar o propriedade como anul├ível. [D:\PROJETOS\LAUNCHER C#\launcher\L2Updater.csproj]
         D:\PROJETOS\LAUNCHER C#\launcher\Updater\HashZip\ZIPLib\Zip\ZipFile.cs(2794,39): warning CS8602: Desrefer├¬ncia de uma refer├¬ncia possivelmente nula. [D:\PROJETOS\LAUNCHER C#\launcher\L2Updater.csproj]
         D:\PROJETOS\LAUNCHER C#\launcher\Updater\HashZip\ZIPLib\Zip\ZipFile.cs(2806,23): warning CS8625: N├úo ├® poss├¡vel converter um literal nulo em um tipo de refer├¬ncia n├úo anul├ível. [D:\PROJETOS\LAUNCHER C#\launcher\L2Updater.csproj]
         D:\PROJETOS\LAUNCHER C#\launcher\Updater\HashZip\ZIPLib\Zip\ZipFile.cs(2810,20): warning CS8625: N├úo ├® poss├¡vel converter um literal nulo em um tipo de refer├¬ncia n├úo anul├ível. [D:\PROJETOS\LAUNCHER C#\launcher\L2Updater.csproj]
         D:\PROJETOS\LAUNCHER C#\launcher\Updater\HashZip\ZIPLib\Zip\ZipFile.cs(136,28): warning CS8625: N├úo ├® poss├¡vel converter um literal nulo em um tipo de refer├¬ncia n├úo anul├ível. [D:\PROJETOS\LAUNCHER C#\launcher\L2Updater.csproj]
         D:\PROJETOS\LAUNCHER C#\launcher\Updater\HashZip\ZIPLib\ZlibBaseStream.cs(373,6): warning CA2022: Evitar leitura inexata com 'Updater.HashZip.ZIPLib.ZlibBaseStream.Read(byte[], int, int)' (https://learn.microsoft.com/dotnet/fundamentals/code-analysis/quality-rules/ca2022) [D:\PROJETOS\LAUNCHER C#\launcher\L2Updater.csproj]
         D:\PROJETOS\LAUNCHER C#\launcher\Updater\HashZip\ZIPLib\Zip\ZipEntry.cs(779,4): warning CA2022: Evitar leitura inexata com 'System.IO.Stream.Read(byte[], int, int)' (https://learn.microsoft.com/dotnet/fundamentals/code-analysis/quality-rules/ca2022) [D:\PROJETOS\LAUNCHER C#\launcher\L2Updater.csproj]
         D:\PROJETOS\LAUNCHER C#\launcher\Updater\HashZip\ZIPLib\Zip\ZipEntry.cs(1270,4): warning CA2022: Evitar leitura inexata com 'System.IO.Stream.Read(byte[], int, int)' (https://learn.microsoft.com/dotnet/fundamentals/code-analysis/quality-rules/ca2022) [D:\PROJETOS\LAUNCHER C#\launcher\L2Updater.csproj]
         D:\PROJETOS\LAUNCHER C#\launcher\Updater\HashZip\ZIPLib\Zip\ZipFile.cs(1852,6): warning CA2022: Evitar leitura inexata com 'System.IO.Stream.Read(byte[], int, int)' (https://learn.microsoft.com/dotnet/fundamentals/code-analysis/quality-rules/ca2022) [D:\PROJETOS\LAUNCHER C#\launcher\L2Updater.csproj]
         D:\PROJETOS\LAUNCHER C#\launcher\Updater\HashZip\ZIPLib\Zip\ZipFile.cs(1895,4): warning CA2022: Evitar leitura inexata com 'System.IO.Stream.Read(byte[], int, int)' (https://learn.microsoft.com/dotnet/fundamentals/code-analysis/quality-rules/ca2022) [D:\PROJETOS\LAUNCHER C#\launcher\L2Updater.csproj]
         D:\PROJETOS\LAUNCHER C#\launcher\Updater\HashZip\ZIPLib\Zip\ZipFile.cs(1903,4): warning CA2022: Evitar leitura inexata com 'System.IO.Stream.Read(byte[], int, int)' (https://learn.microsoft.com/dotnet/fundamentals/code-analysis/quality-rules/ca2022) [D:\PROJETOS\LAUNCHER C#\launcher\L2Updater.csproj]
         D:\PROJETOS\LAUNCHER C#\launcher\Updater\HashZip\ZIPLib\Zip\ZipFile.cs(1906,4): warning CA2022: Evitar leitura inexata com 'System.IO.Stream.Read(byte[], int, int)' (https://learn.microsoft.com/dotnet/fundamentals/code-analysis/quality-rules/ca2022) [D:\PROJETOS\LAUNCHER C#\launcher\L2Updater.csproj]
         D:\PROJETOS\LAUNCHER C#\launcher\Updater\HashZip\ZIPLib\Zip\ZipFile.cs(2007,5): warning CA2022: Evitar leitura inexata com 'System.IO.Stream.Read(byte[], int, int)' (https://learn.microsoft.com/dotnet/fundamentals/code-analysis/quality-rules/ca2022) [D:\PROJETOS\LAUNCHER C#\launcher\L2Updater.csproj]
         D:\PROJETOS\LAUNCHER C#\launcher\Updater\HashZip\ZIPLib\Zip\ZipFile.cs(2014,5): warning CA2022: Evitar leitura inexata com 'System.IO.Stream.Read(byte[], int, int)' (https://learn.microsoft.com/dotnet/fundamentals/code-analysis/quality-rules/ca2022) [D:\PROJETOS\LAUNCHER C#\launcher\L2Updater.csproj]
         D:\PROJETOS\LAUNCHER C#\launcher\Updater\HashZip\ZIPLib\Zip\ZipFile.cs(2021,5): warning CA2022: Evitar leitura inexata com 'System.IO.Stream.Read(byte[], int, int)' (https://learn.microsoft.com/dotnet/fundamentals/code-analysis/quality-rules/ca2022) [D:\PROJETOS\LAUNCHER C#\launcher\L2Updater.csproj]
         D:\PROJETOS\LAUNCHER C#\launcher\Updater\HashZip\ZIPLib\Zip\ZipFile.cs(2030,4): warning CA2022: Evitar leitura inexata com 'System.IO.Stream.Read(byte[], int, int)' (https://learn.microsoft.com/dotnet/fundamentals/code-analysis/quality-rules/ca2022) [D:\PROJETOS\LAUNCHER C#\launcher\L2Updater.csproj]
         D:\PROJETOS\LAUNCHER C#\launcher\Updater\HashZip\ZIPLib\Zip\ZipFile.cs(2037,4): warning CA2022: Evitar leitura inexata com 'System.IO.Stream.Read(byte[], int, int)' (https://learn.microsoft.com/dotnet/fundamentals/code-analysis/quality-rules/ca2022) [D:\PROJETOS\LAUNCHER C#\launcher\L2Updater.csproj]
         D:\PROJETOS\LAUNCHER C#\launcher\Updater\HashZip\ZIPLib\Zip\ZipFile.cs(2042,5): warning CA2022: Evitar leitura inexata com 'System.IO.Stream.Read(byte[], int, int)' (https://learn.microsoft.com/dotnet/fundamentals/code-analysis/quality-rules/ca2022) [D:\PROJETOS\LAUNCHER C#\launcher\L2Updater.csproj]
         D:\PROJETOS\LAUNCHER C#\launcher\Updater\HashZip\ZIPLib\Zip\ZipEntry.cs(2571,6): warning CA2022: Evitar leitura inexata com 'System.IO.Stream.Read(byte[], int, int)' (https://learn.microsoft.com/dotnet/fundamentals/code-analysis/quality-rules/ca2022) [D:\PROJETOS\LAUNCHER C#\launcher\L2Updater.csproj]
         D:\PROJETOS\LAUNCHER C#\launcher\Updater\HashZip\ZIPLib\Zip\ZipFile.cs(2549,49): warning IL3000: 'System.Reflection.Assembly.Location.get' always returns an empty string for assemblies embedded in a single-file app. If the path to the app directory is needed, consider calling 'System.AppContext.BaseDirectory'. [D:\PROJETOS\LAUNCHER C#\launcher\L2Updater.csproj]
         D:\PROJETOS\LAUNCHER C#\launcher\Updater\HashZip\ZIPLib\Zip\ZipFile.cs(2593,46): warning IL3000: 'System.Reflection.Assembly.Location.get' always returns an empty string for assemblies embedded in a single-file app. If the path to the app directory is needed, consider calling 'System.AppContext.BaseDirectory'. [D:\PROJETOS\LAUNCHER C#\launcher\L2Updater.csproj]

    778 Aviso(s)
    0 Erro(s)

Tempo Decorrido 00:00:04.16
